{"duration":5,"level":"info","message":"db-query","rows":26,"text":"SELECT * FROM location_types","timestamp":"2026-06-01T19:01:31.785Z"}
{"level":"info","message":"GET /api/location-types 200 11.562 ms","timestamp":"2026-06-01T19:01:31.792Z"}
{"duration":49,"level":"info","message":"db-query","rows":26,"text":"SELECT * FROM location_types","timestamp":"2026-06-01T19:01:31.831Z"}
{"level":"info","message":"GET /api/location-types 200 50.844 ms","timestamp":"2026-06-01T19:01:31.833Z"}
{"duration":14,"level":"info","message":"db-query","rows":26,"text":"SELECT * FROM location_types","timestamp":"2026-06-02T10:53:22.502Z"}
{"level":"info","message":"GET /api/location-types 200 21.191 ms","timestamp":"2026-06-02T10:53:22.509Z"}
{"duration":2,"level":"info","message":"db-query","rows":26,"text":"SELECT * FROM location_types","timestamp":"2026-06-02T10:53:22.542Z"}
{"level":"info","message":"GET /api/location-types 200 8.339 ms","timestamp":"2026-06-02T10:53:22.549Z"}
{"duration":5,"level":"info","message":"db-query","rows":26,"text":"SELECT * FROM location_types","timestamp":"2026-06-02T11:25:45.314Z"}
{"level":"info","message":"GET /api/location-types 200 10.905 ms","timestamp":"2026-06-02T11:25:45.320Z"}
{"duration":1,"level":"info","message":"db-query","rows":26,"text":"SELECT * FROM location_types","timestamp":"2026-06-02T11:25:45.328Z"}
{"level":"info","message":"GET /api/location-types 200 2.374 ms","timestamp":"2026-06-02T11:25:45.330Z"}
{"duration":5,"level":"info","message":"db-query","rows":26,"text":"SELECT * FROM location_types","timestamp":"2026-06-02T11:25:50.762Z"}
{"level":"info","message":"GET /api/location-types 200 12.188 ms","timestamp":"2026-06-02T11:25:50.769Z"}
{"duration":152,"level":"info","message":"db-query","rows":26,"text":"SELECT * FROM location_types","timestamp":"2026-06-02T11:25:50.911Z"}
{"level":"info","message":"GET /api/location-types 200 153.511 ms","timestamp":"2026-06-02T11:25:50.912Z"}
{"duration":5,"level":"info","message":"db-query","rows":26,"text":"SELECT * FROM location_types","timestamp":"2026-06-02T11:25:53.837Z"}
{"level":"info","message":"GET /api/location-types 200 11.794 ms","timestamp":"2026-06-02T11:25:53.844Z"}
{"duration":56,"level":"info","message":"db-query","rows":26,"text":"SELECT * FROM location_types","timestamp":"2026-06-02T11:25:53.889Z"}
{"level":"info","message":"GET /api/location-types 200 57.574 ms","timestamp":"2026-06-02T11:25:53.891Z"}
{"duration":5,"level":"info","message":"db-query","rows":26,"text":"SELECT * FROM location_types","timestamp":"2026-06-02T11:25:58.166Z"}
{"level":"info","message":"GET /api/location-types 200 10.911 ms","timestamp":"2026-06-02T11:25:58.172Z"}
{"duration":50,"level":"info","message":"db-query","rows":26,"text":"SELECT * FROM location_types","timestamp":"2026-06-02T11:25:58.212Z"}
{"level":"info","message":"GET /api/location-types 200 50.983 ms","timestamp":"2026-06-02T11:25:58.214Z"}
{"duration":9,"level":"info","message":"db-query","rows":26,"text":"SELECT * FROM location_types","timestamp":"2026-06-02T11:26:05.595Z"}
{"level":"info","message":"GET /api/location-types 200 17.842 ms","timestamp":"2026-06-02T11:26:05.602Z"}
{"duration":115,"level":"info","message":"db-query","rows":26,"text":"SELECT * FROM location_types","timestamp":"2026-06-02T11:26:05.704Z"}
{"level":"info","message":"GET /api/location-types 200 119.929 ms","timestamp":"2026-06-02T11:26:05.709Z"}
{"duration":6,"level":"info","message":"db-query","rows":26,"text":"SELECT * FROM location_types","timestamp":"2026-06-02T11:26:08.060Z"}
{"level":"info","message":"GET /api/location-types 200 12.222 ms","timestamp":"2026-06-02T11:26:08.066Z"}
{"duration":50,"level":"info","message":"db-query","rows":26,"text":"SELECT * FROM location_types","timestamp":"2026-06-02T11:26:08.106Z"}
{"level":"info","message":"GET /api/location-types 200 51.696 ms","timestamp":"2026-06-02T11:26:08.108Z"}
{"duration":12,"level":"info","message":"db-query","rows":26,"text":"SELECT * FROM location_types","timestamp":"2026-06-02T11:26:14.541Z"}
{"level":"info","message":"GET /api/location-types 200 33.222 ms","timestamp":"2026-06-02T11:26:14.561Z"}
{"duration":97,"level":"info","message":"db-query","rows":26,"text":"SELECT * FROM location_types","timestamp":"2026-06-02T11:26:14.628Z"}
{"level":"info","message":"GET /api/location-types 200 103.262 ms","timestamp":"2026-06-02T11:26:14.634Z"}
{"duration":9,"level":"info","message":"db-query","rows":26,"text":"SELECT * FROM location_types","timestamp":"2026-06-02T11:26:17.510Z"}
{"level":"info","message":"GET /api/location-types 200 14.471 ms","timestamp":"2026-06-02T11:26:17.517Z"}
{"duration":75,"level":"info","message":"db-query","rows":26,"text":"SELECT * FROM location_types","timestamp":"2026-06-02T11:26:17.578Z"}
{"level":"info","message":"GET /api/location-types 200 75.976 ms","timestamp":"2026-06-02T11:26:17.580Z"}
{"duration":70,"level":"info","message":"db-query","rows":1,"text":"SELECT COUNT(*) AS total FROM subsidiaries s WHERE s.company_id = $1","timestamp":"2026-06-02T11:33:07.046Z"}
{"duration":2,"level":"info","message":"db-query","rows":7,"text":"\n  SELECT \n    s.id,\n    s.logo,\n    s.background_color,\n    s.foreground_color,\n    s.name,\n    s.telephone_number,\n    s.emergency_contact_number,\n    s.email,\n    s.fax,\n    s.website,\n    s.address,\n    s.sort_code,\n    s.account_number,\n    s.account_title,\n    s.bank,\n    s.company_number,\n    s.vat_number,\n    s.iban,\n    s.balance,\n    s.currency,\n    s.web_access_token,\n    s.mobile_access_token,\n    s.maximum_drivers,\n    s.active_drivers,\n    s.address_latitude,\n    s.address_longitude,\n    s.created_at,\n    s.updated_at\n  FROM subsidiaries s\n  WHERE s.company_id = $1\n  ORDER BY s.id ASC\n  LIMIT $2 OFFSET $3;\n","timestamp":"2026-06-02T11:33:07.049Z"}
{"level":"info","message":"GET /api/subsidiaries/get?company_id=1 200 74.737 ms","timestamp":"2026-06-02T11:33:07.051Z"}
{"duration":59,"level":"info","message":"db-query","rows":1,"text":"SELECT COUNT(*) AS total FROM subsidiaries s WHERE s.company_id = $1","timestamp":"2026-06-02T11:33:51.481Z"}
{"duration":1,"level":"info","message":"db-query","rows":7,"text":"\n  SELECT \n    s.id,\n    s.logo,\n    s.background_color,\n    s.foreground_color,\n    s.name,\n    s.telephone_number,\n    s.emergency_contact_number,\n    s.email,\n    s.fax,\n    s.website,\n    s.address,\n    s.sort_code,\n    s.account_number,\n    s.account_title,\n    s.bank,\n    s.company_number,\n    s.vat_number,\n    s.iban,\n    s.balance,\n    s.currency,\n    s.web_access_token,\n    s.mobile_access_token,\n    s.maximum_drivers,\n    s.active_drivers,\n    s.address_latitude,\n    s.address_longitude,\n    s.created_at,\n    s.updated_at\n  FROM subsidiaries s\n  WHERE s.company_id = $1\n  ORDER BY s.id ASC\n  LIMIT $2 OFFSET $3;\n","timestamp":"2026-06-02T11:33:51.483Z"}
{"level":"info","message":"GET /api/subsidiaries/get?company_id=1 200 63.379 ms","timestamp":"2026-06-02T11:33:51.485Z"}
{"level":"info","message":"GET /favicon.ico 404 3.026 ms","timestamp":"2026-06-02T11:33:51.541Z"}
{"duration":7,"level":"info","message":"db-query","rows":26,"text":"SELECT * FROM location_types","timestamp":"2026-06-02T12:00:19.438Z"}
{"level":"info","message":"GET /api/location-types 200 14.456 ms","timestamp":"2026-06-02T12:00:19.446Z"}
{"duration":58,"level":"info","message":"db-query","rows":26,"text":"SELECT * FROM location_types","timestamp":"2026-06-02T12:00:19.491Z"}
{"level":"info","message":"GET /api/location-types 200 59.511 ms","timestamp":"2026-06-02T12:00:19.493Z"}
{"duration":8,"level":"info","message":"db-query","rows":26,"text":"SELECT * FROM location_types","timestamp":"2026-06-02T12:01:18.476Z"}
{"level":"info","message":"GET /api/location-types 200 13.364 ms","timestamp":"2026-06-02T12:01:18.483Z"}
{"duration":54,"level":"info","message":"db-query","rows":26,"text":"SELECT * FROM location_types","timestamp":"2026-06-02T12:01:18.527Z"}
{"level":"info","message":"GET /api/location-types 200 55.596 ms","timestamp":"2026-06-02T12:01:18.529Z"}
{"duration":5,"level":"info","message":"db-query","rows":26,"text":"SELECT * FROM location_types","timestamp":"2026-06-02T12:01:22.585Z"}
{"level":"info","message":"GET /api/location-types 200 18.486 ms","timestamp":"2026-06-02T12:01:22.598Z"}
{"duration":92,"level":"info","message":"db-query","rows":26,"text":"SELECT * FROM location_types","timestamp":"2026-06-02T12:01:22.673Z"}
{"level":"info","message":"GET /api/location-types 200 93.576 ms","timestamp":"2026-06-02T12:01:22.675Z"}
{"duration":5,"level":"info","message":"db-query","rows":26,"text":"SELECT * FROM location_types","timestamp":"2026-06-02T12:01:31.484Z"}
{"level":"info","message":"GET /api/location-types 200 16.803 ms","timestamp":"2026-06-02T12:01:31.495Z"}
{"duration":75,"level":"info","message":"db-query","rows":26,"text":"SELECT * FROM location_types","timestamp":"2026-06-02T12:01:31.555Z"}
{"level":"info","message":"GET /api/location-types 200 75.943 ms","timestamp":"2026-06-02T12:01:31.557Z"}
{"duration":5,"level":"info","message":"db-query","rows":26,"text":"SELECT * FROM location_types","timestamp":"2026-06-02T12:01:36.984Z"}
{"level":"info","message":"GET /api/location-types 200 11.926 ms","timestamp":"2026-06-02T12:01:36.991Z"}
{"duration":61,"level":"info","message":"db-query","rows":26,"text":"SELECT * FROM location_types","timestamp":"2026-06-02T12:01:37.041Z"}
{"level":"info","message":"GET /api/location-types 200 61.754 ms","timestamp":"2026-06-02T12:01:37.043Z"}
{"duration":6,"level":"info","message":"db-query","rows":26,"text":"SELECT * FROM location_types","timestamp":"2026-06-02T12:01:40.508Z"}
{"level":"info","message":"GET /api/location-types 200 16.570 ms","timestamp":"2026-06-02T12:01:40.518Z"}
{"duration":89,"level":"info","message":"db-query","rows":26,"text":"SELECT * FROM location_types","timestamp":"2026-06-02T12:01:40.594Z"}
{"duration":14,"level":"info","message":"db-query","rows":26,"text":"SELECT * FROM location_types","timestamp":"2026-06-02T12:01:43.177Z"}
{"level":"info","message":"GET /api/location-types 200 23.023 ms","timestamp":"2026-06-02T12:01:43.186Z"}
{"duration":79,"level":"info","message":"db-query","rows":26,"text":"SELECT * FROM location_types","timestamp":"2026-06-02T12:01:43.249Z"}
{"level":"info","message":"GET /api/location-types 200 81.443 ms","timestamp":"2026-06-02T12:01:43.250Z"}
{"duration":6,"level":"info","message":"db-query","rows":26,"text":"SELECT * FROM location_types","timestamp":"2026-06-02T12:01:50.540Z"}
{"level":"info","message":"GET /api/location-types 200 12.356 ms","timestamp":"2026-06-02T12:01:50.547Z"}
{"duration":56,"level":"info","message":"db-query","rows":26,"text":"SELECT * FROM location_types","timestamp":"2026-06-02T12:01:50.592Z"}
{"level":"info","message":"GET /api/location-types 200 57.717 ms","timestamp":"2026-06-02T12:01:50.594Z"}
{"duration":5,"level":"info","message":"db-query","rows":26,"text":"SELECT * FROM location_types","timestamp":"2026-06-02T12:05:29.437Z"}
{"level":"info","message":"GET /api/location-types 200 13.208 ms","timestamp":"2026-06-02T12:05:29.445Z"}
{"duration":61,"level":"info","message":"db-query","rows":26,"text":"SELECT * FROM location_types","timestamp":"2026-06-02T12:05:29.494Z"}
{"level":"info","message":"GET /api/location-types 200 62.424 ms","timestamp":"2026-06-02T12:05:29.496Z"}
{"duration":8,"level":"info","message":"db-query","rows":26,"text":"SELECT * FROM location_types","timestamp":"2026-06-02T12:05:35.807Z"}
{"level":"info","message":"GET /api/location-types 200 15.871 ms","timestamp":"2026-06-02T12:05:35.816Z"}
{"duration":50,"level":"info","message":"db-query","rows":26,"text":"SELECT * FROM location_types","timestamp":"2026-06-02T12:05:35.851Z"}
{"level":"info","message":"GET /api/location-types 200 51.534 ms","timestamp":"2026-06-02T12:05:35.853Z"}
{"duration":5,"level":"info","message":"db-query","rows":26,"text":"SELECT * FROM location_types","timestamp":"2026-06-02T12:05:46.545Z"}
{"level":"info","message":"GET /api/location-types 200 11.836 ms","timestamp":"2026-06-02T12:05:46.552Z"}
{"duration":53,"level":"info","message":"db-query","rows":26,"text":"SELECT * FROM location_types","timestamp":"2026-06-02T12:05:46.595Z"}
{"level":"info","message":"GET /api/location-types 200 54.164 ms","timestamp":"2026-06-02T12:05:46.596Z"}
{"duration":6,"level":"info","message":"db-query","rows":26,"text":"SELECT * FROM location_types","timestamp":"2026-06-02T12:05:53.289Z"}
{"level":"info","message":"GET /api/location-types 200 12.369 ms","timestamp":"2026-06-02T12:05:53.295Z"}
{"duration":60,"level":"info","message":"db-query","rows":26,"text":"SELECT * FROM location_types","timestamp":"2026-06-02T12:05:53.344Z"}
{"level":"info","message":"GET /api/location-types 200 61.683 ms","timestamp":"2026-06-02T12:05:53.346Z"}
{"duration":12,"level":"info","message":"db-query","rows":26,"text":"SELECT * FROM location_types","timestamp":"2026-06-02T12:05:56.969Z"}
{"level":"info","message":"GET /api/location-types 200 26.176 ms","timestamp":"2026-06-02T12:05:56.980Z"}
{"duration":64,"level":"info","message":"db-query","rows":26,"text":"SELECT * FROM location_types","timestamp":"2026-06-02T12:05:57.025Z"}
{"level":"info","message":"GET /api/location-types 200 65.138 ms","timestamp":"2026-06-02T12:05:57.026Z"}
{"duration":5,"level":"info","message":"db-query","rows":26,"text":"SELECT * FROM location_types","timestamp":"2026-06-02T12:06:09.918Z"}
{"level":"info","message":"GET /api/location-types 200 12.470 ms","timestamp":"2026-06-02T12:06:09.926Z"}
{"duration":56,"level":"info","message":"db-query","rows":26,"text":"SELECT * FROM location_types","timestamp":"2026-06-02T12:06:09.971Z"}
{"level":"info","message":"GET /api/location-types 200 58.088 ms","timestamp":"2026-06-02T12:06:09.973Z"}
{"duration":6,"level":"info","message":"db-query","rows":26,"text":"SELECT * FROM location_types","timestamp":"2026-06-02T12:06:13.127Z"}
{"level":"info","message":"GET /api/location-types 200 11.955 ms","timestamp":"2026-06-02T12:06:13.133Z"}
{"duration":1,"level":"info","message":"db-query","rows":26,"text":"SELECT * FROM location_types","timestamp":"2026-06-02T12:06:13.142Z"}
{"level":"info","message":"GET /api/location-types 200 2.505 ms","timestamp":"2026-06-02T12:06:13.143Z"}
{"duration":139,"level":"info","message":"db-query","rows":0,"text":"SELECT id, name, email\n     FROM customers\n     WHERE email = $1\n     LIMIT 1","timestamp":"2026-06-02T12:58:24.699Z"}
{"level":"info","message":"POST /api/customers/forgot-password 404 146.599 ms","timestamp":"2026-06-02T12:58:24.701Z"}
{"duration":54,"level":"info","message":"db-query","rows":1,"text":"SELECT id, name, email\n     FROM customers\n     WHERE email = $1\n     LIMIT 1","timestamp":"2026-06-02T12:59:05.202Z"}
{"duration":8,"level":"info","message":"db-query","rows":1,"text":"UPDATE customers\n     SET email_verification_code = $1,\n         otp_created_at = $2,\n         email_verified = false\n     WHERE id = $3","timestamp":"2026-06-02T12:59:05.211Z"}
{"level":"info","message":"POST /api/customers/forgot-password 200 65.519 ms","timestamp":"2026-06-02T12:59:05.213Z"}
{"duration":5,"level":"info","message":"db-query","rows":26,"text":"SELECT * FROM location_types","timestamp":"2026-06-02T13:22:08.719Z"}
{"level":"info","message":"GET /api/location-types 200 12.712 ms","timestamp":"2026-06-02T13:22:08.726Z"}
{"duration":57,"level":"info","message":"db-query","rows":26,"text":"SELECT * FROM location_types","timestamp":"2026-06-02T13:22:08.772Z"}
{"level":"info","message":"GET /api/location-types 200 58.853 ms","timestamp":"2026-06-02T13:22:08.774Z"}
{"duration":5,"level":"info","message":"db-query","rows":1,"text":"SELECT id, name, email\n     FROM customers\n     WHERE email = $1\n     LIMIT 1","timestamp":"2026-06-02T13:22:11.410Z"}
{"duration":3,"level":"info","message":"db-query","rows":1,"text":"UPDATE customers\n     SET email_verification_code = $1,\n         otp_created_at = $2,\n         email_verified = false\n     WHERE id = $3","timestamp":"2026-06-02T13:22:11.413Z"}
{"level":"info","message":"POST /api/customers/forgot-password 200 13.931 ms","timestamp":"2026-06-02T13:22:11.414Z"}
{"duration":20,"level":"info","message":"db-query","rows":26,"text":"SELECT * FROM location_types","timestamp":"2026-06-02T13:41:28.208Z"}
{"level":"info","message":"GET /api/location-types 200 40.349 ms","timestamp":"2026-06-02T13:41:28.225Z"}
{"duration":178,"level":"info","message":"db-query","rows":26,"text":"SELECT * FROM location_types","timestamp":"2026-06-02T13:41:28.372Z"}
{"level":"info","message":"GET /api/location-types 200 179.306 ms","timestamp":"2026-06-02T13:41:28.373Z"}
{"duration":59,"level":"info","message":"db-query","rows":null,"text":"BEGIN","timestamp":"2026-06-02T13:49:58.468Z"}
{"duration":13,"level":"info","message":"db-query","rows":1,"text":"INSERT INTO customers (name,email,mobile,telephone,blacklist)\n         VALUES ($1,$2,$3,$4,$5)\n         ON CONFLICT (email) DO UPDATE SET mobile=EXCLUDED.mobile\n         RETURNING id","timestamp":"2026-06-02T13:49:58.482Z"}
{"duration":5,"level":"info","message":"db-query","rows":0,"text":"SELECT reference_number FROM bookings WHERE reference_number = $1 LIMIT 1","timestamp":"2026-06-02T13:49:58.492Z"}
{"duration":37,"level":"info","message":"db-query","rows":1,"text":"INSERT INTO bookings (reference_number,booking_type_id,booking_status_id,journey_type_id,customer_id,employee_id,pickup,dropoff,pickup_date,pickup_time,pickup_door_number,dropoff_door_number,pickup_latitude,pickup_longitude,dropoff_latitude,dropoff_longitude,viapoints,restricted_drivers,flight_number,arriving_from,vehicle_type_id,passengers,luggages,hand_luggages,child_seat,name,email,mobile,telephone,lead_time,notes,special_instructions,payment_type_id,company_price,fares,total_charges,parking_charges,waiting_charges,extra_drop_charges,credit_card_charges,congestion_charges,miles,meet_and_greet,quotation,quoted,sms,emailflag,commission,skipped_bookings,booking_source,on_route,eta,booked_at,multi_booking_id)\n               VALUES ($1,$2,$3,$4,$5,$6,$7,$8,$9,$10,$11,$12,$13,$14,$15,$16,$17,$18,$19,$20,$21,$22,$23,$24,$25,$26,$27,$28,$29,$30,$31,$32,$33,$34,$35,$36,$37,$38,$39,$40,$41,$42,$43,$44,$45,$46,$47,$48,$49,$50,$51,$52,$53,$54)\n               RETURNING *;","timestamp":"2026-06-02T13:49:58.530Z"}
{"duration":57,"level":"info","message":"db-query","rows":1,"text":"\n    \n  SELECT \n    b.id,\n    b.reference_number,\n    b.subsidiary_id,\n    b.booking_type_id,\n    b.booking_status_id,\n    b.journey_type_id,\n    b.account_id,\n    b.customer_id,\n    b.employee_id,\n    b.pickup,\n    b.dropoff,\n    b.pickup_date,\n    b.pickup_time,\n    b.dropoff_date,\n    b.dropoff_time,\n    b.pickup_door_number,\n    b.dropoff_door_number,\n    b.pickup_plot,\n    b.dropoff_plot,\n    b.pickup_location_type_id,\n    b.dropoff_location_type_id,\n    b.pickup_latitude,\n    b.pickup_longitude,\n    b.dropoff_latitude,\n    b.dropoff_longitude,\n    b.viapoints,\n    b.restricted_drivers,\n    b.flight_number,\n    b.arriving_from,\n    b.vehicle_type_id,\n    b.vehicle_id,\n    b.driver_id,\n    b.passengers,\n    b.luggages,\n    b.hand_luggages,\n    b.child_seat,\n    b.name,\n    b.email,\n    b.mobile,\n    b.telephone,\n    b.lead_time,\n    b.notes,\n    b.special_instructions,\n    b.payment_type_id,\n    b.company_price,\n    b.fares,\n    b.total_charges,\n    b.parking_charges,\n    b.waiting_charges,\n    b.extra_drop_charges,\n    b.credit_card_charges,\n    b.congestion_charges,\n    b.miles,\n    b.meet_and_greet,\n    b.department,\n    b.escort_id,\n    b.order_number,\n    b.booked_by,\n    b.add_return_fare,\n    b.fare_meter_status,\n    b.fare_meter,\n    b.quotation,\n    b.quoted,\n    b.dispatch,\n    b.dispatch_as,\n    b.sms,\n    b.emailflag,\n    b.trash,\n    b.hidden,\n    b.multi_booking_id,\n    b.associated_booking,\n    b.invoice_status,\n    b.commission_status,\n    b.commission,\n    b.skipped_bookings,\n    b.permanent,\n    b.toggle_driver_text,\n    b.toggle_passenger_text,\n    b.cancelled_reason,\n    b.booking_source,\n    b.on_route,\n    b.arrived,\n    b.passenger_on_board,\n    b.completed,\n    b.controller_completed,\n    b.driver_waiting_time,\n    b.dispatched_at,\n    b.booked_at,\n    b.stripe_customer_id,\n    b.stripe_payment_id,\n    b.invoice_number,\n    b.initial_subsidiary_id,\n    b.created_at,\n    b.updated_at,\n    b.eta,\n    b.fob,\n  json_build_object(\n    'booking_status', bs.booking_status\n  ) AS booking_status,\n\n  json_build_object(\n    'booking_type', bt.booking_type\n  ) AS booking_type,\n\n  json_build_object(\n    'journey_type', jt.journey_type\n  ) AS journey_type,\n\n  json_build_object(\n    'id', s.id,\n    'name', s.name,\n    'telephone_number', s.telephone_number\n  ) AS subsidiary,\n\n  json_build_object(\n    'name', vt.name,\n    'background_color', vt.background_color,\n    'foreground_color', vt.foreground_color\n  ) AS vehicle_type,\n\n  json_build_object(\n    'id', pt.id,\n    'name', pt.name,\n    'background_color', pt.background_color,\n    'foreground_color', pt.foreground_color\n  ) AS payment_type,\n\n  json_build_object(\n    'id', a.id,\n    'name', a.name,\n    'background_color', a.background_color,\n    'foreground_color', a.foreground_color,\n    'has_vat', a.has_vat,\n    'bank_information', a.bank_information,\n    'fare_controller', a.fare_controller,\n    'account_fees_type', a.account_fees_type,\n    'account_fees', a.account_fees,\n    'account_fees_vat', a.account_fees_vat\n  ) AS account,\n\n  json_build_object(\n    'id', d.id,\n    'username', d.username,\n    'name', d.name,\n    'mobile_device_id', d.mobile_device_id,\n    'phc_vehicle_number', d.phc_vehicle_number,\n    'phc_driver_number', d.phc_driver_number,\n    'vehicle_id', d.vehicle_id,\n    'driver_commission', d.driver_commission,\n    'session_status', d.session_status,\n    'vehicle', json_build_object(\n        'make', v.make,\n        'model', v.model,\n        'color', v.color,\n        'vehicle_number', v.vehicle_number\n    )\n  ) AS driver,\n\n  json_build_object(\n    'door_number', c.door_number,\n    'address1', c.address1,\n    'address2', c.address2,\n    'blacklist', c.blacklist\n  ) AS customer,\n\n  json_build_object(\n    'username', e.username,\n    'role_id', e.role_id\n  ) AS employee,\n\n  json_build_object(\n  'pickup',\n  CASE\n    WHEN lp.id IS NOT NULL THEN json_build_object(\n      'id', lp.id,\n      'name', lp.name,\n      'location_type', json_build_object(\n            'id', ltp.id,\n            'name', ltp.name,\n            'background_color', ltp.background_color,\n            'foreground_color', ltp.foreground_color\n          )\n    )\n    ELSE \n    json_build_object(\n      'id', null,\n      'name', null,\n      'location_type', json_build_object(\n        'id', null,\n        'name', null,\n        'background_color', null,\n        'foreground_color', null\n      )\n    )\n  END,\n  'dropoff',\n  CASE\n    WHEN ld.id IS NOT NULL THEN json_build_object(\n      'id', ld.id,\n      'name', ld.name,\n      'location_type', json_build_object(\n            'id', ltp.id,\n            'name', ltp.name,\n            'background_color', ltp.background_color,\n            'foreground_color', ltp.foreground_color\n          )\n\n    )\n    ELSE \n    json_build_object(\n      'id', null,\n      'name', null,\n      'location_type', json_build_object(\n  'id', null,\n  'name', null,\n  'background_color', null,\n  'foreground_color', null\n)\n\n    )\n  END\n) AS airport\n\n\nFROM bookings b\nLEFT JOIN booking_statuses bs ON b.booking_status_id = bs.id\nLEFT JOIN booking_types bt ON b.booking_type_id = bt.id\nLEFT JOIN journey_types jt ON b.journey_type_id = jt.id\nLEFT JOIN subsidiaries s ON b.subsidiary_id = s.id\nLEFT JOIN vehicle_types vt ON b.vehicle_type_id = vt.id\nLEFT JOIN payment_types pt ON b.payment_type_id = pt.id\nLEFT JOIN accounts a ON b.account_id = a.id\nLEFT JOIN drivers d ON b.driver_id = d.id\nLEFT JOIN vehicles v ON d.vehicle_id = v.id\nLEFT JOIN customers c ON b.customer_id = c.id\nLEFT JOIN employees e ON b.employee_id = e.id\nLEFT JOIN locations lp\n  ON lp.location_type_id = 2\n AND b.pickup ILIKE '%' || lp.name || '%'\n\nLEFT JOIN locations ld\n  ON ld.location_type_id = 2\n AND b.dropoff ILIKE '%' || ld.name || '%'\nLEFT JOIN location_types ltp ON lp.location_type_id = ltp.id\nLEFT JOIN location_types ltd ON ld.location_type_id = ltd.id\n\n\n\n    WHERE b.id = $1\n  ","timestamp":"2026-06-02T13:49:58.589Z"}
{"duration":1,"level":"info","message":"db-query","rows":1,"text":"\n      SELECT web_device_id\n      FROM employees\n      WHERE role_id = 1\n      AND web_device_id IS NOT NULL\n      AND web_device_id != ''\n    ","timestamp":"2026-06-02T13:49:58.593Z"}
{"duration":3,"level":"info","message":"db-query","rows":null,"text":"COMMIT","timestamp":"2026-06-02T13:49:59.485Z"}
{"level":"info","message":"POST /api/bookings/add 200 1086.243 ms","timestamp":"2026-06-02T13:49:59.494Z"}
{"duration":6,"level":"info","message":"db-query","rows":26,"text":"SELECT * FROM location_types","timestamp":"2026-06-02T14:09:54.315Z"}
{"level":"info","message":"GET /api/location-types 200 14.523 ms","timestamp":"2026-06-02T14:09:54.324Z"}
{"duration":74,"level":"info","message":"db-query","rows":26,"text":"SELECT * FROM location_types","timestamp":"2026-06-02T14:09:54.385Z"}
{"level":"info","message":"GET /api/location-types 200 76.739 ms","timestamp":"2026-06-02T14:09:54.388Z"}
{"duration":60,"level":"info","message":"db-query","rows":null,"text":"BEGIN","timestamp":"2026-06-02T14:16:03.552Z"}
{"duration":4,"level":"info","message":"db-query","rows":1,"text":"INSERT INTO customers (name,email,mobile,telephone,blacklist)\n         VALUES ($1,$2,$3,$4,$5)\n         ON CONFLICT (email) DO UPDATE SET mobile=EXCLUDED.mobile\n         RETURNING id","timestamp":"2026-06-02T14:16:03.556Z"}
{"duration":3,"level":"info","message":"db-query","rows":0,"text":"SELECT reference_number FROM bookings WHERE reference_number = $1 LIMIT 1","timestamp":"2026-06-02T14:16:03.560Z"}
{"duration":14,"level":"info","message":"db-query","rows":1,"text":"INSERT INTO bookings (reference_number,booking_type_id,booking_status_id,journey_type_id,customer_id,employee_id,pickup,dropoff,pickup_date,pickup_time,pickup_door_number,dropoff_door_number,pickup_latitude,pickup_longitude,dropoff_latitude,dropoff_longitude,viapoints,restricted_drivers,flight_number,arriving_from,vehicle_type_id,passengers,luggages,hand_luggages,child_seat,name,email,mobile,telephone,lead_time,notes,special_instructions,payment_type_id,company_price,fares,total_charges,parking_charges,waiting_charges,extra_drop_charges,credit_card_charges,congestion_charges,miles,meet_and_greet,quotation,quoted,sms,emailflag,commission,skipped_bookings,booking_source,on_route,eta,booked_at,multi_booking_id)\n               VALUES ($1,$2,$3,$4,$5,$6,$7,$8,$9,$10,$11,$12,$13,$14,$15,$16,$17,$18,$19,$20,$21,$22,$23,$24,$25,$26,$27,$28,$29,$30,$31,$32,$33,$34,$35,$36,$37,$38,$39,$40,$41,$42,$43,$44,$45,$46,$47,$48,$49,$50,$51,$52,$53,$54)\n               RETURNING *;","timestamp":"2026-06-02T14:16:03.576Z"}
{"duration":27,"level":"info","message":"db-query","rows":1,"text":"\n    \n  SELECT \n    b.id,\n    b.reference_number,\n    b.subsidiary_id,\n    b.booking_type_id,\n    b.booking_status_id,\n    b.journey_type_id,\n    b.account_id,\n    b.customer_id,\n    b.employee_id,\n    b.pickup,\n    b.dropoff,\n    b.pickup_date,\n    b.pickup_time,\n    b.dropoff_date,\n    b.dropoff_time,\n    b.pickup_door_number,\n    b.dropoff_door_number,\n    b.pickup_plot,\n    b.dropoff_plot,\n    b.pickup_location_type_id,\n    b.dropoff_location_type_id,\n    b.pickup_latitude,\n    b.pickup_longitude,\n    b.dropoff_latitude,\n    b.dropoff_longitude,\n    b.viapoints,\n    b.restricted_drivers,\n    b.flight_number,\n    b.arriving_from,\n    b.vehicle_type_id,\n    b.vehicle_id,\n    b.driver_id,\n    b.passengers,\n    b.luggages,\n    b.hand_luggages,\n    b.child_seat,\n    b.name,\n    b.email,\n    b.mobile,\n    b.telephone,\n    b.lead_time,\n    b.notes,\n    b.special_instructions,\n    b.payment_type_id,\n    b.company_price,\n    b.fares,\n    b.total_charges,\n    b.parking_charges,\n    b.waiting_charges,\n    b.extra_drop_charges,\n    b.credit_card_charges,\n    b.congestion_charges,\n    b.miles,\n    b.meet_and_greet,\n    b.department,\n    b.escort_id,\n    b.order_number,\n    b.booked_by,\n    b.add_return_fare,\n    b.fare_meter_status,\n    b.fare_meter,\n    b.quotation,\n    b.quoted,\n    b.dispatch,\n    b.dispatch_as,\n    b.sms,\n    b.emailflag,\n    b.trash,\n    b.hidden,\n    b.multi_booking_id,\n    b.associated_booking,\n    b.invoice_status,\n    b.commission_status,\n    b.commission,\n    b.skipped_bookings,\n    b.permanent,\n    b.toggle_driver_text,\n    b.toggle_passenger_text,\n    b.cancelled_reason,\n    b.booking_source,\n    b.on_route,\n    b.arrived,\n    b.passenger_on_board,\n    b.completed,\n    b.controller_completed,\n    b.driver_waiting_time,\n    b.dispatched_at,\n    b.booked_at,\n    b.stripe_customer_id,\n    b.stripe_payment_id,\n    b.invoice_number,\n    b.initial_subsidiary_id,\n    b.created_at,\n    b.updated_at,\n    b.eta,\n    b.fob,\n  json_build_object(\n    'booking_status', bs.booking_status\n  ) AS booking_status,\n\n  json_build_object(\n    'booking_type', bt.booking_type\n  ) AS booking_type,\n\n  json_build_object(\n    'journey_type', jt.journey_type\n  ) AS journey_type,\n\n  json_build_object(\n    'id', s.id,\n    'name', s.name,\n    'telephone_number', s.telephone_number\n  ) AS subsidiary,\n\n  json_build_object(\n    'name', vt.name,\n    'background_color', vt.background_color,\n    'foreground_color', vt.foreground_color\n  ) AS vehicle_type,\n\n  json_build_object(\n    'id', pt.id,\n    'name', pt.name,\n    'background_color', pt.background_color,\n    'foreground_color', pt.foreground_color\n  ) AS payment_type,\n\n  json_build_object(\n    'id', a.id,\n    'name', a.name,\n    'background_color', a.background_color,\n    'foreground_color', a.foreground_color,\n    'has_vat', a.has_vat,\n    'bank_information', a.bank_information,\n    'fare_controller', a.fare_controller,\n    'account_fees_type', a.account_fees_type,\n    'account_fees', a.account_fees,\n    'account_fees_vat', a.account_fees_vat\n  ) AS account,\n\n  json_build_object(\n    'id', d.id,\n    'username', d.username,\n    'name', d.name,\n    'mobile_device_id', d.mobile_device_id,\n    'phc_vehicle_number', d.phc_vehicle_number,\n    'phc_driver_number', d.phc_driver_number,\n    'vehicle_id', d.vehicle_id,\n    'driver_commission', d.driver_commission,\n    'session_status', d.session_status,\n    'vehicle', json_build_object(\n        'make', v.make,\n        'model', v.model,\n        'color', v.color,\n        'vehicle_number', v.vehicle_number\n    )\n  ) AS driver,\n\n  json_build_object(\n    'door_number', c.door_number,\n    'address1', c.address1,\n    'address2', c.address2,\n    'blacklist', c.blacklist\n  ) AS customer,\n\n  json_build_object(\n    'username', e.username,\n    'role_id', e.role_id\n  ) AS employee,\n\n  json_build_object(\n  'pickup',\n  CASE\n    WHEN lp.id IS NOT NULL THEN json_build_object(\n      'id', lp.id,\n      'name', lp.name,\n      'location_type', json_build_object(\n            'id', ltp.id,\n            'name', ltp.name,\n            'background_color', ltp.background_color,\n            'foreground_color', ltp.foreground_color\n          )\n    )\n    ELSE \n    json_build_object(\n      'id', null,\n      'name', null,\n      'location_type', json_build_object(\n        'id', null,\n        'name', null,\n        'background_color', null,\n        'foreground_color', null\n      )\n    )\n  END,\n  'dropoff',\n  CASE\n    WHEN ld.id IS NOT NULL THEN json_build_object(\n      'id', ld.id,\n      'name', ld.name,\n      'location_type', json_build_object(\n            'id', ltp.id,\n            'name', ltp.name,\n            'background_color', ltp.background_color,\n            'foreground_color', ltp.foreground_color\n          )\n\n    )\n    ELSE \n    json_build_object(\n      'id', null,\n      'name', null,\n      'location_type', json_build_object(\n  'id', null,\n  'name', null,\n  'background_color', null,\n  'foreground_color', null\n)\n\n    )\n  END\n) AS airport\n\n\nFROM bookings b\nLEFT JOIN booking_statuses bs ON b.booking_status_id = bs.id\nLEFT JOIN booking_types bt ON b.booking_type_id = bt.id\nLEFT JOIN journey_types jt ON b.journey_type_id = jt.id\nLEFT JOIN subsidiaries s ON b.subsidiary_id = s.id\nLEFT JOIN vehicle_types vt ON b.vehicle_type_id = vt.id\nLEFT JOIN payment_types pt ON b.payment_type_id = pt.id\nLEFT JOIN accounts a ON b.account_id = a.id\nLEFT JOIN drivers d ON b.driver_id = d.id\nLEFT JOIN vehicles v ON d.vehicle_id = v.id\nLEFT JOIN customers c ON b.customer_id = c.id\nLEFT JOIN employees e ON b.employee_id = e.id\nLEFT JOIN locations lp\n  ON lp.location_type_id = 2\n AND b.pickup ILIKE '%' || lp.name || '%'\n\nLEFT JOIN locations ld\n  ON ld.location_type_id = 2\n AND b.dropoff ILIKE '%' || ld.name || '%'\nLEFT JOIN location_types ltp ON lp.location_type_id = ltp.id\nLEFT JOIN location_types ltd ON ld.location_type_id = ltd.id\n\n\n\n    WHERE b.id = $1\n  ","timestamp":"2026-06-02T14:16:03.605Z"}
{"duration":1,"level":"info","message":"db-query","rows":1,"text":"\n      SELECT web_device_id\n      FROM employees\n      WHERE role_id = 1\n      AND web_device_id IS NOT NULL\n      AND web_device_id != ''\n    ","timestamp":"2026-06-02T14:16:03.609Z"}
{"duration":4,"level":"info","message":"db-query","rows":null,"text":"COMMIT","timestamp":"2026-06-02T14:16:04.454Z"}
{"level":"info","message":"POST /api/bookings/add 200 964.646 ms","timestamp":"2026-06-02T14:16:04.456Z"}
{"duration":8,"level":"info","message":"db-query","rows":26,"text":"SELECT * FROM location_types","timestamp":"2026-06-02T14:19:08.754Z"}
{"level":"info","message":"GET /api/location-types 200 15.243 ms","timestamp":"2026-06-02T14:19:08.761Z"}
{"duration":177,"level":"info","message":"db-query","rows":26,"text":"SELECT * FROM location_types","timestamp":"2026-06-02T14:19:08.925Z"}
{"level":"info","message":"GET /api/location-types 200 178.868 ms","timestamp":"2026-06-02T14:19:08.927Z"}
{"duration":6,"level":"info","message":"db-query","rows":26,"text":"SELECT * FROM location_types","timestamp":"2026-06-02T14:19:14.069Z"}
{"level":"info","message":"GET /api/location-types 200 13.468 ms","timestamp":"2026-06-02T14:19:14.076Z"}
{"duration":72,"level":"info","message":"db-query","rows":26,"text":"SELECT * FROM location_types","timestamp":"2026-06-02T14:19:14.136Z"}
{"level":"info","message":"GET /api/location-types 200 73.627 ms","timestamp":"2026-06-02T14:19:14.138Z"}
{"duration":5,"level":"info","message":"db-query","rows":26,"text":"SELECT * FROM location_types","timestamp":"2026-06-02T14:19:21.706Z"}
{"level":"info","message":"GET /api/location-types 200 12.292 ms","timestamp":"2026-06-02T14:19:21.712Z"}
{"duration":51,"level":"info","message":"db-query","rows":26,"text":"SELECT * FROM location_types","timestamp":"2026-06-02T14:19:21.753Z"}
{"level":"info","message":"GET /api/location-types 200 52.478 ms","timestamp":"2026-06-02T14:19:21.755Z"}
{"duration":5,"level":"info","message":"db-query","rows":26,"text":"SELECT * FROM location_types","timestamp":"2026-06-02T14:19:43.599Z"}
{"level":"info","message":"GET /api/location-types 200 14.280 ms","timestamp":"2026-06-02T14:19:43.607Z"}
{"duration":54,"level":"info","message":"db-query","rows":26,"text":"SELECT * FROM location_types","timestamp":"2026-06-02T14:19:43.648Z"}
{"level":"info","message":"GET /api/location-types 200 56.264 ms","timestamp":"2026-06-02T14:19:43.651Z"}
{"duration":8,"level":"info","message":"db-query","rows":26,"text":"SELECT * FROM location_types","timestamp":"2026-06-02T14:19:54.120Z"}
{"level":"info","message":"GET /api/location-types 200 16.573 ms","timestamp":"2026-06-02T14:19:54.129Z"}
{"duration":52,"level":"info","message":"db-query","rows":26,"text":"SELECT * FROM location_types","timestamp":"2026-06-02T14:19:54.165Z"}
{"level":"info","message":"GET /api/location-types 200 54.896 ms","timestamp":"2026-06-02T14:19:54.168Z"}
{"duration":7,"level":"info","message":"db-query","rows":26,"text":"SELECT * FROM location_types","timestamp":"2026-06-02T14:19:56.705Z"}
{"level":"info","message":"GET /api/location-types 200 14.892 ms","timestamp":"2026-06-02T14:19:56.713Z"}
{"duration":55,"level":"info","message":"db-query","rows":26,"text":"SELECT * FROM location_types","timestamp":"2026-06-02T14:19:56.756Z"}
{"level":"info","message":"GET /api/location-types 200 56.351 ms","timestamp":"2026-06-02T14:19:56.757Z"}
{"duration":11,"level":"info","message":"db-query","rows":26,"text":"SELECT * FROM location_types","timestamp":"2026-06-02T14:20:01.135Z"}
{"level":"info","message":"GET /api/location-types 200 24.706 ms","timestamp":"2026-06-02T14:20:01.148Z"}
{"duration":62,"level":"info","message":"db-query","rows":26,"text":"SELECT * FROM location_types","timestamp":"2026-06-02T14:20:01.188Z"}
{"level":"info","message":"GET /api/location-types 200 63.409 ms","timestamp":"2026-06-02T14:20:01.190Z"}
{"duration":9,"level":"info","message":"db-query","rows":26,"text":"SELECT * FROM location_types","timestamp":"2026-06-02T14:20:06.736Z"}
{"level":"info","message":"GET /api/location-types 200 14.941 ms","timestamp":"2026-06-02T14:20:06.743Z"}
{"duration":74,"level":"info","message":"db-query","rows":26,"text":"SELECT * FROM location_types","timestamp":"2026-06-02T14:20:06.803Z"}
{"level":"info","message":"GET /api/location-types 200 75.743 ms","timestamp":"2026-06-02T14:20:06.805Z"}
{"duration":14,"level":"info","message":"db-query","rows":26,"text":"SELECT * FROM location_types","timestamp":"2026-06-02T14:21:10.911Z"}
{"level":"info","message":"GET /api/location-types 200 28.505 ms","timestamp":"2026-06-02T14:21:10.926Z"}
{"duration":65,"level":"info","message":"db-query","rows":26,"text":"SELECT * FROM location_types","timestamp":"2026-06-02T14:21:10.970Z"}
{"level":"info","message":"GET /api/location-types 200 66.442 ms","timestamp":"2026-06-02T14:21:10.971Z"}
{"duration":5,"level":"info","message":"db-query","rows":26,"text":"SELECT * FROM location_types","timestamp":"2026-06-02T14:21:14.596Z"}
{"level":"info","message":"GET /api/location-types 200 13.790 ms","timestamp":"2026-06-02T14:21:14.605Z"}
{"duration":55,"level":"info","message":"db-query","rows":26,"text":"SELECT * FROM location_types","timestamp":"2026-06-02T14:21:14.647Z"}
{"level":"info","message":"GET /api/location-types 200 56.511 ms","timestamp":"2026-06-02T14:21:14.649Z"}
{"duration":15,"level":"info","message":"db-query","rows":26,"text":"SELECT * FROM location_types","timestamp":"2026-06-02T14:21:28.206Z"}
{"level":"info","message":"GET /api/location-types 200 35.655 ms","timestamp":"2026-06-02T14:21:28.228Z"}
{"duration":76,"level":"info","message":"db-query","rows":26,"text":"SELECT * FROM location_types","timestamp":"2026-06-02T14:21:28.270Z"}
{"level":"info","message":"GET /api/location-types 200 77.316 ms","timestamp":"2026-06-02T14:21:28.271Z"}
{"duration":5,"level":"info","message":"db-query","rows":26,"text":"SELECT * FROM location_types","timestamp":"2026-06-02T14:21:32.396Z"}
{"level":"info","message":"GET /api/location-types 200 13.990 ms","timestamp":"2026-06-02T14:21:32.405Z"}
{"duration":52,"level":"info","message":"db-query","rows":26,"text":"SELECT * FROM location_types","timestamp":"2026-06-02T14:21:32.444Z"}
{"level":"info","message":"GET /api/location-types 200 53.360 ms","timestamp":"2026-06-02T14:21:32.445Z"}
{"duration":68,"level":"info","message":"db-query","rows":26,"text":"SELECT * FROM location_types","timestamp":"2026-06-02T15:41:31.556Z"}
{"level":"info","message":"GET /api/location-types 200 71.357 ms","timestamp":"2026-06-02T15:41:31.559Z"}
{"duration":156,"level":"info","message":"db-query","rows":26,"text":"SELECT * FROM location_types","timestamp":"2026-06-02T17:01:31.637Z"}
{"level":"info","message":"GET /api/location-types 200 158.433 ms","timestamp":"2026-06-02T17:01:31.639Z"}
{"duration":65,"level":"info","message":"db-query","rows":26,"text":"SELECT * FROM location_types","timestamp":"2026-06-02T18:21:31.586Z"}
{"level":"info","message":"GET /api/location-types 200 69.688 ms","timestamp":"2026-06-02T18:21:31.592Z"}
{"duration":61,"level":"info","message":"db-query","rows":1,"text":"\n    SELECT COUNT(*) AS total\n    FROM bookings b\n    \n    WHERE b.trash = false AND b.pickup_date >= $1 AND b.pickup_date <= $2\n  \n  ","timestamp":"2026-06-02T18:57:20.853Z"}
{"duration":3,"level":"info","message":"db-query","rows":1,"text":"\n    SELECT\n      COUNT(*) AS total_bookings,\n\n      COALESCE(SUM(b.fares), 0) AS total_earnings,\n\n      COALESCE(\n        SUM(\n          CASE\n            WHEN b.account_id IS NOT NULL\n            THEN b.fares\n            ELSE 0\n          END\n        ),\n        0\n      ) AS total_account_earnings\n\n    FROM bookings b\n    \n    WHERE b.trash = false AND b.pickup_date >= $1 AND b.pickup_date <= $2\n  \n  ","timestamp":"2026-06-02T18:57:20.857Z"}
{"duration":82,"level":"info","message":"db-query","rows":20,"text":"\n  \n  SELECT \n    b.id,\n    b.reference_number,\n    b.subsidiary_id,\n    b.booking_type_id,\n    b.booking_status_id,\n    b.journey_type_id,\n    b.account_id,\n    b.customer_id,\n    b.employee_id,\n    b.pickup,\n    b.dropoff,\n    b.pickup_date,\n    b.pickup_time,\n    b.dropoff_date,\n    b.dropoff_time,\n    b.pickup_door_number,\n    b.dropoff_door_number,\n    b.pickup_plot,\n    b.dropoff_plot,\n    b.pickup_location_type_id,\n    b.dropoff_location_type_id,\n    b.pickup_latitude,\n    b.pickup_longitude,\n    b.dropoff_latitude,\n    b.dropoff_longitude,\n    b.viapoints,\n    b.restricted_drivers,\n    b.flight_number,\n    b.arriving_from,\n    b.vehicle_type_id,\n    b.vehicle_id,\n    b.driver_id,\n    b.passengers,\n    b.luggages,\n    b.hand_luggages,\n    b.child_seat,\n    b.name,\n    b.email,\n    b.mobile,\n    b.telephone,\n    b.lead_time,\n    b.notes,\n    b.special_instructions,\n    b.payment_type_id,\n    b.company_price,\n    b.fares,\n    b.total_charges,\n    b.parking_charges,\n    b.waiting_charges,\n    b.extra_drop_charges,\n    b.credit_card_charges,\n    b.congestion_charges,\n    b.miles,\n    b.meet_and_greet,\n    b.department,\n    b.escort_id,\n    b.order_number,\n    b.booked_by,\n    b.add_return_fare,\n    b.fare_meter_status,\n    b.fare_meter,\n    b.quotation,\n    b.quoted,\n    b.dispatch,\n    b.dispatch_as,\n    b.sms,\n    b.emailflag,\n    b.trash,\n    b.hidden,\n    b.multi_booking_id,\n    b.associated_booking,\n    b.invoice_status,\n    b.commission_status,\n    b.commission,\n    b.skipped_bookings,\n    b.permanent,\n    b.toggle_driver_text,\n    b.toggle_passenger_text,\n    b.cancelled_reason,\n    b.booking_source,\n    b.on_route,\n    b.arrived,\n    b.passenger_on_board,\n    b.completed,\n    b.controller_completed,\n    b.driver_waiting_time,\n    b.dispatched_at,\n    b.booked_at,\n    b.stripe_customer_id,\n    b.stripe_payment_id,\n    b.invoice_number,\n    b.initial_subsidiary_id,\n    b.created_at,\n    b.updated_at,\n    b.eta,\n    b.fob,\n  json_build_object(\n    'booking_status', bs.booking_status\n  ) AS booking_status,\n\n  json_build_object(\n    'booking_type', bt.booking_type\n  ) AS booking_type,\n\n  json_build_object(\n    'journey_type', jt.journey_type\n  ) AS journey_type,\n\n  json_build_object(\n    'id', s.id,\n    'name', s.name,\n    'telephone_number', s.telephone_number\n  ) AS subsidiary,\n\n  json_build_object(\n    'name', vt.name,\n    'background_color', vt.background_color,\n    'foreground_color', vt.foreground_color\n  ) AS vehicle_type,\n\n  json_build_object(\n    'id', pt.id,\n    'name', pt.name,\n    'background_color', pt.background_color,\n    'foreground_color', pt.foreground_color\n  ) AS payment_type,\n\n  json_build_object(\n    'id', a.id,\n    'name', a.name,\n    'background_color', a.background_color,\n    'foreground_color', a.foreground_color,\n    'has_vat', a.has_vat,\n    'bank_information', a.bank_information,\n    'fare_controller', a.fare_controller,\n    'account_fees_type', a.account_fees_type,\n    'account_fees', a.account_fees,\n    'account_fees_vat', a.account_fees_vat\n  ) AS account,\n\n  json_build_object(\n    'id', d.id,\n    'username', d.username,\n    'name', d.name,\n    'mobile_device_id', d.mobile_device_id,\n    'phc_vehicle_number', d.phc_vehicle_number,\n    'phc_driver_number', d.phc_driver_number,\n    'vehicle_id', d.vehicle_id,\n    'driver_commission', d.driver_commission,\n    'session_status', d.session_status,\n    'vehicle', json_build_object(\n        'make', v.make,\n        'model', v.model,\n        'color', v.color,\n        'vehicle_number', v.vehicle_number\n    )\n  ) AS driver,\n\n  json_build_object(\n    'door_number', c.door_number,\n    'address1', c.address1,\n    'address2', c.address2,\n    'blacklist', c.blacklist\n  ) AS customer,\n\n  json_build_object(\n    'username', e.username,\n    'role_id', e.role_id\n  ) AS employee,\n\n  json_build_object(\n  'pickup',\n  CASE\n    WHEN lp.id IS NOT NULL THEN json_build_object(\n      'id', lp.id,\n      'name', lp.name,\n      'location_type', json_build_object(\n            'id', ltp.id,\n            'name', ltp.name,\n            'background_color', ltp.background_color,\n            'foreground_color', ltp.foreground_color\n          )\n    )\n    ELSE \n    json_build_object(\n      'id', null,\n      'name', null,\n      'location_type', json_build_object(\n        'id', null,\n        'name', null,\n        'background_color', null,\n        'foreground_color', null\n      )\n    )\n  END,\n  'dropoff',\n  CASE\n    WHEN ld.id IS NOT NULL THEN json_build_object(\n      'id', ld.id,\n      'name', ld.name,\n      'location_type', json_build_object(\n            'id', ltp.id,\n            'name', ltp.name,\n            'background_color', ltp.background_color,\n            'foreground_color', ltp.foreground_color\n          )\n\n    )\n    ELSE \n    json_build_object(\n      'id', null,\n      'name', null,\n      'location_type', json_build_object(\n  'id', null,\n  'name', null,\n  'background_color', null,\n  'foreground_color', null\n)\n\n    )\n  END\n) AS airport\n\n\nFROM bookings b\nLEFT JOIN booking_statuses bs ON b.booking_status_id = bs.id\nLEFT JOIN booking_types bt ON b.booking_type_id = bt.id\nLEFT JOIN journey_types jt ON b.journey_type_id = jt.id\nLEFT JOIN subsidiaries s ON b.subsidiary_id = s.id\nLEFT JOIN vehicle_types vt ON b.vehicle_type_id = vt.id\nLEFT JOIN payment_types pt ON b.payment_type_id = pt.id\nLEFT JOIN accounts a ON b.account_id = a.id\nLEFT JOIN drivers d ON b.driver_id = d.id\nLEFT JOIN vehicles v ON d.vehicle_id = v.id\nLEFT JOIN customers c ON b.customer_id = c.id\nLEFT JOIN employees e ON b.employee_id = e.id\nLEFT JOIN locations lp\n  ON lp.location_type_id = 2\n AND b.pickup ILIKE '%' || lp.name || '%'\n\nLEFT JOIN locations ld\n  ON ld.location_type_id = 2\n AND b.dropoff ILIKE '%' || ld.name || '%'\nLEFT JOIN location_types ltp ON lp.location_type_id = ltp.id\nLEFT JOIN location_types ltd ON ld.location_type_id = ltd.id\n\n\n\n  \n    WHERE b.trash = false AND b.pickup_date >= $1 AND b.pickup_date <= $2\n  \n  ORDER BY (b.pickup_date::date + TRIM(b.pickup_time)::time) ASC\n  OFFSET $3\n  LIMIT $4\n","timestamp":"2026-06-02T18:57:20.940Z"}
{"level":"info","message":"GET /api/bookings/booking-statistics?from_date=2025-01-01&to_date=2026-05-19 200 156.172 ms","timestamp":"2026-06-02T18:57:20.944Z"}
{"duration":54,"level":"info","message":"db-query","rows":1,"text":"\n    SELECT COUNT(*) AS total\n    FROM bookings b\n    \n    WHERE b.trash = false AND b.pickup_date >= $1 AND b.pickup_date <= $2\n  \n  ","timestamp":"2026-06-02T18:59:27.560Z"}
{"duration":2,"level":"info","message":"db-query","rows":1,"text":"\n    SELECT\n      COUNT(*) AS total_bookings,\n\n      COALESCE(SUM(b.fares), 0) AS total_earnings,\n\n      COALESCE(\n        SUM(\n          CASE\n            WHEN b.account_id IS NOT NULL\n            THEN b.fares\n            ELSE 0\n          END\n        ),\n        0\n      ) AS total_account_earnings\n\n    FROM bookings b\n    \n    WHERE b.trash = false AND b.pickup_date >= $1 AND b.pickup_date <= $2\n  \n  ","timestamp":"2026-06-02T18:59:27.562Z"}
{"duration":69,"level":"info","message":"db-query","rows":20,"text":"\n  \n  SELECT \n    b.id,\n    b.reference_number,\n    b.subsidiary_id,\n    b.booking_type_id,\n    b.booking_status_id,\n    b.journey_type_id,\n    b.account_id,\n    b.customer_id,\n    b.employee_id,\n    b.pickup,\n    b.dropoff,\n    b.pickup_date,\n    b.pickup_time,\n    b.dropoff_date,\n    b.dropoff_time,\n    b.pickup_door_number,\n    b.dropoff_door_number,\n    b.pickup_plot,\n    b.dropoff_plot,\n    b.pickup_location_type_id,\n    b.dropoff_location_type_id,\n    b.pickup_latitude,\n    b.pickup_longitude,\n    b.dropoff_latitude,\n    b.dropoff_longitude,\n    b.viapoints,\n    b.restricted_drivers,\n    b.flight_number,\n    b.arriving_from,\n    b.vehicle_type_id,\n    b.vehicle_id,\n    b.driver_id,\n    b.passengers,\n    b.luggages,\n    b.hand_luggages,\n    b.child_seat,\n    b.name,\n    b.email,\n    b.mobile,\n    b.telephone,\n    b.lead_time,\n    b.notes,\n    b.special_instructions,\n    b.payment_type_id,\n    b.company_price,\n    b.fares,\n    b.total_charges,\n    b.parking_charges,\n    b.waiting_charges,\n    b.extra_drop_charges,\n    b.credit_card_charges,\n    b.congestion_charges,\n    b.miles,\n    b.meet_and_greet,\n    b.department,\n    b.escort_id,\n    b.order_number,\n    b.booked_by,\n    b.add_return_fare,\n    b.fare_meter_status,\n    b.fare_meter,\n    b.quotation,\n    b.quoted,\n    b.dispatch,\n    b.dispatch_as,\n    b.sms,\n    b.emailflag,\n    b.trash,\n    b.hidden,\n    b.multi_booking_id,\n    b.associated_booking,\n    b.invoice_status,\n    b.commission_status,\n    b.commission,\n    b.skipped_bookings,\n    b.permanent,\n    b.toggle_driver_text,\n    b.toggle_passenger_text,\n    b.cancelled_reason,\n    b.booking_source,\n    b.on_route,\n    b.arrived,\n    b.passenger_on_board,\n    b.completed,\n    b.controller_completed,\n    b.driver_waiting_time,\n    b.dispatched_at,\n    b.booked_at,\n    b.stripe_customer_id,\n    b.stripe_payment_id,\n    b.invoice_number,\n    b.initial_subsidiary_id,\n    b.created_at,\n    b.updated_at,\n    b.eta,\n    b.fob,\n  json_build_object(\n    'booking_status', bs.booking_status\n  ) AS booking_status,\n\n  json_build_object(\n    'booking_type', bt.booking_type\n  ) AS booking_type,\n\n  json_build_object(\n    'journey_type', jt.journey_type\n  ) AS journey_type,\n\n  json_build_object(\n    'id', s.id,\n    'name', s.name,\n    'telephone_number', s.telephone_number\n  ) AS subsidiary,\n\n  json_build_object(\n    'name', vt.name,\n    'background_color', vt.background_color,\n    'foreground_color', vt.foreground_color\n  ) AS vehicle_type,\n\n  json_build_object(\n    'id', pt.id,\n    'name', pt.name,\n    'background_color', pt.background_color,\n    'foreground_color', pt.foreground_color\n  ) AS payment_type,\n\n  json_build_object(\n    'id', a.id,\n    'name', a.name,\n    'background_color', a.background_color,\n    'foreground_color', a.foreground_color,\n    'has_vat', a.has_vat,\n    'bank_information', a.bank_information,\n    'fare_controller', a.fare_controller,\n    'account_fees_type', a.account_fees_type,\n    'account_fees', a.account_fees,\n    'account_fees_vat', a.account_fees_vat\n  ) AS account,\n\n  json_build_object(\n    'id', d.id,\n    'username', d.username,\n    'name', d.name,\n    'mobile_device_id', d.mobile_device_id,\n    'phc_vehicle_number', d.phc_vehicle_number,\n    'phc_driver_number', d.phc_driver_number,\n    'vehicle_id', d.vehicle_id,\n    'driver_commission', d.driver_commission,\n    'session_status', d.session_status,\n    'vehicle', json_build_object(\n        'make', v.make,\n        'model', v.model,\n        'color', v.color,\n        'vehicle_number', v.vehicle_number\n    )\n  ) AS driver,\n\n  json_build_object(\n    'door_number', c.door_number,\n    'address1', c.address1,\n    'address2', c.address2,\n    'blacklist', c.blacklist\n  ) AS customer,\n\n  json_build_object(\n    'username', e.username,\n    'role_id', e.role_id\n  ) AS employee,\n\n  json_build_object(\n  'pickup',\n  CASE\n    WHEN lp.id IS NOT NULL THEN json_build_object(\n      'id', lp.id,\n      'name', lp.name,\n      'location_type', json_build_object(\n            'id', ltp.id,\n            'name', ltp.name,\n            'background_color', ltp.background_color,\n            'foreground_color', ltp.foreground_color\n          )\n    )\n    ELSE \n    json_build_object(\n      'id', null,\n      'name', null,\n      'location_type', json_build_object(\n        'id', null,\n        'name', null,\n        'background_color', null,\n        'foreground_color', null\n      )\n    )\n  END,\n  'dropoff',\n  CASE\n    WHEN ld.id IS NOT NULL THEN json_build_object(\n      'id', ld.id,\n      'name', ld.name,\n      'location_type', json_build_object(\n            'id', ltp.id,\n            'name', ltp.name,\n            'background_color', ltp.background_color,\n            'foreground_color', ltp.foreground_color\n          )\n\n    )\n    ELSE \n    json_build_object(\n      'id', null,\n      'name', null,\n      'location_type', json_build_object(\n  'id', null,\n  'name', null,\n  'background_color', null,\n  'foreground_color', null\n)\n\n    )\n  END\n) AS airport\n\n\nFROM bookings b\nLEFT JOIN booking_statuses bs ON b.booking_status_id = bs.id\nLEFT JOIN booking_types bt ON b.booking_type_id = bt.id\nLEFT JOIN journey_types jt ON b.journey_type_id = jt.id\nLEFT JOIN subsidiaries s ON b.subsidiary_id = s.id\nLEFT JOIN vehicle_types vt ON b.vehicle_type_id = vt.id\nLEFT JOIN payment_types pt ON b.payment_type_id = pt.id\nLEFT JOIN accounts a ON b.account_id = a.id\nLEFT JOIN drivers d ON b.driver_id = d.id\nLEFT JOIN vehicles v ON d.vehicle_id = v.id\nLEFT JOIN customers c ON b.customer_id = c.id\nLEFT JOIN employees e ON b.employee_id = e.id\nLEFT JOIN locations lp\n  ON lp.location_type_id = 2\n AND b.pickup ILIKE '%' || lp.name || '%'\n\nLEFT JOIN locations ld\n  ON ld.location_type_id = 2\n AND b.dropoff ILIKE '%' || ld.name || '%'\nLEFT JOIN location_types ltp ON lp.location_type_id = ltp.id\nLEFT JOIN location_types ltd ON ld.location_type_id = ltd.id\n\n\n\n  \n    WHERE b.trash = false AND b.pickup_date >= $1 AND b.pickup_date <= $2\n  \n  ORDER BY (b.pickup_date::date + TRIM(b.pickup_time)::time) ASC\n  OFFSET $3\n  LIMIT $4\n","timestamp":"2026-06-02T18:59:27.632Z"}
{"level":"info","message":"GET /api/bookings/booking-statistics?from_date=2025-01-01&to_date=2026-05-19 200 129.114 ms","timestamp":"2026-06-02T18:59:27.634Z"}
