{"duration":74,"level":"info","message":"db-query","rows":26,"text":"SELECT * FROM location_types","timestamp":"2026-05-30T06:08:40.284Z"}
{"level":"info","message":"GET /api/location-types 200 80.576 ms","timestamp":"2026-05-30T06:08:40.290Z"}
{"duration":77,"level":"info","message":"db-query","rows":26,"text":"SELECT * FROM location_types","timestamp":"2026-05-30T06:08:40.292Z"}
{"level":"info","message":"GET /api/location-types 200 78.645 ms","timestamp":"2026-05-30T06:08:40.294Z"}
{"duration":2532,"level":"info","message":"db-query","rows":1,"text":"SELECT * FROM employees WHERE LOWER(username) = LOWER($1)","timestamp":"2026-05-30T07:14:37.941Z"}
{"duration":488,"level":"info","message":"db-query","rows":0,"text":"\n    SELECT *\n    FROM employee_shift_history\n    WHERE employee_id = $1\n    AND logout_datetime IS NULL\n    ORDER BY id DESC\n    LIMIT 1;\n  ","timestamp":"2026-05-30T07:14:40.326Z"}
{"duration":487,"level":"info","message":"db-query","rows":1,"text":"\n    INSERT INTO employee_shift_history (\n      employee_id,\n      login_datetime\n    )\n    VALUES ($1, NOW())\n    RETURNING *;\n  ","timestamp":"2026-05-30T07:14:40.816Z"}
{"duration":176,"level":"info","message":"db-query","rows":1,"text":"UPDATE employees \n         SET web_device_id = $1 \n         WHERE id = $2","timestamp":"2026-05-30T07:14:41.004Z"}
{"duration":140,"level":"info","message":"db-query","rows":1,"text":"SELECT name FROM roles WHERE id = $1","timestamp":"2026-05-30T07:14:41.149Z"}
{"duration":3,"level":"info","message":"db-query","rows":1,"text":"SELECT name FROM subsidiaries WHERE id = $1","timestamp":"2026-05-30T07:14:41.168Z"}
{"duration":13,"level":"info","message":"db-query","rows":1,"text":"\n      SELECT ee.*, \n        json_build_object(\n          'id', e.id,\n          'username', e.username\n        ) AS employee\n      FROM employee_extensions ee\n      LEFT JOIN employees e ON e.id = ee.employee_id\n      WHERE ee.employee_id = $1\n    ","timestamp":"2026-05-30T07:14:41.209Z"}
{"level":"info","message":"POST /api/employees/login 200 5920.950 ms","timestamp":"2026-05-30T07:14:41.308Z"}
{"duration":71,"level":"info","message":"db-query","rows":1,"text":"\n    SELECT \n      e.*,\n      r.name AS role_name,\n      s.name AS subsidiary_name\n    FROM employees e\n    LEFT JOIN roles r ON e.role_id = r.id\n    LEFT JOIN subsidiaries s ON e.subsidiary_id = s.id\n    WHERE e.id = $1;\n  ","timestamp":"2026-05-30T07:15:46.104Z"}
{"duration":2,"level":"info","message":"db-query","rows":1,"text":"UPDATE employees \n         SET web_device_id = null\n         WHERE id = $1","timestamp":"2026-05-30T07:15:46.119Z"}
{"duration":6,"level":"info","message":"db-query","rows":1,"text":"\n    UPDATE employee_shift_history\n    SET logout_datetime = NOW()\n    WHERE id = (\n      SELECT id\n      FROM employee_shift_history\n      WHERE employee_id = $1\n      AND logout_datetime IS NULL\n      ORDER BY id DESC\n      LIMIT 1\n    )\n    RETURNING *;\n  ","timestamp":"2026-05-30T07:15:46.126Z"}
{"level":"info","message":"POST /api/employees/logout/34 200 94.911 ms","timestamp":"2026-05-30T07:15:46.128Z"}
{"duration":6,"level":"info","message":"db-query","rows":26,"text":"SELECT * FROM location_types","timestamp":"2026-05-30T07:18:32.947Z"}
{"level":"info","message":"GET /api/location-types 200 15.124 ms","timestamp":"2026-05-30T07:18:32.957Z"}
{"duration":5,"level":"info","message":"db-query","rows":26,"text":"SELECT * FROM location_types","timestamp":"2026-05-30T07:18:36.428Z"}
{"level":"info","message":"GET /api/location-types 200 71.674 ms","timestamp":"2026-05-30T07:18:36.494Z"}
{"duration":249,"level":"info","message":"db-query","rows":26,"text":"SELECT * FROM location_types","timestamp":"2026-05-30T07:18:36.675Z"}
{"level":"info","message":"GET /api/location-types 200 252.998 ms","timestamp":"2026-05-30T07:18:36.677Z"}
{"duration":5,"level":"info","message":"db-query","rows":26,"text":"SELECT * FROM location_types","timestamp":"2026-05-30T07:18:44.751Z"}
{"level":"info","message":"GET /api/location-types 200 18.349 ms","timestamp":"2026-05-30T07:18:44.764Z"}
{"duration":85,"level":"info","message":"db-query","rows":26,"text":"SELECT * FROM location_types","timestamp":"2026-05-30T07:18:44.832Z"}
{"level":"info","message":"GET /api/location-types 200 86.048 ms","timestamp":"2026-05-30T07:18:44.833Z"}
{"duration":10,"level":"info","message":"db-query","rows":26,"text":"SELECT * FROM location_types","timestamp":"2026-05-30T07:19:08.294Z"}
{"level":"info","message":"GET /api/location-types 200 16.518 ms","timestamp":"2026-05-30T07:19:08.300Z"}
{"duration":78,"level":"info","message":"db-query","rows":26,"text":"SELECT * FROM location_types","timestamp":"2026-05-30T07:19:08.364Z"}
{"level":"info","message":"GET /api/location-types 200 79.956 ms","timestamp":"2026-05-30T07:19:08.366Z"}
{"duration":5,"level":"info","message":"db-query","rows":26,"text":"SELECT * FROM location_types","timestamp":"2026-05-30T07:19:14.751Z"}
{"level":"info","message":"GET /api/location-types 200 15.994 ms","timestamp":"2026-05-30T07:19:14.763Z"}
{"duration":1,"level":"info","message":"db-query","rows":26,"text":"SELECT * FROM location_types","timestamp":"2026-05-30T07:19:14.776Z"}
{"level":"info","message":"GET /api/location-types 200 5.621 ms","timestamp":"2026-05-30T07:19:14.780Z"}
{"duration":6,"level":"info","message":"db-query","rows":26,"text":"SELECT * FROM location_types","timestamp":"2026-05-30T07:19:20.579Z"}
{"level":"info","message":"GET /api/location-types 200 13.086 ms","timestamp":"2026-05-30T07:19:20.589Z"}
{"duration":65,"level":"info","message":"db-query","rows":26,"text":"SELECT * FROM location_types","timestamp":"2026-05-30T07:19:20.641Z"}
{"level":"info","message":"GET /api/location-types 200 67.847 ms","timestamp":"2026-05-30T07:19:20.644Z"}
{"duration":6,"level":"info","message":"db-query","rows":26,"text":"SELECT * FROM location_types","timestamp":"2026-05-30T07:19:23.415Z"}
{"level":"info","message":"GET /api/location-types 200 13.864 ms","timestamp":"2026-05-30T07:19:23.424Z"}
{"duration":73,"level":"info","message":"db-query","rows":26,"text":"SELECT * FROM location_types","timestamp":"2026-05-30T07:19:23.484Z"}
{"level":"info","message":"GET /api/location-types 200 74.959 ms","timestamp":"2026-05-30T07:19:23.486Z"}
{"duration":5,"level":"info","message":"db-query","rows":26,"text":"SELECT * FROM location_types","timestamp":"2026-05-30T07:19:34.315Z"}
{"level":"info","message":"GET /api/location-types 200 11.206 ms","timestamp":"2026-05-30T07:19:34.323Z"}
{"duration":58,"level":"info","message":"db-query","rows":26,"text":"SELECT * FROM location_types","timestamp":"2026-05-30T07:19:34.369Z"}
{"level":"info","message":"GET /api/location-types 200 62.586 ms","timestamp":"2026-05-30T07:19:34.375Z"}
{"duration":8,"level":"info","message":"db-query","rows":26,"text":"SELECT * FROM location_types","timestamp":"2026-05-30T07:24:11.069Z"}
{"level":"info","message":"GET /api/location-types 200 13.725 ms","timestamp":"2026-05-30T07:24:11.076Z"}
{"duration":159,"level":"info","message":"db-query","rows":26,"text":"SELECT * FROM location_types","timestamp":"2026-05-30T07:24:11.222Z"}
{"level":"info","message":"GET /api/location-types 200 165.100 ms","timestamp":"2026-05-30T07:24:11.229Z"}
