{"duration":58,"level":"info","message":"db-query","rows":26,"text":"SELECT * FROM location_types","timestamp":"2026-07-07T11:22:59.318Z"}
{"level":"info","message":"GET /api/location-types 200 64.229 ms","timestamp":"2026-07-07T11:22:59.324Z"}
{"duration":69,"level":"info","message":"db-query","rows":26,"text":"SELECT * FROM location_types","timestamp":"2026-07-07T11:22:59.335Z"}
{"level":"info","message":"GET /api/location-types 200 70.547 ms","timestamp":"2026-07-07T11:22:59.337Z"}
{"duration":9,"level":"info","message":"db-query","rows":26,"text":"SELECT * FROM location_types","timestamp":"2026-07-07T12:22:19.259Z"}
{"level":"info","message":"GET /api/location-types 200 18.753 ms","timestamp":"2026-07-07T12:22:19.268Z"}
{"duration":179,"level":"info","message":"db-query","rows":26,"text":"SELECT * FROM location_types","timestamp":"2026-07-07T12:22:19.433Z"}
{"level":"info","message":"GET /api/location-types 200 180.548 ms","timestamp":"2026-07-07T12:22:19.435Z"}
{"duration":13,"level":"info","message":"db-query","rows":26,"text":"SELECT * FROM location_types","timestamp":"2026-07-07T12:22:31.521Z"}
{"level":"info","message":"GET /api/location-types 200 23.693 ms","timestamp":"2026-07-07T12:22:31.531Z"}
{"duration":178,"level":"info","message":"db-query","rows":26,"text":"SELECT * FROM location_types","timestamp":"2026-07-07T12:22:31.690Z"}
{"level":"info","message":"GET /api/location-types 200 179.437 ms","timestamp":"2026-07-07T12:22:31.691Z"}
{"duration":5,"level":"info","message":"db-query","rows":26,"text":"SELECT * FROM location_types","timestamp":"2026-07-07T12:25:17.510Z"}
{"level":"info","message":"GET /api/location-types 200 26.449 ms","timestamp":"2026-07-07T12:25:17.532Z"}
{"duration":83,"level":"info","message":"db-query","rows":26,"text":"SELECT * FROM location_types","timestamp":"2026-07-07T12:25:17.591Z"}
{"level":"info","message":"GET /api/location-types 200 85.668 ms","timestamp":"2026-07-07T12:25:17.593Z"}
{"duration":8,"level":"info","message":"db-query","rows":26,"text":"SELECT * FROM location_types","timestamp":"2026-07-07T12:25:20.867Z"}
{"level":"info","message":"GET /api/location-types 200 15.015 ms","timestamp":"2026-07-07T12:25:20.875Z"}
{"duration":78,"level":"info","message":"db-query","rows":26,"text":"SELECT * FROM location_types","timestamp":"2026-07-07T12:25:20.942Z"}
{"level":"info","message":"GET /api/location-types 200 78.895 ms","timestamp":"2026-07-07T12:25:20.944Z"}
{"duration":4,"level":"info","message":"db-query","rows":26,"text":"SELECT * FROM location_types","timestamp":"2026-07-07T12:25:27.411Z"}
{"level":"info","message":"GET /api/location-types 200 10.836 ms","timestamp":"2026-07-07T12:25:27.418Z"}
{"duration":52,"level":"info","message":"db-query","rows":26,"text":"SELECT * FROM location_types","timestamp":"2026-07-07T12:25:27.460Z"}
{"level":"info","message":"GET /api/location-types 200 53.562 ms","timestamp":"2026-07-07T12:25:27.462Z"}
{"duration":5,"level":"info","message":"db-query","rows":26,"text":"SELECT * FROM location_types","timestamp":"2026-07-07T12:25:30.974Z"}
{"level":"info","message":"GET /api/location-types 200 11.306 ms","timestamp":"2026-07-07T12:25:30.981Z"}
{"duration":52,"level":"info","message":"db-query","rows":26,"text":"SELECT * FROM location_types","timestamp":"2026-07-07T12:25:31.023Z"}
{"level":"info","message":"GET /api/location-types 200 54.421 ms","timestamp":"2026-07-07T12:25:31.026Z"}
{"duration":11,"level":"info","message":"db-query","rows":26,"text":"SELECT * FROM location_types","timestamp":"2026-07-07T12:25:38.294Z"}
{"level":"info","message":"GET /api/location-types 200 22.324 ms","timestamp":"2026-07-07T12:25:38.306Z"}
{"duration":75,"level":"info","message":"db-query","rows":26,"text":"SELECT * FROM location_types","timestamp":"2026-07-07T12:25:38.364Z"}
{"level":"info","message":"GET /api/location-types 200 75.953 ms","timestamp":"2026-07-07T12:25:38.365Z"}
{"duration":5,"level":"info","message":"db-query","rows":26,"text":"SELECT * FROM location_types","timestamp":"2026-07-07T12:25:42.326Z"}
{"level":"info","message":"GET /api/location-types 200 11.249 ms","timestamp":"2026-07-07T12:25:42.333Z"}
{"duration":46,"level":"info","message":"db-query","rows":26,"text":"SELECT * FROM location_types","timestamp":"2026-07-07T12:25:42.368Z"}
{"level":"info","message":"GET /api/location-types 200 47.652 ms","timestamp":"2026-07-07T12:25:42.370Z"}
{"duration":8,"level":"info","message":"db-query","rows":26,"text":"SELECT * FROM location_types","timestamp":"2026-07-07T12:26:11.499Z"}
{"level":"info","message":"GET /api/location-types 200 18.093 ms","timestamp":"2026-07-07T12:26:11.509Z"}
{"duration":60,"level":"info","message":"db-query","rows":26,"text":"SELECT * FROM location_types","timestamp":"2026-07-07T12:26:11.553Z"}
{"level":"info","message":"GET /api/location-types 200 61.316 ms","timestamp":"2026-07-07T12:26:11.554Z"}
{"duration":11,"level":"info","message":"db-query","rows":26,"text":"SELECT * FROM location_types","timestamp":"2026-07-07T12:26:26.727Z"}
{"level":"info","message":"GET /api/location-types 200 23.671 ms","timestamp":"2026-07-07T12:26:26.741Z"}
{"duration":68,"level":"info","message":"db-query","rows":26,"text":"SELECT * FROM location_types","timestamp":"2026-07-07T12:26:26.788Z"}
{"level":"info","message":"GET /api/location-types 200 69.501 ms","timestamp":"2026-07-07T12:26:26.789Z"}
{"duration":6,"level":"info","message":"db-query","rows":26,"text":"SELECT * FROM location_types","timestamp":"2026-07-07T12:52:24.712Z"}
{"level":"info","message":"GET /api/location-types 200 12.298 ms","timestamp":"2026-07-07T12:52:24.719Z"}
{"duration":52,"level":"info","message":"db-query","rows":26,"text":"SELECT * FROM location_types","timestamp":"2026-07-07T12:52:24.761Z"}
{"level":"info","message":"GET /api/location-types 200 53.806 ms","timestamp":"2026-07-07T12:52:24.762Z"}
{"duration":6,"level":"info","message":"db-query","rows":26,"text":"SELECT * FROM location_types","timestamp":"2026-07-07T12:52:31.475Z"}
{"level":"info","message":"GET /api/location-types 200 12.548 ms","timestamp":"2026-07-07T12:52:31.482Z"}
{"duration":56,"level":"info","message":"db-query","rows":26,"text":"SELECT * FROM location_types","timestamp":"2026-07-07T12:52:31.526Z"}
{"level":"info","message":"GET /api/location-types 200 57.426 ms","timestamp":"2026-07-07T12:52:31.528Z"}
{"duration":7,"level":"info","message":"db-query","rows":26,"text":"SELECT * FROM location_types","timestamp":"2026-07-07T12:52:37.547Z"}
{"level":"info","message":"GET /api/location-types 200 15.193 ms","timestamp":"2026-07-07T12:52:37.555Z"}
{"duration":62,"level":"info","message":"db-query","rows":26,"text":"SELECT * FROM location_types","timestamp":"2026-07-07T12:52:37.604Z"}
{"level":"info","message":"GET /api/location-types 200 64.292 ms","timestamp":"2026-07-07T12:52:37.607Z"}
{"duration":16,"level":"info","message":"db-query","rows":26,"text":"SELECT * FROM location_types","timestamp":"2026-07-07T12:52:52.155Z"}
{"level":"info","message":"GET /api/location-types 200 27.599 ms","timestamp":"2026-07-07T12:52:52.166Z"}
{"duration":67,"level":"info","message":"db-query","rows":26,"text":"SELECT * FROM location_types","timestamp":"2026-07-07T12:52:52.212Z"}
{"level":"info","message":"GET /api/location-types 200 68.715 ms","timestamp":"2026-07-07T12:52:52.214Z"}
{"duration":7,"level":"info","message":"db-query","rows":26,"text":"SELECT * FROM location_types","timestamp":"2026-07-07T12:53:04.104Z"}
{"level":"info","message":"GET /api/location-types 200 15.139 ms","timestamp":"2026-07-07T12:53:04.112Z"}
{"duration":64,"level":"info","message":"db-query","rows":26,"text":"SELECT * FROM location_types","timestamp":"2026-07-07T12:53:04.165Z"}
{"level":"info","message":"GET /api/location-types 200 65.820 ms","timestamp":"2026-07-07T12:53:04.167Z"}
{"duration":6,"level":"info","message":"db-query","rows":26,"text":"SELECT * FROM location_types","timestamp":"2026-07-07T12:53:10.826Z"}
{"level":"info","message":"GET /api/location-types 200 12.031 ms","timestamp":"2026-07-07T12:53:10.832Z"}
{"duration":49,"level":"info","message":"db-query","rows":26,"text":"SELECT * FROM location_types","timestamp":"2026-07-07T12:53:10.870Z"}
{"level":"info","message":"GET /api/location-types 200 50.430 ms","timestamp":"2026-07-07T12:53:10.872Z"}
{"duration":7,"level":"info","message":"db-query","rows":26,"text":"SELECT * FROM location_types","timestamp":"2026-07-07T12:58:40.567Z"}
{"level":"info","message":"GET /api/location-types 200 18.007 ms","timestamp":"2026-07-07T12:58:40.577Z"}
{"duration":55,"level":"info","message":"db-query","rows":26,"text":"SELECT * FROM location_types","timestamp":"2026-07-07T12:58:40.617Z"}
{"level":"info","message":"GET /api/location-types 200 56.784 ms","timestamp":"2026-07-07T12:58:40.619Z"}
{"duration":7,"level":"info","message":"db-query","rows":26,"text":"SELECT * FROM location_types","timestamp":"2026-07-07T12:58:50.062Z"}
{"level":"info","message":"GET /api/location-types 200 13.010 ms","timestamp":"2026-07-07T12:58:50.068Z"}
{"duration":62,"level":"info","message":"db-query","rows":26,"text":"SELECT * FROM location_types","timestamp":"2026-07-07T12:58:50.121Z"}
{"level":"info","message":"GET /api/location-types 200 66.509 ms","timestamp":"2026-07-07T12:58:50.126Z"}
{"duration":6,"level":"info","message":"db-query","rows":26,"text":"SELECT * FROM location_types","timestamp":"2026-07-07T12:58:56.875Z"}
{"level":"info","message":"GET /api/location-types 200 12.024 ms","timestamp":"2026-07-07T12:58:56.881Z"}
{"duration":168,"level":"info","message":"db-query","rows":26,"text":"SELECT * FROM location_types","timestamp":"2026-07-07T12:58:57.039Z"}
{"level":"info","message":"GET /api/location-types 200 170.114 ms","timestamp":"2026-07-07T12:58:57.041Z"}
{"duration":6,"level":"info","message":"db-query","rows":26,"text":"SELECT * FROM location_types","timestamp":"2026-07-07T12:59:03.237Z"}
{"level":"info","message":"GET /api/location-types 200 13.693 ms","timestamp":"2026-07-07T12:59:03.246Z"}
{"duration":151,"level":"info","message":"db-query","rows":26,"text":"SELECT * FROM location_types","timestamp":"2026-07-07T12:59:03.385Z"}
{"level":"info","message":"GET /api/location-types 200 153.028 ms","timestamp":"2026-07-07T12:59:03.387Z"}
{"duration":9,"level":"info","message":"db-query","rows":26,"text":"SELECT * FROM location_types","timestamp":"2026-07-07T12:59:10.180Z"}
{"level":"info","message":"GET /api/location-types 200 17.262 ms","timestamp":"2026-07-07T12:59:10.188Z"}
{"duration":66,"level":"info","message":"db-query","rows":26,"text":"SELECT * FROM location_types","timestamp":"2026-07-07T12:59:10.238Z"}
{"level":"info","message":"GET /api/location-types 200 69.195 ms","timestamp":"2026-07-07T12:59:10.242Z"}
{"duration":12,"level":"info","message":"db-query","rows":26,"text":"SELECT * FROM location_types","timestamp":"2026-07-07T12:59:15.771Z"}
{"level":"info","message":"GET /api/location-types 200 25.704 ms","timestamp":"2026-07-07T12:59:15.783Z"}
{"duration":71,"level":"info","message":"db-query","rows":26,"text":"SELECT * FROM location_types","timestamp":"2026-07-07T12:59:15.836Z"}
{"level":"info","message":"GET /api/location-types 200 73.197 ms","timestamp":"2026-07-07T12:59:15.838Z"}
{"duration":189,"level":"info","message":"db-query","rows":7,"text":"\n    SELECT \n      s.*,\n      jsonb_build_object(\n        'id', b.id,\n        'subsidiary_id', b.subsidiary_id,\n        'bank', b.bank,\n        'account_title', b.account_title,\n        'account_number', b.account_number,\n        'iban', b.iban,\n        'sort_code', b.sort_code,\n        'vat_number', b.vat_number,\n        'created_at', b.created_at,\n        'updated_at', b.updated_at\n      ) AS subsidiary_bank_details\n    FROM subsidiaries s\n    LEFT JOIN subsidiary_bank_details b \n    ON s.id = b.subsidiary_id\n    ORDER BY s.id\n    LIMIT $1 OFFSET $2;\n  ","timestamp":"2026-07-07T13:01:50.074Z"}
{"level":"info","message":"GET /api/subsidiaries/with-bank-details 200 190.816 ms","timestamp":"2026-07-07T13:01:50.076Z"}
{"duration":7,"level":"info","message":"db-query","rows":26,"text":"SELECT * FROM location_types","timestamp":"2026-07-07T13:05:40.493Z"}
{"level":"info","message":"GET /api/location-types 200 15.048 ms","timestamp":"2026-07-07T13:05:40.501Z"}
{"duration":75,"level":"info","message":"db-query","rows":26,"text":"SELECT * FROM location_types","timestamp":"2026-07-07T13:05:40.563Z"}
{"level":"info","message":"GET /api/location-types 200 76.484 ms","timestamp":"2026-07-07T13:05:40.565Z"}
{"duration":7,"level":"info","message":"db-query","rows":26,"text":"SELECT * FROM location_types","timestamp":"2026-07-07T13:05:45.923Z"}
{"level":"info","message":"GET /api/location-types 200 17.308 ms","timestamp":"2026-07-07T13:05:45.933Z"}
{"duration":65,"level":"info","message":"db-query","rows":26,"text":"SELECT * FROM location_types","timestamp":"2026-07-07T13:05:45.983Z"}
{"level":"info","message":"GET /api/location-types 200 67.338 ms","timestamp":"2026-07-07T13:05:45.985Z"}
{"duration":10,"level":"info","message":"db-query","rows":26,"text":"SELECT * FROM location_types","timestamp":"2026-07-07T13:05:52.080Z"}
{"level":"info","message":"GET /api/location-types 200 21.650 ms","timestamp":"2026-07-07T13:05:52.092Z"}
{"duration":74,"level":"info","message":"db-query","rows":26,"text":"SELECT * FROM location_types","timestamp":"2026-07-07T13:05:52.149Z"}
{"level":"info","message":"GET /api/location-types 200 76.651 ms","timestamp":"2026-07-07T13:05:52.151Z"}
{"duration":7,"level":"info","message":"db-query","rows":26,"text":"SELECT * FROM location_types","timestamp":"2026-07-07T13:06:09.135Z"}
{"level":"info","message":"GET /api/location-types 200 19.090 ms","timestamp":"2026-07-07T13:06:09.148Z"}
{"duration":55,"level":"info","message":"db-query","rows":26,"text":"SELECT * FROM location_types","timestamp":"2026-07-07T13:06:09.187Z"}
{"level":"info","message":"GET /api/location-types 200 56.829 ms","timestamp":"2026-07-07T13:06:09.190Z"}
{"duration":5,"level":"info","message":"db-query","rows":26,"text":"SELECT * FROM location_types","timestamp":"2026-07-07T13:06:53.508Z"}
{"level":"info","message":"GET /api/location-types 200 12.641 ms","timestamp":"2026-07-07T13:06:53.515Z"}
{"duration":54,"level":"info","message":"db-query","rows":26,"text":"SELECT * FROM location_types","timestamp":"2026-07-07T13:06:53.558Z"}
{"level":"info","message":"GET /api/location-types 200 56.346 ms","timestamp":"2026-07-07T13:06:53.560Z"}
{"duration":5,"level":"info","message":"db-query","rows":26,"text":"SELECT * FROM location_types","timestamp":"2026-07-07T13:07:29.206Z"}
{"level":"info","message":"GET /api/location-types 200 13.859 ms","timestamp":"2026-07-07T13:07:29.215Z"}
{"duration":64,"level":"info","message":"db-query","rows":26,"text":"SELECT * FROM location_types","timestamp":"2026-07-07T13:07:29.266Z"}
{"level":"info","message":"GET /api/location-types 200 65.217 ms","timestamp":"2026-07-07T13:07:29.268Z"}
{"duration":9,"level":"info","message":"db-query","rows":26,"text":"SELECT * FROM location_types","timestamp":"2026-07-07T13:07:57.365Z"}
{"level":"info","message":"GET /api/location-types 200 15.812 ms","timestamp":"2026-07-07T13:07:57.373Z"}
{"duration":66,"level":"info","message":"db-query","rows":26,"text":"SELECT * FROM location_types","timestamp":"2026-07-07T13:07:57.425Z"}
{"level":"info","message":"GET /api/location-types 200 68.600 ms","timestamp":"2026-07-07T13:07:57.428Z"}
{"duration":12,"level":"info","message":"db-query","rows":26,"text":"SELECT * FROM location_types","timestamp":"2026-07-07T13:08:01.753Z"}
{"level":"info","message":"GET /api/location-types 200 31.242 ms","timestamp":"2026-07-07T13:08:01.771Z"}
{"duration":5,"level":"info","message":"db-query","rows":26,"text":"SELECT * FROM location_types","timestamp":"2026-07-07T13:08:09.650Z"}
{"level":"info","message":"GET /api/location-types 200 17.022 ms","timestamp":"2026-07-07T13:08:09.663Z"}
{"duration":63,"level":"info","message":"db-query","rows":26,"text":"SELECT * FROM location_types","timestamp":"2026-07-07T13:08:09.709Z"}
{"level":"info","message":"GET /api/location-types 200 65.992 ms","timestamp":"2026-07-07T13:08:09.713Z"}
{"duration":7,"level":"info","message":"db-query","rows":0,"text":"\n    SELECT \n      s.*,\n      jsonb_build_object(\n        'id', b.id,\n        'subsidiary_id', b.subsidiary_id,\n        'bank', b.bank,\n        'account_title', b.account_title,\n        'account_number', b.account_number,\n        'iban', b.iban,\n        'sort_code', b.sort_code,\n        'vat_number', b.vat_number,\n        'created_at', b.created_at,\n        'updated_at', b.updated_at\n      ) AS subsidiary_bank_details\n    FROM subsidiaries s\n    LEFT JOIN subsidiary_bank_details b \n    ON s.id = b.subsidiary_id\n    WHERE company_id = $3\n    ORDER BY s.id\n    LIMIT $1 OFFSET $2;\n  ","timestamp":"2026-07-07T13:08:11.915Z"}
{"level":"info","message":"GET /api/subsidiaries/with-bank-details 200 8.269 ms","timestamp":"2026-07-07T13:08:11.916Z"}
{"duration":77,"level":"info","message":"db-query","rows":7,"text":"\n    SELECT \n      s.*,\n      jsonb_build_object(\n        'id', b.id,\n        'subsidiary_id', b.subsidiary_id,\n        'bank', b.bank,\n        'account_title', b.account_title,\n        'account_number', b.account_number,\n        'iban', b.iban,\n        'sort_code', b.sort_code,\n        'vat_number', b.vat_number,\n        'created_at', b.created_at,\n        'updated_at', b.updated_at\n      ) AS subsidiary_bank_details\n    FROM subsidiaries s\n    LEFT JOIN subsidiary_bank_details b \n    ON s.id = b.subsidiary_id\n    WHERE company_id = $3\n    ORDER BY s.id\n    LIMIT $1 OFFSET $2;\n  ","timestamp":"2026-07-07T13:08:27.284Z"}
{"level":"info","message":"GET /api/subsidiaries/with-bank-details?company_id=1 200 79.789 ms","timestamp":"2026-07-07T13:08:27.286Z"}
{"duration":2,"level":"info","message":"db-query","rows":0,"text":"\n    SELECT \n      s.*,\n      jsonb_build_object(\n        'id', b.id,\n        'subsidiary_id', b.subsidiary_id,\n        'bank', b.bank,\n        'account_title', b.account_title,\n        'account_number', b.account_number,\n        'iban', b.iban,\n        'sort_code', b.sort_code,\n        'vat_number', b.vat_number,\n        'created_at', b.created_at,\n        'updated_at', b.updated_at\n      ) AS subsidiary_bank_details\n    FROM subsidiaries s\n    LEFT JOIN subsidiary_bank_details b \n    ON s.id = b.subsidiary_id\n    WHERE company_id = $3\n    ORDER BY s.id\n    LIMIT $1 OFFSET $2;\n  ","timestamp":"2026-07-07T13:08:32.700Z"}
{"level":"info","message":"GET /api/subsidiaries/with-bank-details?company_id=2 200 2.461 ms","timestamp":"2026-07-07T13:08:32.701Z"}
{"duration":6,"level":"info","message":"db-query","rows":26,"text":"SELECT * FROM location_types","timestamp":"2026-07-07T13:53:44.988Z"}
{"level":"info","message":"GET /api/location-types 200 17.221 ms","timestamp":"2026-07-07T13:53:44.999Z"}
{"duration":68,"level":"info","message":"db-query","rows":26,"text":"SELECT * FROM location_types","timestamp":"2026-07-07T13:53:45.051Z"}
{"level":"info","message":"GET /api/location-types 200 69.934 ms","timestamp":"2026-07-07T13:53:45.053Z"}
{"duration":10,"level":"info","message":"db-query","rows":26,"text":"SELECT * FROM location_types","timestamp":"2026-07-07T14:01:12.702Z"}
{"level":"info","message":"GET /api/location-types 200 21.029 ms","timestamp":"2026-07-07T14:01:12.714Z"}
{"duration":74,"level":"info","message":"db-query","rows":26,"text":"SELECT * FROM location_types","timestamp":"2026-07-07T14:01:12.771Z"}
{"level":"info","message":"GET /api/location-types 200 76.171 ms","timestamp":"2026-07-07T14:01:12.773Z"}
{"duration":5,"level":"info","message":"db-query","rows":26,"text":"SELECT * FROM location_types","timestamp":"2026-07-07T14:01:28.902Z"}
{"level":"info","message":"GET /api/location-types 200 11.500 ms","timestamp":"2026-07-07T14:01:28.908Z"}
{"duration":53,"level":"info","message":"db-query","rows":26,"text":"SELECT * FROM location_types","timestamp":"2026-07-07T14:01:28.951Z"}
{"level":"info","message":"GET /api/location-types 200 54.317 ms","timestamp":"2026-07-07T14:01:28.952Z"}
{"duration":10,"level":"info","message":"db-query","rows":26,"text":"SELECT * FROM location_types","timestamp":"2026-07-07T14:01:35.619Z"}
{"level":"info","message":"GET /api/location-types 200 22.996 ms","timestamp":"2026-07-07T14:01:35.633Z"}
{"duration":71,"level":"info","message":"db-query","rows":26,"text":"SELECT * FROM location_types","timestamp":"2026-07-07T14:01:35.684Z"}
{"level":"info","message":"GET /api/location-types 200 72.770 ms","timestamp":"2026-07-07T14:01:35.685Z"}
{"duration":7,"level":"info","message":"db-query","rows":26,"text":"SELECT * FROM location_types","timestamp":"2026-07-07T14:01:40.685Z"}
{"level":"info","message":"GET /api/location-types 200 16.539 ms","timestamp":"2026-07-07T14:01:40.694Z"}
{"duration":204,"level":"info","message":"db-query","rows":26,"text":"SELECT * FROM location_types","timestamp":"2026-07-07T14:01:40.884Z"}
{"level":"info","message":"GET /api/location-types 200 205.327 ms","timestamp":"2026-07-07T14:01:40.886Z"}
{"duration":15,"level":"info","message":"db-query","rows":26,"text":"SELECT * FROM location_types","timestamp":"2026-07-07T14:01:48.204Z"}
{"level":"info","message":"GET /api/location-types 200 27.288 ms","timestamp":"2026-07-07T14:01:48.217Z"}
{"duration":69,"level":"info","message":"db-query","rows":26,"text":"SELECT * FROM location_types","timestamp":"2026-07-07T14:01:48.263Z"}
{"level":"info","message":"GET /api/location-types 200 71.664 ms","timestamp":"2026-07-07T14:01:48.265Z"}
{"duration":5,"level":"info","message":"db-query","rows":26,"text":"SELECT * FROM location_types","timestamp":"2026-07-07T14:01:55.484Z"}
{"level":"info","message":"GET /api/location-types 200 10.594 ms","timestamp":"2026-07-07T14:01:55.490Z"}
{"duration":49,"level":"info","message":"db-query","rows":26,"text":"SELECT * FROM location_types","timestamp":"2026-07-07T14:01:55.529Z"}
{"level":"info","message":"GET /api/location-types 200 49.639 ms","timestamp":"2026-07-07T14:01:55.530Z"}
{"level":"info","message":"GET /api/subsidiaries/get?company_id=company_id 500 75.544 ms","timestamp":"2026-07-07T14:02:16.971Z"}
{"level":"info","message":"GET /api/company-vehicles/get?company_id=company_id 500 81.490 ms","timestamp":"2026-07-07T14:02:16.975Z"}
{"level":"info","message":"GET /api/vehicle-type/get?company_id=company_id 500 89.458 ms","timestamp":"2026-07-07T14:02:16.981Z"}
{"level":"info","message":"GET /api/driver-combine/get 500 105.447 ms","timestamp":"2026-07-07T14:02:16.987Z"}
{"level":"info","message":"GET /api/vehicle-type/get?company_id=company_id 500 58.144 ms","timestamp":"2026-07-07T14:02:41.286Z"}
{"level":"info","message":"GET /api/driver-combine/get?company_id=1 500 66.678 ms","timestamp":"2026-07-07T14:02:41.289Z"}
{"level":"info","message":"GET /api/subsidiaries/get?company_id=company_id 500 64.556 ms","timestamp":"2026-07-07T14:02:41.296Z"}
{"level":"info","message":"GET /api/company-vehicles/get?company_id=company_id 500 85.493 ms","timestamp":"2026-07-07T14:02:41.315Z"}
{"duration":11,"level":"info","message":"db-query","rows":26,"text":"SELECT * FROM location_types","timestamp":"2026-07-07T14:03:05.348Z"}
{"level":"info","message":"GET /api/location-types 200 22.855 ms","timestamp":"2026-07-07T14:03:05.361Z"}
{"duration":216,"level":"info","message":"db-query","rows":26,"text":"SELECT * FROM location_types","timestamp":"2026-07-07T14:03:05.558Z"}
{"level":"info","message":"GET /api/location-types 200 217.294 ms","timestamp":"2026-07-07T14:03:05.560Z"}
{"level":"info","message":"GET /api/vehicle-type/get?company_id=company_id 500 7.091 ms","timestamp":"2026-07-07T14:03:10.124Z"}
{"level":"info","message":"GET /api/company-vehicles/get?company_id=company_id 500 15.176 ms","timestamp":"2026-07-07T14:03:10.134Z"}
{"level":"info","message":"GET /api/driver-combine/get?company_id=1 500 26.205 ms","timestamp":"2026-07-07T14:03:10.138Z"}
{"level":"info","message":"GET /api/subsidiaries/get?company_id=company_id 500 77.648 ms","timestamp":"2026-07-07T14:03:10.204Z"}
{"duration":5,"level":"info","message":"db-query","rows":26,"text":"SELECT * FROM location_types","timestamp":"2026-07-07T14:04:09.496Z"}
{"level":"info","message":"GET /api/location-types 200 10.817 ms","timestamp":"2026-07-07T14:04:09.502Z"}
{"duration":1,"level":"info","message":"db-query","rows":26,"text":"SELECT * FROM location_types","timestamp":"2026-07-07T14:04:09.509Z"}
{"level":"info","message":"GET /api/location-types 200 2.031 ms","timestamp":"2026-07-07T14:04:09.511Z"}
{"duration":5,"level":"info","message":"db-query","rows":26,"text":"SELECT * FROM location_types","timestamp":"2026-07-07T14:04:21.022Z"}
{"level":"info","message":"GET /api/location-types 200 12.078 ms","timestamp":"2026-07-07T14:04:21.029Z"}
{"duration":63,"level":"info","message":"db-query","rows":26,"text":"SELECT * FROM location_types","timestamp":"2026-07-07T14:04:21.081Z"}
{"level":"info","message":"GET /api/location-types 200 65.383 ms","timestamp":"2026-07-07T14:04:21.084Z"}
{"duration":5,"level":"info","message":"db-query","rows":26,"text":"SELECT * FROM location_types","timestamp":"2026-07-07T14:04:30.236Z"}
{"level":"info","message":"GET /api/location-types 200 12.171 ms","timestamp":"2026-07-07T14:04:30.244Z"}
{"duration":51,"level":"info","message":"db-query","rows":26,"text":"SELECT * FROM location_types","timestamp":"2026-07-07T14:04:30.284Z"}
{"level":"info","message":"GET /api/location-types 200 52.663 ms","timestamp":"2026-07-07T14:04:30.285Z"}
{"duration":4,"level":"info","message":"db-query","rows":26,"text":"SELECT * FROM location_types","timestamp":"2026-07-07T14:04:35.049Z"}
{"level":"info","message":"GET /api/location-types 200 9.951 ms","timestamp":"2026-07-07T14:04:35.055Z"}
{"duration":60,"level":"info","message":"db-query","rows":26,"text":"SELECT * FROM location_types","timestamp":"2026-07-07T14:04:35.106Z"}
{"level":"info","message":"GET /api/location-types 200 61.066 ms","timestamp":"2026-07-07T14:04:35.107Z"}
{"level":"info","message":"GET /api/vehicle-type/get?company_id=company_id 500 9.229 ms","timestamp":"2026-07-07T14:04:38.201Z"}
{"level":"info","message":"GET /api/company-vehicles/get?company_id=company_id 500 12.903 ms","timestamp":"2026-07-07T14:04:38.207Z"}
{"level":"info","message":"GET /api/driver-combine/get?company_id=1 500 29.190 ms","timestamp":"2026-07-07T14:04:38.212Z"}
{"level":"info","message":"GET /api/subsidiaries/get?company_id=company_id 500 66.242 ms","timestamp":"2026-07-07T14:04:38.268Z"}
{"duration":5,"level":"info","message":"db-query","rows":26,"text":"SELECT * FROM location_types","timestamp":"2026-07-07T14:05:21.166Z"}
{"level":"info","message":"GET /api/location-types 200 11.462 ms","timestamp":"2026-07-07T14:05:21.172Z"}
{"duration":153,"level":"info","message":"db-query","rows":26,"text":"SELECT * FROM location_types","timestamp":"2026-07-07T14:05:21.316Z"}
{"level":"info","message":"GET /api/location-types 200 154.873 ms","timestamp":"2026-07-07T14:05:21.317Z"}
{"duration":10,"level":"info","message":"db-query","rows":26,"text":"SELECT * FROM location_types","timestamp":"2026-07-07T14:05:24.986Z"}
{"level":"info","message":"GET /api/location-types 200 21.436 ms","timestamp":"2026-07-07T14:05:24.996Z"}
{"duration":54,"level":"info","message":"db-query","rows":26,"text":"SELECT * FROM location_types","timestamp":"2026-07-07T14:05:25.032Z"}
{"level":"info","message":"GET /api/location-types 200 55.094 ms","timestamp":"2026-07-07T14:05:25.033Z"}
{"duration":14,"level":"info","message":"db-query","rows":1,"text":"\n    SELECT COUNT(*) AS total\n    FROM vehicle_types vt\n    WHERE vt.company_id = $1;\n  ","timestamp":"2026-07-07T14:05:31.577Z"}
{"duration":3,"level":"info","message":"db-query","rows":5,"text":"\n    SELECT \n      vt.id,\n      vt.name,\n      vt.passengers,\n      vt.luggages,\n      vt.hand_luggages,\n      vt.minimum_fares,\n      vt.minimum_miles,\n      vt.waiting_time,\n      vt.waiting_time_duration,\n      vt.default_vehicle,\n      vt.vehicle_type_minimum_fares,\n      vt.image,\n      vt.created_at,\n      vt.updated_at,\n      vt.background_color,\n      vt.foreground_color,\n      vt.driver_waiting_charges,\n      vt.account_waiting_charges\n    FROM vehicle_types vt\n    WHERE vt.company_id = $1\n    ORDER BY vt.id ASC\n    OFFSET $2 LIMIT $3;\n  ","timestamp":"2026-07-07T14:05:31.585Z"}
{"level":"info","message":"GET /api/vehicle-type/get?company_id=1 200 26.755 ms","timestamp":"2026-07-07T14:05:31.590Z"}
{"duration":57,"level":"info","message":"db-query","rows":1,"text":"SELECT COUNT(*) AS total FROM subsidiaries s WHERE s.company_id = $1","timestamp":"2026-07-07T14:05:31.623Z"}
{"duration":1,"level":"info","message":"db-query","rows":7,"text":"\n  SELECT \n    s.id,\n    s.logo,\n    s.background_color,\n    s.foreground_color,\n    s.name,\n    s.telephone_number,\n    s.emergency_contact_number,\n    s.email,\n    s.fax,\n    s.website,\n    s.address,\n    s.sort_code,\n    s.account_number,\n    s.account_title,\n    s.bank,\n    s.company_number,\n    s.vat_number,\n    s.iban,\n    s.balance,\n    s.currency,\n    s.web_access_token,\n    s.mobile_access_token,\n    s.maximum_drivers,\n    s.active_drivers,\n    s.address_latitude,\n    s.address_longitude,\n    s.created_at,\n    s.updated_at\n  FROM subsidiaries s\n  WHERE s.company_id = $1\n  ORDER BY s.id ASC\n  LIMIT $2 OFFSET $3;\n","timestamp":"2026-07-07T14:05:31.625Z"}
{"level":"info","message":"GET /api/subsidiaries/get?company_id=1 200 60.085 ms","timestamp":"2026-07-07T14:05:31.627Z"}
{"duration":172,"level":"info","message":"db-query","rows":1,"text":"\n    SELECT COUNT(*) AS total\n    FROM company_vehicles cv\n    LEFT JOIN vehicle_types vt ON cv.vehicle_type_id = vt.id\n    WHERE cv.company_id = $1;\n  ","timestamp":"2026-07-07T14:05:31.737Z"}
{"duration":3,"level":"info","message":"db-query","rows":8,"text":"\n    SELECT cv.*, vt.id AS vehicle_type_id, vt.name AS vehicle_type_name\n    FROM company_vehicles cv\n    LEFT JOIN vehicle_types vt ON cv.vehicle_type_id = vt.id\n    WHERE cv.company_id = $1\n    ORDER BY cv.id DESC\n    OFFSET $2 LIMIT $3;\n  ","timestamp":"2026-07-07T14:05:31.740Z"}
{"level":"info","message":"GET /api/company-vehicles/get?company_id=1 200 177.650 ms","timestamp":"2026-07-07T14:05:31.742Z"}
{"level":"info","message":"GET /api/driver-combine/get?company_id=1 200 199.067 ms","timestamp":"2026-07-07T14:05:31.745Z"}
{"duration":3,"level":"info","message":"db-query","rows":26,"text":"SELECT * FROM location_types","timestamp":"2026-07-07T14:05:31.791Z"}
{"level":"info","message":"GET /api/location-types 200 3.564 ms","timestamp":"2026-07-07T14:05:31.792Z"}
{"duration":4,"level":"info","message":"db-query","rows":26,"text":"SELECT * FROM location_types","timestamp":"2026-07-07T14:05:31.793Z"}
{"level":"info","message":"GET /api/location-types 200 4.039 ms","timestamp":"2026-07-07T14:05:31.794Z"}
{"level":"info","message":"GET /api/vehicle-type/get?company_id=undefined 500 6.779 ms","timestamp":"2026-07-07T14:05:37.504Z"}
{"level":"info","message":"GET /api/company-vehicles/get?company_id=undefined 500 9.407 ms","timestamp":"2026-07-07T14:05:37.508Z"}
{"level":"info","message":"GET /api/subsidiaries/get?company_id=undefined 500 12.845 ms","timestamp":"2026-07-07T14:05:37.513Z"}
{"level":"info","message":"GET /api/driver-combine/get 500 26.738 ms","timestamp":"2026-07-07T14:05:37.516Z"}
{"duration":70,"level":"info","message":"db-query","rows":1,"text":"\n    SELECT COUNT(*) AS total\n    FROM vehicle_types vt\n    WHERE vt.company_id = $1;\n  ","timestamp":"2026-07-07T14:05:43.808Z"}
{"duration":2,"level":"info","message":"db-query","rows":1,"text":"\n    SELECT \n      vt.id,\n      vt.name,\n      vt.passengers,\n      vt.luggages,\n      vt.hand_luggages,\n      vt.minimum_fares,\n      vt.minimum_miles,\n      vt.waiting_time,\n      vt.waiting_time_duration,\n      vt.default_vehicle,\n      vt.vehicle_type_minimum_fares,\n      vt.image,\n      vt.created_at,\n      vt.updated_at,\n      vt.background_color,\n      vt.foreground_color,\n      vt.driver_waiting_charges,\n      vt.account_waiting_charges\n    FROM vehicle_types vt\n    WHERE vt.company_id = $1\n    ORDER BY vt.id ASC\n    OFFSET $2 LIMIT $3;\n  ","timestamp":"2026-07-07T14:05:43.811Z"}
{"level":"info","message":"GET /api/vehicle-type/get?company_id=2 200 73.487 ms","timestamp":"2026-07-07T14:05:43.812Z"}
{"duration":86,"level":"info","message":"db-query","rows":1,"text":"\n    SELECT COUNT(*) AS total\n    FROM company_vehicles cv\n    LEFT JOIN vehicle_types vt ON cv.vehicle_type_id = vt.id\n    WHERE cv.company_id = $1;\n  ","timestamp":"2026-07-07T14:05:43.825Z"}
{"duration":1,"level":"info","message":"db-query","rows":1,"text":"\n    SELECT cv.*, vt.id AS vehicle_type_id, vt.name AS vehicle_type_name\n    FROM company_vehicles cv\n    LEFT JOIN vehicle_types vt ON cv.vehicle_type_id = vt.id\n    WHERE cv.company_id = $1\n    ORDER BY cv.id DESC\n    OFFSET $2 LIMIT $3;\n  ","timestamp":"2026-07-07T14:05:43.827Z"}
{"level":"info","message":"GET /api/company-vehicles/get?company_id=2 200 89.087 ms","timestamp":"2026-07-07T14:05:43.828Z"}
{"duration":93,"level":"info","message":"db-query","rows":1,"text":"SELECT COUNT(*) AS total FROM subsidiaries s WHERE s.company_id = $1","timestamp":"2026-07-07T14:05:43.833Z"}
{"duration":1,"level":"info","message":"db-query","rows":0,"text":"\n  SELECT \n    s.id,\n    s.logo,\n    s.background_color,\n    s.foreground_color,\n    s.name,\n    s.telephone_number,\n    s.emergency_contact_number,\n    s.email,\n    s.fax,\n    s.website,\n    s.address,\n    s.sort_code,\n    s.account_number,\n    s.account_title,\n    s.bank,\n    s.company_number,\n    s.vat_number,\n    s.iban,\n    s.balance,\n    s.currency,\n    s.web_access_token,\n    s.mobile_access_token,\n    s.maximum_drivers,\n    s.active_drivers,\n    s.address_latitude,\n    s.address_longitude,\n    s.created_at,\n    s.updated_at\n  FROM subsidiaries s\n  WHERE s.company_id = $1\n  ORDER BY s.id ASC\n  LIMIT $2 OFFSET $3;\n","timestamp":"2026-07-07T14:05:43.834Z"}
{"level":"info","message":"GET /api/subsidiaries/get?company_id=2 200 95.141 ms","timestamp":"2026-07-07T14:05:43.835Z"}
{"level":"info","message":"GET /api/driver-combine/get?company_id=2 200 105.727 ms","timestamp":"2026-07-07T14:05:43.838Z"}
{"duration":1,"level":"info","message":"db-query","rows":1,"text":"\n    SELECT COUNT(*) AS total\n    FROM company_vehicles cv\n    LEFT JOIN vehicle_types vt ON cv.vehicle_type_id = vt.id\n    WHERE cv.company_id = $1;\n  ","timestamp":"2026-07-07T14:05:49.807Z"}
{"duration":3,"level":"info","message":"db-query","rows":1,"text":"\n    SELECT COUNT(*) AS total\n    FROM vehicle_types vt\n    WHERE vt.company_id = $1;\n  ","timestamp":"2026-07-07T14:05:49.808Z"}
{"duration":3,"level":"info","message":"db-query","rows":0,"text":"\n    SELECT cv.*, vt.id AS vehicle_type_id, vt.name AS vehicle_type_name\n    FROM company_vehicles cv\n    LEFT JOIN vehicle_types vt ON cv.vehicle_type_id = vt.id\n    WHERE cv.company_id = $1\n    ORDER BY cv.id DESC\n    OFFSET $2 LIMIT $3;\n  ","timestamp":"2026-07-07T14:05:49.810Z"}
{"level":"info","message":"GET /api/company-vehicles/get?company_id=3 200 6.893 ms","timestamp":"2026-07-07T14:05:49.815Z"}
{"duration":10,"level":"info","message":"db-query","rows":1,"text":"SELECT COUNT(*) AS total FROM subsidiaries s WHERE s.company_id = $1","timestamp":"2026-07-07T14:05:49.816Z"}
{"duration":2,"level":"info","message":"db-query","rows":0,"text":"\n  SELECT \n    s.id,\n    s.logo,\n    s.background_color,\n    s.foreground_color,\n    s.name,\n    s.telephone_number,\n    s.emergency_contact_number,\n    s.email,\n    s.fax,\n    s.website,\n    s.address,\n    s.sort_code,\n    s.account_number,\n    s.account_title,\n    s.bank,\n    s.company_number,\n    s.vat_number,\n    s.iban,\n    s.balance,\n    s.currency,\n    s.web_access_token,\n    s.mobile_access_token,\n    s.maximum_drivers,\n    s.active_drivers,\n    s.address_latitude,\n    s.address_longitude,\n    s.created_at,\n    s.updated_at\n  FROM subsidiaries s\n  WHERE s.company_id = $1\n  ORDER BY s.id ASC\n  LIMIT $2 OFFSET $3;\n","timestamp":"2026-07-07T14:05:49.819Z"}
{"level":"info","message":"GET /api/subsidiaries/get?company_id=3 200 13.988 ms","timestamp":"2026-07-07T14:05:49.820Z"}
{"duration":13,"level":"info","message":"db-query","rows":0,"text":"\n    SELECT \n      vt.id,\n      vt.name,\n      vt.passengers,\n      vt.luggages,\n      vt.hand_luggages,\n      vt.minimum_fares,\n      vt.minimum_miles,\n      vt.waiting_time,\n      vt.waiting_time_duration,\n      vt.default_vehicle,\n      vt.vehicle_type_minimum_fares,\n      vt.image,\n      vt.created_at,\n      vt.updated_at,\n      vt.background_color,\n      vt.foreground_color,\n      vt.driver_waiting_charges,\n      vt.account_waiting_charges\n    FROM vehicle_types vt\n    WHERE vt.company_id = $1\n    ORDER BY vt.id ASC\n    OFFSET $2 LIMIT $3;\n  ","timestamp":"2026-07-07T14:05:49.822Z"}
{"level":"info","message":"GET /api/vehicle-type/get?company_id=3 200 18.648 ms","timestamp":"2026-07-07T14:05:49.824Z"}
{"level":"info","message":"GET /api/driver-combine/get?company_id=3 200 31.904 ms","timestamp":"2026-07-07T14:05:49.830Z"}
{"duration":5,"level":"info","message":"db-query","rows":26,"text":"SELECT * FROM location_types","timestamp":"2026-07-07T14:13:51.598Z"}
{"level":"info","message":"GET /api/location-types 200 13.660 ms","timestamp":"2026-07-07T14:13:51.607Z"}
{"duration":56,"level":"info","message":"db-query","rows":26,"text":"SELECT * FROM location_types","timestamp":"2026-07-07T14:13:51.651Z"}
{"level":"info","message":"GET /api/location-types 200 57.399 ms","timestamp":"2026-07-07T14:13:51.652Z"}
{"duration":7,"level":"info","message":"db-query","rows":26,"text":"SELECT * FROM location_types","timestamp":"2026-07-07T14:14:12.563Z"}
{"level":"info","message":"GET /api/location-types 200 15.023 ms","timestamp":"2026-07-07T14:14:12.569Z"}
{"duration":49,"level":"info","message":"db-query","rows":26,"text":"SELECT * FROM location_types","timestamp":"2026-07-07T14:14:12.608Z"}
{"level":"info","message":"GET /api/location-types 200 50.896 ms","timestamp":"2026-07-07T14:14:12.610Z"}
{"duration":59,"level":"info","message":"db-query","rows":26,"text":"SELECT * FROM location_types","timestamp":"2026-07-07T14:17:18.512Z"}
{"level":"info","message":"GET /api/location-types 200 60.063 ms","timestamp":"2026-07-07T14:17:18.513Z"}
{"level":"info","message":"GET /api/zones/get?company_id=undefined 500 70.082 ms","timestamp":"2026-07-07T14:17:18.526Z"}
{"level":"info","message":"GET /api/locationtype/zone 500 83.295 ms","timestamp":"2026-07-07T14:17:18.530Z"}
{"duration":54,"level":"info","message":"db-query","rows":26,"text":"SELECT * FROM location_types","timestamp":"2026-07-07T14:17:33.208Z"}
{"level":"info","message":"GET /api/location-types 200 55.688 ms","timestamp":"2026-07-07T14:17:33.210Z"}
{"duration":69,"level":"info","message":"db-query","rows":1,"text":"\n    SELECT COUNT(*) AS total\n    FROM zones z\n    WHERE z.company_id = $1;\n  ","timestamp":"2026-07-07T14:17:33.224Z"}
{"duration":7,"level":"info","message":"db-query","rows":15,"text":"\n    SELECT \n      z.id,\n      z.name,\n      z.secondary_name,\n      z.type,\n      z.category,\n      z.vertices,\n      z.base,\n      z.overlay,\n      z.created_at,\n      z.updated_at\n    FROM zones z\n    WHERE z.company_id = $1\n    ORDER BY z.id ASC\n    LIMIT $2 OFFSET $3;\n  ","timestamp":"2026-07-07T14:17:33.231Z"}
{"level":"info","message":"GET /api/zones/get?company_id=1 200 77.839 ms","timestamp":"2026-07-07T14:17:33.233Z"}
{"level":"info","message":"GET /api/locationtype/zone?company_id=1 200 85.754 ms","timestamp":"2026-07-07T14:17:33.234Z"}
{"duration":2,"level":"info","message":"db-query","rows":26,"text":"SELECT * FROM location_types","timestamp":"2026-07-07T14:17:38.184Z"}
{"level":"info","message":"GET /api/location-types 200 2.665 ms","timestamp":"2026-07-07T14:17:38.186Z"}
{"duration":4,"level":"info","message":"db-query","rows":1,"text":"\n    SELECT COUNT(*) AS total\n    FROM zones z\n    WHERE z.company_id = $1;\n  ","timestamp":"2026-07-07T14:17:38.187Z"}
{"duration":1,"level":"info","message":"db-query","rows":0,"text":"\n    SELECT \n      z.id,\n      z.name,\n      z.secondary_name,\n      z.type,\n      z.category,\n      z.vertices,\n      z.base,\n      z.overlay,\n      z.created_at,\n      z.updated_at\n    FROM zones z\n    WHERE z.company_id = $1\n    ORDER BY z.id ASC\n    LIMIT $2 OFFSET $3;\n  ","timestamp":"2026-07-07T14:17:38.190Z"}
{"level":"info","message":"GET /api/zones/get?company_id=2 200 8.127 ms","timestamp":"2026-07-07T14:17:38.191Z"}
{"level":"info","message":"GET /api/locationtype/zone?company_id=2 200 12.777 ms","timestamp":"2026-07-07T14:17:38.193Z"}
{"duration":2,"level":"info","message":"db-query","rows":26,"text":"SELECT * FROM location_types","timestamp":"2026-07-07T14:17:41.524Z"}
{"level":"info","message":"GET /api/location-types 200 1.968 ms","timestamp":"2026-07-07T14:17:41.525Z"}
{"duration":3,"level":"info","message":"db-query","rows":1,"text":"\n    SELECT COUNT(*) AS total\n    FROM zones z\n    WHERE z.company_id = $1;\n  ","timestamp":"2026-07-07T14:17:41.526Z"}
{"duration":1,"level":"info","message":"db-query","rows":0,"text":"\n    SELECT \n      z.id,\n      z.name,\n      z.secondary_name,\n      z.type,\n      z.category,\n      z.vertices,\n      z.base,\n      z.overlay,\n      z.created_at,\n      z.updated_at\n    FROM zones z\n    WHERE z.company_id = $1\n    ORDER BY z.id ASC\n    LIMIT $2 OFFSET $3;\n  ","timestamp":"2026-07-07T14:17:41.528Z"}
{"level":"info","message":"GET /api/zones/get?company_id=3 200 6.360 ms","timestamp":"2026-07-07T14:17:41.530Z"}
{"level":"info","message":"GET /api/locationtype/zone?company_id=3 200 12.951 ms","timestamp":"2026-07-07T14:17:41.533Z"}
{"duration":644,"level":"info","message":"db-query","rows":26,"text":"SELECT * FROM location_types","timestamp":"2026-07-07T16:48:07.015Z"}
{"level":"info","message":"GET /api/location-types 200 660.106 ms","timestamp":"2026-07-07T16:48:07.032Z"}
{"duration":675,"level":"info","message":"db-query","rows":26,"text":"SELECT * FROM location_types","timestamp":"2026-07-07T16:48:07.035Z"}
{"level":"info","message":"GET /api/location-types 200 677.574 ms","timestamp":"2026-07-07T16:48:07.038Z"}
{"duration":12,"level":"info","message":"db-query","rows":26,"text":"SELECT * FROM location_types","timestamp":"2026-07-07T17:05:17.551Z"}
{"level":"info","message":"GET /api/location-types 200 24.311 ms","timestamp":"2026-07-07T17:05:17.562Z"}
{"duration":63,"level":"info","message":"db-query","rows":26,"text":"SELECT * FROM location_types","timestamp":"2026-07-07T17:05:17.606Z"}
{"level":"info","message":"GET /api/location-types 200 64.725 ms","timestamp":"2026-07-07T17:05:17.608Z"}
{"duration":5,"level":"info","message":"db-query","rows":26,"text":"SELECT * FROM location_types","timestamp":"2026-07-07T17:05:20.697Z"}
{"level":"info","message":"GET /api/location-types 200 11.721 ms","timestamp":"2026-07-07T17:05:20.704Z"}
{"duration":151,"level":"info","message":"db-query","rows":26,"text":"SELECT * FROM location_types","timestamp":"2026-07-07T17:05:20.844Z"}
{"level":"info","message":"GET /api/location-types 200 152.308 ms","timestamp":"2026-07-07T17:05:20.846Z"}
{"duration":12,"level":"info","message":"db-query","rows":26,"text":"SELECT * FROM location_types","timestamp":"2026-07-07T17:06:10.266Z"}
{"level":"info","message":"GET /api/location-types 200 22.120 ms","timestamp":"2026-07-07T17:06:10.276Z"}
{"duration":61,"level":"info","message":"db-query","rows":26,"text":"SELECT * FROM location_types","timestamp":"2026-07-07T17:06:10.320Z"}
{"level":"info","message":"GET /api/location-types 200 63.136 ms","timestamp":"2026-07-07T17:06:10.322Z"}
{"duration":6,"level":"info","message":"db-query","rows":26,"text":"SELECT * FROM location_types","timestamp":"2026-07-07T17:06:29.156Z"}
{"level":"info","message":"GET /api/location-types 200 12.213 ms","timestamp":"2026-07-07T17:06:29.163Z"}
{"duration":47,"level":"info","message":"db-query","rows":26,"text":"SELECT * FROM location_types","timestamp":"2026-07-07T17:06:29.200Z"}
{"level":"info","message":"GET /api/location-types 200 48.812 ms","timestamp":"2026-07-07T17:06:29.202Z"}
{"duration":11,"level":"info","message":"db-query","rows":26,"text":"SELECT * FROM location_types","timestamp":"2026-07-07T17:06:33.113Z"}
{"level":"info","message":"GET /api/location-types 200 26.729 ms","timestamp":"2026-07-07T17:06:33.127Z"}
{"duration":58,"level":"info","message":"db-query","rows":26,"text":"SELECT * FROM location_types","timestamp":"2026-07-07T17:06:33.165Z"}
{"level":"info","message":"GET /api/location-types 200 60.501 ms","timestamp":"2026-07-07T17:06:33.167Z"}
{"duration":13,"level":"info","message":"db-query","rows":26,"text":"SELECT * FROM location_types","timestamp":"2026-07-07T17:06:37.326Z"}
{"level":"info","message":"GET /api/location-types 200 23.278 ms","timestamp":"2026-07-07T17:06:37.335Z"}
{"duration":69,"level":"info","message":"db-query","rows":26,"text":"SELECT * FROM location_types","timestamp":"2026-07-07T17:06:37.388Z"}
{"level":"info","message":"GET /api/location-types 200 70.068 ms","timestamp":"2026-07-07T17:06:37.389Z"}
{"duration":10,"level":"info","message":"db-query","rows":26,"text":"SELECT * FROM location_types","timestamp":"2026-07-07T17:06:41.442Z"}
{"level":"info","message":"GET /api/location-types 200 21.128 ms","timestamp":"2026-07-07T17:06:41.453Z"}
{"duration":67,"level":"info","message":"db-query","rows":26,"text":"SELECT * FROM location_types","timestamp":"2026-07-07T17:06:41.504Z"}
{"level":"info","message":"GET /api/location-types 200 68.710 ms","timestamp":"2026-07-07T17:06:41.506Z"}
{"duration":6,"level":"info","message":"db-query","rows":26,"text":"SELECT * FROM location_types","timestamp":"2026-07-07T17:06:45.491Z"}
{"level":"info","message":"GET /api/location-types 200 11.176 ms","timestamp":"2026-07-07T17:06:45.498Z"}
{"duration":46,"level":"info","message":"db-query","rows":26,"text":"SELECT * FROM location_types","timestamp":"2026-07-07T17:06:45.534Z"}
{"level":"info","message":"GET /api/location-types 200 47.525 ms","timestamp":"2026-07-07T17:06:45.535Z"}
{"duration":5,"level":"info","message":"db-query","rows":26,"text":"SELECT * FROM location_types","timestamp":"2026-07-07T17:06:57.369Z"}
{"level":"info","message":"GET /api/location-types 200 10.791 ms","timestamp":"2026-07-07T17:06:57.375Z"}
{"duration":53,"level":"info","message":"db-query","rows":26,"text":"SELECT * FROM location_types","timestamp":"2026-07-07T17:06:57.418Z"}
{"level":"info","message":"GET /api/location-types 200 53.984 ms","timestamp":"2026-07-07T17:06:57.419Z"}
{"duration":12,"level":"info","message":"db-query","rows":26,"text":"SELECT * FROM location_types","timestamp":"2026-07-07T17:07:05.230Z"}
{"level":"info","message":"GET /api/location-types 200 25.190 ms","timestamp":"2026-07-07T17:07:05.242Z"}
{"duration":61,"level":"info","message":"db-query","rows":26,"text":"SELECT * FROM location_types","timestamp":"2026-07-07T17:07:05.283Z"}
{"level":"info","message":"GET /api/location-types 200 62.846 ms","timestamp":"2026-07-07T17:07:05.285Z"}
{"duration":13,"level":"info","message":"db-query","rows":26,"text":"SELECT * FROM location_types","timestamp":"2026-07-07T17:07:09.162Z"}
{"level":"info","message":"GET /api/location-types 200 28.387 ms","timestamp":"2026-07-07T17:07:09.174Z"}
{"duration":78,"level":"info","message":"db-query","rows":26,"text":"SELECT * FROM location_types","timestamp":"2026-07-07T17:07:09.234Z"}
{"level":"info","message":"GET /api/location-types 200 78.776 ms","timestamp":"2026-07-07T17:07:09.235Z"}
{"duration":13,"level":"info","message":"db-query","rows":26,"text":"SELECT * FROM location_types","timestamp":"2026-07-07T17:07:11.722Z"}
{"level":"info","message":"GET /api/location-types 200 29.209 ms","timestamp":"2026-07-07T17:07:11.738Z"}
{"duration":166,"level":"info","message":"db-query","rows":26,"text":"SELECT * FROM location_types","timestamp":"2026-07-07T17:07:11.880Z"}
{"level":"info","message":"GET /api/location-types 200 168.128 ms","timestamp":"2026-07-07T17:07:11.881Z"}
{"duration":11,"level":"info","message":"db-query","rows":26,"text":"SELECT * FROM location_types","timestamp":"2026-07-07T17:08:34.671Z"}
{"level":"info","message":"GET /api/location-types 200 18.627 ms","timestamp":"2026-07-07T17:08:34.678Z"}
{"duration":56,"level":"info","message":"db-query","rows":26,"text":"SELECT * FROM location_types","timestamp":"2026-07-07T17:08:34.720Z"}
{"level":"info","message":"GET /api/location-types 200 58.215 ms","timestamp":"2026-07-07T17:08:34.722Z"}
{"duration":5,"level":"info","message":"db-query","rows":26,"text":"SELECT * FROM location_types","timestamp":"2026-07-07T17:08:40.700Z"}
{"level":"info","message":"GET /api/location-types 200 10.729 ms","timestamp":"2026-07-07T17:08:40.706Z"}
{"duration":47,"level":"info","message":"db-query","rows":26,"text":"SELECT * FROM location_types","timestamp":"2026-07-07T17:08:40.743Z"}
{"level":"info","message":"GET /api/location-types 200 48.190 ms","timestamp":"2026-07-07T17:08:40.744Z"}
{"duration":5,"level":"info","message":"db-query","rows":26,"text":"SELECT * FROM location_types","timestamp":"2026-07-07T17:09:47.935Z"}
{"level":"info","message":"GET /api/location-types 200 11.025 ms","timestamp":"2026-07-07T17:09:47.941Z"}
{"duration":49,"level":"info","message":"db-query","rows":26,"text":"SELECT * FROM location_types","timestamp":"2026-07-07T17:09:47.980Z"}
{"level":"info","message":"GET /api/location-types 200 49.849 ms","timestamp":"2026-07-07T17:09:47.981Z"}
{"duration":7,"level":"info","message":"db-query","rows":26,"text":"SELECT * FROM location_types","timestamp":"2026-07-07T17:09:53.217Z"}
{"level":"info","message":"GET /api/location-types 200 17.624 ms","timestamp":"2026-07-07T17:09:53.226Z"}
{"duration":64,"level":"info","message":"db-query","rows":26,"text":"SELECT * FROM location_types","timestamp":"2026-07-07T17:09:53.277Z"}
{"level":"info","message":"GET /api/location-types 200 64.659 ms","timestamp":"2026-07-07T17:09:53.278Z"}
{"duration":6,"level":"info","message":"db-query","rows":26,"text":"SELECT * FROM location_types","timestamp":"2026-07-07T17:10:01.801Z"}
{"level":"info","message":"GET /api/location-types 200 13.065 ms","timestamp":"2026-07-07T17:10:01.809Z"}
{"duration":150,"level":"info","message":"db-query","rows":26,"text":"SELECT * FROM location_types","timestamp":"2026-07-07T17:10:01.947Z"}
{"level":"info","message":"GET /api/location-types 200 151.964 ms","timestamp":"2026-07-07T17:10:01.949Z"}
{"duration":16,"level":"info","message":"db-query","rows":26,"text":"SELECT * FROM location_types","timestamp":"2026-07-07T17:10:05.335Z"}
{"level":"info","message":"GET /api/location-types 200 24.804 ms","timestamp":"2026-07-07T17:10:05.343Z"}
{"duration":60,"level":"info","message":"db-query","rows":26,"text":"SELECT * FROM location_types","timestamp":"2026-07-07T17:10:05.385Z"}
{"level":"info","message":"GET /api/location-types 200 61.944 ms","timestamp":"2026-07-07T17:10:05.386Z"}
{"duration":10,"level":"info","message":"db-query","rows":26,"text":"SELECT * FROM location_types","timestamp":"2026-07-07T17:10:11.353Z"}
{"level":"info","message":"GET /api/location-types 200 24.831 ms","timestamp":"2026-07-07T17:10:11.366Z"}
{"duration":62,"level":"info","message":"db-query","rows":26,"text":"SELECT * FROM location_types","timestamp":"2026-07-07T17:10:11.407Z"}
{"level":"info","message":"GET /api/location-types 200 63.613 ms","timestamp":"2026-07-07T17:10:11.409Z"}
{"duration":5,"level":"info","message":"db-query","rows":26,"text":"SELECT * FROM location_types","timestamp":"2026-07-07T17:10:14.467Z"}
{"level":"info","message":"GET /api/location-types 200 10.588 ms","timestamp":"2026-07-07T17:10:14.473Z"}
{"duration":46,"level":"info","message":"db-query","rows":26,"text":"SELECT * FROM location_types","timestamp":"2026-07-07T17:10:14.510Z"}
{"level":"info","message":"GET /api/location-types 200 47.550 ms","timestamp":"2026-07-07T17:10:14.511Z"}
{"duration":11,"level":"info","message":"db-query","rows":26,"text":"SELECT * FROM location_types","timestamp":"2026-07-07T17:11:19.852Z"}
{"level":"info","message":"GET /api/location-types 200 17.676 ms","timestamp":"2026-07-07T17:11:19.859Z"}
{"duration":75,"level":"info","message":"db-query","rows":26,"text":"SELECT * FROM location_types","timestamp":"2026-07-07T17:11:19.921Z"}
{"level":"info","message":"GET /api/location-types 200 79.536 ms","timestamp":"2026-07-07T17:11:19.925Z"}
{"duration":5,"level":"info","message":"db-query","rows":26,"text":"SELECT * FROM location_types","timestamp":"2026-07-07T17:11:25.741Z"}
{"level":"info","message":"GET /api/location-types 200 10.692 ms","timestamp":"2026-07-07T17:11:25.747Z"}
{"duration":169,"level":"info","message":"db-query","rows":26,"text":"SELECT * FROM location_types","timestamp":"2026-07-07T17:11:25.907Z"}
{"level":"info","message":"GET /api/location-types 200 170.531 ms","timestamp":"2026-07-07T17:11:25.908Z"}
{"duration":14,"level":"info","message":"db-query","rows":26,"text":"SELECT * FROM location_types","timestamp":"2026-07-07T17:11:31.787Z"}
{"level":"info","message":"GET /api/location-types 200 26.695 ms","timestamp":"2026-07-07T17:11:31.798Z"}
{"duration":74,"level":"info","message":"db-query","rows":26,"text":"SELECT * FROM location_types","timestamp":"2026-07-07T17:11:31.853Z"}
{"level":"info","message":"GET /api/location-types 200 76.925 ms","timestamp":"2026-07-07T17:11:31.855Z"}
{"duration":12,"level":"info","message":"db-query","rows":26,"text":"SELECT * FROM location_types","timestamp":"2026-07-07T17:12:38.862Z"}
{"level":"info","message":"GET /api/location-types 200 22.308 ms","timestamp":"2026-07-07T17:12:38.872Z"}
{"duration":57,"level":"info","message":"db-query","rows":26,"text":"SELECT * FROM location_types","timestamp":"2026-07-07T17:12:38.913Z"}
{"level":"info","message":"GET /api/location-types 200 58.668 ms","timestamp":"2026-07-07T17:12:38.915Z"}
{"duration":5,"level":"info","message":"db-query","rows":26,"text":"SELECT * FROM location_types","timestamp":"2026-07-07T17:12:41.643Z"}
{"level":"info","message":"GET /api/location-types 200 11.563 ms","timestamp":"2026-07-07T17:12:41.650Z"}
{"duration":175,"level":"info","message":"db-query","rows":26,"text":"SELECT * FROM location_types","timestamp":"2026-07-07T17:12:41.814Z"}
{"level":"info","message":"GET /api/location-types 200 176.890 ms","timestamp":"2026-07-07T17:12:41.817Z"}
{"duration":13,"level":"info","message":"db-query","rows":26,"text":"SELECT * FROM location_types","timestamp":"2026-07-07T17:12:51.151Z"}
{"level":"info","message":"GET /api/location-types 200 26.628 ms","timestamp":"2026-07-07T17:12:51.164Z"}
{"duration":179,"level":"info","message":"db-query","rows":26,"text":"SELECT * FROM location_types","timestamp":"2026-07-07T17:12:51.321Z"}
{"level":"info","message":"GET /api/location-types 200 181.274 ms","timestamp":"2026-07-07T17:12:51.323Z"}
{"duration":9,"level":"info","message":"db-query","rows":26,"text":"SELECT * FROM location_types","timestamp":"2026-07-07T17:13:14.648Z"}
{"level":"info","message":"GET /api/location-types 200 15.564 ms","timestamp":"2026-07-07T17:13:14.654Z"}
{"duration":51,"level":"info","message":"db-query","rows":26,"text":"SELECT * FROM location_types","timestamp":"2026-07-07T17:13:14.693Z"}
{"level":"info","message":"GET /api/location-types 200 52.604 ms","timestamp":"2026-07-07T17:13:14.695Z"}
{"duration":9,"level":"info","message":"db-query","rows":26,"text":"SELECT * FROM location_types","timestamp":"2026-07-07T17:13:49.001Z"}
{"level":"info","message":"GET /api/location-types 200 18.709 ms","timestamp":"2026-07-07T17:13:49.009Z"}
{"duration":63,"level":"info","message":"db-query","rows":26,"text":"SELECT * FROM location_types","timestamp":"2026-07-07T17:13:49.060Z"}
{"level":"info","message":"GET /api/location-types 200 64.156 ms","timestamp":"2026-07-07T17:13:49.061Z"}
{"duration":10,"level":"info","message":"db-query","rows":26,"text":"SELECT * FROM location_types","timestamp":"2026-07-07T17:13:55.334Z"}
{"level":"info","message":"GET /api/location-types 200 22.408 ms","timestamp":"2026-07-07T17:13:55.346Z"}
{"duration":82,"level":"info","message":"db-query","rows":26,"text":"SELECT * FROM location_types","timestamp":"2026-07-07T17:13:55.410Z"}
{"level":"info","message":"GET /api/location-types 200 83.776 ms","timestamp":"2026-07-07T17:13:55.412Z"}
{"duration":5,"level":"info","message":"db-query","rows":26,"text":"SELECT * FROM location_types","timestamp":"2026-07-07T17:15:23.925Z"}
{"level":"info","message":"GET /api/location-types 200 13.749 ms","timestamp":"2026-07-07T17:15:23.940Z"}
{"duration":199,"level":"info","message":"db-query","rows":26,"text":"SELECT * FROM location_types","timestamp":"2026-07-07T17:15:24.120Z"}
{"level":"info","message":"GET /api/location-types 200 200.503 ms","timestamp":"2026-07-07T17:15:24.122Z"}
{"duration":6,"level":"info","message":"db-query","rows":26,"text":"SELECT * FROM location_types","timestamp":"2026-07-07T17:15:36.456Z"}
{"level":"info","message":"GET /api/location-types 200 12.675 ms","timestamp":"2026-07-07T17:15:36.463Z"}
{"duration":52,"level":"info","message":"db-query","rows":26,"text":"SELECT * FROM location_types","timestamp":"2026-07-07T17:15:36.504Z"}
{"level":"info","message":"GET /api/location-types 200 53.598 ms","timestamp":"2026-07-07T17:15:36.506Z"}
{"duration":8,"level":"info","message":"db-query","rows":26,"text":"SELECT * FROM location_types","timestamp":"2026-07-07T17:16:00.914Z"}
{"level":"info","message":"GET /api/location-types 200 20.853 ms","timestamp":"2026-07-07T17:16:00.927Z"}
{"duration":56,"level":"info","message":"db-query","rows":26,"text":"SELECT * FROM location_types","timestamp":"2026-07-07T17:16:00.966Z"}
{"level":"info","message":"GET /api/location-types 200 58.183 ms","timestamp":"2026-07-07T17:16:00.968Z"}
{"duration":5,"level":"info","message":"db-query","rows":26,"text":"SELECT * FROM location_types","timestamp":"2026-07-07T17:16:10.043Z"}
{"level":"info","message":"GET /api/location-types 200 14.197 ms","timestamp":"2026-07-07T17:16:10.052Z"}
{"duration":50,"level":"info","message":"db-query","rows":26,"text":"SELECT * FROM location_types","timestamp":"2026-07-07T17:16:10.090Z"}
{"level":"info","message":"GET /api/location-types 200 52.042 ms","timestamp":"2026-07-07T17:16:10.092Z"}
{"duration":6,"level":"info","message":"db-query","rows":26,"text":"SELECT * FROM location_types","timestamp":"2026-07-07T17:17:16.392Z"}
{"level":"info","message":"GET /api/location-types 200 13.676 ms","timestamp":"2026-07-07T17:17:16.400Z"}
{"duration":163,"level":"info","message":"db-query","rows":26,"text":"SELECT * FROM location_types","timestamp":"2026-07-07T17:17:16.551Z"}
{"level":"info","message":"GET /api/location-types 200 163.968 ms","timestamp":"2026-07-07T17:17:16.552Z"}
{"duration":12,"level":"info","message":"db-query","rows":26,"text":"SELECT * FROM location_types","timestamp":"2026-07-07T17:17:44.934Z"}
{"level":"info","message":"GET /api/location-types 200 23.941 ms","timestamp":"2026-07-07T17:17:44.946Z"}
{"duration":184,"level":"info","message":"db-query","rows":26,"text":"SELECT * FROM location_types","timestamp":"2026-07-07T17:17:45.111Z"}
{"level":"info","message":"GET /api/location-types 200 186.187 ms","timestamp":"2026-07-07T17:17:45.113Z"}
{"duration":6,"level":"info","message":"db-query","rows":26,"text":"SELECT * FROM location_types","timestamp":"2026-07-07T17:17:54.389Z"}
{"level":"info","message":"GET /api/location-types 200 13.522 ms","timestamp":"2026-07-07T17:17:54.398Z"}
{"duration":66,"level":"info","message":"db-query","rows":26,"text":"SELECT * FROM location_types","timestamp":"2026-07-07T17:17:54.452Z"}
{"level":"info","message":"GET /api/location-types 200 67.128 ms","timestamp":"2026-07-07T17:17:54.454Z"}
{"duration":62,"level":"info","message":"db-query","rows":0,"text":"SELECT * FROM fixed_fares WHERE vehicle_type_id=$1 AND company_id = $2","timestamp":"2026-07-07T17:20:13.485Z"}
{"duration":3,"level":"info","message":"db-query","rows":0,"text":"SELECT * FROM fare_configurations\n       WHERE vehicle_type_id=$1 AND company_id = $2\n       ORDER BY id ASC","timestamp":"2026-07-07T17:20:13.489Z"}
{"duration":2,"level":"info","message":"db-query","rows":0,"text":"SELECT * FROM locations WHERE location_type_id=2 AND company_id =$1","timestamp":"2026-07-07T17:20:13.492Z"}
{"duration":2,"level":"info","message":"db-query","rows":0,"text":"SELECT * FROM fare_by_vehicles WHERE vehicle_type_id=$1 AND company_id=$2","timestamp":"2026-07-07T17:20:13.495Z"}
{"level":"info","message":"POST /api/fares/calculate-fare 200 105.449 ms","timestamp":"2026-07-07T17:20:13.498Z"}
{"duration":53,"level":"info","message":"db-query","rows":0,"text":"SELECT * FROM fixed_fares WHERE vehicle_type_id=$1 AND company_id = $2","timestamp":"2026-07-07T17:20:37.867Z"}
{"duration":4,"level":"info","message":"db-query","rows":0,"text":"SELECT * FROM fare_configurations\n       WHERE vehicle_type_id=$1 AND company_id = $2\n       ORDER BY id ASC","timestamp":"2026-07-07T17:20:37.872Z"}
{"duration":2,"level":"info","message":"db-query","rows":0,"text":"SELECT * FROM locations WHERE location_type_id=2 AND company_id =$1","timestamp":"2026-07-07T17:20:37.874Z"}
{"duration":3,"level":"info","message":"db-query","rows":2,"text":"SELECT * FROM fare_by_vehicles WHERE vehicle_type_id=$1 AND company_id=$2","timestamp":"2026-07-07T17:20:37.878Z"}
{"level":"info","message":"POST /api/fares/calculate-fare 200 67.521 ms","timestamp":"2026-07-07T17:20:37.881Z"}
{"duration":2,"level":"info","message":"db-query","rows":2,"text":"SELECT * FROM fixed_fares WHERE vehicle_type_id=$1 AND company_id = $2","timestamp":"2026-07-07T17:20:43.166Z"}
{"duration":2,"level":"info","message":"db-query","rows":3,"text":"SELECT * FROM fare_configurations\n       WHERE vehicle_type_id=$1 AND company_id = $2\n       ORDER BY id ASC","timestamp":"2026-07-07T17:20:43.168Z"}
{"duration":1,"level":"info","message":"db-query","rows":22,"text":"SELECT * FROM locations WHERE location_type_id=2 AND company_id =$1","timestamp":"2026-07-07T17:20:43.170Z"}
{"duration":1,"level":"info","message":"db-query","rows":1,"text":"SELECT * FROM fare_by_vehicles WHERE vehicle_type_id=$1 AND company_id=$2","timestamp":"2026-07-07T17:20:43.172Z"}
{"level":"info","message":"POST /api/fares/calculate-fare 200 10.775 ms","timestamp":"2026-07-07T17:20:43.175Z"}
{"duration":1,"level":"info","message":"db-query","rows":0,"text":"SELECT * FROM fixed_fares WHERE vehicle_type_id=$1 AND company_id = $2","timestamp":"2026-07-07T17:20:47.336Z"}
{"duration":1,"level":"info","message":"db-query","rows":0,"text":"SELECT * FROM fare_configurations\n       WHERE vehicle_type_id=$1 AND company_id = $2\n       ORDER BY id ASC","timestamp":"2026-07-07T17:20:47.337Z"}
{"duration":1,"level":"info","message":"db-query","rows":0,"text":"SELECT * FROM locations WHERE location_type_id=2 AND company_id =$1","timestamp":"2026-07-07T17:20:47.338Z"}
{"duration":1,"level":"info","message":"db-query","rows":0,"text":"SELECT * FROM fare_by_vehicles WHERE vehicle_type_id=$1 AND company_id=$2","timestamp":"2026-07-07T17:20:47.339Z"}
{"level":"info","message":"POST /api/fares/calculate-fare 200 6.546 ms","timestamp":"2026-07-07T17:20:47.341Z"}
{"duration":1,"level":"info","message":"db-query","rows":0,"text":"SELECT * FROM fixed_fares WHERE vehicle_type_id=$1 AND company_id = $2","timestamp":"2026-07-07T17:20:52.768Z"}
{"duration":1,"level":"info","message":"db-query","rows":0,"text":"SELECT * FROM fare_configurations\n       WHERE vehicle_type_id=$1 AND company_id = $2\n       ORDER BY id ASC","timestamp":"2026-07-07T17:20:52.769Z"}
{"duration":0,"level":"info","message":"db-query","rows":0,"text":"SELECT * FROM locations WHERE location_type_id=2 AND company_id =$1","timestamp":"2026-07-07T17:20:52.770Z"}
{"duration":1,"level":"info","message":"db-query","rows":0,"text":"SELECT * FROM fare_by_vehicles WHERE vehicle_type_id=$1 AND company_id=$2","timestamp":"2026-07-07T17:20:52.772Z"}
{"level":"info","message":"POST /api/fares/calculate-fare 200 6.899 ms","timestamp":"2026-07-07T17:20:52.774Z"}
{"duration":5,"level":"info","message":"db-query","rows":26,"text":"SELECT * FROM location_types","timestamp":"2026-07-07T17:22:12.898Z"}
{"level":"info","message":"GET /api/location-types 200 11.211 ms","timestamp":"2026-07-07T17:22:12.904Z"}
{"duration":45,"level":"info","message":"db-query","rows":26,"text":"SELECT * FROM location_types","timestamp":"2026-07-07T17:22:12.941Z"}
{"level":"info","message":"GET /api/location-types 200 47.287 ms","timestamp":"2026-07-07T17:22:12.942Z"}
{"duration":7,"level":"info","message":"db-query","rows":26,"text":"SELECT * FROM location_types","timestamp":"2026-07-07T17:22:19.912Z"}
{"level":"info","message":"GET /api/location-types 200 14.457 ms","timestamp":"2026-07-07T17:22:19.920Z"}
{"duration":52,"level":"info","message":"db-query","rows":26,"text":"SELECT * FROM location_types","timestamp":"2026-07-07T17:22:19.959Z"}
{"level":"info","message":"GET /api/location-types 200 53.470 ms","timestamp":"2026-07-07T17:22:19.961Z"}
{"duration":7,"level":"info","message":"db-query","rows":26,"text":"SELECT * FROM location_types","timestamp":"2026-07-07T17:22:24.321Z"}
{"level":"info","message":"GET /api/location-types 200 16.551 ms","timestamp":"2026-07-07T17:22:24.331Z"}
{"duration":74,"level":"info","message":"db-query","rows":26,"text":"SELECT * FROM location_types","timestamp":"2026-07-07T17:22:24.391Z"}
{"level":"info","message":"GET /api/location-types 200 75.806 ms","timestamp":"2026-07-07T17:22:24.393Z"}
{"duration":11,"level":"info","message":"db-query","rows":26,"text":"SELECT * FROM location_types","timestamp":"2026-07-07T17:22:38.307Z"}
{"level":"info","message":"GET /api/location-types 200 18.316 ms","timestamp":"2026-07-07T17:22:38.315Z"}
{"duration":73,"level":"info","message":"db-query","rows":26,"text":"SELECT * FROM location_types","timestamp":"2026-07-07T17:22:38.372Z"}
{"level":"info","message":"GET /api/location-types 200 74.603 ms","timestamp":"2026-07-07T17:22:38.373Z"}
{"duration":9,"level":"info","message":"db-query","rows":26,"text":"SELECT * FROM location_types","timestamp":"2026-07-07T17:22:43.416Z"}
{"level":"info","message":"GET /api/location-types 200 18.311 ms","timestamp":"2026-07-07T17:22:43.424Z"}
{"duration":162,"level":"info","message":"db-query","rows":26,"text":"SELECT * FROM location_types","timestamp":"2026-07-07T17:22:43.571Z"}
{"level":"info","message":"GET /api/location-types 200 163.183 ms","timestamp":"2026-07-07T17:22:43.572Z"}
{"duration":11,"level":"info","message":"db-query","rows":26,"text":"SELECT * FROM location_types","timestamp":"2026-07-07T17:23:00.177Z"}
{"level":"info","message":"GET /api/location-types 200 21.528 ms","timestamp":"2026-07-07T17:23:00.187Z"}
{"duration":59,"level":"info","message":"db-query","rows":26,"text":"SELECT * FROM location_types","timestamp":"2026-07-07T17:23:00.230Z"}
{"level":"info","message":"GET /api/location-types 200 60.598 ms","timestamp":"2026-07-07T17:23:00.231Z"}
{"duration":7,"level":"info","message":"db-query","rows":26,"text":"SELECT * FROM location_types","timestamp":"2026-07-07T17:24:18.237Z"}
{"level":"info","message":"GET /api/location-types 200 14.372 ms","timestamp":"2026-07-07T17:24:18.244Z"}
{"duration":49,"level":"info","message":"db-query","rows":26,"text":"SELECT * FROM location_types","timestamp":"2026-07-07T17:24:18.281Z"}
{"level":"info","message":"GET /api/location-types 200 50.251 ms","timestamp":"2026-07-07T17:24:18.283Z"}
{"duration":14,"level":"info","message":"db-query","rows":26,"text":"SELECT * FROM location_types","timestamp":"2026-07-07T17:24:24.377Z"}
{"level":"info","message":"GET /api/location-types 200 29.204 ms","timestamp":"2026-07-07T17:24:24.392Z"}
{"duration":82,"level":"info","message":"db-query","rows":26,"text":"SELECT * FROM location_types","timestamp":"2026-07-07T17:24:24.453Z"}
{"level":"info","message":"GET /api/location-types 200 84.126 ms","timestamp":"2026-07-07T17:24:24.454Z"}
{"duration":6,"level":"info","message":"db-query","rows":26,"text":"SELECT * FROM location_types","timestamp":"2026-07-07T17:45:57.358Z"}
{"level":"info","message":"GET /api/location-types 200 11.478 ms","timestamp":"2026-07-07T17:45:57.365Z"}
{"duration":151,"level":"info","message":"db-query","rows":26,"text":"SELECT * FROM location_types","timestamp":"2026-07-07T17:45:57.506Z"}
{"level":"info","message":"GET /api/location-types 200 152.936 ms","timestamp":"2026-07-07T17:45:57.508Z"}
{"duration":9,"level":"info","message":"db-query","rows":26,"text":"SELECT * FROM location_types","timestamp":"2026-07-07T17:46:24.627Z"}
{"level":"info","message":"GET /api/location-types 200 17.672 ms","timestamp":"2026-07-07T17:46:24.635Z"}
{"duration":53,"level":"info","message":"db-query","rows":26,"text":"SELECT * FROM location_types","timestamp":"2026-07-07T17:46:24.675Z"}
{"level":"info","message":"GET /api/location-types 200 54.097 ms","timestamp":"2026-07-07T17:46:24.676Z"}
{"duration":5,"level":"info","message":"db-query","rows":26,"text":"SELECT * FROM location_types","timestamp":"2026-07-07T17:46:31.321Z"}
{"level":"info","message":"GET /api/location-types 200 11.854 ms","timestamp":"2026-07-07T17:46:31.328Z"}
{"duration":51,"level":"info","message":"db-query","rows":26,"text":"SELECT * FROM location_types","timestamp":"2026-07-07T17:46:31.368Z"}
{"level":"info","message":"GET /api/location-types 200 52.887 ms","timestamp":"2026-07-07T17:46:31.370Z"}
{"duration":5,"level":"info","message":"db-query","rows":26,"text":"SELECT * FROM location_types","timestamp":"2026-07-07T17:46:45.265Z"}
{"level":"info","message":"GET /api/location-types 200 10.467 ms","timestamp":"2026-07-07T17:46:45.271Z"}
{"duration":48,"level":"info","message":"db-query","rows":26,"text":"SELECT * FROM location_types","timestamp":"2026-07-07T17:46:45.309Z"}
{"level":"info","message":"GET /api/location-types 200 49.146 ms","timestamp":"2026-07-07T17:46:45.311Z"}
{"duration":9,"level":"info","message":"db-query","rows":26,"text":"SELECT * FROM location_types","timestamp":"2026-07-07T17:46:50.108Z"}
{"level":"info","message":"GET /api/location-types 200 19.930 ms","timestamp":"2026-07-07T17:46:50.120Z"}
{"duration":58,"level":"info","message":"db-query","rows":26,"text":"SELECT * FROM location_types","timestamp":"2026-07-07T17:46:50.160Z"}
{"level":"info","message":"GET /api/location-types 200 59.767 ms","timestamp":"2026-07-07T17:46:50.161Z"}
{"duration":7,"level":"info","message":"db-query","rows":26,"text":"SELECT * FROM location_types","timestamp":"2026-07-07T17:46:57.392Z"}
{"level":"info","message":"GET /api/location-types 200 15.693 ms","timestamp":"2026-07-07T17:46:57.401Z"}
{"duration":54,"level":"info","message":"db-query","rows":26,"text":"SELECT * FROM location_types","timestamp":"2026-07-07T17:46:57.441Z"}
{"level":"info","message":"GET /api/location-types 200 55.149 ms","timestamp":"2026-07-07T17:46:57.442Z"}
{"duration":5,"level":"info","message":"db-query","rows":26,"text":"SELECT * FROM location_types","timestamp":"2026-07-07T17:47:03.541Z"}
{"level":"info","message":"GET /api/location-types 200 12.704 ms","timestamp":"2026-07-07T17:47:03.549Z"}
{"duration":53,"level":"info","message":"db-query","rows":26,"text":"SELECT * FROM location_types","timestamp":"2026-07-07T17:47:03.590Z"}
{"level":"info","message":"GET /api/location-types 200 53.810 ms","timestamp":"2026-07-07T17:47:03.591Z"}
{"duration":4,"level":"info","message":"db-query","rows":26,"text":"SELECT * FROM location_types","timestamp":"2026-07-07T17:47:14.749Z"}
{"level":"info","message":"GET /api/location-types 200 11.488 ms","timestamp":"2026-07-07T17:47:14.756Z"}
{"duration":185,"level":"info","message":"db-query","rows":26,"text":"SELECT * FROM location_types","timestamp":"2026-07-07T17:47:14.931Z"}
{"level":"info","message":"GET /api/location-types 200 186.037 ms","timestamp":"2026-07-07T17:47:14.932Z"}
{"duration":11,"level":"info","message":"db-query","rows":26,"text":"SELECT * FROM location_types","timestamp":"2026-07-07T17:51:01.107Z"}
{"level":"info","message":"GET /api/location-types 200 19.291 ms","timestamp":"2026-07-07T17:51:01.114Z"}
{"duration":61,"level":"info","message":"db-query","rows":26,"text":"SELECT * FROM location_types","timestamp":"2026-07-07T17:51:01.164Z"}
{"level":"info","message":"GET /api/location-types 200 63.172 ms","timestamp":"2026-07-07T17:51:01.165Z"}
{"duration":4,"level":"info","message":"db-query","rows":26,"text":"SELECT * FROM location_types","timestamp":"2026-07-07T17:51:05.779Z"}
{"level":"info","message":"GET /api/location-types 200 10.611 ms","timestamp":"2026-07-07T17:51:05.785Z"}
{"duration":58,"level":"info","message":"db-query","rows":26,"text":"SELECT * FROM location_types","timestamp":"2026-07-07T17:51:05.834Z"}
{"level":"info","message":"GET /api/location-types 200 59.540 ms","timestamp":"2026-07-07T17:51:05.836Z"}
{"duration":10,"level":"info","message":"db-query","rows":26,"text":"SELECT * FROM location_types","timestamp":"2026-07-07T17:51:09.280Z"}
{"level":"info","message":"GET /api/location-types 200 25.321 ms","timestamp":"2026-07-07T17:51:09.295Z"}
{"duration":62,"level":"info","message":"db-query","rows":26,"text":"SELECT * FROM location_types","timestamp":"2026-07-07T17:51:09.335Z"}
{"level":"info","message":"GET /api/location-types 200 63.940 ms","timestamp":"2026-07-07T17:51:09.337Z"}
{"duration":4,"level":"info","message":"db-query","rows":26,"text":"SELECT * FROM location_types","timestamp":"2026-07-07T17:51:14.809Z"}
{"level":"info","message":"GET /api/location-types 200 30.128 ms","timestamp":"2026-07-07T17:51:14.835Z"}
{"duration":88,"level":"info","message":"db-query","rows":26,"text":"SELECT * FROM location_types","timestamp":"2026-07-07T17:51:14.894Z"}
{"level":"info","message":"GET /api/location-types 200 89.281 ms","timestamp":"2026-07-07T17:51:14.895Z"}
{"duration":5,"level":"info","message":"db-query","rows":26,"text":"SELECT * FROM location_types","timestamp":"2026-07-07T17:51:23.315Z"}
{"level":"info","message":"GET /api/location-types 200 11.209 ms","timestamp":"2026-07-07T17:51:23.321Z"}
{"duration":49,"level":"info","message":"db-query","rows":26,"text":"SELECT * FROM location_types","timestamp":"2026-07-07T17:51:23.360Z"}
{"level":"info","message":"GET /api/location-types 200 49.543 ms","timestamp":"2026-07-07T17:51:23.361Z"}
{"duration":9,"level":"info","message":"db-query","rows":26,"text":"SELECT * FROM location_types","timestamp":"2026-07-07T17:51:26.559Z"}
{"level":"info","message":"GET /api/location-types 200 20.202 ms","timestamp":"2026-07-07T17:51:26.570Z"}
{"duration":59,"level":"info","message":"db-query","rows":26,"text":"SELECT * FROM location_types","timestamp":"2026-07-07T17:51:26.611Z"}
{"level":"info","message":"GET /api/location-types 200 60.058 ms","timestamp":"2026-07-07T17:51:26.612Z"}
{"duration":11,"level":"info","message":"db-query","rows":1,"text":"SELECT * FROM employees WHERE LOWER(username) = LOWER($1)","timestamp":"2026-07-07T17:51:28.707Z"}
{"duration":6,"level":"info","message":"db-query","rows":1,"text":"\n    SELECT *\n    FROM employee_shift_history\n    WHERE employee_id = $1\n    AND logout_datetime IS NULL\n    ORDER BY id DESC\n    LIMIT 1;\n  ","timestamp":"2026-07-07T17:51:28.787Z"}
{"duration":3,"level":"info","message":"db-query","rows":1,"text":"UPDATE employees \n         SET web_device_id = $1 \n         WHERE id = $2","timestamp":"2026-07-07T17:51:28.791Z"}
{"duration":5,"level":"info","message":"db-query","rows":1,"text":"SELECT name FROM roles WHERE id = $1","timestamp":"2026-07-07T17:51:28.797Z"}
{"duration":5,"level":"info","message":"db-query","rows":1,"text":"SELECT name FROM subsidiaries WHERE id = $1","timestamp":"2026-07-07T17:51:28.802Z"}
{"duration":5,"level":"info","message":"db-query","rows":1,"text":"\n      SELECT ee.*, \n        json_build_object(\n          'id', e.id,\n          'username', e.username\n        ) AS employee\n      FROM employee_extensions ee\n      LEFT JOIN employees e ON e.id = ee.employee_id\n      WHERE ee.employee_id = $1\n    ","timestamp":"2026-07-07T17:51:28.808Z"}
{"level":"info","message":"POST /api/employees/login 200 121.922 ms","timestamp":"2026-07-07T17:51:28.812Z"}
{"duration":9,"level":"info","message":"db-query","rows":26,"text":"SELECT * FROM location_types","timestamp":"2026-07-07T17:52:46.966Z"}
{"level":"info","message":"GET /api/location-types 200 19.325 ms","timestamp":"2026-07-07T17:52:46.977Z"}
{"duration":70,"level":"info","message":"db-query","rows":26,"text":"SELECT * FROM location_types","timestamp":"2026-07-07T17:52:47.032Z"}
{"level":"info","message":"GET /api/location-types 200 72.716 ms","timestamp":"2026-07-07T17:52:47.035Z"}
{"duration":5,"level":"info","message":"db-query","rows":1,"text":"SELECT * FROM employees WHERE LOWER(username) = LOWER($1)","timestamp":"2026-07-07T17:52:51.648Z"}
{"level":"info","message":"POST /api/employees/login 400 14.438 ms","timestamp":"2026-07-07T17:52:51.650Z"}
{"duration":1,"level":"info","message":"db-query","rows":1,"text":"SELECT * FROM employees WHERE LOWER(username) = LOWER($1)","timestamp":"2026-07-07T17:52:56.147Z"}
{"duration":3,"level":"info","message":"db-query","rows":1,"text":"\n    SELECT *\n    FROM employee_shift_history\n    WHERE employee_id = $1\n    AND logout_datetime IS NULL\n    ORDER BY id DESC\n    LIMIT 1;\n  ","timestamp":"2026-07-07T17:52:56.231Z"}
{"duration":5,"level":"info","message":"db-query","rows":1,"text":"UPDATE employees \n         SET web_device_id = $1 \n         WHERE id = $2","timestamp":"2026-07-07T17:52:56.236Z"}
{"duration":3,"level":"info","message":"db-query","rows":1,"text":"SELECT name FROM roles WHERE id = $1","timestamp":"2026-07-07T17:52:56.240Z"}
{"duration":3,"level":"info","message":"db-query","rows":1,"text":"SELECT name FROM subsidiaries WHERE id = $1","timestamp":"2026-07-07T17:52:56.243Z"}
{"duration":2,"level":"info","message":"db-query","rows":1,"text":"\n      SELECT ee.*, \n        json_build_object(\n          'id', e.id,\n          'username', e.username\n        ) AS employee\n      FROM employee_extensions ee\n      LEFT JOIN employees e ON e.id = ee.employee_id\n      WHERE ee.employee_id = $1\n    ","timestamp":"2026-07-07T17:52:56.246Z"}
{"level":"info","message":"POST /api/employees/login 200 105.828 ms","timestamp":"2026-07-07T17:52:56.251Z"}
{"duration":6,"level":"info","message":"db-query","rows":26,"text":"SELECT * FROM location_types","timestamp":"2026-07-07T17:53:16.783Z"}
{"level":"info","message":"GET /api/location-types 200 11.870 ms","timestamp":"2026-07-07T17:53:16.789Z"}
{"duration":49,"level":"info","message":"db-query","rows":26,"text":"SELECT * FROM location_types","timestamp":"2026-07-07T17:53:16.828Z"}
{"level":"info","message":"GET /api/location-types 200 50.040 ms","timestamp":"2026-07-07T17:53:16.829Z"}
{"duration":7,"level":"info","message":"db-query","rows":26,"text":"SELECT * FROM location_types","timestamp":"2026-07-07T18:59:41.489Z"}
{"level":"info","message":"GET /api/location-types 200 14.675 ms","timestamp":"2026-07-07T18:59:41.498Z"}
{"duration":156,"level":"info","message":"db-query","rows":26,"text":"SELECT * FROM location_types","timestamp":"2026-07-07T18:59:41.640Z"}
{"level":"info","message":"GET /api/location-types 200 157.011 ms","timestamp":"2026-07-07T18:59:41.641Z"}
