{"duration":13,"level":"info","message":"db-query","rows":26,"text":"SELECT * FROM location_types","timestamp":"2026-07-30T19:02:26.244Z"}
{"level":"info","message":"GET /api/location-types 200 22.984 ms","timestamp":"2026-07-30T19:02:26.254Z"}
{"duration":181,"level":"info","message":"db-query","rows":26,"text":"SELECT * FROM location_types","timestamp":"2026-07-30T19:02:26.417Z"}
{"level":"info","message":"GET /api/location-types 200 183.184 ms","timestamp":"2026-07-30T19:02:26.419Z"}
{"duration":57,"level":"info","message":"db-query","rows":26,"text":"SELECT * FROM location_types","timestamp":"2026-07-31T10:39:13.610Z"}
{"level":"info","message":"GET /api/location-types 200 64.128 ms","timestamp":"2026-07-31T10:39:13.616Z"}
{"duration":67,"level":"info","message":"db-query","rows":26,"text":"SELECT * FROM location_types","timestamp":"2026-07-31T10:39:13.622Z"}
{"level":"info","message":"GET /api/location-types 200 68.785 ms","timestamp":"2026-07-31T10:39:13.624Z"}
{"duration":5,"level":"info","message":"db-query","rows":26,"text":"SELECT * FROM location_types","timestamp":"2026-07-31T11:11:35.672Z"}
{"level":"info","message":"GET /api/location-types 200 13.140 ms","timestamp":"2026-07-31T11:11:35.681Z"}
{"duration":57,"level":"info","message":"db-query","rows":26,"text":"SELECT * FROM location_types","timestamp":"2026-07-31T11:11:35.725Z"}
{"level":"info","message":"GET /api/location-types 200 58.424 ms","timestamp":"2026-07-31T11:11:35.727Z"}
{"duration":5,"level":"info","message":"db-query","rows":26,"text":"SELECT * FROM location_types","timestamp":"2026-07-31T11:14:31.133Z"}
{"level":"info","message":"GET /api/location-types 200 11.614 ms","timestamp":"2026-07-31T11:14:31.140Z"}
{"duration":1,"level":"info","message":"db-query","rows":26,"text":"SELECT * FROM location_types","timestamp":"2026-07-31T11:14:31.147Z"}
{"level":"info","message":"GET /api/location-types 200 2.659 ms","timestamp":"2026-07-31T11:14:31.149Z"}
{"duration":6,"level":"info","message":"db-query","rows":26,"text":"SELECT * FROM location_types","timestamp":"2026-07-31T11:17:22.314Z"}
{"level":"info","message":"GET /api/location-types 200 13.134 ms","timestamp":"2026-07-31T11:17:22.322Z"}
{"duration":51,"level":"info","message":"db-query","rows":26,"text":"SELECT * FROM location_types","timestamp":"2026-07-31T11:17:22.361Z"}
{"level":"info","message":"GET /api/location-types 200 52.133 ms","timestamp":"2026-07-31T11:17:22.363Z"}
{"duration":8,"level":"info","message":"db-query","rows":26,"text":"SELECT * FROM location_types","timestamp":"2026-07-31T11:17:46.186Z"}
{"level":"info","message":"GET /api/location-types 200 14.785 ms","timestamp":"2026-07-31T11:17:46.192Z"}
{"duration":54,"level":"info","message":"db-query","rows":26,"text":"SELECT * FROM location_types","timestamp":"2026-07-31T11:17:46.235Z"}
{"level":"info","message":"GET /api/location-types 200 55.443 ms","timestamp":"2026-07-31T11:17:46.236Z"}
{"duration":7,"level":"info","message":"db-query","rows":26,"text":"SELECT * FROM location_types","timestamp":"2026-07-31T11:18:07.523Z"}
{"level":"info","message":"GET /api/location-types 200 14.537 ms","timestamp":"2026-07-31T11:18:07.532Z"}
{"duration":94,"level":"info","message":"db-query","rows":26,"text":"SELECT * FROM location_types","timestamp":"2026-07-31T11:18:07.613Z"}
{"level":"info","message":"GET /api/location-types 200 110.346 ms","timestamp":"2026-07-31T11:18:07.629Z"}
{"duration":13,"level":"info","message":"db-query","rows":26,"text":"SELECT * FROM location_types","timestamp":"2026-07-31T11:18:21.191Z"}
{"level":"info","message":"GET /api/location-types 200 25.545 ms","timestamp":"2026-07-31T11:18:21.201Z"}
{"duration":72,"level":"info","message":"db-query","rows":26,"text":"SELECT * FROM location_types","timestamp":"2026-07-31T11:18:21.255Z"}
{"level":"info","message":"GET /api/location-types 200 74.216 ms","timestamp":"2026-07-31T11:18:21.257Z"}
{"duration":13,"level":"info","message":"db-query","rows":26,"text":"SELECT * FROM location_types","timestamp":"2026-07-31T11:18:37.772Z"}
{"level":"info","message":"GET /api/location-types 200 29.236 ms","timestamp":"2026-07-31T11:18:37.787Z"}
{"duration":87,"level":"info","message":"db-query","rows":26,"text":"SELECT * FROM location_types","timestamp":"2026-07-31T11:18:37.851Z"}
{"level":"info","message":"GET /api/location-types 200 89.106 ms","timestamp":"2026-07-31T11:18:37.853Z"}
{"duration":9,"level":"info","message":"db-query","rows":26,"text":"SELECT * FROM location_types","timestamp":"2026-07-31T11:18:48.799Z"}
{"level":"info","message":"GET /api/location-types 200 16.178 ms","timestamp":"2026-07-31T11:18:48.806Z"}
{"duration":182,"level":"info","message":"db-query","rows":26,"text":"SELECT * FROM location_types","timestamp":"2026-07-31T11:18:48.978Z"}
{"level":"info","message":"GET /api/location-types 200 183.287 ms","timestamp":"2026-07-31T11:18:48.980Z"}
{"duration":6,"level":"info","message":"db-query","rows":26,"text":"SELECT * FROM location_types","timestamp":"2026-07-31T11:19:19.170Z"}
{"level":"info","message":"GET /api/location-types 200 11.857 ms","timestamp":"2026-07-31T11:19:19.176Z"}
{"duration":154,"level":"info","message":"db-query","rows":26,"text":"SELECT * FROM location_types","timestamp":"2026-07-31T11:19:19.320Z"}
{"level":"info","message":"GET /api/location-types 200 155.129 ms","timestamp":"2026-07-31T11:19:19.321Z"}
{"duration":10,"level":"info","message":"db-query","rows":26,"text":"SELECT * FROM location_types","timestamp":"2026-07-31T11:19:32.852Z"}
{"level":"info","message":"GET /api/location-types 200 21.898 ms","timestamp":"2026-07-31T11:19:32.864Z"}
{"duration":62,"level":"info","message":"db-query","rows":26,"text":"SELECT * FROM location_types","timestamp":"2026-07-31T11:19:32.906Z"}
{"level":"info","message":"GET /api/location-types 200 63.296 ms","timestamp":"2026-07-31T11:19:32.908Z"}
{"duration":12,"level":"info","message":"db-query","rows":26,"text":"SELECT * FROM location_types","timestamp":"2026-07-31T11:20:06.324Z"}
{"level":"info","message":"GET /api/location-types 200 27.135 ms","timestamp":"2026-07-31T11:20:06.340Z"}
{"duration":82,"level":"info","message":"db-query","rows":26,"text":"SELECT * FROM location_types","timestamp":"2026-07-31T11:20:06.401Z"}
{"level":"info","message":"GET /api/location-types 200 84.176 ms","timestamp":"2026-07-31T11:20:06.403Z"}
{"duration":9,"level":"info","message":"db-query","rows":26,"text":"SELECT * FROM location_types","timestamp":"2026-07-31T11:20:36.824Z"}
{"level":"info","message":"GET /api/location-types 200 16.802 ms","timestamp":"2026-07-31T11:20:36.830Z"}
{"duration":51,"level":"info","message":"db-query","rows":26,"text":"SELECT * FROM location_types","timestamp":"2026-07-31T11:20:36.868Z"}
{"level":"info","message":"GET /api/location-types 200 52.175 ms","timestamp":"2026-07-31T11:20:36.869Z"}
{"duration":10,"level":"info","message":"db-query","rows":26,"text":"SELECT * FROM location_types","timestamp":"2026-07-31T11:30:52.374Z"}
{"level":"info","message":"GET /api/location-types 200 22.814 ms","timestamp":"2026-07-31T11:30:52.389Z"}
{"duration":1,"level":"info","message":"db-query","rows":26,"text":"SELECT * FROM location_types","timestamp":"2026-07-31T11:30:52.401Z"}
{"level":"info","message":"GET /api/location-types 200 3.067 ms","timestamp":"2026-07-31T11:30:52.403Z"}
{"duration":5,"level":"info","message":"db-query","rows":26,"text":"SELECT * FROM location_types","timestamp":"2026-07-31T11:30:59.861Z"}
{"level":"info","message":"GET /api/location-types 200 12.820 ms","timestamp":"2026-07-31T11:30:59.868Z"}
{"duration":54,"level":"info","message":"db-query","rows":26,"text":"SELECT * FROM location_types","timestamp":"2026-07-31T11:30:59.911Z"}
{"level":"info","message":"GET /api/location-types 200 54.618 ms","timestamp":"2026-07-31T11:30:59.912Z"}
{"duration":14,"level":"info","message":"db-query","rows":26,"text":"SELECT * FROM location_types","timestamp":"2026-07-31T11:33:26.406Z"}
{"level":"info","message":"GET /api/location-types 200 27.930 ms","timestamp":"2026-07-31T11:33:26.419Z"}
{"duration":165,"level":"info","message":"db-query","rows":26,"text":"SELECT * FROM location_types","timestamp":"2026-07-31T11:33:26.562Z"}
{"level":"info","message":"GET /api/location-types 200 167.306 ms","timestamp":"2026-07-31T11:33:26.564Z"}
{"duration":15,"level":"info","message":"db-query","rows":26,"text":"SELECT * FROM location_types","timestamp":"2026-07-31T11:34:35.011Z"}
{"level":"info","message":"GET /api/location-types 200 33.858 ms","timestamp":"2026-07-31T11:34:35.037Z"}
{"duration":76,"level":"info","message":"db-query","rows":26,"text":"SELECT * FROM location_types","timestamp":"2026-07-31T11:34:35.076Z"}
{"level":"info","message":"GET /api/location-types 200 77.519 ms","timestamp":"2026-07-31T11:34:35.078Z"}
{"duration":11,"level":"info","message":"db-query","rows":26,"text":"SELECT * FROM location_types","timestamp":"2026-07-31T11:34:37.994Z"}
{"level":"info","message":"GET /api/location-types 200 21.668 ms","timestamp":"2026-07-31T11:34:38.004Z"}
{"duration":73,"level":"info","message":"db-query","rows":26,"text":"SELECT * FROM location_types","timestamp":"2026-07-31T11:34:38.061Z"}
{"level":"info","message":"GET /api/location-types 200 74.746 ms","timestamp":"2026-07-31T11:34:38.063Z"}
{"duration":6,"level":"info","message":"db-query","rows":26,"text":"SELECT * FROM location_types","timestamp":"2026-07-31T11:34:58.615Z"}
{"level":"info","message":"GET /api/location-types 200 10.913 ms","timestamp":"2026-07-31T11:34:58.622Z"}
{"duration":1,"level":"info","message":"db-query","rows":26,"text":"SELECT * FROM location_types","timestamp":"2026-07-31T11:34:58.632Z"}
{"level":"info","message":"GET /api/location-types 200 4.323 ms","timestamp":"2026-07-31T11:34:58.634Z"}
{"duration":5,"level":"info","message":"db-query","rows":26,"text":"SELECT * FROM location_types","timestamp":"2026-07-31T11:35:48.404Z"}
{"level":"info","message":"GET /api/location-types 200 10.701 ms","timestamp":"2026-07-31T11:35:48.410Z"}
{"duration":178,"level":"info","message":"db-query","rows":26,"text":"SELECT * FROM location_types","timestamp":"2026-07-31T11:35:48.578Z"}
{"level":"info","message":"GET /api/location-types 200 179.190 ms","timestamp":"2026-07-31T11:35:48.580Z"}
{"duration":8,"level":"info","message":"db-query","rows":26,"text":"SELECT * FROM location_types","timestamp":"2026-07-31T11:36:05.798Z"}
{"level":"info","message":"GET /api/location-types 200 16.211 ms","timestamp":"2026-07-31T11:36:05.806Z"}
{"duration":48,"level":"info","message":"db-query","rows":26,"text":"SELECT * FROM location_types","timestamp":"2026-07-31T11:36:05.841Z"}
{"level":"info","message":"GET /api/location-types 200 50.082 ms","timestamp":"2026-07-31T11:36:05.843Z"}
{"duration":5,"level":"info","message":"db-query","rows":26,"text":"SELECT * FROM location_types","timestamp":"2026-07-31T11:36:13.456Z"}
{"level":"info","message":"GET /api/location-types 200 12.530 ms","timestamp":"2026-07-31T11:36:13.463Z"}
{"duration":80,"level":"info","message":"db-query","rows":26,"text":"SELECT * FROM location_types","timestamp":"2026-07-31T11:36:13.532Z"}
{"level":"info","message":"GET /api/location-types 200 81.467 ms","timestamp":"2026-07-31T11:36:13.534Z"}
{"level":"info","message":"GET /api/company-configuration/add 500 273.229 ms","timestamp":"2026-07-31T11:39:12.346Z"}
{"duration":9,"level":"info","message":"db-query","rows":26,"text":"SELECT * FROM location_types","timestamp":"2026-07-31T11:39:48.068Z"}
{"level":"info","message":"GET /api/location-types 200 19.460 ms","timestamp":"2026-07-31T11:39:48.077Z"}
{"duration":58,"level":"info","message":"db-query","rows":26,"text":"SELECT * FROM location_types","timestamp":"2026-07-31T11:39:48.119Z"}
{"level":"info","message":"GET /api/location-types 200 68.415 ms","timestamp":"2026-07-31T11:39:48.129Z"}
{"duration":5,"level":"info","message":"db-query","rows":26,"text":"SELECT * FROM location_types","timestamp":"2026-07-31T11:39:53.799Z"}
{"level":"info","message":"GET /api/location-types 200 10.508 ms","timestamp":"2026-07-31T11:39:53.806Z"}
{"duration":152,"level":"info","message":"db-query","rows":26,"text":"SELECT * FROM location_types","timestamp":"2026-07-31T11:39:53.948Z"}
{"level":"info","message":"GET /api/location-types 200 153.267 ms","timestamp":"2026-07-31T11:39:53.949Z"}
{"duration":5,"level":"info","message":"db-query","rows":26,"text":"SELECT * FROM location_types","timestamp":"2026-07-31T11:40:03.966Z"}
{"level":"info","message":"GET /api/location-types 200 36.462 ms","timestamp":"2026-07-31T11:40:03.998Z"}
{"duration":147,"level":"info","message":"db-query","rows":26,"text":"SELECT * FROM location_types","timestamp":"2026-07-31T11:40:04.109Z"}
{"level":"info","message":"GET /api/location-types 200 147.478 ms","timestamp":"2026-07-31T11:40:04.110Z"}
{"duration":6,"level":"info","message":"db-query","rows":26,"text":"SELECT * FROM location_types","timestamp":"2026-07-31T11:40:09.559Z"}
{"level":"info","message":"GET /api/location-types 200 13.912 ms","timestamp":"2026-07-31T11:40:09.568Z"}
{"duration":69,"level":"info","message":"db-query","rows":26,"text":"SELECT * FROM location_types","timestamp":"2026-07-31T11:40:09.624Z"}
{"level":"info","message":"GET /api/location-types 200 70.178 ms","timestamp":"2026-07-31T11:40:09.625Z"}
{"duration":5,"level":"info","message":"db-query","rows":26,"text":"SELECT * FROM location_types","timestamp":"2026-07-31T11:40:18.303Z"}
{"level":"info","message":"GET /api/location-types 200 32.468 ms","timestamp":"2026-07-31T11:40:18.330Z"}
{"duration":125,"level":"info","message":"db-query","rows":26,"text":"SELECT * FROM location_types","timestamp":"2026-07-31T11:40:18.424Z"}
{"level":"info","message":"GET /api/location-types 200 130.969 ms","timestamp":"2026-07-31T11:40:18.431Z"}
{"level":"info","message":"GET /api/company-configuration/add 500 4.591 ms","timestamp":"2026-07-31T11:40:21.695Z"}
{"duration":5,"level":"info","message":"db-query","rows":26,"text":"SELECT * FROM location_types","timestamp":"2026-07-31T11:43:42.199Z"}
{"level":"info","message":"GET /api/location-types 200 11.124 ms","timestamp":"2026-07-31T11:43:42.205Z"}
{"duration":52,"level":"info","message":"db-query","rows":26,"text":"SELECT * FROM location_types","timestamp":"2026-07-31T11:43:42.248Z"}
{"level":"info","message":"GET /api/location-types 200 54.056 ms","timestamp":"2026-07-31T11:43:42.249Z"}
{"duration":5,"level":"info","message":"db-query","rows":26,"text":"SELECT * FROM location_types","timestamp":"2026-07-31T11:43:56.330Z"}
{"level":"info","message":"GET /api/location-types 200 12.926 ms","timestamp":"2026-07-31T11:43:56.338Z"}
{"duration":55,"level":"info","message":"db-query","rows":26,"text":"SELECT * FROM location_types","timestamp":"2026-07-31T11:43:56.381Z"}
{"level":"info","message":"GET /api/location-types 200 55.956 ms","timestamp":"2026-07-31T11:43:56.383Z"}
{"duration":6,"level":"info","message":"db-query","rows":26,"text":"SELECT * FROM location_types","timestamp":"2026-07-31T11:44:00.446Z"}
{"level":"info","message":"GET /api/location-types 200 17.099 ms","timestamp":"2026-07-31T11:44:00.458Z"}
{"duration":1,"level":"info","message":"db-query","rows":26,"text":"SELECT * FROM location_types","timestamp":"2026-07-31T11:44:00.467Z"}
{"level":"info","message":"GET /api/location-types 200 3.545 ms","timestamp":"2026-07-31T11:44:00.469Z"}
{"duration":10,"level":"info","message":"db-query","rows":26,"text":"SELECT * FROM location_types","timestamp":"2026-07-31T11:44:03.381Z"}
{"level":"info","message":"GET /api/location-types 200 20.363 ms","timestamp":"2026-07-31T11:44:03.390Z"}
{"duration":59,"level":"info","message":"db-query","rows":26,"text":"SELECT * FROM location_types","timestamp":"2026-07-31T11:44:03.434Z"}
{"level":"info","message":"GET /api/location-types 200 60.248 ms","timestamp":"2026-07-31T11:44:03.435Z"}
{"duration":5,"level":"info","message":"db-query","rows":26,"text":"SELECT * FROM location_types","timestamp":"2026-07-31T11:44:10.533Z"}
{"level":"info","message":"GET /api/location-types 200 11.180 ms","timestamp":"2026-07-31T11:44:10.541Z"}
{"duration":47,"level":"info","message":"db-query","rows":26,"text":"SELECT * FROM location_types","timestamp":"2026-07-31T11:44:10.576Z"}
{"level":"info","message":"GET /api/location-types 200 48.585 ms","timestamp":"2026-07-31T11:44:10.578Z"}
{"duration":5,"level":"info","message":"db-query","rows":26,"text":"SELECT * FROM location_types","timestamp":"2026-07-31T11:44:21.566Z"}
{"level":"info","message":"GET /api/location-types 200 10.722 ms","timestamp":"2026-07-31T11:44:21.572Z"}
{"duration":45,"level":"info","message":"db-query","rows":26,"text":"SELECT * FROM location_types","timestamp":"2026-07-31T11:44:21.607Z"}
{"level":"info","message":"GET /api/location-types 200 46.144 ms","timestamp":"2026-07-31T11:44:21.609Z"}
{"duration":5,"level":"info","message":"db-query","rows":26,"text":"SELECT * FROM location_types","timestamp":"2026-07-31T11:44:28.661Z"}
{"level":"info","message":"GET /api/location-types 200 14.161 ms","timestamp":"2026-07-31T11:44:28.672Z"}
{"duration":78,"level":"info","message":"db-query","rows":26,"text":"SELECT * FROM location_types","timestamp":"2026-07-31T11:44:28.737Z"}
{"level":"info","message":"GET /api/location-types 200 79.685 ms","timestamp":"2026-07-31T11:44:28.738Z"}
{"level":"info","message":"GET /api/company-configuration/add 404 2.122 ms","timestamp":"2026-07-31T11:44:28.777Z"}
{"duration":4,"level":"info","message":"db-query","rows":0,"text":"SELECT id\n     FROM company_configurations\n     WHERE subsidiary_id = $1","timestamp":"2026-07-31T11:44:37.841Z"}
{"duration":22,"level":"info","message":"db-query","rows":1,"text":"\n      INSERT INTO company_configurations\n      (subsidiary_id,company_id,email_username,email_password,email_service,email_host,email_port,email_cc,email_secure_connection,toggle_accept_email,toggle_decline_email,map_service,map_api_key,map_distance_factor,map_time_factor,toggle_map_controls,voip_service,voip_status,company_date_format,company_time_format,company_time_zone,sms_host,sms_port,tab_bookings,tab_pre_bookings,tab_recent_bookings,discount_oneway_booking,discount_return_booking,discount_wait_and_return_booking,booking_expiry_notice,airport_booking_expiry_notice,account_booking_expiry_notice,driver_expiry_notice,airport_pickup_charges,credit_card_charges,enable_booking_quotation,web_booker_confirmation,customer_app_confirmation,enable_booking_text,booking_text_minutes,enable_customer_text,enable_notification,enable_booking_due_notification,roundoff_fares,enable_peak_factors,stripe_public_key,stripe_secret_key,endpoint_key,invoice_endpoint_key,sms_username,sms_password,sms_service,sms_service_ip,amount_type,recording_token,sms_incoming,enable_dead_mileage,call_feature,base_address,dead_mileage_miles,dead_mileage_methods,flight_tracker_api,hunt_group,service_api_key,main_api_key,yestech_call_url,yestech_call_token)\n      VALUES ($1,$2,$3,$4,$5,$6,$7,$8,$9,$10,$11,$12,$13,$14,$15,$16,$17,$18,$19,$20,$21,$22,$23,$24,$25,$26,$27,$28,$29,$30,$31,$32,$33,$34,$35,$36,$37,$38,$39,$40,$41,$42,$43,$44,$45,$46,$47,$48,$49,$50,$51,$52,$53,$54,$55,$56,$57,$58,$59,$60,$61,$62,$63,$64,$65,$66,$67)\n      RETURNING *\n    ","timestamp":"2026-07-31T11:44:37.873Z"}
{"level":"info","message":"POST /api/company-configuration/add 200 38.633 ms","timestamp":"2026-07-31T11:44:37.875Z"}
{"duration":53,"level":"info","message":"db-query","rows":1,"text":"SELECT id\n     FROM company_configurations\n     WHERE subsidiary_id = $1","timestamp":"2026-07-31T11:46:54.290Z"}
{"duration":7,"level":"info","message":"db-query","rows":1,"text":"\n      UPDATE company_configurations\n      SET\n        company_id=$1, email_username=$2, email_password=$3, email_service=$4, email_host=$5, email_port=$6, email_cc=$7, email_secure_connection=$8, toggle_accept_email=$9, toggle_decline_email=$10, map_service=$11, map_api_key=$12, map_distance_factor=$13, map_time_factor=$14, toggle_map_controls=$15, voip_service=$16, voip_status=$17, company_date_format=$18, company_time_format=$19, company_time_zone=$20, sms_host=$21, sms_port=$22, tab_bookings=$23, tab_pre_bookings=$24, tab_recent_bookings=$25, discount_oneway_booking=$26, discount_return_booking=$27, discount_wait_and_return_booking=$28, booking_expiry_notice=$29, airport_booking_expiry_notice=$30, account_booking_expiry_notice=$31, driver_expiry_notice=$32, airport_pickup_charges=$33, credit_card_charges=$34, enable_booking_quotation=$35, web_booker_confirmation=$36, customer_app_confirmation=$37, enable_booking_text=$38, booking_text_minutes=$39, enable_customer_text=$40, enable_notification=$41, enable_booking_due_notification=$42, roundoff_fares=$43, enable_peak_factors=$44, stripe_public_key=$45, stripe_secret_key=$46, endpoint_key=$47, invoice_endpoint_key=$48, sms_username=$49, sms_password=$50, sms_service=$51, sms_service_ip=$52, amount_type=$53, recording_token=$54, sms_incoming=$55, enable_dead_mileage=$56, call_feature=$57, base_address=$58, dead_mileage_miles=$59, dead_mileage_methods=$60, flight_tracker_api=$61, hunt_group=$62, service_api_key=$63, main_api_key=$64, yestech_call_url=$65, yestech_call_token=$66,\n        updated_at = CURRENT_TIMESTAMP\n      WHERE subsidiary_id = $67\n      RETURNING *\n  ","timestamp":"2026-07-31T11:46:54.298Z"}
{"level":"info","message":"POST /api/company-configuration/add 200 62.508 ms","timestamp":"2026-07-31T11:46:54.299Z"}
{"duration":6,"level":"info","message":"db-query","rows":26,"text":"SELECT * FROM location_types","timestamp":"2026-07-31T12:10:50.489Z"}
{"level":"info","message":"GET /api/location-types 200 16.018 ms","timestamp":"2026-07-31T12:10:50.500Z"}
{"duration":92,"level":"info","message":"db-query","rows":26,"text":"SELECT * FROM location_types","timestamp":"2026-07-31T12:10:50.578Z"}
{"level":"info","message":"GET /api/location-types 200 94.229 ms","timestamp":"2026-07-31T12:10:50.579Z"}
{"duration":6,"level":"info","message":"db-query","rows":26,"text":"SELECT * FROM location_types","timestamp":"2026-07-31T12:10:58.171Z"}
{"level":"info","message":"GET /api/location-types 200 18.392 ms","timestamp":"2026-07-31T12:10:58.186Z"}
{"duration":79,"level":"info","message":"db-query","rows":26,"text":"SELECT * FROM location_types","timestamp":"2026-07-31T12:10:58.247Z"}
{"level":"info","message":"GET /api/location-types 200 82.680 ms","timestamp":"2026-07-31T12:10:58.251Z"}
{"duration":6,"level":"info","message":"db-query","rows":26,"text":"SELECT * FROM location_types","timestamp":"2026-07-31T12:11:13.352Z"}
{"level":"info","message":"GET /api/location-types 200 12.794 ms","timestamp":"2026-07-31T12:11:13.359Z"}
{"duration":57,"level":"info","message":"db-query","rows":26,"text":"SELECT * FROM location_types","timestamp":"2026-07-31T12:11:13.404Z"}
{"level":"info","message":"GET /api/location-types 200 58.136 ms","timestamp":"2026-07-31T12:11:13.405Z"}
{"duration":5,"level":"info","message":"db-query","rows":26,"text":"SELECT * FROM location_types","timestamp":"2026-07-31T12:11:22.328Z"}
{"level":"info","message":"GET /api/location-types 200 13.974 ms","timestamp":"2026-07-31T12:11:22.337Z"}
{"duration":59,"level":"info","message":"db-query","rows":26,"text":"SELECT * FROM location_types","timestamp":"2026-07-31T12:11:22.383Z"}
{"level":"info","message":"GET /api/location-types 200 63.081 ms","timestamp":"2026-07-31T12:11:22.388Z"}
{"duration":5,"level":"info","message":"db-query","rows":26,"text":"SELECT * FROM location_types","timestamp":"2026-07-31T12:11:33.424Z"}
{"level":"info","message":"GET /api/location-types 200 11.800 ms","timestamp":"2026-07-31T12:11:33.430Z"}
{"duration":161,"level":"info","message":"db-query","rows":26,"text":"SELECT * FROM location_types","timestamp":"2026-07-31T12:11:33.581Z"}
{"level":"info","message":"GET /api/location-types 200 162.623 ms","timestamp":"2026-07-31T12:11:33.583Z"}
{"duration":5,"level":"info","message":"db-query","rows":26,"text":"SELECT * FROM location_types","timestamp":"2026-07-31T12:12:05.325Z"}
{"level":"info","message":"GET /api/location-types 200 10.553 ms","timestamp":"2026-07-31T12:12:05.333Z"}
{"duration":1,"level":"info","message":"db-query","rows":26,"text":"SELECT * FROM location_types","timestamp":"2026-07-31T12:12:05.340Z"}
{"level":"info","message":"GET /api/location-types 200 2.176 ms","timestamp":"2026-07-31T12:12:05.341Z"}
{"duration":5,"level":"info","message":"db-query","rows":26,"text":"SELECT * FROM location_types","timestamp":"2026-07-31T12:12:13.738Z"}
{"level":"info","message":"GET /api/location-types 200 11.704 ms","timestamp":"2026-07-31T12:12:13.744Z"}
{"duration":56,"level":"info","message":"db-query","rows":26,"text":"SELECT * FROM location_types","timestamp":"2026-07-31T12:12:13.790Z"}
{"level":"info","message":"GET /api/location-types 200 56.358 ms","timestamp":"2026-07-31T12:12:13.791Z"}
{"duration":5,"level":"info","message":"db-query","rows":26,"text":"SELECT * FROM location_types","timestamp":"2026-07-31T12:12:17.316Z"}
{"level":"info","message":"GET /api/location-types 200 14.956 ms","timestamp":"2026-07-31T12:12:17.326Z"}
{"duration":1,"level":"info","message":"db-query","rows":26,"text":"SELECT * FROM location_types","timestamp":"2026-07-31T12:12:17.334Z"}
{"level":"info","message":"GET /api/location-types 200 2.997 ms","timestamp":"2026-07-31T12:12:17.336Z"}
{"duration":5,"level":"info","message":"db-query","rows":26,"text":"SELECT * FROM location_types","timestamp":"2026-07-31T12:12:26.028Z"}
{"level":"info","message":"GET /api/location-types 200 12.505 ms","timestamp":"2026-07-31T12:12:26.036Z"}
{"duration":51,"level":"info","message":"db-query","rows":26,"text":"SELECT * FROM location_types","timestamp":"2026-07-31T12:12:26.076Z"}
{"level":"info","message":"GET /api/location-types 200 52.790 ms","timestamp":"2026-07-31T12:12:26.078Z"}
{"duration":13,"level":"info","message":"db-query","rows":26,"text":"SELECT * FROM location_types","timestamp":"2026-07-31T12:12:37.456Z"}
{"level":"info","message":"GET /api/location-types 200 25.873 ms","timestamp":"2026-07-31T12:12:37.469Z"}
{"duration":195,"level":"info","message":"db-query","rows":26,"text":"SELECT * FROM location_types","timestamp":"2026-07-31T12:12:37.644Z"}
{"level":"info","message":"GET /api/location-types 200 197.559 ms","timestamp":"2026-07-31T12:12:37.645Z"}
{"duration":5,"level":"info","message":"db-query","rows":26,"text":"SELECT * FROM location_types","timestamp":"2026-07-31T13:20:10.057Z"}
{"level":"info","message":"GET /api/location-types 200 11.313 ms","timestamp":"2026-07-31T13:20:10.064Z"}
{"duration":49,"level":"info","message":"db-query","rows":26,"text":"SELECT * FROM location_types","timestamp":"2026-07-31T13:20:10.103Z"}
{"level":"info","message":"GET /api/location-types 200 50.786 ms","timestamp":"2026-07-31T13:20:10.105Z"}
{"duration":165,"level":"info","message":"db-query","rows":26,"text":"SELECT * FROM location_types","timestamp":"2026-07-31T14:40:09.037Z"}
{"level":"info","message":"GET /api/location-types 200 170.462 ms","timestamp":"2026-07-31T14:40:09.040Z"}
{"duration":49,"level":"info","message":"db-query","rows":26,"text":"SELECT * FROM location_types","timestamp":"2026-07-31T16:00:08.861Z"}
{"level":"info","message":"GET /api/location-types 200 50.308 ms","timestamp":"2026-07-31T16:00:08.862Z"}
{"duration":14,"level":"info","message":"db-query","rows":26,"text":"SELECT * FROM location_types","timestamp":"2026-07-31T17:02:17.250Z"}
{"level":"info","message":"GET /api/location-types 200 29.117 ms","timestamp":"2026-07-31T17:02:17.270Z"}
{"duration":74,"level":"info","message":"db-query","rows":26,"text":"SELECT * FROM location_types","timestamp":"2026-07-31T17:02:17.314Z"}
{"level":"info","message":"GET /api/location-types 200 77.220 ms","timestamp":"2026-07-31T17:02:17.320Z"}
{"duration":5,"level":"info","message":"db-query","rows":26,"text":"SELECT * FROM location_types","timestamp":"2026-07-31T17:02:20.165Z"}
{"level":"info","message":"GET /api/location-types 200 12.305 ms","timestamp":"2026-07-31T17:02:20.173Z"}
{"duration":52,"level":"info","message":"db-query","rows":26,"text":"SELECT * FROM location_types","timestamp":"2026-07-31T17:02:20.214Z"}
{"level":"info","message":"GET /api/location-types 200 53.796 ms","timestamp":"2026-07-31T17:02:20.216Z"}
{"duration":5,"level":"info","message":"db-query","rows":26,"text":"SELECT * FROM location_types","timestamp":"2026-07-31T17:02:23.731Z"}
{"level":"info","message":"GET /api/location-types 200 10.981 ms","timestamp":"2026-07-31T17:02:23.737Z"}
{"duration":47,"level":"info","message":"db-query","rows":26,"text":"SELECT * FROM location_types","timestamp":"2026-07-31T17:02:23.774Z"}
{"level":"info","message":"GET /api/location-types 200 48.180 ms","timestamp":"2026-07-31T17:02:23.776Z"}
{"duration":67,"level":"info","message":"db-query","rows":0,"text":"\n    SELECT id,\n           start_date,\n           end_date,\n           operator,\n           amount,\n           fix_fare,\n           mileage\n    FROM fare_increments\n    WHERE company_id=$1\n    ORDER BY id DESC;\n  ","timestamp":"2026-07-31T17:14:41.119Z"}
{"level":"info","message":"GET /api/fareincrement/get?company_id=2 200 68.288 ms","timestamp":"2026-07-31T17:14:41.121Z"}
{"duration":1,"level":"info","message":"db-query","rows":3,"text":"\n    SELECT id,\n           start_date,\n           end_date,\n           operator,\n           amount,\n           fix_fare,\n           mileage\n    FROM fare_increments\n    WHERE company_id=$1\n    ORDER BY id DESC;\n  ","timestamp":"2026-07-31T17:14:45.019Z"}
{"level":"info","message":"GET /api/fareincrement/get?company_id=1 200 2.811 ms","timestamp":"2026-07-31T17:14:45.021Z"}
{"duration":7,"level":"info","message":"db-query","rows":26,"text":"SELECT * FROM location_types","timestamp":"2026-07-31T17:37:55.602Z"}
{"level":"info","message":"GET /api/location-types 200 16.675 ms","timestamp":"2026-07-31T17:37:55.611Z"}
{"duration":180,"level":"info","message":"db-query","rows":26,"text":"SELECT * FROM location_types","timestamp":"2026-07-31T17:37:55.777Z"}
{"level":"info","message":"GET /api/location-types 200 180.828 ms","timestamp":"2026-07-31T17:37:55.778Z"}
{"duration":5,"level":"info","message":"db-query","rows":26,"text":"SELECT * FROM location_types","timestamp":"2026-07-31T17:37:59.081Z"}
{"level":"info","message":"GET /api/location-types 200 10.928 ms","timestamp":"2026-07-31T17:37:59.087Z"}
{"duration":169,"level":"info","message":"db-query","rows":26,"text":"SELECT * FROM location_types","timestamp":"2026-07-31T17:37:59.247Z"}
{"level":"info","message":"GET /api/location-types 200 170.558 ms","timestamp":"2026-07-31T17:37:59.249Z"}
{"duration":6,"level":"info","message":"db-query","rows":26,"text":"SELECT * FROM location_types","timestamp":"2026-07-31T17:38:05.423Z"}
{"level":"info","message":"GET /api/location-types 200 12.209 ms","timestamp":"2026-07-31T17:38:05.430Z"}
{"duration":50,"level":"info","message":"db-query","rows":26,"text":"SELECT * FROM location_types","timestamp":"2026-07-31T17:38:05.468Z"}
{"level":"info","message":"GET /api/location-types 200 51.450 ms","timestamp":"2026-07-31T17:38:05.470Z"}
{"duration":5,"level":"info","message":"db-query","rows":26,"text":"SELECT * FROM location_types","timestamp":"2026-07-31T17:38:09.440Z"}
{"level":"info","message":"GET /api/location-types 200 12.000 ms","timestamp":"2026-07-31T17:38:09.448Z"}
{"duration":51,"level":"info","message":"db-query","rows":26,"text":"SELECT * FROM location_types","timestamp":"2026-07-31T17:38:09.488Z"}
{"level":"info","message":"GET /api/location-types 200 52.634 ms","timestamp":"2026-07-31T17:38:09.490Z"}
{"duration":5,"level":"info","message":"db-query","rows":26,"text":"SELECT * FROM location_types","timestamp":"2026-07-31T17:38:15.785Z"}
{"level":"info","message":"GET /api/location-types 200 11.961 ms","timestamp":"2026-07-31T17:38:15.792Z"}
{"duration":64,"level":"info","message":"db-query","rows":26,"text":"SELECT * FROM location_types","timestamp":"2026-07-31T17:38:15.846Z"}
{"level":"info","message":"GET /api/location-types 200 65.869 ms","timestamp":"2026-07-31T17:38:15.848Z"}
{"duration":15,"level":"info","message":"db-query","rows":26,"text":"SELECT * FROM location_types","timestamp":"2026-07-31T17:38:24.441Z"}
{"level":"info","message":"GET /api/location-types 200 24.980 ms","timestamp":"2026-07-31T17:38:24.449Z"}
{"duration":70,"level":"info","message":"db-query","rows":26,"text":"SELECT * FROM location_types","timestamp":"2026-07-31T17:38:24.505Z"}
{"level":"info","message":"GET /api/location-types 200 73.027 ms","timestamp":"2026-07-31T17:38:24.507Z"}
{"duration":10,"level":"info","message":"db-query","rows":26,"text":"SELECT * FROM location_types","timestamp":"2026-07-31T17:38:36.957Z"}
{"level":"info","message":"GET /api/location-types 200 23.158 ms","timestamp":"2026-07-31T17:38:36.970Z"}
{"duration":70,"level":"info","message":"db-query","rows":26,"text":"SELECT * FROM location_types","timestamp":"2026-07-31T17:38:37.021Z"}
{"level":"info","message":"GET /api/location-types 200 71.795 ms","timestamp":"2026-07-31T17:38:37.023Z"}
{"duration":5,"level":"info","message":"db-query","rows":26,"text":"SELECT * FROM location_types","timestamp":"2026-07-31T17:39:12.597Z"}
{"level":"info","message":"GET /api/location-types 200 11.415 ms","timestamp":"2026-07-31T17:39:12.604Z"}
{"duration":66,"level":"info","message":"db-query","rows":26,"text":"SELECT * FROM location_types","timestamp":"2026-07-31T17:39:12.660Z"}
{"level":"info","message":"GET /api/location-types 200 66.988 ms","timestamp":"2026-07-31T17:39:12.662Z"}
{"duration":5,"level":"info","message":"db-query","rows":26,"text":"SELECT * FROM location_types","timestamp":"2026-07-31T17:40:14.571Z"}
{"level":"info","message":"GET /api/location-types 200 13.611 ms","timestamp":"2026-07-31T17:40:14.580Z"}
{"duration":115,"level":"info","message":"db-query","rows":26,"text":"SELECT * FROM location_types","timestamp":"2026-07-31T17:40:14.682Z"}
{"level":"info","message":"GET /api/location-types 200 175.125 ms","timestamp":"2026-07-31T17:40:14.743Z"}
{"duration":10,"level":"info","message":"db-query","rows":26,"text":"SELECT * FROM location_types","timestamp":"2026-07-31T17:40:18.740Z"}
{"level":"info","message":"GET /api/location-types 200 23.611 ms","timestamp":"2026-07-31T17:40:18.756Z"}
{"duration":96,"level":"info","message":"db-query","rows":26,"text":"SELECT * FROM location_types","timestamp":"2026-07-31T17:40:18.829Z"}
{"level":"info","message":"GET /api/location-types 200 97.507 ms","timestamp":"2026-07-31T17:40:18.830Z"}
{"duration":5,"level":"info","message":"db-query","rows":26,"text":"SELECT * FROM location_types","timestamp":"2026-07-31T18:01:26.779Z"}
{"level":"info","message":"GET /api/location-types 200 10.808 ms","timestamp":"2026-07-31T18:01:26.785Z"}
{"duration":47,"level":"info","message":"db-query","rows":26,"text":"SELECT * FROM location_types","timestamp":"2026-07-31T18:01:26.823Z"}
{"level":"info","message":"GET /api/location-types 200 49.147 ms","timestamp":"2026-07-31T18:01:26.825Z"}
{"duration":6,"level":"info","message":"db-query","rows":26,"text":"SELECT * FROM location_types","timestamp":"2026-07-31T18:01:31.547Z"}
{"level":"info","message":"GET /api/location-types 200 14.138 ms","timestamp":"2026-07-31T18:01:31.555Z"}
{"duration":76,"level":"info","message":"db-query","rows":26,"text":"SELECT * FROM location_types","timestamp":"2026-07-31T18:01:31.619Z"}
{"level":"info","message":"GET /api/location-types 200 78.272 ms","timestamp":"2026-07-31T18:01:31.622Z"}
{"duration":13,"level":"info","message":"db-query","rows":26,"text":"SELECT * FROM location_types","timestamp":"2026-07-31T18:01:36.975Z"}
{"level":"info","message":"GET /api/location-types 200 25.964 ms","timestamp":"2026-07-31T18:01:36.986Z"}
{"duration":166,"level":"info","message":"db-query","rows":26,"text":"SELECT * FROM location_types","timestamp":"2026-07-31T18:01:37.133Z"}
{"level":"info","message":"GET /api/location-types 200 168.185 ms","timestamp":"2026-07-31T18:01:37.135Z"}
{"duration":5,"level":"info","message":"db-query","rows":26,"text":"SELECT * FROM location_types","timestamp":"2026-07-31T18:01:47.001Z"}
{"level":"info","message":"GET /api/location-types 200 11.436 ms","timestamp":"2026-07-31T18:01:47.008Z"}
{"duration":49,"level":"info","message":"db-query","rows":26,"text":"SELECT * FROM location_types","timestamp":"2026-07-31T18:01:47.047Z"}
{"level":"info","message":"GET /api/location-types 200 51.070 ms","timestamp":"2026-07-31T18:01:47.049Z"}
{"duration":5,"level":"info","message":"db-query","rows":26,"text":"SELECT * FROM location_types","timestamp":"2026-07-31T18:01:53.810Z"}
{"level":"info","message":"GET /api/location-types 200 11.702 ms","timestamp":"2026-07-31T18:01:53.817Z"}
{"duration":59,"level":"info","message":"db-query","rows":26,"text":"SELECT * FROM location_types","timestamp":"2026-07-31T18:01:53.865Z"}
{"level":"info","message":"GET /api/location-types 200 59.813 ms","timestamp":"2026-07-31T18:01:53.867Z"}
{"duration":62,"level":"info","message":"db-query","rows":0,"text":"SELECT * FROM fixed_fares WHERE vehicle_type_id=$1 AND company_id = $2","timestamp":"2026-07-31T18:03:25.420Z"}
{"duration":2,"level":"info","message":"db-query","rows":0,"text":"SELECT * FROM fare_configurations\n       WHERE vehicle_type_id=$1 AND company_id = $2\n       ORDER BY id ASC","timestamp":"2026-07-31T18:03:25.423Z"}
{"duration":2,"level":"info","message":"db-query","rows":22,"text":"SELECT * FROM locations WHERE location_type_id=2 AND company_id =$1","timestamp":"2026-07-31T18:03:25.426Z"}
{"duration":2,"level":"info","message":"db-query","rows":0,"text":"SELECT * FROM fare_by_vehicles WHERE vehicle_type_id=$1 AND company_id=$2","timestamp":"2026-07-31T18:03:25.430Z"}
{"duration":2,"level":"info","message":"db-query","rows":3,"text":"\n      SELECT *\n      FROM fare_increments\n      WHERE company_id=$1\n      ORDER BY id DESC\n    ","timestamp":"2026-07-31T18:03:25.435Z"}
{"level":"info","message":"POST /api/fares/calculate-fare 200 114.342 ms","timestamp":"2026-07-31T18:03:25.442Z"}
{"duration":54,"level":"info","message":"db-query","rows":0,"text":"SELECT * FROM fixed_fares WHERE vehicle_type_id=$1 AND company_id = $2","timestamp":"2026-07-31T18:06:44.860Z"}
{"duration":3,"level":"info","message":"db-query","rows":0,"text":"SELECT * FROM fare_configurations\n       WHERE vehicle_type_id=$1 AND company_id = $2\n       ORDER BY id ASC","timestamp":"2026-07-31T18:06:44.863Z"}
{"duration":3,"level":"info","message":"db-query","rows":22,"text":"SELECT * FROM locations WHERE location_type_id=2 AND company_id =$1","timestamp":"2026-07-31T18:06:44.866Z"}
{"duration":2,"level":"info","message":"db-query","rows":0,"text":"SELECT * FROM fare_by_vehicles WHERE vehicle_type_id=$1 AND company_id=$2","timestamp":"2026-07-31T18:06:44.869Z"}
{"duration":3,"level":"info","message":"db-query","rows":3,"text":"\n      SELECT *\n      FROM fare_increments\n      WHERE company_id=$1\n      ORDER BY id DESC\n    ","timestamp":"2026-07-31T18:06:44.872Z"}
{"level":"info","message":"POST /api/fares/calculate-fare 200 70.123 ms","timestamp":"2026-07-31T18:06:44.876Z"}
{"duration":5,"level":"info","message":"db-query","rows":26,"text":"SELECT * FROM location_types","timestamp":"2026-07-31T18:08:39.545Z"}
{"level":"info","message":"GET /api/location-types 200 11.778 ms","timestamp":"2026-07-31T18:08:39.552Z"}
{"duration":49,"level":"info","message":"db-query","rows":26,"text":"SELECT * FROM location_types","timestamp":"2026-07-31T18:08:39.590Z"}
{"level":"info","message":"GET /api/location-types 200 50.468 ms","timestamp":"2026-07-31T18:08:39.592Z"}
{"duration":6,"level":"info","message":"db-query","rows":26,"text":"SELECT * FROM location_types","timestamp":"2026-07-31T18:09:12.097Z"}
{"level":"info","message":"GET /api/location-types 200 13.437 ms","timestamp":"2026-07-31T18:09:12.106Z"}
{"duration":163,"level":"info","message":"db-query","rows":26,"text":"SELECT * FROM location_types","timestamp":"2026-07-31T18:09:12.256Z"}
{"level":"info","message":"GET /api/location-types 200 163.607 ms","timestamp":"2026-07-31T18:09:12.257Z"}
{"duration":7,"level":"info","message":"db-query","rows":26,"text":"SELECT * FROM location_types","timestamp":"2026-07-31T18:09:20.975Z"}
{"level":"info","message":"GET /api/location-types 200 15.233 ms","timestamp":"2026-07-31T18:09:20.983Z"}
{"duration":92,"level":"info","message":"db-query","rows":26,"text":"SELECT * FROM location_types","timestamp":"2026-07-31T18:09:21.064Z"}
{"level":"info","message":"GET /api/location-types 200 92.937 ms","timestamp":"2026-07-31T18:09:21.065Z"}
{"duration":5,"level":"info","message":"db-query","rows":26,"text":"SELECT * FROM location_types","timestamp":"2026-07-31T18:10:28.365Z"}
{"level":"info","message":"GET /api/location-types 200 11.073 ms","timestamp":"2026-07-31T18:10:28.372Z"}
{"duration":52,"level":"info","message":"db-query","rows":26,"text":"SELECT * FROM location_types","timestamp":"2026-07-31T18:10:28.413Z"}
{"level":"info","message":"GET /api/location-types 200 53.372 ms","timestamp":"2026-07-31T18:10:28.415Z"}
{"duration":5,"level":"info","message":"db-query","rows":26,"text":"SELECT * FROM location_types","timestamp":"2026-07-31T18:10:34.149Z"}
{"level":"info","message":"GET /api/location-types 200 14.606 ms","timestamp":"2026-07-31T18:10:34.159Z"}
{"duration":175,"level":"info","message":"db-query","rows":26,"text":"SELECT * FROM location_types","timestamp":"2026-07-31T18:10:34.320Z"}
{"level":"info","message":"GET /api/location-types 200 180.206 ms","timestamp":"2026-07-31T18:10:34.326Z"}
{"duration":4,"level":"info","message":"db-query","rows":26,"text":"SELECT * FROM location_types","timestamp":"2026-07-31T18:10:41.412Z"}
{"level":"info","message":"GET /api/location-types 200 10.382 ms","timestamp":"2026-07-31T18:10:41.418Z"}
{"duration":61,"level":"info","message":"db-query","rows":26,"text":"SELECT * FROM location_types","timestamp":"2026-07-31T18:10:41.470Z"}
{"level":"info","message":"GET /api/location-types 200 62.972 ms","timestamp":"2026-07-31T18:10:41.472Z"}
{"duration":5,"level":"info","message":"db-query","rows":26,"text":"SELECT * FROM location_types","timestamp":"2026-07-31T18:11:01.754Z"}
{"level":"info","message":"GET /api/location-types 200 10.820 ms","timestamp":"2026-07-31T18:11:01.761Z"}
{"duration":2,"level":"info","message":"db-query","rows":26,"text":"SELECT * FROM location_types","timestamp":"2026-07-31T18:11:01.770Z"}
{"level":"info","message":"GET /api/location-types 200 3.801 ms","timestamp":"2026-07-31T18:11:01.773Z"}
{"duration":5,"level":"info","message":"db-query","rows":26,"text":"SELECT * FROM location_types","timestamp":"2026-07-31T18:11:07.680Z"}
{"level":"info","message":"GET /api/location-types 200 12.191 ms","timestamp":"2026-07-31T18:11:07.690Z"}
{"duration":65,"level":"info","message":"db-query","rows":26,"text":"SELECT * FROM location_types","timestamp":"2026-07-31T18:11:07.741Z"}
{"level":"info","message":"GET /api/location-types 200 70.524 ms","timestamp":"2026-07-31T18:11:07.747Z"}
{"duration":7,"level":"info","message":"db-query","rows":26,"text":"SELECT * FROM location_types","timestamp":"2026-07-31T18:11:15.693Z"}
{"level":"info","message":"GET /api/location-types 200 12.731 ms","timestamp":"2026-07-31T18:11:15.699Z"}
{"duration":159,"level":"info","message":"db-query","rows":26,"text":"SELECT * FROM location_types","timestamp":"2026-07-31T18:11:15.847Z"}
{"level":"info","message":"GET /api/location-types 200 160.339 ms","timestamp":"2026-07-31T18:11:15.849Z"}
{"duration":6,"level":"info","message":"db-query","rows":26,"text":"SELECT * FROM location_types","timestamp":"2026-07-31T18:11:28.949Z"}
{"level":"info","message":"GET /api/location-types 200 24.470 ms","timestamp":"2026-07-31T18:11:28.970Z"}
{"duration":78,"level":"info","message":"db-query","rows":26,"text":"SELECT * FROM location_types","timestamp":"2026-07-31T18:11:29.024Z"}
{"level":"info","message":"GET /api/location-types 200 79.574 ms","timestamp":"2026-07-31T18:11:29.026Z"}
{"duration":170,"level":"info","message":"db-query","rows":0,"text":"SELECT * FROM fixed_fares WHERE vehicle_type_id=$1 AND company_id = $2","timestamp":"2026-07-31T18:12:00.305Z"}
{"duration":2,"level":"info","message":"db-query","rows":0,"text":"SELECT * FROM fare_configurations\n       WHERE vehicle_type_id=$1 AND company_id = $2\n       ORDER BY id ASC","timestamp":"2026-07-31T18:12:00.314Z"}
{"duration":2,"level":"info","message":"db-query","rows":22,"text":"SELECT * FROM locations WHERE location_type_id=2 AND company_id =$1","timestamp":"2026-07-31T18:12:00.317Z"}
{"duration":3,"level":"info","message":"db-query","rows":0,"text":"SELECT * FROM fare_by_vehicles WHERE vehicle_type_id=$1 AND company_id=$2","timestamp":"2026-07-31T18:12:00.321Z"}
{"duration":2,"level":"info","message":"db-query","rows":3,"text":"\n      SELECT *\n      FROM fare_increments\n      WHERE company_id=$1\n      ORDER BY id DESC\n    ","timestamp":"2026-07-31T18:12:00.326Z"}
{"level":"info","message":"POST /api/fares/calculate-fare 200 280.520 ms","timestamp":"2026-07-31T18:12:00.330Z"}
{"duration":6,"level":"info","message":"db-query","rows":26,"text":"SELECT * FROM location_types","timestamp":"2026-07-31T18:15:02.646Z"}
{"level":"info","message":"GET /api/location-types 200 13.983 ms","timestamp":"2026-07-31T18:15:02.654Z"}
{"duration":52,"level":"info","message":"db-query","rows":26,"text":"SELECT * FROM location_types","timestamp":"2026-07-31T18:15:02.693Z"}
{"level":"info","message":"GET /api/location-types 200 53.280 ms","timestamp":"2026-07-31T18:15:02.695Z"}
{"duration":4,"level":"info","message":"db-query","rows":0,"text":"SELECT * FROM fixed_fares WHERE vehicle_type_id=$1 AND company_id = $2","timestamp":"2026-07-31T18:15:06.775Z"}
{"duration":2,"level":"info","message":"db-query","rows":0,"text":"SELECT * FROM fare_configurations\n       WHERE vehicle_type_id=$1 AND company_id = $2\n       ORDER BY id ASC","timestamp":"2026-07-31T18:15:06.778Z"}
{"duration":3,"level":"info","message":"db-query","rows":22,"text":"SELECT * FROM locations WHERE location_type_id=2 AND company_id =$1","timestamp":"2026-07-31T18:15:06.782Z"}
{"duration":2,"level":"info","message":"db-query","rows":0,"text":"SELECT * FROM fare_by_vehicles WHERE vehicle_type_id=$1 AND company_id=$2","timestamp":"2026-07-31T18:15:06.785Z"}
{"duration":3,"level":"info","message":"db-query","rows":3,"text":"\n      SELECT *\n      FROM fare_increments\n      WHERE company_id=$1\n      ORDER BY id DESC\n    ","timestamp":"2026-07-31T18:15:06.797Z"}
{"level":"info","message":"POST /api/fares/calculate-fare 200 58.149 ms","timestamp":"2026-07-31T18:15:06.802Z"}
{"duration":59,"level":"info","message":"db-query","rows":0,"text":"SELECT * FROM fixed_fares WHERE vehicle_type_id=$1 AND company_id = $2","timestamp":"2026-07-31T18:15:31.582Z"}
{"duration":3,"level":"info","message":"db-query","rows":0,"text":"SELECT * FROM fare_configurations\n       WHERE vehicle_type_id=$1 AND company_id = $2\n       ORDER BY id ASC","timestamp":"2026-07-31T18:15:31.586Z"}
{"duration":3,"level":"info","message":"db-query","rows":22,"text":"SELECT * FROM locations WHERE location_type_id=2 AND company_id =$1","timestamp":"2026-07-31T18:15:31.590Z"}
{"duration":2,"level":"info","message":"db-query","rows":3,"text":"\n      SELECT *\n      FROM fare_increments\n      WHERE company_id=$1\n      ORDER BY id DESC\n    ","timestamp":"2026-07-31T18:15:31.593Z"}
{"level":"info","message":"POST /api/fares/calculate-fare 200 73.522 ms","timestamp":"2026-07-31T18:15:31.596Z"}
