{"duration":66,"level":"info","message":"db-query","rows":26,"text":"SELECT * FROM location_types","timestamp":"2026-07-08T10:47:54.634Z"}
{"level":"info","message":"GET /api/location-types 200 73.380 ms","timestamp":"2026-07-08T10:47:54.642Z"}
{"duration":133,"level":"info","message":"db-query","rows":26,"text":"SELECT * FROM location_types","timestamp":"2026-07-08T10:47:54.702Z"}
{"level":"info","message":"GET /api/location-types 200 133.672 ms","timestamp":"2026-07-08T10:47:54.703Z"}
{"duration":5,"level":"info","message":"db-query","rows":26,"text":"SELECT * FROM location_types","timestamp":"2026-07-08T10:48:36.521Z"}
{"level":"info","message":"GET /api/location-types 200 10.947 ms","timestamp":"2026-07-08T10:48:36.527Z"}
{"duration":48,"level":"info","message":"db-query","rows":26,"text":"SELECT * FROM location_types","timestamp":"2026-07-08T10:48:36.565Z"}
{"level":"info","message":"GET /api/location-types 200 49.017 ms","timestamp":"2026-07-08T10:48:36.566Z"}
{"duration":5,"level":"info","message":"db-query","rows":26,"text":"SELECT * FROM location_types","timestamp":"2026-07-08T11:11:05.594Z"}
{"level":"info","message":"GET /api/location-types 200 10.899 ms","timestamp":"2026-07-08T11:11:05.601Z"}
{"duration":47,"level":"info","message":"db-query","rows":26,"text":"SELECT * FROM location_types","timestamp":"2026-07-08T11:11:05.638Z"}
{"level":"info","message":"GET /api/location-types 200 48.826 ms","timestamp":"2026-07-08T11:11:05.640Z"}
{"duration":10,"level":"info","message":"db-query","rows":26,"text":"SELECT * FROM location_types","timestamp":"2026-07-08T11:11:18.810Z"}
{"level":"info","message":"GET /api/location-types 200 19.821 ms","timestamp":"2026-07-08T11:11:18.818Z"}
{"duration":61,"level":"info","message":"db-query","rows":26,"text":"SELECT * FROM location_types","timestamp":"2026-07-08T11:11:18.864Z"}
{"level":"info","message":"GET /api/location-types 200 62.349 ms","timestamp":"2026-07-08T11:11:18.865Z"}
{"duration":10,"level":"info","message":"db-query","rows":26,"text":"SELECT * FROM location_types","timestamp":"2026-07-08T11:11:30.217Z"}
{"level":"info","message":"GET /api/location-types 200 22.500 ms","timestamp":"2026-07-08T11:11:30.230Z"}
{"duration":76,"level":"info","message":"db-query","rows":26,"text":"SELECT * FROM location_types","timestamp":"2026-07-08T11:11:30.287Z"}
{"level":"info","message":"GET /api/location-types 200 77.768 ms","timestamp":"2026-07-08T11:11:30.289Z"}
{"duration":31,"level":"info","message":"db-query","rows":26,"text":"SELECT * FROM location_types","timestamp":"2026-07-08T11:11:37.249Z"}
{"level":"info","message":"GET /api/location-types 200 57.042 ms","timestamp":"2026-07-08T11:11:37.277Z"}
{"duration":119,"level":"info","message":"db-query","rows":26,"text":"SELECT * FROM location_types","timestamp":"2026-07-08T11:11:37.360Z"}
{"duration":5,"level":"info","message":"db-query","rows":26,"text":"SELECT * FROM location_types","timestamp":"2026-07-08T11:11:39.983Z"}
{"level":"info","message":"GET /api/location-types 200 10.990 ms","timestamp":"2026-07-08T11:11:39.990Z"}
{"duration":49,"level":"info","message":"db-query","rows":26,"text":"SELECT * FROM location_types","timestamp":"2026-07-08T11:11:40.029Z"}
{"level":"info","message":"GET /api/location-types 200 51.003 ms","timestamp":"2026-07-08T11:11:40.031Z"}
{"duration":7,"level":"info","message":"db-query","rows":26,"text":"SELECT * FROM location_types","timestamp":"2026-07-08T11:11:54.613Z"}
{"level":"info","message":"GET /api/location-types 200 13.887 ms","timestamp":"2026-07-08T11:11:54.620Z"}
{"duration":166,"level":"info","message":"db-query","rows":26,"text":"SELECT * FROM location_types","timestamp":"2026-07-08T11:11:54.774Z"}
{"level":"info","message":"GET /api/location-types 200 167.402 ms","timestamp":"2026-07-08T11:11:54.776Z"}
{"duration":14,"level":"info","message":"db-query","rows":26,"text":"SELECT * FROM location_types","timestamp":"2026-07-08T11:12:33.773Z"}
{"level":"info","message":"GET /api/location-types 200 29.538 ms","timestamp":"2026-07-08T11:12:33.790Z"}
{"duration":90,"level":"info","message":"db-query","rows":26,"text":"SELECT * FROM location_types","timestamp":"2026-07-08T11:12:33.856Z"}
{"level":"info","message":"GET /api/location-types 200 92.117 ms","timestamp":"2026-07-08T11:12:33.858Z"}
{"duration":5,"level":"info","message":"db-query","rows":26,"text":"SELECT * FROM location_types","timestamp":"2026-07-08T11:12:41.982Z"}
{"level":"info","message":"GET /api/location-types 200 12.697 ms","timestamp":"2026-07-08T11:12:41.989Z"}
{"duration":65,"level":"info","message":"db-query","rows":26,"text":"SELECT * FROM location_types","timestamp":"2026-07-08T11:12:42.043Z"}
{"level":"info","message":"GET /api/location-types 200 66.444 ms","timestamp":"2026-07-08T11:12:42.045Z"}
{"duration":5,"level":"info","message":"db-query","rows":26,"text":"SELECT * FROM location_types","timestamp":"2026-07-08T11:13:09.771Z"}
{"level":"info","message":"GET /api/location-types 200 12.489 ms","timestamp":"2026-07-08T11:13:09.779Z"}
{"duration":52,"level":"info","message":"db-query","rows":26,"text":"SELECT * FROM location_types","timestamp":"2026-07-08T11:13:09.819Z"}
{"level":"info","message":"GET /api/location-types 200 53.201 ms","timestamp":"2026-07-08T11:13:09.820Z"}
{"duration":6,"level":"info","message":"db-query","rows":26,"text":"SELECT * FROM location_types","timestamp":"2026-07-08T11:13:41.648Z"}
{"level":"info","message":"GET /api/location-types 200 13.272 ms","timestamp":"2026-07-08T11:13:41.655Z"}
{"duration":181,"level":"info","message":"db-query","rows":26,"text":"SELECT * FROM location_types","timestamp":"2026-07-08T11:13:41.825Z"}
{"level":"info","message":"GET /api/location-types 200 181.964 ms","timestamp":"2026-07-08T11:13:41.827Z"}
{"duration":7,"level":"info","message":"db-query","rows":26,"text":"SELECT * FROM location_types","timestamp":"2026-07-08T11:13:50.399Z"}
{"level":"info","message":"GET /api/location-types 200 12.905 ms","timestamp":"2026-07-08T11:13:50.406Z"}
{"duration":66,"level":"info","message":"db-query","rows":26,"text":"SELECT * FROM location_types","timestamp":"2026-07-08T11:13:50.463Z"}
{"level":"info","message":"GET /api/location-types 200 67.280 ms","timestamp":"2026-07-08T11:13:50.464Z"}
{"duration":7,"level":"info","message":"db-query","rows":26,"text":"SELECT * FROM location_types","timestamp":"2026-07-08T11:14:03.295Z"}
{"level":"info","message":"GET /api/location-types 200 12.552 ms","timestamp":"2026-07-08T11:14:03.302Z"}
{"duration":155,"level":"info","message":"db-query","rows":26,"text":"SELECT * FROM location_types","timestamp":"2026-07-08T11:14:03.446Z"}
{"level":"info","message":"GET /api/location-types 200 156.032 ms","timestamp":"2026-07-08T11:14:03.447Z"}
{"duration":5,"level":"info","message":"db-query","rows":26,"text":"SELECT * FROM location_types","timestamp":"2026-07-08T11:14:07.058Z"}
{"level":"info","message":"GET /api/location-types 200 12.075 ms","timestamp":"2026-07-08T11:14:07.066Z"}
{"duration":153,"level":"info","message":"db-query","rows":26,"text":"SELECT * FROM location_types","timestamp":"2026-07-08T11:14:07.208Z"}
{"level":"info","message":"GET /api/location-types 200 154.959 ms","timestamp":"2026-07-08T11:14:07.210Z"}
{"duration":7,"level":"info","message":"db-query","rows":26,"text":"SELECT * FROM location_types","timestamp":"2026-07-08T11:14:10.505Z"}
{"level":"info","message":"GET /api/location-types 200 17.602 ms","timestamp":"2026-07-08T11:14:10.515Z"}
{"duration":182,"level":"info","message":"db-query","rows":26,"text":"SELECT * FROM location_types","timestamp":"2026-07-08T11:14:10.682Z"}
{"level":"info","message":"GET /api/location-types 200 183.552 ms","timestamp":"2026-07-08T11:14:10.683Z"}
{"duration":12,"level":"info","message":"db-query","rows":26,"text":"SELECT * FROM location_types","timestamp":"2026-07-08T11:14:18.596Z"}
{"level":"info","message":"GET /api/location-types 200 21.196 ms","timestamp":"2026-07-08T11:14:18.605Z"}
{"duration":59,"level":"info","message":"db-query","rows":26,"text":"SELECT * FROM location_types","timestamp":"2026-07-08T11:14:18.648Z"}
{"level":"info","message":"GET /api/location-types 200 60.324 ms","timestamp":"2026-07-08T11:14:18.649Z"}
{"duration":5,"level":"info","message":"db-query","rows":26,"text":"SELECT * FROM location_types","timestamp":"2026-07-08T11:14:23.035Z"}
{"level":"info","message":"GET /api/location-types 200 10.931 ms","timestamp":"2026-07-08T11:14:23.042Z"}
{"duration":51,"level":"info","message":"db-query","rows":26,"text":"SELECT * FROM location_types","timestamp":"2026-07-08T11:14:23.084Z"}
{"level":"info","message":"GET /api/location-types 200 53.632 ms","timestamp":"2026-07-08T11:14:23.085Z"}
{"duration":6,"level":"info","message":"db-query","rows":26,"text":"SELECT * FROM location_types","timestamp":"2026-07-08T11:14:26.343Z"}
{"level":"info","message":"GET /api/location-types 200 14.890 ms","timestamp":"2026-07-08T11:14:26.351Z"}
{"duration":63,"level":"info","message":"db-query","rows":26,"text":"SELECT * FROM location_types","timestamp":"2026-07-08T11:14:26.401Z"}
{"level":"info","message":"GET /api/location-types 200 64.223 ms","timestamp":"2026-07-08T11:14:26.403Z"}
{"duration":14,"level":"info","message":"db-query","rows":26,"text":"SELECT * FROM location_types","timestamp":"2026-07-08T11:14:30.197Z"}
{"level":"info","message":"GET /api/location-types 200 34.393 ms","timestamp":"2026-07-08T11:14:30.217Z"}
{"duration":82,"level":"info","message":"db-query","rows":26,"text":"SELECT * FROM location_types","timestamp":"2026-07-08T11:14:30.268Z"}
{"level":"info","message":"GET /api/location-types 200 84.024 ms","timestamp":"2026-07-08T11:14:30.269Z"}
{"duration":6,"level":"info","message":"db-query","rows":26,"text":"SELECT * FROM location_types","timestamp":"2026-07-08T11:14:38.011Z"}
{"level":"info","message":"GET /api/location-types 200 13.976 ms","timestamp":"2026-07-08T11:14:38.019Z"}
{"duration":75,"level":"info","message":"db-query","rows":26,"text":"SELECT * FROM location_types","timestamp":"2026-07-08T11:14:38.081Z"}
{"level":"info","message":"GET /api/location-types 200 76.476 ms","timestamp":"2026-07-08T11:14:38.083Z"}
{"duration":9,"level":"info","message":"db-query","rows":26,"text":"SELECT * FROM location_types","timestamp":"2026-07-08T11:14:41.424Z"}
{"level":"info","message":"GET /api/location-types 200 16.768 ms","timestamp":"2026-07-08T11:14:41.431Z"}
{"duration":54,"level":"info","message":"db-query","rows":26,"text":"SELECT * FROM location_types","timestamp":"2026-07-08T11:14:41.472Z"}
{"level":"info","message":"GET /api/location-types 200 55.341 ms","timestamp":"2026-07-08T11:14:41.473Z"}
{"duration":5,"level":"info","message":"db-query","rows":26,"text":"SELECT * FROM location_types","timestamp":"2026-07-08T11:14:50.604Z"}
{"level":"info","message":"GET /api/location-types 200 11.164 ms","timestamp":"2026-07-08T11:14:50.612Z"}
{"duration":1,"level":"info","message":"db-query","rows":26,"text":"SELECT * FROM location_types","timestamp":"2026-07-08T11:14:50.620Z"}
{"level":"info","message":"GET /api/location-types 200 2.495 ms","timestamp":"2026-07-08T11:14:50.621Z"}
{"duration":6,"level":"info","message":"db-query","rows":26,"text":"SELECT * FROM location_types","timestamp":"2026-07-08T11:17:21.352Z"}
{"level":"info","message":"GET /api/location-types 200 14.475 ms","timestamp":"2026-07-08T11:17:21.360Z"}
{"duration":150,"level":"info","message":"db-query","rows":26,"text":"SELECT * FROM location_types","timestamp":"2026-07-08T11:17:21.497Z"}
{"level":"info","message":"GET /api/location-types 200 150.810 ms","timestamp":"2026-07-08T11:17:21.498Z"}
{"duration":5,"level":"info","message":"db-query","rows":26,"text":"SELECT * FROM location_types","timestamp":"2026-07-08T11:18:05.374Z"}
{"level":"info","message":"GET /api/location-types 200 12.493 ms","timestamp":"2026-07-08T11:18:05.382Z"}
{"duration":52,"level":"info","message":"db-query","rows":26,"text":"SELECT * FROM location_types","timestamp":"2026-07-08T11:18:05.422Z"}
{"level":"info","message":"GET /api/location-types 200 53.141 ms","timestamp":"2026-07-08T11:18:05.424Z"}
{"duration":6,"level":"info","message":"db-query","rows":26,"text":"SELECT * FROM location_types","timestamp":"2026-07-08T11:18:10.361Z"}
{"level":"info","message":"GET /api/location-types 200 41.575 ms","timestamp":"2026-07-08T11:18:10.396Z"}
{"duration":83,"level":"info","message":"db-query","rows":26,"text":"SELECT * FROM location_types","timestamp":"2026-07-08T11:18:10.440Z"}
{"level":"info","message":"GET /api/location-types 200 85.111 ms","timestamp":"2026-07-08T11:18:10.442Z"}
{"duration":12,"level":"info","message":"db-query","rows":26,"text":"SELECT * FROM location_types","timestamp":"2026-07-08T11:18:13.353Z"}
{"level":"info","message":"GET /api/location-types 200 25.309 ms","timestamp":"2026-07-08T11:18:13.364Z"}
{"duration":77,"level":"info","message":"db-query","rows":26,"text":"SELECT * FROM location_types","timestamp":"2026-07-08T11:18:13.422Z"}
{"level":"info","message":"GET /api/location-types 200 78.370 ms","timestamp":"2026-07-08T11:18:13.423Z"}
{"duration":10,"level":"info","message":"db-query","rows":26,"text":"SELECT * FROM location_types","timestamp":"2026-07-08T11:18:16.331Z"}
{"level":"info","message":"GET /api/location-types 200 18.488 ms","timestamp":"2026-07-08T11:18:16.338Z"}
{"duration":59,"level":"info","message":"db-query","rows":26,"text":"SELECT * FROM location_types","timestamp":"2026-07-08T11:18:16.383Z"}
{"level":"info","message":"GET /api/location-types 200 62.761 ms","timestamp":"2026-07-08T11:18:16.386Z"}
{"duration":12,"level":"info","message":"db-query","rows":26,"text":"SELECT * FROM location_types","timestamp":"2026-07-08T11:18:20.922Z"}
{"level":"info","message":"GET /api/location-types 200 22.840 ms","timestamp":"2026-07-08T11:18:20.932Z"}
{"duration":171,"level":"info","message":"db-query","rows":26,"text":"SELECT * FROM location_types","timestamp":"2026-07-08T11:18:21.086Z"}
{"level":"info","message":"GET /api/location-types 200 173.242 ms","timestamp":"2026-07-08T11:18:21.088Z"}
{"duration":7,"level":"info","message":"db-query","rows":26,"text":"SELECT * FROM location_types","timestamp":"2026-07-08T11:18:29.388Z"}
{"level":"info","message":"GET /api/location-types 200 15.800 ms","timestamp":"2026-07-08T11:18:29.397Z"}
{"duration":55,"level":"info","message":"db-query","rows":26,"text":"SELECT * FROM location_types","timestamp":"2026-07-08T11:18:29.438Z"}
{"level":"info","message":"GET /api/location-types 200 57.256 ms","timestamp":"2026-07-08T11:18:29.440Z"}
{"duration":5,"level":"info","message":"db-query","rows":26,"text":"SELECT * FROM location_types","timestamp":"2026-07-08T11:18:32.276Z"}
{"level":"info","message":"GET /api/location-types 200 11.902 ms","timestamp":"2026-07-08T11:18:32.283Z"}
{"duration":51,"level":"info","message":"db-query","rows":26,"text":"SELECT * FROM location_types","timestamp":"2026-07-08T11:18:32.322Z"}
{"level":"info","message":"GET /api/location-types 200 52.287 ms","timestamp":"2026-07-08T11:18:32.324Z"}
{"duration":7,"level":"info","message":"db-query","rows":26,"text":"SELECT * FROM location_types","timestamp":"2026-07-08T11:24:41.893Z"}
{"level":"info","message":"GET /api/location-types 200 14.251 ms","timestamp":"2026-07-08T11:24:41.900Z"}
{"duration":174,"level":"info","message":"db-query","rows":26,"text":"SELECT * FROM location_types","timestamp":"2026-07-08T11:24:42.061Z"}
{"level":"info","message":"GET /api/location-types 200 175.083 ms","timestamp":"2026-07-08T11:24:42.063Z"}
{"duration":113,"level":"info","message":"db-query","rows":0,"text":"\n    SELECT\n      dn.*,\n      json_build_object(\n        'name', s.name\n      ) AS subsidiary\n    FROM document_numbers dn\n    LEFT JOIN subsidiaries s ON s.id = dn.subsidiary_id\n    WHERE dn.id = $1\n  ","timestamp":"2026-07-08T11:26:32.439Z"}
{"level":"info","message":"GET /api/document/document_numbers/6 404 114.772 ms","timestamp":"2026-07-08T11:26:32.440Z"}
{"duration":54,"level":"info","message":"db-query","rows":1,"text":"\n    SELECT\n      dn.*,\n      json_build_object(\n        'name', s.name\n      ) AS subsidiary\n    FROM document_numbers dn\n    LEFT JOIN subsidiaries s ON s.id = dn.subsidiary_id\n    WHERE dn.id = $1\n  ","timestamp":"2026-07-08T11:26:55.063Z"}
{"level":"info","message":"GET /api/document/document_numbers/3 200 56.583 ms","timestamp":"2026-07-08T11:26:55.065Z"}
{"duration":5,"level":"info","message":"db-query","rows":26,"text":"SELECT * FROM location_types","timestamp":"2026-07-08T11:28:49.255Z"}
{"level":"info","message":"GET /api/location-types 200 11.357 ms","timestamp":"2026-07-08T11:28:49.262Z"}
{"duration":59,"level":"info","message":"db-query","rows":26,"text":"SELECT * FROM location_types","timestamp":"2026-07-08T11:28:49.311Z"}
{"level":"info","message":"GET /api/location-types 200 60.605 ms","timestamp":"2026-07-08T11:28:49.313Z"}
{"duration":16,"level":"info","message":"db-query","rows":26,"text":"SELECT * FROM location_types","timestamp":"2026-07-08T11:28:55.618Z"}
{"level":"info","message":"GET /api/location-types 200 26.984 ms","timestamp":"2026-07-08T11:28:55.627Z"}
{"duration":64,"level":"info","message":"db-query","rows":26,"text":"SELECT * FROM location_types","timestamp":"2026-07-08T11:28:55.670Z"}
{"level":"info","message":"GET /api/location-types 200 65.342 ms","timestamp":"2026-07-08T11:28:55.671Z"}
{"level":"info","message":"POST /api/document/document_numbers/add 500 1.477 ms","timestamp":"2026-07-08T11:33:24.612Z"}
{"duration":11,"level":"info","message":"db-query","rows":26,"text":"SELECT * FROM location_types","timestamp":"2026-07-08T11:34:09.118Z"}
{"level":"info","message":"GET /api/location-types 200 23.101 ms","timestamp":"2026-07-08T11:34:09.128Z"}
{"duration":82,"level":"info","message":"db-query","rows":26,"text":"SELECT * FROM location_types","timestamp":"2026-07-08T11:34:09.193Z"}
{"level":"info","message":"GET /api/location-types 200 83.825 ms","timestamp":"2026-07-08T11:34:09.195Z"}
{"duration":5,"level":"info","message":"db-query","rows":26,"text":"SELECT * FROM location_types","timestamp":"2026-07-08T11:34:22.526Z"}
{"level":"info","message":"GET /api/location-types 200 11.707 ms","timestamp":"2026-07-08T11:34:22.533Z"}
{"duration":53,"level":"info","message":"db-query","rows":26,"text":"SELECT * FROM location_types","timestamp":"2026-07-08T11:34:22.575Z"}
{"level":"info","message":"GET /api/location-types 200 54.550 ms","timestamp":"2026-07-08T11:34:22.577Z"}
{"duration":5,"level":"info","message":"db-query","rows":26,"text":"SELECT * FROM location_types","timestamp":"2026-07-08T11:34:26.920Z"}
{"level":"info","message":"GET /api/location-types 200 11.773 ms","timestamp":"2026-07-08T11:34:26.927Z"}
{"duration":70,"level":"info","message":"db-query","rows":26,"text":"SELECT * FROM location_types","timestamp":"2026-07-08T11:34:26.986Z"}
{"level":"info","message":"GET /api/location-types 200 71.469 ms","timestamp":"2026-07-08T11:34:26.988Z"}
{"level":"info","message":"POST /api/document/document_numbers/add 500 3.261 ms","timestamp":"2026-07-08T11:34:36.694Z"}
{"duration":5,"level":"info","message":"db-query","rows":26,"text":"SELECT * FROM location_types","timestamp":"2026-07-08T11:34:36.716Z"}
{"level":"info","message":"GET /api/location-types 200 7.196 ms","timestamp":"2026-07-08T11:34:36.718Z"}
{"duration":2,"level":"info","message":"db-query","rows":26,"text":"SELECT * FROM location_types","timestamp":"2026-07-08T11:34:36.743Z"}
{"level":"info","message":"GET /api/location-types 200 4.573 ms","timestamp":"2026-07-08T11:34:36.745Z"}
{"duration":9,"level":"info","message":"db-query","rows":26,"text":"SELECT * FROM location_types","timestamp":"2026-07-08T11:36:12.566Z"}
{"level":"info","message":"GET /api/location-types 200 19.970 ms","timestamp":"2026-07-08T11:36:12.577Z"}
{"duration":60,"level":"info","message":"db-query","rows":26,"text":"SELECT * FROM location_types","timestamp":"2026-07-08T11:36:12.621Z"}
{"level":"info","message":"GET /api/location-types 200 61.533 ms","timestamp":"2026-07-08T11:36:12.622Z"}
{"duration":5,"level":"info","message":"db-query","rows":26,"text":"SELECT * FROM location_types","timestamp":"2026-07-08T11:36:56.450Z"}
{"level":"info","message":"GET /api/location-types 200 11.567 ms","timestamp":"2026-07-08T11:36:56.456Z"}
{"duration":153,"level":"info","message":"db-query","rows":26,"text":"SELECT * FROM location_types","timestamp":"2026-07-08T11:36:56.600Z"}
{"level":"info","message":"GET /api/location-types 200 154.794 ms","timestamp":"2026-07-08T11:36:56.601Z"}
{"duration":12,"level":"info","message":"db-query","rows":26,"text":"SELECT * FROM location_types","timestamp":"2026-07-08T11:37:18.552Z"}
{"level":"info","message":"GET /api/location-types 200 24.680 ms","timestamp":"2026-07-08T11:37:18.563Z"}
{"duration":191,"level":"info","message":"db-query","rows":26,"text":"SELECT * FROM location_types","timestamp":"2026-07-08T11:37:18.736Z"}
{"level":"info","message":"GET /api/location-types 200 192.635 ms","timestamp":"2026-07-08T11:37:18.737Z"}
{"duration":7,"level":"info","message":"db-query","rows":26,"text":"SELECT * FROM location_types","timestamp":"2026-07-08T11:37:23.960Z"}
{"level":"info","message":"GET /api/location-types 200 13.023 ms","timestamp":"2026-07-08T11:37:23.967Z"}
{"duration":53,"level":"info","message":"db-query","rows":26,"text":"SELECT * FROM location_types","timestamp":"2026-07-08T11:37:24.010Z"}
{"level":"info","message":"GET /api/location-types 200 55.627 ms","timestamp":"2026-07-08T11:37:24.012Z"}
{"duration":4,"level":"info","message":"db-query","rows":0,"text":"\n    SELECT id\n    FROM document_numbers\n    WHERE subsidiary_id = $1\n      AND document_table = $2\n    ","timestamp":"2026-07-08T11:37:25.284Z"}
{"level":"info","message":"POST /api/document/document_numbers/add 500 33.300 ms","timestamp":"2026-07-08T11:37:25.312Z"}
{"duration":57,"level":"info","message":"db-query","rows":0,"text":"\n    SELECT id\n    FROM document_numbers\n    WHERE subsidiary_id = $1\n      AND document_table = $2\n    ","timestamp":"2026-07-08T11:39:57.078Z"}
{"duration":10,"level":"info","message":"db-query","rows":1,"text":"\n    INSERT INTO document_numbers\n    (\n      subsidiary_id,\n      document_table,\n      document_column,\n      prefix,\n      start_number,\n      end_number,\n      increment_value,\n      auto_increment\n    )\n    VALUES($1,$2,$3,$4,$5,$6,$7,$8)\n    RETURNING *\n    ","timestamp":"2026-07-08T11:39:57.089Z"}
{"level":"info","message":"POST /api/document/document_numbers/add 200 69.827 ms","timestamp":"2026-07-08T11:39:57.091Z"}
{"duration":52,"level":"info","message":"db-query","rows":6,"text":"\n    SELECT\n      dn.*,\n      json_build_object(\n        'name', s.name\n      ) AS subsidiary\n    FROM document_numbers dn\n    LEFT JOIN subsidiaries s ON s.id = dn.subsidiary_id\n    ORDER BY dn.id\n    OFFSET $1 LIMIT $2\n  ","timestamp":"2026-07-08T11:41:22.958Z"}
{"duration":1,"level":"info","message":"db-query","rows":1,"text":"SELECT COUNT(*) FROM document_numbers","timestamp":"2026-07-08T11:41:22.960Z"}
{"level":"info","message":"GET /api/document/document_numbers/get 200 55.532 ms","timestamp":"2026-07-08T11:41:22.962Z"}
{"duration":53,"level":"info","message":"db-query","rows":6,"text":"\n    SELECT\n      dn.*,\n      json_build_object(\n        'name', s.name\n      ) AS subsidiary\n    FROM document_numbers dn\n    LEFT JOIN subsidiaries s ON s.id = dn.subsidiary_id\n    ORDER BY dn.id\n    OFFSET $1 LIMIT $2\n  ","timestamp":"2026-07-08T11:48:08.953Z"}
{"duration":1,"level":"info","message":"db-query","rows":1,"text":"SELECT COUNT(*) FROM document_numbers","timestamp":"2026-07-08T11:48:08.954Z"}
{"level":"info","message":"GET /api/document/document_numbers/get 200 55.129 ms","timestamp":"2026-07-08T11:48:08.956Z"}
{"duration":5,"level":"info","message":"db-query","rows":26,"text":"SELECT * FROM location_types","timestamp":"2026-07-08T11:48:37.977Z"}
{"level":"info","message":"GET /api/location-types 200 11.314 ms","timestamp":"2026-07-08T11:48:37.984Z"}
{"duration":52,"level":"info","message":"db-query","rows":26,"text":"SELECT * FROM location_types","timestamp":"2026-07-08T11:48:38.025Z"}
{"level":"info","message":"GET /api/location-types 200 53.636 ms","timestamp":"2026-07-08T11:48:38.027Z"}
{"duration":6,"level":"info","message":"db-query","rows":26,"text":"SELECT * FROM location_types","timestamp":"2026-07-08T11:48:42.527Z"}
{"level":"info","message":"GET /api/location-types 200 13.069 ms","timestamp":"2026-07-08T11:48:42.535Z"}
{"duration":58,"level":"info","message":"db-query","rows":26,"text":"SELECT * FROM location_types","timestamp":"2026-07-08T11:48:42.581Z"}
{"level":"info","message":"GET /api/location-types 200 59.661 ms","timestamp":"2026-07-08T11:48:42.583Z"}
{"duration":6,"level":"info","message":"db-query","rows":26,"text":"SELECT * FROM location_types","timestamp":"2026-07-08T11:48:51.221Z"}
{"level":"info","message":"GET /api/location-types 200 14.252 ms","timestamp":"2026-07-08T11:48:51.229Z"}
{"duration":52,"level":"info","message":"db-query","rows":26,"text":"SELECT * FROM location_types","timestamp":"2026-07-08T11:48:51.269Z"}
{"level":"info","message":"GET /api/location-types 200 55.518 ms","timestamp":"2026-07-08T11:48:51.272Z"}
{"duration":56,"level":"info","message":"db-query","rows":6,"text":"\n    SELECT\n      dn.*,\n      json_build_object(\n        'name', s.name\n      ) AS subsidiary\n    FROM document_numbers dn\n    LEFT JOIN subsidiaries s ON s.id = dn.subsidiary_id\n    ORDER BY dn.id\n    OFFSET $1 LIMIT $2\n  ","timestamp":"2026-07-08T12:39:58.977Z"}
{"duration":1,"level":"info","message":"db-query","rows":1,"text":"SELECT COUNT(*) FROM document_numbers","timestamp":"2026-07-08T12:39:58.980Z"}
{"level":"info","message":"GET /api/document/document_numbers/get 200 62.179 ms","timestamp":"2026-07-08T12:39:58.982Z"}
{"level":"info","message":"GET /favicon.ico 404 2.206 ms","timestamp":"2026-07-08T12:39:59.034Z"}
{"duration":61,"level":"info","message":"db-query","rows":6,"text":"\n    SELECT\n      dn.*,\n      json_build_object(\n        'name', s.name\n      ) AS subsidiary\n    FROM document_numbers dn\n    LEFT JOIN subsidiaries s ON s.id = dn.subsidiary_id\n    ORDER BY dn.id\n    OFFSET $1 LIMIT $2\n  ","timestamp":"2026-07-08T13:07:55.829Z"}
{"duration":1,"level":"info","message":"db-query","rows":1,"text":"SELECT COUNT(*) FROM document_numbers","timestamp":"2026-07-08T13:07:55.832Z"}
{"level":"info","message":"GET /api/document/document_numbers/get 200 65.118 ms","timestamp":"2026-07-08T13:07:55.833Z"}
{"duration":10,"level":"info","message":"db-query","rows":26,"text":"SELECT * FROM location_types","timestamp":"2026-07-08T13:08:09.292Z"}
{"level":"info","message":"GET /api/location-types 200 22.354 ms","timestamp":"2026-07-08T13:08:09.303Z"}
{"duration":172,"level":"info","message":"db-query","rows":26,"text":"SELECT * FROM location_types","timestamp":"2026-07-08T13:08:09.457Z"}
{"level":"info","message":"GET /api/location-types 200 173.055 ms","timestamp":"2026-07-08T13:08:09.458Z"}
{"duration":15,"level":"info","message":"db-query","rows":6,"text":"\n    SELECT\n      dn.id,\n      json_build_object(\n        'name', s.name\n      ) AS subsidiary\n    FROM document_numbers dn\n    LEFT JOIN subsidiaries s ON s.id = dn.subsidiary_id\n    ORDER BY dn.id\n    OFFSET $1 LIMIT $2\n  ","timestamp":"2026-07-08T13:08:33.750Z"}
{"duration":2,"level":"info","message":"db-query","rows":1,"text":"SELECT COUNT(*) FROM document_numbers","timestamp":"2026-07-08T13:08:33.757Z"}
{"level":"info","message":"GET /api/document/document_numbers/get 200 31.731 ms","timestamp":"2026-07-08T13:08:33.765Z"}
{"duration":2,"level":"info","message":"db-query","rows":26,"text":"SELECT * FROM location_types","timestamp":"2026-07-08T13:08:33.772Z"}
{"level":"info","message":"GET /api/location-types 200 5.966 ms","timestamp":"2026-07-08T13:08:33.776Z"}
{"duration":70,"level":"info","message":"db-query","rows":26,"text":"SELECT * FROM location_types","timestamp":"2026-07-08T13:08:33.842Z"}
{"level":"info","message":"GET /api/location-types 200 71.966 ms","timestamp":"2026-07-08T13:08:33.843Z"}
{"duration":20,"level":"info","message":"db-query","rows":6,"text":"\n    SELECT\n      dn.*,\n      json_build_object(\n        'name', s.name\n      ) AS subsidiary\n    FROM document_numbers dn\n    LEFT JOIN subsidiaries s ON s.id = dn.subsidiary_id\n    ORDER BY dn.id\n    OFFSET $1 LIMIT $2\n  ","timestamp":"2026-07-08T13:08:44.988Z"}
{"duration":1,"level":"info","message":"db-query","rows":1,"text":"SELECT COUNT(*) FROM document_numbers","timestamp":"2026-07-08T13:08:44.993Z"}
{"level":"info","message":"GET /api/document/document_numbers/get 200 33.315 ms","timestamp":"2026-07-08T13:08:44.998Z"}
{"duration":3,"level":"info","message":"db-query","rows":26,"text":"SELECT * FROM location_types","timestamp":"2026-07-08T13:08:45.163Z"}
{"level":"info","message":"GET /api/location-types 200 5.151 ms","timestamp":"2026-07-08T13:08:45.165Z"}
{"duration":67,"level":"info","message":"db-query","rows":26,"text":"SELECT * FROM location_types","timestamp":"2026-07-08T13:08:45.228Z"}
{"level":"info","message":"GET /api/location-types 200 67.988 ms","timestamp":"2026-07-08T13:08:45.229Z"}
{"duration":5,"level":"info","message":"db-query","rows":26,"text":"SELECT * FROM location_types","timestamp":"2026-07-08T13:08:57.017Z"}
{"level":"info","message":"GET /api/location-types 200 10.466 ms","timestamp":"2026-07-08T13:08:57.023Z"}
{"duration":55,"level":"info","message":"db-query","rows":26,"text":"SELECT * FROM location_types","timestamp":"2026-07-08T13:08:57.068Z"}
{"level":"info","message":"GET /api/location-types 200 55.892 ms","timestamp":"2026-07-08T13:08:57.069Z"}
{"duration":7,"level":"info","message":"db-query","rows":26,"text":"SELECT * FROM location_types","timestamp":"2026-07-08T13:09:01.768Z"}
{"level":"info","message":"GET /api/location-types 200 14.768 ms","timestamp":"2026-07-08T13:09:01.777Z"}
{"duration":72,"level":"info","message":"db-query","rows":26,"text":"SELECT * FROM location_types","timestamp":"2026-07-08T13:09:01.836Z"}
{"level":"info","message":"GET /api/location-types 200 73.667 ms","timestamp":"2026-07-08T13:09:01.838Z"}
{"duration":7,"level":"info","message":"db-query","rows":26,"text":"SELECT * FROM location_types","timestamp":"2026-07-08T13:09:04.769Z"}
{"level":"info","message":"GET /api/location-types 200 14.986 ms","timestamp":"2026-07-08T13:09:04.778Z"}
{"duration":119,"level":"info","message":"db-query","rows":26,"text":"SELECT * FROM location_types","timestamp":"2026-07-08T13:09:04.884Z"}
{"level":"info","message":"GET /api/location-types 200 129.785 ms","timestamp":"2026-07-08T13:09:04.895Z"}
{"duration":6,"level":"info","message":"db-query","rows":26,"text":"SELECT * FROM location_types","timestamp":"2026-07-08T13:09:10.470Z"}
{"level":"info","message":"GET /api/location-types 200 14.616 ms","timestamp":"2026-07-08T13:09:10.480Z"}
{"duration":65,"level":"info","message":"db-query","rows":26,"text":"SELECT * FROM location_types","timestamp":"2026-07-08T13:09:10.531Z"}
{"level":"info","message":"GET /api/location-types 200 80.015 ms","timestamp":"2026-07-08T13:09:10.547Z"}
{"duration":5,"level":"info","message":"db-query","rows":26,"text":"SELECT * FROM location_types","timestamp":"2026-07-08T13:09:13.636Z"}
{"level":"info","message":"GET /api/location-types 200 11.878 ms","timestamp":"2026-07-08T13:09:13.645Z"}
{"duration":72,"level":"info","message":"db-query","rows":26,"text":"SELECT * FROM location_types","timestamp":"2026-07-08T13:09:13.705Z"}
{"level":"info","message":"GET /api/location-types 200 79.379 ms","timestamp":"2026-07-08T13:09:13.713Z"}
{"duration":5,"level":"info","message":"db-query","rows":26,"text":"SELECT * FROM location_types","timestamp":"2026-07-08T13:09:17.412Z"}
{"level":"info","message":"GET /api/location-types 200 10.973 ms","timestamp":"2026-07-08T13:09:17.419Z"}
{"duration":60,"level":"info","message":"db-query","rows":26,"text":"SELECT * FROM location_types","timestamp":"2026-07-08T13:09:17.469Z"}
{"level":"info","message":"GET /api/location-types 200 60.633 ms","timestamp":"2026-07-08T13:09:17.470Z"}
{"duration":10,"level":"info","message":"db-query","rows":26,"text":"SELECT * FROM location_types","timestamp":"2026-07-08T13:09:29.034Z"}
{"level":"info","message":"GET /api/location-types 200 20.861 ms","timestamp":"2026-07-08T13:09:29.045Z"}
{"duration":61,"level":"info","message":"db-query","rows":26,"text":"SELECT * FROM location_types","timestamp":"2026-07-08T13:09:29.088Z"}
{"level":"info","message":"GET /api/location-types 200 62.573 ms","timestamp":"2026-07-08T13:09:29.090Z"}
{"duration":9,"level":"info","message":"db-query","rows":26,"text":"SELECT * FROM location_types","timestamp":"2026-07-08T13:09:34.737Z"}
{"level":"info","message":"GET /api/location-types 200 20.313 ms","timestamp":"2026-07-08T13:09:34.749Z"}
{"duration":62,"level":"info","message":"db-query","rows":26,"text":"SELECT * FROM location_types","timestamp":"2026-07-08T13:09:34.793Z"}
{"level":"info","message":"GET /api/location-types 200 63.633 ms","timestamp":"2026-07-08T13:09:34.795Z"}
{"duration":4,"level":"info","message":"db-query","rows":26,"text":"SELECT * FROM location_types","timestamp":"2026-07-08T13:09:37.787Z"}
{"level":"info","message":"GET /api/location-types 200 10.311 ms","timestamp":"2026-07-08T13:09:37.793Z"}
{"duration":1,"level":"info","message":"db-query","rows":26,"text":"SELECT * FROM location_types","timestamp":"2026-07-08T13:09:37.800Z"}
{"level":"info","message":"GET /api/location-types 200 2.185 ms","timestamp":"2026-07-08T13:09:37.801Z"}
{"duration":8,"level":"info","message":"db-query","rows":26,"text":"SELECT * FROM location_types","timestamp":"2026-07-08T13:09:43.369Z"}
{"level":"info","message":"GET /api/location-types 200 16.206 ms","timestamp":"2026-07-08T13:09:43.377Z"}
{"duration":1,"level":"info","message":"db-query","rows":26,"text":"SELECT * FROM location_types","timestamp":"2026-07-08T13:09:43.388Z"}
{"level":"info","message":"GET /api/location-types 200 2.684 ms","timestamp":"2026-07-08T13:09:43.389Z"}
{"duration":5,"level":"info","message":"db-query","rows":26,"text":"SELECT * FROM location_types","timestamp":"2026-07-08T13:09:46.239Z"}
{"level":"info","message":"GET /api/location-types 200 10.944 ms","timestamp":"2026-07-08T13:09:46.245Z"}
{"duration":47,"level":"info","message":"db-query","rows":26,"text":"SELECT * FROM location_types","timestamp":"2026-07-08T13:09:46.282Z"}
{"level":"info","message":"GET /api/location-types 200 48.778 ms","timestamp":"2026-07-08T13:09:46.284Z"}
{"duration":5,"level":"info","message":"db-query","rows":26,"text":"SELECT * FROM location_types","timestamp":"2026-07-08T13:09:51.967Z"}
{"level":"info","message":"GET /api/location-types 200 12.821 ms","timestamp":"2026-07-08T13:09:51.975Z"}
{"duration":51,"level":"info","message":"db-query","rows":26,"text":"SELECT * FROM location_types","timestamp":"2026-07-08T13:09:52.014Z"}
{"level":"info","message":"GET /api/location-types 200 51.559 ms","timestamp":"2026-07-08T13:09:52.015Z"}
{"duration":6,"level":"info","message":"db-query","rows":26,"text":"SELECT * FROM location_types","timestamp":"2026-07-08T13:09:57.087Z"}
{"level":"info","message":"GET /api/location-types 200 13.515 ms","timestamp":"2026-07-08T13:09:57.096Z"}
{"duration":50,"level":"info","message":"db-query","rows":26,"text":"SELECT * FROM location_types","timestamp":"2026-07-08T13:09:57.134Z"}
{"level":"info","message":"GET /api/location-types 200 52.075 ms","timestamp":"2026-07-08T13:09:57.136Z"}
{"duration":5,"level":"info","message":"db-query","rows":26,"text":"SELECT * FROM location_types","timestamp":"2026-07-08T13:10:07.121Z"}
{"level":"info","message":"GET /api/location-types 200 13.227 ms","timestamp":"2026-07-08T13:10:07.129Z"}
{"duration":49,"level":"info","message":"db-query","rows":26,"text":"SELECT * FROM location_types","timestamp":"2026-07-08T13:10:07.166Z"}
{"level":"info","message":"GET /api/location-types 200 50.178 ms","timestamp":"2026-07-08T13:10:07.168Z"}
{"duration":6,"level":"info","message":"db-query","rows":26,"text":"SELECT * FROM location_types","timestamp":"2026-07-08T13:10:13.380Z"}
{"level":"info","message":"GET /api/location-types 200 12.021 ms","timestamp":"2026-07-08T13:10:13.386Z"}
{"duration":63,"level":"info","message":"db-query","rows":26,"text":"SELECT * FROM location_types","timestamp":"2026-07-08T13:10:13.439Z"}
{"level":"info","message":"GET /api/location-types 200 65.010 ms","timestamp":"2026-07-08T13:10:13.442Z"}
{"duration":11,"level":"info","message":"db-query","rows":26,"text":"SELECT * FROM location_types","timestamp":"2026-07-08T13:10:16.725Z"}
{"level":"info","message":"GET /api/location-types 200 18.228 ms","timestamp":"2026-07-08T13:10:16.732Z"}
{"duration":50,"level":"info","message":"db-query","rows":26,"text":"SELECT * FROM location_types","timestamp":"2026-07-08T13:10:16.770Z"}
{"level":"info","message":"GET /api/location-types 200 52.660 ms","timestamp":"2026-07-08T13:10:16.772Z"}
{"duration":10,"level":"info","message":"db-query","rows":26,"text":"SELECT * FROM location_types","timestamp":"2026-07-08T13:10:20.597Z"}
{"level":"info","message":"GET /api/location-types 200 17.658 ms","timestamp":"2026-07-08T13:10:20.604Z"}
{"duration":165,"level":"info","message":"db-query","rows":26,"text":"SELECT * FROM location_types","timestamp":"2026-07-08T13:10:20.754Z"}
{"level":"info","message":"GET /api/location-types 200 166.107 ms","timestamp":"2026-07-08T13:10:20.756Z"}
{"duration":11,"level":"info","message":"db-query","rows":26,"text":"SELECT * FROM location_types","timestamp":"2026-07-08T13:10:26.673Z"}
{"level":"info","message":"GET /api/location-types 200 25.091 ms","timestamp":"2026-07-08T13:10:26.686Z"}
{"duration":72,"level":"info","message":"db-query","rows":26,"text":"SELECT * FROM location_types","timestamp":"2026-07-08T13:10:26.738Z"}
{"level":"info","message":"GET /api/location-types 200 73.307 ms","timestamp":"2026-07-08T13:10:26.739Z"}
{"duration":6,"level":"info","message":"db-query","rows":26,"text":"SELECT * FROM location_types","timestamp":"2026-07-08T13:10:34.479Z"}
{"level":"info","message":"GET /api/location-types 200 12.788 ms","timestamp":"2026-07-08T13:10:34.486Z"}
{"duration":67,"level":"info","message":"db-query","rows":26,"text":"SELECT * FROM location_types","timestamp":"2026-07-08T13:10:34.543Z"}
{"level":"info","message":"GET /api/location-types 200 68.616 ms","timestamp":"2026-07-08T13:10:34.545Z"}
{"duration":10,"level":"info","message":"db-query","rows":26,"text":"SELECT * FROM location_types","timestamp":"2026-07-08T13:10:41.926Z"}
{"level":"info","message":"GET /api/location-types 200 19.578 ms","timestamp":"2026-07-08T13:10:41.935Z"}
{"duration":58,"level":"info","message":"db-query","rows":26,"text":"SELECT * FROM location_types","timestamp":"2026-07-08T13:10:41.978Z"}
{"level":"info","message":"GET /api/location-types 200 60.351 ms","timestamp":"2026-07-08T13:10:41.980Z"}
{"duration":10,"level":"info","message":"db-query","rows":26,"text":"SELECT * FROM location_types","timestamp":"2026-07-08T13:10:48.049Z"}
{"level":"info","message":"GET /api/location-types 200 19.584 ms","timestamp":"2026-07-08T13:10:48.059Z"}
{"duration":62,"level":"info","message":"db-query","rows":26,"text":"SELECT * FROM location_types","timestamp":"2026-07-08T13:10:48.105Z"}
{"level":"info","message":"GET /api/location-types 200 63.745 ms","timestamp":"2026-07-08T13:10:48.107Z"}
{"duration":9,"level":"info","message":"db-query","rows":6,"text":"\n    SELECT\n      dn.id,\n      dn.subsidiary_id,\n      dn.document_table,\n      dn.document_column,\n      dn.prefix,\n      dn.start_number,\n      dn.end_number,\n      dn.increment_value,\n      dn.auto_increment,\n      dn.created_at,\n      dn.updated_at,\n      json_build_object(\n        'name', s.name\n      ) AS subsidiary\n    FROM document_numbers dn\n    LEFT JOIN subsidiaries s ON s.id = dn.subsidiary_id\n    ORDER BY dn.id\n    OFFSET $1 LIMIT $2\n  ","timestamp":"2026-07-08T13:10:57.135Z"}
{"duration":5,"level":"info","message":"db-query","rows":1,"text":"SELECT COUNT(*) FROM document_numbers","timestamp":"2026-07-08T13:10:57.143Z"}
{"level":"info","message":"GET /api/document/document_numbers/get 200 22.159 ms","timestamp":"2026-07-08T13:10:57.147Z"}
{"duration":80,"level":"info","message":"db-query","rows":26,"text":"SELECT * FROM location_types","timestamp":"2026-07-08T13:10:57.220Z"}
{"level":"info","message":"GET /api/location-types 200 81.537 ms","timestamp":"2026-07-08T13:10:57.222Z"}
{"duration":81,"level":"info","message":"db-query","rows":26,"text":"SELECT * FROM location_types","timestamp":"2026-07-08T13:10:57.223Z"}
{"level":"info","message":"GET /api/location-types 200 82.108 ms","timestamp":"2026-07-08T13:10:57.224Z"}
{"duration":14,"level":"info","message":"db-query","rows":6,"text":"\n    SELECT\n      dn.*,\n      json_build_object(\n        'name', s.name\n      ) AS subsidiary\n    FROM document_numbers dn\n    LEFT JOIN subsidiaries s ON s.id = dn.subsidiary_id\n    ORDER BY dn.id\n    OFFSET $1 LIMIT $2\n  ","timestamp":"2026-07-08T13:11:24.869Z"}
{"duration":2,"level":"info","message":"db-query","rows":1,"text":"SELECT COUNT(*) FROM document_numbers","timestamp":"2026-07-08T13:11:24.875Z"}
{"level":"info","message":"GET /api/document/document_numbers/get 200 29.079 ms","timestamp":"2026-07-08T13:11:24.881Z"}
{"duration":3,"level":"info","message":"db-query","rows":26,"text":"SELECT * FROM location_types","timestamp":"2026-07-08T13:11:24.890Z"}
{"level":"info","message":"GET /api/location-types 200 6.069 ms","timestamp":"2026-07-08T13:11:24.892Z"}
{"duration":61,"level":"info","message":"db-query","rows":26,"text":"SELECT * FROM location_types","timestamp":"2026-07-08T13:11:24.949Z"}
{"level":"info","message":"GET /api/location-types 200 62.129 ms","timestamp":"2026-07-08T13:11:24.950Z"}
{"duration":10,"level":"info","message":"db-query","rows":6,"text":"\n    SELECT\n      dn.id,\n      dn.subsidiary_id,\n      dn.document_table,\n      dn.document_column,\n      dn.prefix,\n      dn.start_number,\n      dn.end_number,\n      dn.increment_value,\n      dn.auto_increment,\n      dn.created_at,\n      dn.updated_at,\n      json_build_object(\n        'name', s.name\n      ) AS subsidiary\n    FROM document_numbers dn\n    LEFT JOIN subsidiaries s ON s.id = dn.subsidiary_id\n    ORDER BY dn.id\n    OFFSET $1 LIMIT $2\n  ","timestamp":"2026-07-08T13:11:41.828Z"}
{"duration":1,"level":"info","message":"db-query","rows":1,"text":"SELECT COUNT(*) FROM document_numbers","timestamp":"2026-07-08T13:11:41.832Z"}
{"level":"info","message":"GET /api/document/document_numbers/get 200 18.858 ms","timestamp":"2026-07-08T13:11:41.836Z"}
{"duration":2,"level":"info","message":"db-query","rows":26,"text":"SELECT * FROM location_types","timestamp":"2026-07-08T13:11:42.068Z"}
{"level":"info","message":"GET /api/location-types 200 3.173 ms","timestamp":"2026-07-08T13:11:42.069Z"}
{"duration":51,"level":"info","message":"db-query","rows":26,"text":"SELECT * FROM location_types","timestamp":"2026-07-08T13:11:42.118Z"}
{"level":"info","message":"GET /api/location-types 200 52.258 ms","timestamp":"2026-07-08T13:11:42.119Z"}
{"duration":5,"level":"info","message":"db-query","rows":6,"text":"\n    SELECT\n      dn.id,\n      dn.subsidiary_id,\n      dn.document_table,\n      dn.document_column,\n      dn.prefix,\n      dn.start_number,\n      dn.end_number,\n      dn.increment_value,\n      dn.auto_increment,\n      dn.created_at,\n      dn.updated_at,\n      json_build_object(\n        'name', s.name\n      ) AS subsidiary\n    FROM document_numbers dn\n    LEFT JOIN subsidiaries s ON s.id = dn.subsidiary_id\n    ORDER BY dn.id\n    OFFSET $1 LIMIT $2\n  ","timestamp":"2026-07-08T13:11:45.963Z"}
{"duration":1,"level":"info","message":"db-query","rows":1,"text":"SELECT COUNT(*) FROM document_numbers","timestamp":"2026-07-08T13:11:45.964Z"}
{"level":"info","message":"GET /api/document/document_numbers/get 200 9.181 ms","timestamp":"2026-07-08T13:11:45.966Z"}
{"duration":14,"level":"info","message":"db-query","rows":26,"text":"SELECT * FROM location_types","timestamp":"2026-07-08T13:12:08.643Z"}
{"level":"info","message":"GET /api/location-types 200 30.776 ms","timestamp":"2026-07-08T13:12:08.658Z"}
{"duration":98,"level":"info","message":"db-query","rows":26,"text":"SELECT * FROM location_types","timestamp":"2026-07-08T13:12:08.734Z"}
{"level":"info","message":"GET /api/location-types 200 100.807 ms","timestamp":"2026-07-08T13:12:08.735Z"}
{"duration":5,"level":"info","message":"db-query","rows":26,"text":"SELECT * FROM location_types","timestamp":"2026-07-08T13:12:32.326Z"}
{"level":"info","message":"GET /api/location-types 200 12.435 ms","timestamp":"2026-07-08T13:12:32.333Z"}
{"duration":63,"level":"info","message":"db-query","rows":26,"text":"SELECT * FROM location_types","timestamp":"2026-07-08T13:12:32.386Z"}
{"level":"info","message":"GET /api/location-types 200 64.727 ms","timestamp":"2026-07-08T13:12:32.387Z"}
{"duration":11,"level":"info","message":"db-query","rows":26,"text":"SELECT * FROM location_types","timestamp":"2026-07-08T13:12:38.868Z"}
{"level":"info","message":"GET /api/location-types 200 20.842 ms","timestamp":"2026-07-08T13:12:38.877Z"}
{"duration":59,"level":"info","message":"db-query","rows":26,"text":"SELECT * FROM location_types","timestamp":"2026-07-08T13:12:38.921Z"}
{"level":"info","message":"GET /api/location-types 200 61.251 ms","timestamp":"2026-07-08T13:12:38.923Z"}
{"duration":16,"level":"info","message":"db-query","rows":26,"text":"SELECT * FROM location_types","timestamp":"2026-07-08T13:12:50.745Z"}
{"level":"info","message":"GET /api/location-types 200 24.891 ms","timestamp":"2026-07-08T13:12:50.757Z"}
{"duration":79,"level":"info","message":"db-query","rows":26,"text":"SELECT * FROM location_types","timestamp":"2026-07-08T13:12:50.815Z"}
{"level":"info","message":"GET /api/location-types 200 80.641 ms","timestamp":"2026-07-08T13:12:50.816Z"}
{"duration":6,"level":"info","message":"db-query","rows":26,"text":"SELECT * FROM location_types","timestamp":"2026-07-08T13:12:57.443Z"}
{"level":"info","message":"GET /api/location-types 200 27.538 ms","timestamp":"2026-07-08T13:12:57.466Z"}
{"duration":83,"level":"info","message":"db-query","rows":26,"text":"SELECT * FROM location_types","timestamp":"2026-07-08T13:12:57.522Z"}
{"level":"info","message":"GET /api/location-types 200 91.252 ms","timestamp":"2026-07-08T13:12:57.530Z"}
{"duration":7,"level":"info","message":"db-query","rows":26,"text":"SELECT * FROM location_types","timestamp":"2026-07-08T13:13:03.753Z"}
{"level":"info","message":"GET /api/location-types 200 13.057 ms","timestamp":"2026-07-08T13:13:03.760Z"}
{"duration":148,"level":"info","message":"db-query","rows":26,"text":"SELECT * FROM location_types","timestamp":"2026-07-08T13:13:03.897Z"}
{"level":"info","message":"GET /api/location-types 200 149.807 ms","timestamp":"2026-07-08T13:13:03.899Z"}
{"level":"info","message":"GET /api/document/document_numbers/get?company_id=2 500 9.284 ms","timestamp":"2026-07-08T13:13:08.052Z"}
{"level":"info","message":"GET /api/document/document_numbers/get?company_id=1 500 149.830 ms","timestamp":"2026-07-08T13:13:15.538Z"}
{"duration":8,"level":"info","message":"db-query","rows":26,"text":"SELECT * FROM location_types","timestamp":"2026-07-08T13:14:03.215Z"}
{"level":"info","message":"GET /api/location-types 200 17.345 ms","timestamp":"2026-07-08T13:14:03.223Z"}
{"duration":55,"level":"info","message":"db-query","rows":26,"text":"SELECT * FROM location_types","timestamp":"2026-07-08T13:14:03.265Z"}
{"level":"info","message":"GET /api/location-types 200 56.519 ms","timestamp":"2026-07-08T13:14:03.267Z"}
{"duration":5,"level":"info","message":"db-query","rows":26,"text":"SELECT * FROM location_types","timestamp":"2026-07-08T13:14:15.309Z"}
{"level":"info","message":"GET /api/location-types 200 10.358 ms","timestamp":"2026-07-08T13:14:15.315Z"}
{"duration":58,"level":"info","message":"db-query","rows":26,"text":"SELECT * FROM location_types","timestamp":"2026-07-08T13:14:15.364Z"}
{"level":"info","message":"GET /api/location-types 200 59.323 ms","timestamp":"2026-07-08T13:14:15.366Z"}
{"level":"info","message":"GET /api/document/document_numbers/get?company_id=1 500 9.876 ms","timestamp":"2026-07-08T13:14:21.851Z"}
{"duration":49,"level":"info","message":"db-query","rows":26,"text":"SELECT * FROM location_types","timestamp":"2026-07-08T13:14:22.287Z"}
{"level":"info","message":"GET /api/location-types 200 51.332 ms","timestamp":"2026-07-08T13:14:22.289Z"}
{"duration":158,"level":"info","message":"db-query","rows":26,"text":"SELECT * FROM location_types","timestamp":"2026-07-08T13:14:22.397Z"}
{"level":"info","message":"GET /api/location-types 200 159.307 ms","timestamp":"2026-07-08T13:14:22.399Z"}
{"duration":10,"level":"info","message":"db-query","rows":6,"text":"\n    SELECT\n      dn.id,\n      dn.subsidiary_id,\n      dn.document_table,\n      dn.document_column,\n      dn.prefix,\n      dn.start_number,\n      dn.end_number,\n      dn.increment_value,\n      dn.auto_increment,\n      dn.created_at,\n      dn.updated_at,\n      json_build_object(\n        'name', s.name\n      ) AS subsidiary\n    FROM document_numbers dn\n    LEFT JOIN subsidiaries s ON s.id = dn.subsidiary_id\n    WHERE dn.company_id = $3\n    ORDER BY dn.id\n    OFFSET $1 LIMIT $2\n  ","timestamp":"2026-07-08T13:15:21.308Z"}
{"duration":2,"level":"info","message":"db-query","rows":1,"text":"SELECT COUNT(*) FROM document_numbers","timestamp":"2026-07-08T13:15:21.313Z"}
{"level":"info","message":"GET /api/document/document_numbers/get?company_id=1 200 22.693 ms","timestamp":"2026-07-08T13:15:21.318Z"}
{"duration":4,"level":"info","message":"db-query","rows":26,"text":"SELECT * FROM location_types","timestamp":"2026-07-08T13:15:21.338Z"}
{"level":"info","message":"GET /api/location-types 200 5.495 ms","timestamp":"2026-07-08T13:15:21.340Z"}
{"duration":66,"level":"info","message":"db-query","rows":26,"text":"SELECT * FROM location_types","timestamp":"2026-07-08T13:15:21.402Z"}
{"level":"info","message":"GET /api/location-types 200 66.893 ms","timestamp":"2026-07-08T13:15:21.403Z"}
{"duration":7,"level":"info","message":"db-query","rows":0,"text":"\n    SELECT\n      dn.id,\n      dn.subsidiary_id,\n      dn.document_table,\n      dn.document_column,\n      dn.prefix,\n      dn.start_number,\n      dn.end_number,\n      dn.increment_value,\n      dn.auto_increment,\n      dn.created_at,\n      dn.updated_at,\n      json_build_object(\n        'name', s.name\n      ) AS subsidiary\n    FROM document_numbers dn\n    LEFT JOIN subsidiaries s ON s.id = dn.subsidiary_id\n    WHERE dn.company_id = $3\n    ORDER BY dn.id\n    OFFSET $1 LIMIT $2\n  ","timestamp":"2026-07-08T13:15:24.777Z"}
{"duration":1,"level":"info","message":"db-query","rows":1,"text":"SELECT COUNT(*) FROM document_numbers","timestamp":"2026-07-08T13:15:24.779Z"}
{"level":"info","message":"GET /api/document/document_numbers/get?company_id=2 200 11.479 ms","timestamp":"2026-07-08T13:15:24.781Z"}
{"duration":9,"level":"info","message":"db-query","rows":26,"text":"SELECT * FROM location_types","timestamp":"2026-07-08T13:15:29.432Z"}
{"level":"info","message":"GET /api/location-types 200 31.599 ms","timestamp":"2026-07-08T13:15:29.455Z"}
{"duration":118,"level":"info","message":"db-query","rows":26,"text":"SELECT * FROM location_types","timestamp":"2026-07-08T13:15:29.546Z"}
{"level":"info","message":"GET /api/location-types 200 119.214 ms","timestamp":"2026-07-08T13:15:29.548Z"}
{"duration":12,"level":"info","message":"db-query","rows":26,"text":"SELECT * FROM location_types","timestamp":"2026-07-08T13:18:05.208Z"}
{"level":"info","message":"GET /api/location-types 200 25.497 ms","timestamp":"2026-07-08T13:18:05.221Z"}
{"duration":64,"level":"info","message":"db-query","rows":26,"text":"SELECT * FROM location_types","timestamp":"2026-07-08T13:18:05.263Z"}
{"level":"info","message":"GET /api/location-types 200 65.492 ms","timestamp":"2026-07-08T13:18:05.265Z"}
{"duration":6,"level":"info","message":"db-query","rows":26,"text":"SELECT * FROM location_types","timestamp":"2026-07-08T13:18:10.067Z"}
{"level":"info","message":"GET /api/location-types 200 13.170 ms","timestamp":"2026-07-08T13:18:10.076Z"}
{"duration":72,"level":"info","message":"db-query","rows":26,"text":"SELECT * FROM location_types","timestamp":"2026-07-08T13:18:10.136Z"}
{"level":"info","message":"GET /api/location-types 200 74.418 ms","timestamp":"2026-07-08T13:18:10.139Z"}
{"duration":5,"level":"info","message":"db-query","rows":26,"text":"SELECT * FROM location_types","timestamp":"2026-07-08T13:18:15.850Z"}
{"level":"info","message":"GET /api/location-types 200 22.444 ms","timestamp":"2026-07-08T13:18:15.868Z"}
{"duration":104,"level":"info","message":"db-query","rows":26,"text":"SELECT * FROM location_types","timestamp":"2026-07-08T13:18:15.952Z"}
{"level":"info","message":"GET /api/location-types 200 105.765 ms","timestamp":"2026-07-08T13:18:15.953Z"}
{"duration":13,"level":"info","message":"db-query","rows":26,"text":"SELECT * FROM location_types","timestamp":"2026-07-08T13:18:19.152Z"}
{"level":"info","message":"GET /api/location-types 200 29.251 ms","timestamp":"2026-07-08T13:18:19.170Z"}
{"duration":89,"level":"info","message":"db-query","rows":26,"text":"SELECT * FROM location_types","timestamp":"2026-07-08T13:18:19.233Z"}
{"level":"info","message":"GET /api/location-types 200 91.747 ms","timestamp":"2026-07-08T13:18:19.236Z"}
{"duration":5,"level":"info","message":"db-query","rows":26,"text":"SELECT * FROM location_types","timestamp":"2026-07-08T13:18:23.876Z"}
{"level":"info","message":"GET /api/location-types 200 11.086 ms","timestamp":"2026-07-08T13:18:23.882Z"}
{"duration":65,"level":"info","message":"db-query","rows":26,"text":"SELECT * FROM location_types","timestamp":"2026-07-08T13:18:23.938Z"}
{"level":"info","message":"GET /api/location-types 200 67.508 ms","timestamp":"2026-07-08T13:18:23.940Z"}
{"duration":18,"level":"info","message":"db-query","rows":26,"text":"SELECT * FROM location_types","timestamp":"2026-07-08T13:18:29.369Z"}
{"level":"info","message":"GET /api/location-types 200 33.305 ms","timestamp":"2026-07-08T13:18:29.382Z"}
{"duration":83,"level":"info","message":"db-query","rows":26,"text":"SELECT * FROM location_types","timestamp":"2026-07-08T13:18:29.438Z"}
{"level":"info","message":"GET /api/location-types 200 86.198 ms","timestamp":"2026-07-08T13:18:29.440Z"}
{"duration":8,"level":"info","message":"db-query","rows":26,"text":"SELECT * FROM location_types","timestamp":"2026-07-08T13:39:35.927Z"}
{"level":"info","message":"GET /api/location-types 200 13.313 ms","timestamp":"2026-07-08T13:39:35.934Z"}
{"duration":67,"level":"info","message":"db-query","rows":26,"text":"SELECT * FROM location_types","timestamp":"2026-07-08T13:39:35.991Z"}
{"level":"info","message":"GET /api/location-types 200 70.019 ms","timestamp":"2026-07-08T13:39:35.994Z"}
