{"duration":63,"level":"info","message":"db-query","rows":26,"text":"SELECT * FROM location_types","timestamp":"2026-09-05T06:34:57.916Z"}
{"level":"info","message":"GET /api/location-types 200 68.756 ms","timestamp":"2026-09-05T06:34:57.924Z"}
{"duration":156,"level":"info","message":"db-query","rows":26,"text":"SELECT * FROM location_types","timestamp":"2026-09-05T06:34:58.010Z"}
{"level":"info","message":"GET /api/location-types 200 157.675 ms","timestamp":"2026-09-05T06:34:58.012Z"}
{"duration":70,"level":"info","message":"db-query","rows":26,"text":"SELECT * FROM location_types","timestamp":"2026-09-05T07:30:35.017Z"}
{"level":"info","message":"GET /api/location-types 200 75.520 ms","timestamp":"2026-09-05T07:30:35.023Z"}
{"duration":81,"level":"info","message":"db-query","rows":26,"text":"SELECT * FROM location_types","timestamp":"2026-09-05T07:30:35.025Z"}
{"level":"info","message":"GET /api/location-types 200 83.160 ms","timestamp":"2026-09-05T07:30:35.027Z"}
{"duration":12,"level":"info","message":"db-query","rows":26,"text":"SELECT * FROM location_types","timestamp":"2026-09-05T07:31:51.688Z"}
{"level":"info","message":"GET /api/location-types 200 20.061 ms","timestamp":"2026-09-05T07:31:51.696Z"}
{"duration":59,"level":"info","message":"db-query","rows":26,"text":"SELECT * FROM location_types","timestamp":"2026-09-05T07:31:51.739Z"}
{"level":"info","message":"GET /api/location-types 200 61.071 ms","timestamp":"2026-09-05T07:31:51.741Z"}
{"duration":163,"level":"info","message":"db-query","rows":26,"text":"SELECT * FROM location_types","timestamp":"2026-09-05T08:51:50.915Z"}
{"level":"info","message":"GET /api/location-types 200 165.124 ms","timestamp":"2026-09-05T08:51:50.918Z"}
{"duration":3203,"level":"info","message":"db-query","rows":26,"text":"SELECT * FROM location_types","timestamp":"2026-09-05T09:38:06.040Z"}
{"level":"info","message":"GET /api/location-types 200 3210.541 ms","timestamp":"2026-09-05T09:38:06.047Z"}
{"duration":3774,"level":"info","message":"db-query","rows":26,"text":"SELECT * FROM location_types","timestamp":"2026-09-05T09:38:06.283Z"}
{"level":"info","message":"GET /api/location-types 200 3775.280 ms","timestamp":"2026-09-05T09:38:06.284Z"}
{"duration":78,"level":"info","message":"db-query","rows":26,"text":"SELECT * FROM location_types","timestamp":"2026-09-05T10:06:14.811Z"}
{"level":"info","message":"GET /api/location-types 200 79.831 ms","timestamp":"2026-09-05T10:06:14.813Z"}
{"duration":149,"level":"info","message":"db-query","rows":26,"text":"SELECT * FROM location_types","timestamp":"2026-09-05T10:06:28.164Z"}
{"level":"info","message":"GET /api/location-types?company_id=3 200 150.246 ms","timestamp":"2026-09-05T10:06:28.166Z"}
{"duration":56,"level":"info","message":"db-query","rows":4,"text":"SELECT * FROM payment_types ORDER BY id ASC","timestamp":"2026-09-05T10:07:57.317Z"}
{"level":"info","message":"GET /api/enumerations/payment-types/ 200 58.517 ms","timestamp":"2026-09-05T10:07:57.319Z"}
{"duration":6,"level":"info","message":"db-query","rows":26,"text":"SELECT * FROM location_types","timestamp":"2026-09-05T10:20:01.297Z"}
{"level":"info","message":"GET /api/location-types 200 14.422 ms","timestamp":"2026-09-05T10:20:01.305Z"}
{"duration":66,"level":"info","message":"db-query","rows":26,"text":"SELECT * FROM location_types","timestamp":"2026-09-05T10:20:01.358Z"}
{"level":"info","message":"GET /api/location-types 200 68.005 ms","timestamp":"2026-09-05T10:20:01.360Z"}
{"duration":8,"level":"info","message":"db-query","rows":26,"text":"SELECT * FROM location_types","timestamp":"2026-09-05T10:25:55.521Z"}
{"level":"info","message":"GET /api/location-types 200 15.073 ms","timestamp":"2026-09-05T10:25:55.528Z"}
{"duration":68,"level":"info","message":"db-query","rows":26,"text":"SELECT * FROM location_types","timestamp":"2026-09-05T10:25:55.586Z"}
{"level":"info","message":"GET /api/location-types 200 70.520 ms","timestamp":"2026-09-05T10:25:55.588Z"}
{"duration":161,"level":"info","message":"db-query","rows":26,"text":"SELECT * FROM location_types","timestamp":"2026-09-05T11:45:54.303Z"}
{"level":"info","message":"GET /api/location-types 200 165.303 ms","timestamp":"2026-09-05T11:45:54.306Z"}
{"duration":8,"level":"info","message":"db-query","rows":26,"text":"SELECT * FROM location_types","timestamp":"2026-09-05T11:47:40.096Z"}
{"level":"info","message":"GET /api/location-types 200 14.691 ms","timestamp":"2026-09-05T11:47:40.103Z"}
{"duration":66,"level":"info","message":"db-query","rows":26,"text":"SELECT * FROM location_types","timestamp":"2026-09-05T11:47:40.159Z"}
{"level":"info","message":"GET /api/location-types 200 70.577 ms","timestamp":"2026-09-05T11:47:40.160Z"}
{"duration":6,"level":"info","message":"db-query","rows":26,"text":"SELECT * FROM location_types","timestamp":"2026-09-05T11:48:17.029Z"}
{"level":"info","message":"GET /api/location-types 200 11.823 ms","timestamp":"2026-09-05T11:48:17.035Z"}
{"duration":53,"level":"info","message":"db-query","rows":26,"text":"SELECT * FROM location_types","timestamp":"2026-09-05T11:48:17.078Z"}
{"level":"info","message":"GET /api/location-types 200 53.807 ms","timestamp":"2026-09-05T11:48:17.079Z"}
{"duration":19,"level":"info","message":"db-query","rows":26,"text":"SELECT * FROM location_types","timestamp":"2026-09-05T11:51:57.729Z"}
{"level":"info","message":"GET /api/location-types 200 31.141 ms","timestamp":"2026-09-05T11:51:57.739Z"}
{"duration":81,"level":"info","message":"db-query","rows":26,"text":"SELECT * FROM location_types","timestamp":"2026-09-05T11:51:57.797Z"}
{"level":"info","message":"GET /api/location-types 200 82.419 ms","timestamp":"2026-09-05T11:51:57.798Z"}
{"duration":169,"level":"info","message":"db-query","rows":1,"text":"\n        INSERT INTO driver_sinbins (company_id, driver_id, message, sinbin_time, is_active, updated_at)\n        VALUES ($1, $2, $3, $4, $5, CURRENT_TIMESTAMP)\n        ON CONFLICT (company_id, driver_id) \n        DO UPDATE SET \n            message = EXCLUDED.message,\n            sinbin_time = EXCLUDED.sinbin_time,\n            is_active = EXCLUDED.is_active,\n            updated_at = CURRENT_TIMESTAMP\n        RETURNING *;\n    ","timestamp":"2026-09-05T11:52:55.807Z"}
{"duration":4,"level":"info","message":"db-query","rows":1,"text":"SELECT fcm_token FROM drivers WHERE id = $1","timestamp":"2026-09-05T11:52:55.811Z"}
{"level":"info","message":"POST /api/sinbin/driver-sinbin/add 200 174.496 ms","timestamp":"2026-09-05T11:52:55.812Z"}
{"duration":16,"level":"info","message":"db-query","rows":26,"text":"SELECT * FROM location_types","timestamp":"2026-09-05T11:56:29.837Z"}
{"level":"info","message":"GET /api/location-types 200 31.596 ms","timestamp":"2026-09-05T11:56:29.850Z"}
{"duration":186,"level":"info","message":"db-query","rows":26,"text":"SELECT * FROM location_types","timestamp":"2026-09-05T11:56:30.012Z"}
{"level":"info","message":"GET /api/location-types 200 187.603 ms","timestamp":"2026-09-05T11:56:30.014Z"}
{"duration":16,"level":"info","message":"db-query","rows":26,"text":"SELECT * FROM location_types","timestamp":"2026-09-05T11:57:17.908Z"}
{"level":"info","message":"GET /api/location-types 200 33.126 ms","timestamp":"2026-09-05T11:57:17.924Z"}
{"duration":71,"level":"info","message":"db-query","rows":26,"text":"SELECT * FROM location_types","timestamp":"2026-09-05T11:57:17.968Z"}
{"level":"info","message":"GET /api/location-types 200 72.619 ms","timestamp":"2026-09-05T11:57:17.970Z"}
{"duration":7,"level":"info","message":"db-query","rows":26,"text":"SELECT * FROM location_types","timestamp":"2026-09-05T11:57:29.435Z"}
{"level":"info","message":"GET /api/location-types 200 15.981 ms","timestamp":"2026-09-05T11:57:29.443Z"}
{"duration":50,"level":"info","message":"db-query","rows":26,"text":"SELECT * FROM location_types","timestamp":"2026-09-05T11:57:29.482Z"}
{"level":"info","message":"GET /api/location-types 200 52.362 ms","timestamp":"2026-09-05T11:57:29.483Z"}
{"duration":15,"level":"info","message":"db-query","rows":26,"text":"SELECT * FROM location_types","timestamp":"2026-09-05T11:59:49.060Z"}
{"level":"info","message":"GET /api/location-types 200 31.539 ms","timestamp":"2026-09-05T11:59:49.070Z"}
{"duration":74,"level":"info","message":"db-query","rows":26,"text":"SELECT * FROM location_types","timestamp":"2026-09-05T11:59:49.121Z"}
{"level":"info","message":"GET /api/location-types 200 76.437 ms","timestamp":"2026-09-05T11:59:49.123Z"}
{"duration":74,"level":"info","message":"db-query","rows":1,"text":"\n      SELECT company_id, driver_id \n      FROM driver_sinbins \n      WHERE is_active = TRUE \n      AND (updated_at + (sinbin_time || ' minutes')::INTERVAL) <= CURRENT_TIMESTAMP;\n    ","timestamp":"2026-09-05T12:00:00.078Z"}
{"duration":4,"level":"info","message":"db-query","rows":1,"text":"\n        INSERT INTO driver_sinbins (company_id, driver_id, message, sinbin_time, is_active, updated_at)\n        VALUES ($1, $2, $3, $4, $5, CURRENT_TIMESTAMP)\n        ON CONFLICT (company_id, driver_id) \n        DO UPDATE SET \n            message = EXCLUDED.message,\n            sinbin_time = EXCLUDED.sinbin_time,\n            is_active = EXCLUDED.is_active,\n            updated_at = CURRENT_TIMESTAMP\n        RETURNING *;\n    ","timestamp":"2026-09-05T12:00:00.084Z"}
{"duration":4,"level":"info","message":"db-query","rows":1,"text":"SELECT fcm_token FROM drivers WHERE id = $1","timestamp":"2026-09-05T12:00:00.088Z"}
{"duration":64,"level":"info","message":"db-query","rows":0,"text":"\n      SELECT company_id, driver_id \n      FROM driver_sinbins \n      WHERE is_active = TRUE \n      AND (updated_at + (sinbin_time || ' minutes')::INTERVAL) <= CURRENT_TIMESTAMP;\n    ","timestamp":"2026-09-05T12:00:30.080Z"}
{"duration":15,"level":"info","message":"db-query","rows":26,"text":"SELECT * FROM location_types","timestamp":"2026-09-05T12:00:56.772Z"}
{"level":"info","message":"GET /api/location-types 200 26.070 ms","timestamp":"2026-09-05T12:00:56.781Z"}
{"duration":64,"level":"info","message":"db-query","rows":26,"text":"SELECT * FROM location_types","timestamp":"2026-09-05T12:00:56.827Z"}
{"level":"info","message":"GET /api/location-types 200 65.425 ms","timestamp":"2026-09-05T12:00:56.828Z"}
{"duration":3,"level":"info","message":"db-query","rows":0,"text":"\n      SELECT company_id, driver_id \n      FROM driver_sinbins \n      WHERE is_active = TRUE \n      AND (updated_at + (sinbin_time || ' minutes')::INTERVAL) <= CURRENT_TIMESTAMP;\n    ","timestamp":"2026-09-05T12:01:00.023Z"}
{"duration":4,"level":"info","message":"db-query","rows":1,"text":"\n        INSERT INTO driver_sinbins (company_id, driver_id, message, sinbin_time, is_active, updated_at)\n        VALUES ($1, $2, $3, $4, $5, CURRENT_TIMESTAMP)\n        ON CONFLICT (company_id, driver_id) \n        DO UPDATE SET \n            message = EXCLUDED.message,\n            sinbin_time = EXCLUDED.sinbin_time,\n            is_active = EXCLUDED.is_active,\n            updated_at = CURRENT_TIMESTAMP\n        RETURNING *;\n    ","timestamp":"2026-09-05T12:01:08.543Z"}
{"duration":4,"level":"info","message":"db-query","rows":1,"text":"SELECT fcm_token FROM drivers WHERE id = $1","timestamp":"2026-09-05T12:01:08.548Z"}
{"level":"info","message":"POST /api/sinbin/driver-sinbin/add 200 12.543 ms","timestamp":"2026-09-05T12:01:08.550Z"}
{"duration":70,"level":"info","message":"db-query","rows":0,"text":"\n      SELECT company_id, driver_id \n      FROM driver_sinbins \n      WHERE is_active = TRUE \n      AND (updated_at + (sinbin_time || ' minutes')::INTERVAL) <= CURRENT_TIMESTAMP;\n    ","timestamp":"2026-09-05T12:01:30.088Z"}
{"duration":80,"level":"info","message":"db-query","rows":0,"text":"\n      SELECT company_id, driver_id \n      FROM driver_sinbins \n      WHERE is_active = TRUE \n      AND (updated_at + (sinbin_time || ' minutes')::INTERVAL) <= CURRENT_TIMESTAMP;\n    ","timestamp":"2026-09-05T12:02:00.085Z"}
{"duration":84,"level":"info","message":"db-query","rows":1,"text":"\n      SELECT company_id, driver_id \n      FROM driver_sinbins \n      WHERE is_active = TRUE \n      AND (updated_at + (sinbin_time || ' minutes')::INTERVAL) <= CURRENT_TIMESTAMP;\n    ","timestamp":"2026-09-05T12:02:30.091Z"}
{"duration":4,"level":"info","message":"db-query","rows":1,"text":"\n        INSERT INTO driver_sinbins (company_id, driver_id, message, sinbin_time, is_active, updated_at)\n        VALUES ($1, $2, $3, $4, $5, CURRENT_TIMESTAMP)\n        ON CONFLICT (company_id, driver_id) \n        DO UPDATE SET \n            message = EXCLUDED.message,\n            sinbin_time = EXCLUDED.sinbin_time,\n            is_active = EXCLUDED.is_active,\n            updated_at = CURRENT_TIMESTAMP\n        RETURNING *;\n    ","timestamp":"2026-09-05T12:02:30.095Z"}
{"duration":4,"level":"info","message":"db-query","rows":1,"text":"SELECT fcm_token FROM drivers WHERE id = $1","timestamp":"2026-09-05T12:02:30.099Z"}
{"duration":15,"level":"info","message":"db-query","rows":26,"text":"SELECT * FROM location_types","timestamp":"2026-09-05T12:02:41.001Z"}
{"level":"info","message":"GET /api/location-types 200 32.817 ms","timestamp":"2026-09-05T12:02:41.022Z"}
{"duration":74,"level":"info","message":"db-query","rows":26,"text":"SELECT * FROM location_types","timestamp":"2026-09-05T12:02:41.065Z"}
{"level":"info","message":"GET /api/location-types 200 75.887 ms","timestamp":"2026-09-05T12:02:41.067Z"}
{"duration":10,"level":"info","message":"db-query","rows":0,"text":"\n      SELECT company_id, driver_id \n      FROM driver_sinbins \n      WHERE is_active = TRUE \n      AND (updated_at + (sinbin_time || ' minutes')::INTERVAL) <= CURRENT_TIMESTAMP;\n    ","timestamp":"2026-09-05T12:02:50.021Z"}
{"duration":1,"level":"info","message":"db-query","rows":0,"text":"\n      SELECT company_id, driver_id \n      FROM driver_sinbins \n      WHERE is_active = TRUE \n      AND (updated_at + (sinbin_time || ' minutes')::INTERVAL) <= CURRENT_TIMESTAMP;\n    ","timestamp":"2026-09-05T12:03:00.015Z"}
{"duration":1,"level":"info","message":"db-query","rows":0,"text":"\n      SELECT company_id, driver_id \n      FROM driver_sinbins \n      WHERE is_active = TRUE \n      AND (updated_at + (sinbin_time || ' minutes')::INTERVAL) <= CURRENT_TIMESTAMP;\n    ","timestamp":"2026-09-05T12:03:10.008Z"}
{"duration":1,"level":"info","message":"db-query","rows":0,"text":"\n      SELECT company_id, driver_id \n      FROM driver_sinbins \n      WHERE is_active = TRUE \n      AND (updated_at + (sinbin_time || ' minutes')::INTERVAL) <= CURRENT_TIMESTAMP;\n    ","timestamp":"2026-09-05T12:03:20.015Z"}
{"duration":2,"level":"info","message":"db-query","rows":0,"text":"\n      SELECT company_id, driver_id \n      FROM driver_sinbins \n      WHERE is_active = TRUE \n      AND (updated_at + (sinbin_time || ' minutes')::INTERVAL) <= CURRENT_TIMESTAMP;\n    ","timestamp":"2026-09-05T12:03:30.012Z"}
{"duration":1,"level":"info","message":"db-query","rows":0,"text":"\n      SELECT company_id, driver_id \n      FROM driver_sinbins \n      WHERE is_active = TRUE \n      AND (updated_at + (sinbin_time || ' minutes')::INTERVAL) <= CURRENT_TIMESTAMP;\n    ","timestamp":"2026-09-05T12:03:40.004Z"}
{"duration":0,"level":"info","message":"db-query","rows":0,"text":"\n      SELECT company_id, driver_id \n      FROM driver_sinbins \n      WHERE is_active = TRUE \n      AND (updated_at + (sinbin_time || ' minutes')::INTERVAL) <= CURRENT_TIMESTAMP;\n    ","timestamp":"2026-09-05T12:03:50.013Z"}
{"duration":1,"level":"info","message":"db-query","rows":0,"text":"\n      SELECT company_id, driver_id \n      FROM driver_sinbins \n      WHERE is_active = TRUE \n      AND (updated_at + (sinbin_time || ' minutes')::INTERVAL) <= CURRENT_TIMESTAMP;\n    ","timestamp":"2026-09-05T12:04:00.002Z"}
{"duration":1,"level":"info","message":"db-query","rows":0,"text":"\n      SELECT company_id, driver_id \n      FROM driver_sinbins \n      WHERE is_active = TRUE \n      AND (updated_at + (sinbin_time || ' minutes')::INTERVAL) <= CURRENT_TIMESTAMP;\n    ","timestamp":"2026-09-05T12:04:10.015Z"}
{"duration":0,"level":"info","message":"db-query","rows":0,"text":"\n      SELECT company_id, driver_id \n      FROM driver_sinbins \n      WHERE is_active = TRUE \n      AND (updated_at + (sinbin_time || ' minutes')::INTERVAL) <= CURRENT_TIMESTAMP;\n    ","timestamp":"2026-09-05T12:04:20.013Z"}
{"duration":0,"level":"info","message":"db-query","rows":0,"text":"\n      SELECT company_id, driver_id \n      FROM driver_sinbins \n      WHERE is_active = TRUE \n      AND (updated_at + (sinbin_time || ' minutes')::INTERVAL) <= CURRENT_TIMESTAMP;\n    ","timestamp":"2026-09-05T12:04:30.016Z"}
{"duration":1,"level":"info","message":"db-query","rows":0,"text":"\n      SELECT company_id, driver_id \n      FROM driver_sinbins \n      WHERE is_active = TRUE \n      AND (updated_at + (sinbin_time || ' minutes')::INTERVAL) <= CURRENT_TIMESTAMP;\n    ","timestamp":"2026-09-05T12:04:40.001Z"}
{"duration":0,"level":"info","message":"db-query","rows":0,"text":"\n      SELECT company_id, driver_id \n      FROM driver_sinbins \n      WHERE is_active = TRUE \n      AND (updated_at + (sinbin_time || ' minutes')::INTERVAL) <= CURRENT_TIMESTAMP;\n    ","timestamp":"2026-09-05T12:04:50.015Z"}
{"duration":1,"level":"info","message":"db-query","rows":0,"text":"\n      SELECT company_id, driver_id \n      FROM driver_sinbins \n      WHERE is_active = TRUE \n      AND (updated_at + (sinbin_time || ' minutes')::INTERVAL) <= CURRENT_TIMESTAMP;\n    ","timestamp":"2026-09-05T12:05:00.012Z"}
{"duration":0,"level":"info","message":"db-query","rows":0,"text":"\n      SELECT company_id, driver_id \n      FROM driver_sinbins \n      WHERE is_active = TRUE \n      AND (updated_at + (sinbin_time || ' minutes')::INTERVAL) <= CURRENT_TIMESTAMP;\n    ","timestamp":"2026-09-05T12:05:10.014Z"}
{"duration":1,"level":"info","message":"db-query","rows":0,"text":"\n      SELECT company_id, driver_id \n      FROM driver_sinbins \n      WHERE is_active = TRUE \n      AND (updated_at + (sinbin_time || ' minutes')::INTERVAL) <= CURRENT_TIMESTAMP;\n    ","timestamp":"2026-09-05T12:05:20.008Z"}
{"duration":1,"level":"info","message":"db-query","rows":0,"text":"\n      SELECT company_id, driver_id \n      FROM driver_sinbins \n      WHERE is_active = TRUE \n      AND (updated_at + (sinbin_time || ' minutes')::INTERVAL) <= CURRENT_TIMESTAMP;\n    ","timestamp":"2026-09-05T12:05:30.010Z"}
{"duration":1,"level":"info","message":"db-query","rows":0,"text":"\n      SELECT company_id, driver_id \n      FROM driver_sinbins \n      WHERE is_active = TRUE \n      AND (updated_at + (sinbin_time || ' minutes')::INTERVAL) <= CURRENT_TIMESTAMP;\n    ","timestamp":"2026-09-05T12:05:40.012Z"}
{"duration":1,"level":"info","message":"db-query","rows":0,"text":"\n      SELECT company_id, driver_id \n      FROM driver_sinbins \n      WHERE is_active = TRUE \n      AND (updated_at + (sinbin_time || ' minutes')::INTERVAL) <= CURRENT_TIMESTAMP;\n    ","timestamp":"2026-09-05T12:05:50.002Z"}
{"duration":0,"level":"info","message":"db-query","rows":0,"text":"\n      SELECT company_id, driver_id \n      FROM driver_sinbins \n      WHERE is_active = TRUE \n      AND (updated_at + (sinbin_time || ' minutes')::INTERVAL) <= CURRENT_TIMESTAMP;\n    ","timestamp":"2026-09-05T12:06:00.017Z"}
{"duration":1,"level":"info","message":"db-query","rows":0,"text":"\n      SELECT company_id, driver_id \n      FROM driver_sinbins \n      WHERE is_active = TRUE \n      AND (updated_at + (sinbin_time || ' minutes')::INTERVAL) <= CURRENT_TIMESTAMP;\n    ","timestamp":"2026-09-05T12:06:10.011Z"}
{"duration":2,"level":"info","message":"db-query","rows":0,"text":"\n      SELECT company_id, driver_id \n      FROM driver_sinbins \n      WHERE is_active = TRUE \n      AND (updated_at + (sinbin_time || ' minutes')::INTERVAL) <= CURRENT_TIMESTAMP;\n    ","timestamp":"2026-09-05T12:06:20.006Z"}
{"duration":0,"level":"info","message":"db-query","rows":0,"text":"\n      SELECT company_id, driver_id \n      FROM driver_sinbins \n      WHERE is_active = TRUE \n      AND (updated_at + (sinbin_time || ' minutes')::INTERVAL) <= CURRENT_TIMESTAMP;\n    ","timestamp":"2026-09-05T12:06:30.014Z"}
{"duration":1,"level":"info","message":"db-query","rows":0,"text":"\n      SELECT company_id, driver_id \n      FROM driver_sinbins \n      WHERE is_active = TRUE \n      AND (updated_at + (sinbin_time || ' minutes')::INTERVAL) <= CURRENT_TIMESTAMP;\n    ","timestamp":"2026-09-05T12:06:40.010Z"}
{"duration":1,"level":"info","message":"db-query","rows":0,"text":"\n      SELECT company_id, driver_id \n      FROM driver_sinbins \n      WHERE is_active = TRUE \n      AND (updated_at + (sinbin_time || ' minutes')::INTERVAL) <= CURRENT_TIMESTAMP;\n    ","timestamp":"2026-09-05T12:06:50.011Z"}
{"duration":1,"level":"info","message":"db-query","rows":0,"text":"\n      SELECT company_id, driver_id \n      FROM driver_sinbins \n      WHERE is_active = TRUE \n      AND (updated_at + (sinbin_time || ' minutes')::INTERVAL) <= CURRENT_TIMESTAMP;\n    ","timestamp":"2026-09-05T12:07:00.015Z"}
{"duration":1,"level":"info","message":"db-query","rows":0,"text":"\n      SELECT company_id, driver_id \n      FROM driver_sinbins \n      WHERE is_active = TRUE \n      AND (updated_at + (sinbin_time || ' minutes')::INTERVAL) <= CURRENT_TIMESTAMP;\n    ","timestamp":"2026-09-05T12:07:10.004Z"}
{"duration":1,"level":"info","message":"db-query","rows":0,"text":"\n      SELECT company_id, driver_id \n      FROM driver_sinbins \n      WHERE is_active = TRUE \n      AND (updated_at + (sinbin_time || ' minutes')::INTERVAL) <= CURRENT_TIMESTAMP;\n    ","timestamp":"2026-09-05T12:07:20.005Z"}
{"duration":1,"level":"info","message":"db-query","rows":0,"text":"\n      SELECT company_id, driver_id \n      FROM driver_sinbins \n      WHERE is_active = TRUE \n      AND (updated_at + (sinbin_time || ' minutes')::INTERVAL) <= CURRENT_TIMESTAMP;\n    ","timestamp":"2026-09-05T12:07:30.009Z"}
{"duration":1,"level":"info","message":"db-query","rows":0,"text":"\n      SELECT company_id, driver_id \n      FROM driver_sinbins \n      WHERE is_active = TRUE \n      AND (updated_at + (sinbin_time || ' minutes')::INTERVAL) <= CURRENT_TIMESTAMP;\n    ","timestamp":"2026-09-05T12:07:40.015Z"}
{"duration":9,"level":"info","message":"db-query","rows":26,"text":"SELECT * FROM location_types","timestamp":"2026-09-05T12:07:43.891Z"}
{"level":"info","message":"GET /api/location-types 200 18.911 ms","timestamp":"2026-09-05T12:07:43.902Z"}
{"duration":61,"level":"info","message":"db-query","rows":26,"text":"SELECT * FROM location_types","timestamp":"2026-09-05T12:07:43.946Z"}
{"level":"info","message":"GET /api/location-types 200 63.082 ms","timestamp":"2026-09-05T12:07:43.948Z"}
{"duration":203,"level":"info","message":"db-query","rows":0,"text":"\n      SELECT company_id, driver_id \n      FROM driver_sinbins \n      WHERE is_active = TRUE \n      AND (updated_at + (sinbin_time || ' minutes')::INTERVAL) <= CURRENT_TIMESTAMP;\n    ","timestamp":"2026-09-05T12:08:00.215Z"}
{"duration":73,"level":"info","message":"db-query","rows":0,"text":"\n      SELECT company_id, driver_id \n      FROM driver_sinbins \n      WHERE is_active = TRUE \n      AND (updated_at + (sinbin_time || ' minutes')::INTERVAL) <= CURRENT_TIMESTAMP;\n    ","timestamp":"2026-09-05T12:09:00.082Z"}
{"duration":65,"level":"info","message":"db-query","rows":0,"text":"\n      SELECT company_id, driver_id \n      FROM driver_sinbins \n      WHERE is_active = TRUE \n      AND (updated_at + (sinbin_time || ' minutes')::INTERVAL) <= CURRENT_TIMESTAMP;\n    ","timestamp":"2026-09-05T12:10:00.078Z"}
{"duration":63,"level":"info","message":"db-query","rows":0,"text":"\n      SELECT company_id, driver_id \n      FROM driver_sinbins \n      WHERE is_active = TRUE \n      AND (updated_at + (sinbin_time || ' minutes')::INTERVAL) <= CURRENT_TIMESTAMP;\n    ","timestamp":"2026-09-05T12:11:00.077Z"}
{"duration":165,"level":"info","message":"db-query","rows":0,"text":"\n      SELECT company_id, driver_id \n      FROM driver_sinbins \n      WHERE is_active = TRUE \n      AND (updated_at + (sinbin_time || ' minutes')::INTERVAL) <= CURRENT_TIMESTAMP;\n    ","timestamp":"2026-09-05T12:12:00.181Z"}
{"duration":53,"level":"info","message":"db-query","rows":0,"text":"\n      SELECT company_id, driver_id \n      FROM driver_sinbins \n      WHERE is_active = TRUE \n      AND (updated_at + (sinbin_time || ' minutes')::INTERVAL) <= CURRENT_TIMESTAMP;\n    ","timestamp":"2026-09-05T12:13:00.055Z"}
{"duration":123,"level":"info","message":"db-query","rows":0,"text":"\n      SELECT company_id, driver_id \n      FROM driver_sinbins \n      WHERE is_active = TRUE \n      AND (updated_at + (sinbin_time || ' minutes')::INTERVAL) <= CURRENT_TIMESTAMP;\n    ","timestamp":"2026-09-05T12:14:00.125Z"}
{"duration":47,"level":"info","message":"db-query","rows":0,"text":"\n      SELECT company_id, driver_id \n      FROM driver_sinbins \n      WHERE is_active = TRUE \n      AND (updated_at + (sinbin_time || ' minutes')::INTERVAL) <= CURRENT_TIMESTAMP;\n    ","timestamp":"2026-09-05T12:15:00.050Z"}
{"duration":78,"level":"info","message":"db-query","rows":0,"text":"\n      SELECT company_id, driver_id \n      FROM driver_sinbins \n      WHERE is_active = TRUE \n      AND (updated_at + (sinbin_time || ' minutes')::INTERVAL) <= CURRENT_TIMESTAMP;\n    ","timestamp":"2026-09-05T12:16:00.089Z"}
{"duration":55,"level":"info","message":"db-query","rows":0,"text":"\n      SELECT company_id, driver_id \n      FROM driver_sinbins \n      WHERE is_active = TRUE \n      AND (updated_at + (sinbin_time || ' minutes')::INTERVAL) <= CURRENT_TIMESTAMP;\n    ","timestamp":"2026-09-05T12:17:00.057Z"}
{"duration":79,"level":"info","message":"db-query","rows":0,"text":"\n      SELECT company_id, driver_id \n      FROM driver_sinbins \n      WHERE is_active = TRUE \n      AND (updated_at + (sinbin_time || ' minutes')::INTERVAL) <= CURRENT_TIMESTAMP;\n    ","timestamp":"2026-09-05T12:18:00.094Z"}
{"duration":86,"level":"info","message":"db-query","rows":0,"text":"\n      SELECT company_id, driver_id \n      FROM driver_sinbins \n      WHERE is_active = TRUE \n      AND (updated_at + (sinbin_time || ' minutes')::INTERVAL) <= CURRENT_TIMESTAMP;\n    ","timestamp":"2026-09-05T12:19:00.098Z"}
{"duration":67,"level":"info","message":"db-query","rows":0,"text":"\n      SELECT company_id, driver_id \n      FROM driver_sinbins \n      WHERE is_active = TRUE \n      AND (updated_at + (sinbin_time || ' minutes')::INTERVAL) <= CURRENT_TIMESTAMP;\n    ","timestamp":"2026-09-05T12:20:00.079Z"}
{"duration":53,"level":"info","message":"db-query","rows":0,"text":"\n      SELECT company_id, driver_id \n      FROM driver_sinbins \n      WHERE is_active = TRUE \n      AND (updated_at + (sinbin_time || ' minutes')::INTERVAL) <= CURRENT_TIMESTAMP;\n    ","timestamp":"2026-09-05T12:21:00.063Z"}
{"duration":816,"level":"info","message":"db-query","rows":0,"text":"\n      SELECT company_id, driver_id \n      FROM driver_sinbins \n      WHERE is_active = TRUE \n      AND (updated_at + (sinbin_time || ' minutes')::INTERVAL) <= CURRENT_TIMESTAMP;\n    ","timestamp":"2026-09-05T12:22:00.862Z"}
{"duration":50,"level":"info","message":"db-query","rows":0,"text":"\n      SELECT company_id, driver_id \n      FROM driver_sinbins \n      WHERE is_active = TRUE \n      AND (updated_at + (sinbin_time || ' minutes')::INTERVAL) <= CURRENT_TIMESTAMP;\n    ","timestamp":"2026-09-05T12:23:00.066Z"}
{"duration":75,"level":"info","message":"db-query","rows":0,"text":"\n      SELECT company_id, driver_id \n      FROM driver_sinbins \n      WHERE is_active = TRUE \n      AND (updated_at + (sinbin_time || ' minutes')::INTERVAL) <= CURRENT_TIMESTAMP;\n    ","timestamp":"2026-09-05T12:24:00.088Z"}
{"duration":72,"level":"info","message":"db-query","rows":0,"text":"\n      SELECT company_id, driver_id \n      FROM driver_sinbins \n      WHERE is_active = TRUE \n      AND (updated_at + (sinbin_time || ' minutes')::INTERVAL) <= CURRENT_TIMESTAMP;\n    ","timestamp":"2026-09-05T12:25:00.088Z"}
{"duration":74,"level":"info","message":"db-query","rows":0,"text":"\n      SELECT company_id, driver_id \n      FROM driver_sinbins \n      WHERE is_active = TRUE \n      AND (updated_at + (sinbin_time || ' minutes')::INTERVAL) <= CURRENT_TIMESTAMP;\n    ","timestamp":"2026-09-05T12:26:00.077Z"}
{"duration":86,"level":"info","message":"db-query","rows":0,"text":"\n      SELECT company_id, driver_id \n      FROM driver_sinbins \n      WHERE is_active = TRUE \n      AND (updated_at + (sinbin_time || ' minutes')::INTERVAL) <= CURRENT_TIMESTAMP;\n    ","timestamp":"2026-09-05T12:27:00.090Z"}
{"duration":85,"level":"info","message":"db-query","rows":0,"text":"\n      SELECT company_id, driver_id \n      FROM driver_sinbins \n      WHERE is_active = TRUE \n      AND (updated_at + (sinbin_time || ' minutes')::INTERVAL) <= CURRENT_TIMESTAMP;\n    ","timestamp":"2026-09-05T12:28:00.090Z"}
{"duration":66,"level":"info","message":"db-query","rows":0,"text":"\n      SELECT company_id, driver_id \n      FROM driver_sinbins \n      WHERE is_active = TRUE \n      AND (updated_at + (sinbin_time || ' minutes')::INTERVAL) <= CURRENT_TIMESTAMP;\n    ","timestamp":"2026-09-05T12:29:00.078Z"}
{"duration":159,"level":"info","message":"db-query","rows":0,"text":"\n      SELECT company_id, driver_id \n      FROM driver_sinbins \n      WHERE is_active = TRUE \n      AND (updated_at + (sinbin_time || ' minutes')::INTERVAL) <= CURRENT_TIMESTAMP;\n    ","timestamp":"2026-09-05T12:30:00.167Z"}
{"duration":91,"level":"info","message":"db-query","rows":0,"text":"\n      SELECT company_id, driver_id \n      FROM driver_sinbins \n      WHERE is_active = TRUE \n      AND (updated_at + (sinbin_time || ' minutes')::INTERVAL) <= CURRENT_TIMESTAMP;\n    ","timestamp":"2026-09-05T12:31:00.103Z"}
{"duration":73,"level":"info","message":"db-query","rows":0,"text":"\n      SELECT company_id, driver_id \n      FROM driver_sinbins \n      WHERE is_active = TRUE \n      AND (updated_at + (sinbin_time || ' minutes')::INTERVAL) <= CURRENT_TIMESTAMP;\n    ","timestamp":"2026-09-05T12:32:00.077Z"}
{"duration":66,"level":"info","message":"db-query","rows":0,"text":"\n      SELECT company_id, driver_id \n      FROM driver_sinbins \n      WHERE is_active = TRUE \n      AND (updated_at + (sinbin_time || ' minutes')::INTERVAL) <= CURRENT_TIMESTAMP;\n    ","timestamp":"2026-09-05T12:33:00.076Z"}
{"duration":195,"level":"info","message":"db-query","rows":0,"text":"\n      SELECT company_id, driver_id \n      FROM driver_sinbins \n      WHERE is_active = TRUE \n      AND (updated_at + (sinbin_time || ' minutes')::INTERVAL) <= CURRENT_TIMESTAMP;\n    ","timestamp":"2026-09-05T12:34:00.207Z"}
{"duration":92,"level":"info","message":"db-query","rows":0,"text":"\n      SELECT company_id, driver_id \n      FROM driver_sinbins \n      WHERE is_active = TRUE \n      AND (updated_at + (sinbin_time || ' minutes')::INTERVAL) <= CURRENT_TIMESTAMP;\n    ","timestamp":"2026-09-05T12:35:00.107Z"}
{"duration":121,"level":"info","message":"db-query","rows":0,"text":"\n      SELECT company_id, driver_id \n      FROM driver_sinbins \n      WHERE is_active = TRUE \n      AND (updated_at + (sinbin_time || ' minutes')::INTERVAL) <= CURRENT_TIMESTAMP;\n    ","timestamp":"2026-09-05T12:36:00.136Z"}
{"duration":59,"level":"info","message":"db-query","rows":0,"text":"\n      SELECT company_id, driver_id \n      FROM driver_sinbins \n      WHERE is_active = TRUE \n      AND (updated_at + (sinbin_time || ' minutes')::INTERVAL) <= CURRENT_TIMESTAMP;\n    ","timestamp":"2026-09-05T12:37:00.074Z"}
{"duration":66,"level":"info","message":"db-query","rows":0,"text":"\n      SELECT company_id, driver_id \n      FROM driver_sinbins \n      WHERE is_active = TRUE \n      AND (updated_at + (sinbin_time || ' minutes')::INTERVAL) <= CURRENT_TIMESTAMP;\n    ","timestamp":"2026-09-05T12:38:00.111Z"}
{"duration":51,"level":"info","message":"db-query","rows":0,"text":"\n      SELECT company_id, driver_id \n      FROM driver_sinbins \n      WHERE is_active = TRUE \n      AND (updated_at + (sinbin_time || ' minutes')::INTERVAL) <= CURRENT_TIMESTAMP;\n    ","timestamp":"2026-09-05T12:39:00.063Z"}
{"duration":69,"level":"info","message":"db-query","rows":0,"text":"\n      SELECT company_id, driver_id \n      FROM driver_sinbins \n      WHERE is_active = TRUE \n      AND (updated_at + (sinbin_time || ' minutes')::INTERVAL) <= CURRENT_TIMESTAMP;\n    ","timestamp":"2026-09-05T12:40:00.086Z"}
{"duration":66,"level":"info","message":"db-query","rows":0,"text":"\n      SELECT company_id, driver_id \n      FROM driver_sinbins \n      WHERE is_active = TRUE \n      AND (updated_at + (sinbin_time || ' minutes')::INTERVAL) <= CURRENT_TIMESTAMP;\n    ","timestamp":"2026-09-05T12:41:00.075Z"}
{"duration":65,"level":"info","message":"db-query","rows":0,"text":"\n      SELECT company_id, driver_id \n      FROM driver_sinbins \n      WHERE is_active = TRUE \n      AND (updated_at + (sinbin_time || ' minutes')::INTERVAL) <= CURRENT_TIMESTAMP;\n    ","timestamp":"2026-09-05T12:42:00.077Z"}
{"duration":66,"level":"info","message":"db-query","rows":0,"text":"\n      SELECT company_id, driver_id \n      FROM driver_sinbins \n      WHERE is_active = TRUE \n      AND (updated_at + (sinbin_time || ' minutes')::INTERVAL) <= CURRENT_TIMESTAMP;\n    ","timestamp":"2026-09-05T12:43:00.091Z"}
{"duration":78,"level":"info","message":"db-query","rows":0,"text":"\n      SELECT company_id, driver_id \n      FROM driver_sinbins \n      WHERE is_active = TRUE \n      AND (updated_at + (sinbin_time || ' minutes')::INTERVAL) <= CURRENT_TIMESTAMP;\n    ","timestamp":"2026-09-05T12:44:00.085Z"}
{"duration":76,"level":"info","message":"db-query","rows":0,"text":"\n      SELECT company_id, driver_id \n      FROM driver_sinbins \n      WHERE is_active = TRUE \n      AND (updated_at + (sinbin_time || ' minutes')::INTERVAL) <= CURRENT_TIMESTAMP;\n    ","timestamp":"2026-09-05T12:45:00.088Z"}
{"duration":50,"level":"info","message":"db-query","rows":0,"text":"\n      SELECT company_id, driver_id \n      FROM driver_sinbins \n      WHERE is_active = TRUE \n      AND (updated_at + (sinbin_time || ' minutes')::INTERVAL) <= CURRENT_TIMESTAMP;\n    ","timestamp":"2026-09-05T12:46:00.052Z"}
{"duration":48,"level":"info","message":"db-query","rows":0,"text":"\n      SELECT company_id, driver_id \n      FROM driver_sinbins \n      WHERE is_active = TRUE \n      AND (updated_at + (sinbin_time || ' minutes')::INTERVAL) <= CURRENT_TIMESTAMP;\n    ","timestamp":"2026-09-05T12:47:00.057Z"}
{"duration":60,"level":"info","message":"db-query","rows":0,"text":"\n      SELECT company_id, driver_id \n      FROM driver_sinbins \n      WHERE is_active = TRUE \n      AND (updated_at + (sinbin_time || ' minutes')::INTERVAL) <= CURRENT_TIMESTAMP;\n    ","timestamp":"2026-09-05T12:48:00.072Z"}
{"duration":48,"level":"info","message":"db-query","rows":0,"text":"\n      SELECT company_id, driver_id \n      FROM driver_sinbins \n      WHERE is_active = TRUE \n      AND (updated_at + (sinbin_time || ' minutes')::INTERVAL) <= CURRENT_TIMESTAMP;\n    ","timestamp":"2026-09-05T12:49:00.052Z"}
{"duration":155,"level":"info","message":"db-query","rows":0,"text":"\n      SELECT company_id, driver_id \n      FROM driver_sinbins \n      WHERE is_active = TRUE \n      AND (updated_at + (sinbin_time || ' minutes')::INTERVAL) <= CURRENT_TIMESTAMP;\n    ","timestamp":"2026-09-05T12:50:00.157Z"}
{"duration":183,"level":"info","message":"db-query","rows":0,"text":"\n      SELECT company_id, driver_id \n      FROM driver_sinbins \n      WHERE is_active = TRUE \n      AND (updated_at + (sinbin_time || ' minutes')::INTERVAL) <= CURRENT_TIMESTAMP;\n    ","timestamp":"2026-09-05T12:51:00.196Z"}
{"duration":66,"level":"info","message":"db-query","rows":0,"text":"\n      SELECT company_id, driver_id \n      FROM driver_sinbins \n      WHERE is_active = TRUE \n      AND (updated_at + (sinbin_time || ' minutes')::INTERVAL) <= CURRENT_TIMESTAMP;\n    ","timestamp":"2026-09-05T12:52:00.079Z"}
{"duration":65,"level":"info","message":"db-query","rows":0,"text":"\n      SELECT company_id, driver_id \n      FROM driver_sinbins \n      WHERE is_active = TRUE \n      AND (updated_at + (sinbin_time || ' minutes')::INTERVAL) <= CURRENT_TIMESTAMP;\n    ","timestamp":"2026-09-05T12:53:00.078Z"}
{"duration":74,"level":"info","message":"db-query","rows":0,"text":"\n      SELECT company_id, driver_id \n      FROM driver_sinbins \n      WHERE is_active = TRUE \n      AND (updated_at + (sinbin_time || ' minutes')::INTERVAL) <= CURRENT_TIMESTAMP;\n    ","timestamp":"2026-09-05T12:54:00.083Z"}
{"duration":67,"level":"info","message":"db-query","rows":0,"text":"\n      SELECT company_id, driver_id \n      FROM driver_sinbins \n      WHERE is_active = TRUE \n      AND (updated_at + (sinbin_time || ' minutes')::INTERVAL) <= CURRENT_TIMESTAMP;\n    ","timestamp":"2026-09-05T12:55:00.081Z"}
{"duration":78,"level":"info","message":"db-query","rows":0,"text":"\n      SELECT company_id, driver_id \n      FROM driver_sinbins \n      WHERE is_active = TRUE \n      AND (updated_at + (sinbin_time || ' minutes')::INTERVAL) <= CURRENT_TIMESTAMP;\n    ","timestamp":"2026-09-05T12:56:00.082Z"}
{"duration":60,"level":"info","message":"db-query","rows":0,"text":"\n      SELECT company_id, driver_id \n      FROM driver_sinbins \n      WHERE is_active = TRUE \n      AND (updated_at + (sinbin_time || ' minutes')::INTERVAL) <= CURRENT_TIMESTAMP;\n    ","timestamp":"2026-09-05T12:57:00.075Z"}
{"duration":74,"level":"info","message":"db-query","rows":0,"text":"\n      SELECT company_id, driver_id \n      FROM driver_sinbins \n      WHERE is_active = TRUE \n      AND (updated_at + (sinbin_time || ' minutes')::INTERVAL) <= CURRENT_TIMESTAMP;\n    ","timestamp":"2026-09-05T12:58:00.086Z"}
