{"duration":847,"level":"info","message":"db-query","rows":26,"text":"SELECT * FROM location_types","timestamp":"2026-06-09T10:39:36.920Z"}
{"level":"info","message":"GET /api/location-types 200 924.694 ms","timestamp":"2026-06-09T10:39:37.005Z"}
{"duration":968,"level":"info","message":"db-query","rows":26,"text":"SELECT * FROM location_types","timestamp":"2026-06-09T10:39:37.038Z"}
{"level":"info","message":"GET /api/location-types 200 974.997 ms","timestamp":"2026-06-09T10:39:37.047Z"}
{"duration":119,"level":"info","message":"db-query","rows":1,"text":"\n    SELECT COUNT(*) AS total\n    FROM drivers d\n    LEFT JOIN subsidiaries s ON s.id = d.subsidiary_id\n    LEFT JOIN vehicles v ON v.id = d.vehicle_id\n    LEFT JOIN vehicle_types vt_v ON vt_v.id = v.vehicle_type_id\n    LEFT JOIN company_vehicles cv ON cv.id = d.company_vehicle_id\n    LEFT JOIN vehicle_types vt_cv ON vt_cv.id = cv.vehicle_type_id\n    WHERE d.active = $1 AND d.driver_type = $2 AND d.company_id = $3;\n  ","timestamp":"2026-06-09T10:58:58.589Z"}
{"duration":16,"level":"info","message":"db-query","rows":1,"text":"\n    SELECT \n      d.*,\n      s.name AS subsidiary_name,\n      CASE \n        WHEN d.use_company_vehicle = true THEN\n          json_build_object(\n            'vehicle_number', cv.vehicle_number,\n            'make', cv.make,\n            'model', cv.model,\n            'color', cv.color,\n            'end_date', cv.end_date,\n            'vehicle_type', json_build_object(\n              'id', vt_cv.id,\n              'name', vt_cv.name,\n              'passengers', vt_cv.passengers,\n              'luggages', vt_cv.luggages,\n              'driver_waiting_charges', vt_cv.driver_waiting_charges\n            )\n          )\n        ELSE\n          json_build_object(\n            'vehicle_number', v.vehicle_number,\n            'make', v.make,\n            'model', v.model,\n            'color', v.color,\n            'end_date', v.end_date,\n            'vehicle_type', json_build_object(\n              'id', vt_v.id,\n              'name', vt_v.name,\n              'passengers', vt_v.passengers,\n              'luggages', vt_v.luggages,\n              'driver_waiting_charges', vt_v.driver_waiting_charges\n            )\n          )\n      END AS vehicle\n    FROM drivers d\n    LEFT JOIN subsidiaries s ON s.id = d.subsidiary_id\n    LEFT JOIN vehicles v ON v.id = d.vehicle_id\n    LEFT JOIN vehicle_types vt_v ON vt_v.id = v.vehicle_type_id\n    LEFT JOIN company_vehicles cv ON cv.id = d.company_vehicle_id\n    LEFT JOIN vehicle_types vt_cv ON vt_cv.id = cv.vehicle_type_id\n    WHERE d.active = $1 AND d.driver_type = $2 AND d.company_id = $3\n    ORDER BY d.id DESC;\n  ","timestamp":"2026-06-09T10:58:58.606Z"}
{"level":"info","message":"GET /api/drivers/commission?active=true&driver_type=Commission&company_id=1 200 138.055 ms","timestamp":"2026-06-09T10:58:58.608Z"}
{"level":"info","message":"GET /favicon.ico 404 2.581 ms","timestamp":"2026-06-09T10:58:58.645Z"}
{"duration":60,"level":"info","message":"db-query","rows":26,"text":"SELECT * FROM location_types","timestamp":"2026-06-09T11:59:30.136Z"}
{"level":"info","message":"GET /api/location-types 200 62.692 ms","timestamp":"2026-06-09T11:59:30.139Z"}
{"duration":65,"level":"info","message":"db-query","rows":26,"text":"SELECT * FROM location_types","timestamp":"2026-06-09T13:19:30.131Z"}
{"level":"info","message":"GET /api/location-types 200 66.392 ms","timestamp":"2026-06-09T13:19:30.133Z"}
{"duration":5,"level":"info","message":"db-query","rows":26,"text":"SELECT * FROM location_types","timestamp":"2026-06-09T13:56:04.661Z"}
{"level":"info","message":"GET /api/location-types 200 12.059 ms","timestamp":"2026-06-09T13:56:04.668Z"}
{"duration":54,"level":"info","message":"db-query","rows":26,"text":"SELECT * FROM location_types","timestamp":"2026-06-09T13:56:04.711Z"}
{"level":"info","message":"GET /api/location-types 200 55.320 ms","timestamp":"2026-06-09T13:56:04.713Z"}
{"duration":7,"level":"info","message":"db-query","rows":26,"text":"SELECT * FROM location_types","timestamp":"2026-06-09T13:56:11.027Z"}
{"level":"info","message":"GET /api/location-types 200 13.696 ms","timestamp":"2026-06-09T13:56:11.035Z"}
{"duration":154,"level":"info","message":"db-query","rows":26,"text":"SELECT * FROM location_types","timestamp":"2026-06-09T13:56:11.176Z"}
{"level":"info","message":"GET /api/location-types 200 154.768 ms","timestamp":"2026-06-09T13:56:11.177Z"}
{"duration":64,"level":"info","message":"db-query","rows":26,"text":"SELECT * FROM location_types","timestamp":"2026-06-09T15:16:10.176Z"}
{"level":"info","message":"GET /api/location-types 200 65.871 ms","timestamp":"2026-06-09T15:16:10.178Z"}
