{"duration":1965,"level":"info","message":"db-query","rows":26,"text":"SELECT * FROM location_types","timestamp":"2026-07-02T10:31:10.140Z"}
{"level":"info","message":"GET /api/location-types 200 1971.985 ms","timestamp":"2026-07-02T10:31:10.147Z"}
{"duration":1972,"level":"info","message":"db-query","rows":26,"text":"SELECT * FROM location_types","timestamp":"2026-07-02T10:31:10.148Z"}
{"level":"info","message":"GET /api/location-types 200 1974.575 ms","timestamp":"2026-07-02T10:31:10.151Z"}
{"duration":63,"level":"info","message":"db-query","rows":4,"text":"\n    SELECT\n      ci.*,\n\n      json_build_object(\n        'name', c.name,\n        'email', c.email\n      ) AS customer\n\n    FROM customer_invoices ci\n\n    LEFT JOIN customers c\n      ON c.id = ci.customer_id\n\n    WHERE\n      ($1::text IS NULL OR ci.invoice_type = $1)\n\n    ORDER BY ci.id DESC\n\n    OFFSET $2\n    LIMIT $3\n  ","timestamp":"2026-07-02T11:07:15.350Z"}
{"level":"info","message":"GET /api/customer-invoice/get 200 66.864 ms","timestamp":"2026-07-02T11:07:15.352Z"}
{"duration":64,"level":"info","message":"db-query","rows":null,"text":"BEGIN","timestamp":"2026-07-02T11:08:44.147Z"}
{"duration":16,"level":"info","message":"db-query","rows":1,"text":"\n      INSERT INTO customer_invoices\n      (\n        invoice_number,\n        customer_id,\n        invoice_date,\n        invoice_due_date,\n        from_date,\n        to_date,\n        invoice_type,\n        amount\n      )\n      VALUES\n      ($1,$2,$3,$4,$5,$6,$7,$8)\n      RETURNING *\n      ","timestamp":"2026-07-02T11:08:44.164Z"}
{"duration":6,"level":"info","message":"db-query","rows":1,"text":"\n        INSERT INTO customer_invoice_lineitems\n        (\n          customer_invoice_id,\n          booking_id\n        )\n        VALUES ($1,$2)\n        ","timestamp":"2026-07-02T11:08:44.171Z"}
{"duration":4,"level":"info","message":"db-query","rows":1,"text":"\n        UPDATE bookings\n        SET invoice_number = $1\n        WHERE id = $2\n        ","timestamp":"2026-07-02T11:08:44.176Z"}
{"duration":1,"level":"info","message":"db-query","rows":1,"text":"\n        INSERT INTO customer_invoice_lineitems\n        (\n          customer_invoice_id,\n          booking_id\n        )\n        VALUES ($1,$2)\n        ","timestamp":"2026-07-02T11:08:44.178Z"}
{"duration":2,"level":"info","message":"db-query","rows":1,"text":"\n        UPDATE bookings\n        SET invoice_number = $1\n        WHERE id = $2\n        ","timestamp":"2026-07-02T11:08:44.181Z"}
{"duration":1,"level":"info","message":"db-query","rows":1,"text":"\n        INSERT INTO customer_invoice_lineitems\n        (\n          customer_invoice_id,\n          booking_id\n        )\n        VALUES ($1,$2)\n        ","timestamp":"2026-07-02T11:08:44.183Z"}
{"duration":2,"level":"info","message":"db-query","rows":1,"text":"\n        UPDATE bookings\n        SET invoice_number = $1\n        WHERE id = $2\n        ","timestamp":"2026-07-02T11:08:44.186Z"}
{"duration":1,"level":"info","message":"db-query","rows":1,"text":"\n        INSERT INTO customer_invoice_lineitems\n        (\n          customer_invoice_id,\n          booking_id\n        )\n        VALUES ($1,$2)\n        ","timestamp":"2026-07-02T11:08:44.187Z"}
{"duration":1,"level":"info","message":"db-query","rows":1,"text":"\n        UPDATE bookings\n        SET invoice_number = $1\n        WHERE id = $2\n        ","timestamp":"2026-07-02T11:08:44.188Z"}
{"duration":1,"level":"info","message":"db-query","rows":1,"text":"\n        INSERT INTO customer_invoice_lineitems\n        (\n          customer_invoice_id,\n          booking_id\n        )\n        VALUES ($1,$2)\n        ","timestamp":"2026-07-02T11:08:44.189Z"}
{"duration":1,"level":"info","message":"db-query","rows":1,"text":"\n        UPDATE bookings\n        SET invoice_number = $1\n        WHERE id = $2\n        ","timestamp":"2026-07-02T11:08:44.190Z"}
{"duration":2,"level":"info","message":"db-query","rows":5,"text":"\n  SELECT *\n  FROM customer_invoice_lineitems\n  WHERE customer_invoice_id = $1\n  ORDER BY id\n  ","timestamp":"2026-07-02T11:08:44.192Z"}
{"duration":3,"level":"info","message":"db-query","rows":null,"text":"COMMIT","timestamp":"2026-07-02T11:08:44.196Z"}
{"level":"info","message":"POST /api/customer-invoice/add 200 115.998 ms","timestamp":"2026-07-02T11:08:44.198Z"}
{"duration":55,"level":"info","message":"db-query","rows":null,"text":"BEGIN","timestamp":"2026-07-02T11:08:55.736Z"}
{"duration":49,"level":"info","message":"db-query","rows":null,"text":"ROLLBACK","timestamp":"2026-07-02T11:08:55.805Z"}
{"level":"info","message":"POST /api/customer-invoice/add 500 126.622 ms","timestamp":"2026-07-02T11:08:55.806Z"}
{"duration":1,"level":"info","message":"db-query","rows":null,"text":"BEGIN","timestamp":"2026-07-02T11:09:00.714Z"}
{"duration":6,"level":"info","message":"db-query","rows":1,"text":"\n      INSERT INTO customer_invoices\n      (\n        invoice_number,\n        customer_id,\n        invoice_date,\n        invoice_due_date,\n        from_date,\n        to_date,\n        invoice_type,\n        amount\n      )\n      VALUES\n      ($1,$2,$3,$4,$5,$6,$7,$8)\n      RETURNING *\n      ","timestamp":"2026-07-02T11:09:00.720Z"}
{"duration":7,"level":"info","message":"db-query","rows":1,"text":"\n        INSERT INTO customer_invoice_lineitems\n        (\n          customer_invoice_id,\n          booking_id\n        )\n        VALUES ($1,$2)\n        ","timestamp":"2026-07-02T11:09:00.728Z"}
{"duration":1,"level":"info","message":"db-query","rows":1,"text":"\n        UPDATE bookings\n        SET invoice_number = $1\n        WHERE id = $2\n        ","timestamp":"2026-07-02T11:09:00.770Z"}
{"duration":1,"level":"info","message":"db-query","rows":1,"text":"\n        INSERT INTO customer_invoice_lineitems\n        (\n          customer_invoice_id,\n          booking_id\n        )\n        VALUES ($1,$2)\n        ","timestamp":"2026-07-02T11:09:00.794Z"}
{"duration":1,"level":"info","message":"db-query","rows":1,"text":"\n        UPDATE bookings\n        SET invoice_number = $1\n        WHERE id = $2\n        ","timestamp":"2026-07-02T11:09:00.802Z"}
{"duration":0,"level":"info","message":"db-query","rows":1,"text":"\n        INSERT INTO customer_invoice_lineitems\n        (\n          customer_invoice_id,\n          booking_id\n        )\n        VALUES ($1,$2)\n        ","timestamp":"2026-07-02T11:09:00.803Z"}
{"duration":0,"level":"info","message":"db-query","rows":1,"text":"\n        UPDATE bookings\n        SET invoice_number = $1\n        WHERE id = $2\n        ","timestamp":"2026-07-02T11:09:00.804Z"}
{"duration":1,"level":"info","message":"db-query","rows":1,"text":"\n        INSERT INTO customer_invoice_lineitems\n        (\n          customer_invoice_id,\n          booking_id\n        )\n        VALUES ($1,$2)\n        ","timestamp":"2026-07-02T11:09:00.806Z"}
{"duration":1,"level":"info","message":"db-query","rows":1,"text":"\n        UPDATE bookings\n        SET invoice_number = $1\n        WHERE id = $2\n        ","timestamp":"2026-07-02T11:09:00.807Z"}
{"duration":1,"level":"info","message":"db-query","rows":1,"text":"\n        INSERT INTO customer_invoice_lineitems\n        (\n          customer_invoice_id,\n          booking_id\n        )\n        VALUES ($1,$2)\n        ","timestamp":"2026-07-02T11:09:00.808Z"}
{"duration":1,"level":"info","message":"db-query","rows":1,"text":"\n        UPDATE bookings\n        SET invoice_number = $1\n        WHERE id = $2\n        ","timestamp":"2026-07-02T11:09:00.819Z"}
{"duration":1,"level":"info","message":"db-query","rows":5,"text":"\n  SELECT *\n  FROM customer_invoice_lineitems\n  WHERE customer_invoice_id = $1\n  ORDER BY id\n  ","timestamp":"2026-07-02T11:09:00.822Z"}
{"duration":1,"level":"info","message":"db-query","rows":null,"text":"COMMIT","timestamp":"2026-07-02T11:09:00.824Z"}
{"level":"info","message":"POST /api/customer-invoice/add 200 121.575 ms","timestamp":"2026-07-02T11:09:00.834Z"}
{"duration":52,"level":"info","message":"db-query","rows":6,"text":"\n    SELECT\n      ci.*,\n\n      json_build_object(\n        'name', c.name,\n        'email', c.email\n      ) AS customer\n\n    FROM customer_invoices ci\n\n    LEFT JOIN customers c\n      ON c.id = ci.customer_id\n\n    WHERE\n      ($1::text IS NULL OR ci.invoice_type = $1)\n\n    ORDER BY ci.id DESC\n\n    OFFSET $2\n    LIMIT $3\n  ","timestamp":"2026-07-02T11:09:41.761Z"}
{"level":"info","message":"GET /api/customer-invoice/get 200 53.014 ms","timestamp":"2026-07-02T11:09:41.763Z"}
{"duration":6,"level":"info","message":"db-query","rows":26,"text":"SELECT * FROM location_types","timestamp":"2026-07-02T11:12:10.383Z"}
{"level":"info","message":"GET /api/location-types 200 12.039 ms","timestamp":"2026-07-02T11:12:10.390Z"}
{"duration":52,"level":"info","message":"db-query","rows":26,"text":"SELECT * FROM location_types","timestamp":"2026-07-02T11:12:10.431Z"}
{"level":"info","message":"GET /api/location-types 200 53.052 ms","timestamp":"2026-07-02T11:12:10.433Z"}
{"duration":12,"level":"info","message":"db-query","rows":26,"text":"SELECT * FROM location_types","timestamp":"2026-07-02T11:12:16.033Z"}
{"level":"info","message":"GET /api/location-types 200 22.589 ms","timestamp":"2026-07-02T11:12:16.043Z"}
{"duration":71,"level":"info","message":"db-query","rows":26,"text":"SELECT * FROM location_types","timestamp":"2026-07-02T11:12:16.097Z"}
{"level":"info","message":"GET /api/location-types 200 72.821 ms","timestamp":"2026-07-02T11:12:16.100Z"}
{"level":"info","message":"GET /api/customer-invoice/get?invoice_number=UL1780911066 500 61.139 ms","timestamp":"2026-07-02T11:12:41.509Z"}
{"duration":12,"level":"info","message":"db-query","rows":26,"text":"SELECT * FROM location_types","timestamp":"2026-07-02T11:14:35.029Z"}
{"level":"info","message":"GET /api/location-types 200 28.315 ms","timestamp":"2026-07-02T11:14:35.046Z"}
{"duration":72,"level":"info","message":"db-query","rows":26,"text":"SELECT * FROM location_types","timestamp":"2026-07-02T11:14:35.093Z"}
{"level":"info","message":"GET /api/location-types 200 73.892 ms","timestamp":"2026-07-02T11:14:35.095Z"}
{"duration":4,"level":"info","message":"db-query","rows":26,"text":"SELECT * FROM location_types","timestamp":"2026-07-02T11:14:41.169Z"}
{"level":"info","message":"GET /api/location-types 200 10.881 ms","timestamp":"2026-07-02T11:14:41.175Z"}
{"duration":50,"level":"info","message":"db-query","rows":26,"text":"SELECT * FROM location_types","timestamp":"2026-07-02T11:14:41.216Z"}
{"level":"info","message":"GET /api/location-types 200 51.888 ms","timestamp":"2026-07-02T11:14:41.218Z"}
{"level":"info","message":"GET /api/customer-invoice/get?invoice_number=UL1780911066 500 6.637 ms","timestamp":"2026-07-02T11:14:42.695Z"}
{"duration":5,"level":"info","message":"db-query","rows":26,"text":"SELECT * FROM location_types","timestamp":"2026-07-02T11:14:59.844Z"}
{"level":"info","message":"GET /api/location-types 200 11.253 ms","timestamp":"2026-07-02T11:14:59.851Z"}
{"duration":62,"level":"info","message":"db-query","rows":26,"text":"SELECT * FROM location_types","timestamp":"2026-07-02T11:14:59.904Z"}
{"level":"info","message":"GET /api/location-types 200 65.492 ms","timestamp":"2026-07-02T11:14:59.907Z"}
{"duration":11,"level":"info","message":"db-query","rows":2,"text":"\n    SELECT\n      ci.*,\n      json_build_object(\n        'name', c.name,\n        'email', c.email\n      ) AS customer\n\n    FROM customer_invoices ci\n\n    LEFT JOIN customers c\n      ON c.id = ci.customer_id\n\n    WHERE\n      ($1::text IS NULL OR ci.invoice_type = $1)\n\n      AND ($2::text IS NULL OR ci.invoice_number ILIKE '%' || $2 || '%')\n\n      AND ($3::text IS NULL OR c.name ILIKE '%' || $3 || '%')\n\n      AND ($4::text IS NULL OR ci.invoice_date ILIKE '%' || $4 || '%')\n\nAND ($5::text IS NULL OR ci.invoice_due_date ILIKE '%' || $5 || '%')\n\n      AND ($6::text IS NULL OR ci.status ILIKE '%' || $6 || '%')\n\n      AND ($7::text IS NULL OR CAST(ci.amount AS TEXT) ILIKE '%' || $7 || '%')\n\n    ORDER BY ci.id DESC\n\n    OFFSET $8\n    LIMIT $9\n  ","timestamp":"2026-07-02T11:15:00.350Z"}
{"level":"info","message":"GET /api/customer-invoice/get?invoice_number=UL1780911066 200 13.269 ms","timestamp":"2026-07-02T11:15:00.352Z"}
{"duration":1,"level":"info","message":"db-query","rows":6,"text":"\n    SELECT\n      ci.*,\n      json_build_object(\n        'name', c.name,\n        'email', c.email\n      ) AS customer\n\n    FROM customer_invoices ci\n\n    LEFT JOIN customers c\n      ON c.id = ci.customer_id\n\n    WHERE\n      ($1::text IS NULL OR ci.invoice_type = $1)\n\n      AND ($2::text IS NULL OR ci.invoice_number ILIKE '%' || $2 || '%')\n\n      AND ($3::text IS NULL OR c.name ILIKE '%' || $3 || '%')\n\n      AND ($4::text IS NULL OR ci.invoice_date ILIKE '%' || $4 || '%')\n\nAND ($5::text IS NULL OR ci.invoice_due_date ILIKE '%' || $5 || '%')\n\n      AND ($6::text IS NULL OR ci.status ILIKE '%' || $6 || '%')\n\n      AND ($7::text IS NULL OR CAST(ci.amount AS TEXT) ILIKE '%' || $7 || '%')\n\n    ORDER BY ci.id DESC\n\n    OFFSET $8\n    LIMIT $9\n  ","timestamp":"2026-07-02T11:15:06.614Z"}
{"level":"info","message":"GET /api/customer-invoice/get 200 3.878 ms","timestamp":"2026-07-02T11:15:06.616Z"}
{"duration":57,"level":"info","message":"db-query","rows":2,"text":"\n    SELECT\n      ci.*,\n      json_build_object(\n        'name', c.name,\n        'email', c.email\n      ) AS customer\n\n    FROM customer_invoices ci\n\n    LEFT JOIN customers c\n      ON c.id = ci.customer_id\n\n    WHERE\n      ($1::text IS NULL OR ci.invoice_type = $1)\n\n      AND ($2::text IS NULL OR ci.invoice_number ILIKE '%' || $2 || '%')\n\n      AND ($3::text IS NULL OR c.name ILIKE '%' || $3 || '%')\n\n      AND ($4::text IS NULL OR ci.invoice_date ILIKE '%' || $4 || '%')\n\nAND ($5::text IS NULL OR ci.invoice_due_date ILIKE '%' || $5 || '%')\n\n      AND ($6::text IS NULL OR ci.status ILIKE '%' || $6 || '%')\n\n      AND ($7::text IS NULL OR CAST(ci.amount AS TEXT) ILIKE '%' || $7 || '%')\n\n    ORDER BY ci.id DESC\n\n    OFFSET $8\n    LIMIT $9\n  ","timestamp":"2026-07-02T11:15:32.948Z"}
{"level":"info","message":"GET /api/customer-invoice/get?invoice_number=UL1780911066&invoice_date=2026-06-08 200 58.375 ms","timestamp":"2026-07-02T11:15:32.950Z"}
{"duration":1,"level":"info","message":"db-query","rows":6,"text":"\n    SELECT\n      ci.*,\n      json_build_object(\n        'name', c.name,\n        'email', c.email\n      ) AS customer\n\n    FROM customer_invoices ci\n\n    LEFT JOIN customers c\n      ON c.id = ci.customer_id\n\n    WHERE\n      ($1::text IS NULL OR ci.invoice_type = $1)\n\n      AND ($2::text IS NULL OR ci.invoice_number ILIKE '%' || $2 || '%')\n\n      AND ($3::text IS NULL OR c.name ILIKE '%' || $3 || '%')\n\n      AND ($4::text IS NULL OR ci.invoice_date ILIKE '%' || $4 || '%')\n\nAND ($5::text IS NULL OR ci.invoice_due_date ILIKE '%' || $5 || '%')\n\n      AND ($6::text IS NULL OR ci.status ILIKE '%' || $6 || '%')\n\n      AND ($7::text IS NULL OR CAST(ci.amount AS TEXT) ILIKE '%' || $7 || '%')\n\n    ORDER BY ci.id DESC\n\n    OFFSET $8\n    LIMIT $9\n  ","timestamp":"2026-07-02T11:15:35.255Z"}
{"level":"info","message":"GET /api/customer-invoice/get?invoice_date=2026-06-08 200 2.269 ms","timestamp":"2026-07-02T11:15:35.256Z"}
{"duration":156,"level":"info","message":"db-query","rows":6,"text":"\n    SELECT\n      ci.*,\n      json_build_object(\n        'name', c.name,\n        'email', c.email\n      ) AS customer\n\n    FROM customer_invoices ci\n\n    LEFT JOIN customers c\n      ON c.id = ci.customer_id\n\n    WHERE\n      ($1::text IS NULL OR ci.invoice_type = $1)\n\n      AND ($2::text IS NULL OR ci.invoice_number ILIKE '%' || $2 || '%')\n\n      AND ($3::text IS NULL OR c.name ILIKE '%' || $3 || '%')\n\n      AND ($4::text IS NULL OR ci.invoice_date ILIKE '%' || $4 || '%')\n\nAND ($5::text IS NULL OR ci.invoice_due_date ILIKE '%' || $5 || '%')\n\n      AND ($6::text IS NULL OR ci.status ILIKE '%' || $6 || '%')\n\n      AND ($7::text IS NULL OR CAST(ci.amount AS TEXT) ILIKE '%' || $7 || '%')\n\n    ORDER BY ci.id DESC\n\n    OFFSET $8\n    LIMIT $9\n  ","timestamp":"2026-07-02T11:15:51.233Z"}
{"level":"info","message":"GET /api/customer-invoice/get?invoice_due_date=2026-06-13 200 156.973 ms","timestamp":"2026-07-02T11:15:51.234Z"}
{"duration":164,"level":"info","message":"db-query","rows":6,"text":"\n    SELECT\n      ci.*,\n      json_build_object(\n        'name', c.name,\n        'email', c.email\n      ) AS customer\n\n    FROM customer_invoices ci\n\n    LEFT JOIN customers c\n      ON c.id = ci.customer_id\n\n    WHERE\n      ($1::text IS NULL OR ci.invoice_type = $1)\n\n      AND ($2::text IS NULL OR ci.invoice_number ILIKE '%' || $2 || '%')\n\n      AND ($3::text IS NULL OR c.name ILIKE '%' || $3 || '%')\n\n      AND ($4::text IS NULL OR ci.invoice_date ILIKE '%' || $4 || '%')\n\nAND ($5::text IS NULL OR ci.invoice_due_date ILIKE '%' || $5 || '%')\n\n      AND ($6::text IS NULL OR ci.status ILIKE '%' || $6 || '%')\n\n      AND ($7::text IS NULL OR CAST(ci.amount AS TEXT) ILIKE '%' || $7 || '%')\n\n    ORDER BY ci.id DESC\n\n    OFFSET $8\n    LIMIT $9\n  ","timestamp":"2026-07-02T11:16:05.699Z"}
{"level":"info","message":"GET /api/customer-invoice/get?status=PAID 200 164.803 ms","timestamp":"2026-07-02T11:16:05.700Z"}
{"duration":5,"level":"info","message":"db-query","rows":26,"text":"SELECT * FROM location_types","timestamp":"2026-07-02T11:16:51.583Z"}
{"level":"info","message":"GET /api/location-types 200 11.032 ms","timestamp":"2026-07-02T11:16:51.590Z"}
{"duration":49,"level":"info","message":"db-query","rows":26,"text":"SELECT * FROM location_types","timestamp":"2026-07-02T11:16:51.629Z"}
{"level":"info","message":"GET /api/location-types 200 50.649 ms","timestamp":"2026-07-02T11:16:51.631Z"}
{"duration":10,"level":"info","message":"db-query","rows":6,"text":"\n    SELECT\n      ci.*,\n      json_build_object(\n        'name', c.name,\n        'email', c.email\n      ) AS customer\n\n    FROM customer_invoices ci\n\n    LEFT JOIN customers c\n      ON c.id = ci.customer_id\n\n    WHERE\n      ($1::text IS NULL OR ci.invoice_type = $1)\n\n      AND ($2::text IS NULL OR ci.invoice_number ILIKE '%' || $2 || '%')\n\n      AND ($3::text IS NULL OR c.name ILIKE '%' || $3 || '%')\n\n      AND ($4::text IS NULL OR ci.invoice_date ILIKE '%' || $4 || '%')\n\nAND ($5::text IS NULL OR ci.invoice_due_date ILIKE '%' || $5 || '%')\n\n      AND ($6::text IS NULL OR ci.status ILIKE '%' || $6 || '%')\n\n      AND ($7::text IS NULL OR CAST(ci.amount AS TEXT) = $7)\n\n    ORDER BY ci.id DESC\n\n    OFFSET $8\n    LIMIT $9\n  ","timestamp":"2026-07-02T11:16:55.083Z"}
{"level":"info","message":"GET /api/customer-invoice/get?status=PAID 200 17.119 ms","timestamp":"2026-07-02T11:16:55.089Z"}
{"duration":2,"level":"info","message":"db-query","rows":26,"text":"SELECT * FROM location_types","timestamp":"2026-07-02T11:16:55.272Z"}
{"level":"info","message":"GET /api/location-types 200 3.600 ms","timestamp":"2026-07-02T11:16:55.274Z"}
{"duration":51,"level":"info","message":"db-query","rows":26,"text":"SELECT * FROM location_types","timestamp":"2026-07-02T11:16:55.322Z"}
{"level":"info","message":"GET /api/location-types 200 52.584 ms","timestamp":"2026-07-02T11:16:55.323Z"}
{"duration":56,"level":"info","message":"db-query","rows":6,"text":"\n    SELECT\n      ci.*,\n      json_build_object(\n        'name', c.name,\n        'email', c.email\n      ) AS customer\n\n    FROM customer_invoices ci\n\n    LEFT JOIN customers c\n      ON c.id = ci.customer_id\n\n    WHERE\n      ($1::text IS NULL OR ci.invoice_type = $1)\n\n      AND ($2::text IS NULL OR ci.invoice_number ILIKE '%' || $2 || '%')\n\n      AND ($3::text IS NULL OR c.name ILIKE '%' || $3 || '%')\n\n      AND ($4::text IS NULL OR ci.invoice_date ILIKE '%' || $4 || '%')\n\nAND ($5::text IS NULL OR ci.invoice_due_date ILIKE '%' || $5 || '%')\n\n      AND ($6::text IS NULL OR ci.status ILIKE '%' || $6 || '%')\n\n      AND ($7::text IS NULL OR CAST(ci.amount AS TEXT) = $7)\n\n    ORDER BY ci.id DESC\n\n    OFFSET $8\n    LIMIT $9\n  ","timestamp":"2026-07-02T11:17:06.344Z"}
{"level":"info","message":"GET /api/customer-invoice/get?status=unpaid 200 59.521 ms","timestamp":"2026-07-02T11:17:06.348Z"}
{"duration":1,"level":"info","message":"db-query","rows":6,"text":"\n    SELECT\n      ci.*,\n      json_build_object(\n        'name', c.name,\n        'email', c.email\n      ) AS customer\n\n    FROM customer_invoices ci\n\n    LEFT JOIN customers c\n      ON c.id = ci.customer_id\n\n    WHERE\n      ($1::text IS NULL OR ci.invoice_type = $1)\n\n      AND ($2::text IS NULL OR ci.invoice_number ILIKE '%' || $2 || '%')\n\n      AND ($3::text IS NULL OR c.name ILIKE '%' || $3 || '%')\n\n      AND ($4::text IS NULL OR ci.invoice_date ILIKE '%' || $4 || '%')\n\nAND ($5::text IS NULL OR ci.invoice_due_date ILIKE '%' || $5 || '%')\n\n      AND ($6::text IS NULL OR ci.status ILIKE '%' || $6 || '%')\n\n      AND ($7::text IS NULL OR CAST(ci.amount AS TEXT) = $7)\n\n    ORDER BY ci.id DESC\n\n    OFFSET $8\n    LIMIT $9\n  ","timestamp":"2026-07-02T11:17:11.355Z"}
{"level":"info","message":"GET /api/customer-invoice/get?status=paid 200 2.831 ms","timestamp":"2026-07-02T11:17:11.357Z"}
{"duration":4,"level":"info","message":"db-query","rows":26,"text":"SELECT * FROM location_types","timestamp":"2026-07-02T11:19:26.704Z"}
{"level":"info","message":"GET /api/location-types 200 10.069 ms","timestamp":"2026-07-02T11:19:26.710Z"}
{"duration":1,"level":"info","message":"db-query","rows":26,"text":"SELECT * FROM location_types","timestamp":"2026-07-02T11:19:26.719Z"}
{"level":"info","message":"GET /api/location-types 200 2.806 ms","timestamp":"2026-07-02T11:19:26.720Z"}
{"duration":16,"level":"info","message":"db-query","rows":0,"text":"\n    SELECT\n      ci.*,\n      json_build_object(\n        'name', c.name,\n        'email', c.email\n      ) AS customer\n\n    FROM customer_invoices ci\n\n    LEFT JOIN customers c\n      ON c.id = ci.customer_id\n\n    WHERE\n      ($1::text IS NULL OR ci.invoice_type = $1)\n\n      AND ($2::text IS NULL OR ci.invoice_number ILIKE '%' || $2 || '%')\n\n      AND ($3::text IS NULL OR c.name ILIKE '%' || $3 || '%')\n\n      AND ($4::text IS NULL OR ci.invoice_date ILIKE '%' || $4 || '%')\n\nAND ($5::text IS NULL OR ci.invoice_due_date ILIKE '%' || $5 || '%')\n\n      AND (\n  $6::text IS NULL\n  OR LOWER(ci.status) = LOWER($6)\n)\n\n      AND ($7::text IS NULL OR CAST(ci.amount AS TEXT) ILIKE '%' || $7 || '%')\n\n    ORDER BY ci.id DESC\n\n    OFFSET $8\n    LIMIT $9\n  ","timestamp":"2026-07-02T11:19:30.321Z"}
{"level":"info","message":"GET /api/customer-invoice/get?status=paid 200 23.703 ms","timestamp":"2026-07-02T11:19:30.327Z"}
{"duration":3,"level":"info","message":"db-query","rows":26,"text":"SELECT * FROM location_types","timestamp":"2026-07-02T11:19:30.696Z"}
{"level":"info","message":"GET /api/location-types 200 4.405 ms","timestamp":"2026-07-02T11:19:30.698Z"}
{"duration":159,"level":"info","message":"db-query","rows":26,"text":"SELECT * FROM location_types","timestamp":"2026-07-02T11:19:30.853Z"}
{"level":"info","message":"GET /api/location-types 200 159.553 ms","timestamp":"2026-07-02T11:19:30.854Z"}
{"duration":8,"level":"info","message":"db-query","rows":6,"text":"\n    SELECT\n      ci.*,\n      json_build_object(\n        'name', c.name,\n        'email', c.email\n      ) AS customer\n\n    FROM customer_invoices ci\n\n    LEFT JOIN customers c\n      ON c.id = ci.customer_id\n\n    WHERE\n      ($1::text IS NULL OR ci.invoice_type = $1)\n\n      AND ($2::text IS NULL OR ci.invoice_number ILIKE '%' || $2 || '%')\n\n      AND ($3::text IS NULL OR c.name ILIKE '%' || $3 || '%')\n\n      AND ($4::text IS NULL OR ci.invoice_date ILIKE '%' || $4 || '%')\n\nAND ($5::text IS NULL OR ci.invoice_due_date ILIKE '%' || $5 || '%')\n\n      AND (\n  $6::text IS NULL\n  OR LOWER(ci.status) = LOWER($6)\n)\n\n      AND ($7::text IS NULL OR CAST(ci.amount AS TEXT) ILIKE '%' || $7 || '%')\n\n    ORDER BY ci.id DESC\n\n    OFFSET $8\n    LIMIT $9\n  ","timestamp":"2026-07-02T11:19:37.653Z"}
{"level":"info","message":"GET /api/customer-invoice/get?status=UNPAID 200 9.460 ms","timestamp":"2026-07-02T11:19:37.654Z"}
{"duration":58,"level":"info","message":"db-query","rows":0,"text":"\n    SELECT\n      ci.*,\n      json_build_object(\n        'name', c.name,\n        'email', c.email\n      ) AS customer\n\n    FROM customer_invoices ci\n\n    LEFT JOIN customers c\n      ON c.id = ci.customer_id\n\n    WHERE\n      ($1::text IS NULL OR ci.invoice_type = $1)\n\n      AND ($2::text IS NULL OR ci.invoice_number ILIKE '%' || $2 || '%')\n\n      AND ($3::text IS NULL OR c.name ILIKE '%' || $3 || '%')\n\n      AND ($4::text IS NULL OR ci.invoice_date ILIKE '%' || $4 || '%')\n\nAND ($5::text IS NULL OR ci.invoice_due_date ILIKE '%' || $5 || '%')\n\n      AND (\n  $6::text IS NULL\n  OR LOWER(ci.status) = LOWER($6)\n)\n\n      AND ($7::text IS NULL OR CAST(ci.amount AS TEXT) ILIKE '%' || $7 || '%')\n\n    ORDER BY ci.id DESC\n\n    OFFSET $8\n    LIMIT $9\n  ","timestamp":"2026-07-02T11:20:04.915Z"}
{"level":"info","message":"GET /api/customer-invoice/get?status=UNPAID&amount=12 200 59.338 ms","timestamp":"2026-07-02T11:20:04.917Z"}
{"duration":2,"level":"info","message":"db-query","rows":2,"text":"\n    SELECT\n      ci.*,\n      json_build_object(\n        'name', c.name,\n        'email', c.email\n      ) AS customer\n\n    FROM customer_invoices ci\n\n    LEFT JOIN customers c\n      ON c.id = ci.customer_id\n\n    WHERE\n      ($1::text IS NULL OR ci.invoice_type = $1)\n\n      AND ($2::text IS NULL OR ci.invoice_number ILIKE '%' || $2 || '%')\n\n      AND ($3::text IS NULL OR c.name ILIKE '%' || $3 || '%')\n\n      AND ($4::text IS NULL OR ci.invoice_date ILIKE '%' || $4 || '%')\n\nAND ($5::text IS NULL OR ci.invoice_due_date ILIKE '%' || $5 || '%')\n\n      AND (\n  $6::text IS NULL\n  OR LOWER(ci.status) = LOWER($6)\n)\n\n      AND ($7::text IS NULL OR CAST(ci.amount AS TEXT) ILIKE '%' || $7 || '%')\n\n    ORDER BY ci.id DESC\n\n    OFFSET $8\n    LIMIT $9\n  ","timestamp":"2026-07-02T11:20:09.071Z"}
{"level":"info","message":"GET /api/customer-invoice/get?status=UNPAID&amount=6 200 2.450 ms","timestamp":"2026-07-02T11:20:09.072Z"}
