{"duration":99,"level":"info","message":"db-query","rows":0,"text":"\n    SELECT company_id\n    FROM company_subscriptions\n    WHERE payment_status != 'PAID'\n      AND status != 'CANCELLED'\n      AND (\n        (grace_until IS NOT NULL AND NOW() > grace_until)\n        OR\n        (grace_until IS NULL AND NOW() > expiry_at)\n      )\n  ","timestamp":"2026-08-21T19:00:00.128Z"}
{"duration":69,"level":"info","message":"db-query","rows":26,"text":"SELECT * FROM location_types","timestamp":"2026-08-21T19:03:48.270Z"}
{"level":"info","message":"GET /api/location-types 200 71.166 ms","timestamp":"2026-08-21T19:03:48.271Z"}
{"duration":69,"level":"info","message":"db-query","rows":1,"text":"SELECT COUNT(DISTINCT cr.id) \n    FROM call_recordings cr\n    LEFT JOIN customers cust \n      ON (cust.mobile = cr.source OR cust.mobile = cr.destination)\n      \n    WHERE 1=1\n   AND (\n      cr.source LIKE $1 OR \n      cr.destination LIKE $1 OR \n      LOWER(cust.name) LIKE LOWER($1)\n    ) AND cr.recording_datetime >= $2 AND cr.recording_datetime <= $3","timestamp":"2026-08-21T19:09:12.391Z"}
{"duration":2,"level":"info","message":"db-query","rows":4,"text":"\n    SELECT \n      cr.id AS _id,\n      cr.recording_id,\n      cr.authentication_token AS token,\n      cr.event_type,\n      cr.duration,\n      cr.recording_datetime AS datetime,\n      cr.source,\n      cr.destination,\n      cr.filename,\n      cr.file_path,\n      cust.name AS customer\n    \n    FROM call_recordings cr\n    LEFT JOIN customers cust \n      ON (cust.mobile = cr.source OR cust.mobile = cr.destination)\n      \n    WHERE 1=1\n   AND (\n      cr.source LIKE $1 OR \n      cr.destination LIKE $1 OR \n      LOWER(cust.name) LIKE LOWER($1)\n    ) AND cr.recording_datetime >= $2 AND cr.recording_datetime <= $3\n    ORDER BY cr.recording_datetime DESC\n    LIMIT $4 OFFSET $5\n  ","timestamp":"2026-08-21T19:09:12.394Z"}
{"level":"info","message":"GET /api/call-recordings/recordings?from_date=2026-08-17&to_date=2026-08-17&mobile=923568975554 200 74.900 ms","timestamp":"2026-08-21T19:09:12.396Z"}
{"duration":14,"level":"info","message":"db-query","rows":26,"text":"SELECT * FROM location_types","timestamp":"2026-08-21T19:18:24.591Z"}
{"level":"info","message":"GET /api/location-types 200 24.224 ms","timestamp":"2026-08-21T19:18:24.600Z"}
{"duration":65,"level":"info","message":"db-query","rows":26,"text":"SELECT * FROM location_types","timestamp":"2026-08-21T19:18:24.645Z"}
{"level":"info","message":"GET /api/location-types 200 66.259 ms","timestamp":"2026-08-21T19:18:24.646Z"}
{"duration":59,"level":"info","message":"db-query","rows":0,"text":"\n      SELECT id, company_name \n      FROM company_clients \n      WHERE (mobile = $1 OR mobile = $2) AND status = 'active'\n      LIMIT 1;\n    ","timestamp":"2026-08-21T19:19:15.968Z"}
{"duration":1,"level":"info","message":"db-query","rows":0,"text":"\n      SELECT id, company_name \n      FROM company_clients \n      WHERE (mobile = $1 OR mobile = $2) AND status = 'active'\n      LIMIT 1;\n    ","timestamp":"2026-08-21T19:19:15.970Z"}
{"duration":2,"level":"info","message":"db-query","rows":0,"text":"\n      SELECT id, company_name \n      FROM company_clients \n      WHERE (mobile = $1 OR mobile = $2) AND status = 'active'\n      LIMIT 1;\n    ","timestamp":"2026-08-21T19:19:15.972Z"}
{"duration":1,"level":"info","message":"db-query","rows":1,"text":"\n      SELECT id, company_name \n      FROM company_clients \n      WHERE (mobile = $1 OR mobile = $2) AND status = 'active'\n      LIMIT 1;\n    ","timestamp":"2026-08-21T19:19:15.973Z"}
{"level":"info","message":"POST /api/call-recordings/webhook 500 115.844 ms","timestamp":"2026-08-21T19:19:16.010Z"}
{"duration":5,"level":"info","message":"db-query","rows":26,"text":"SELECT * FROM location_types","timestamp":"2026-08-21T19:19:30.263Z"}
{"level":"info","message":"GET /api/location-types 200 13.553 ms","timestamp":"2026-08-21T19:19:30.271Z"}
{"duration":56,"level":"info","message":"db-query","rows":26,"text":"SELECT * FROM location_types","timestamp":"2026-08-21T19:19:30.315Z"}
{"level":"info","message":"GET /api/location-types 200 57.042 ms","timestamp":"2026-08-21T19:19:30.317Z"}
{"duration":4,"level":"info","message":"db-query","rows":0,"text":"\n      SELECT id, company_name \n      FROM company_clients \n      WHERE (mobile = $1 OR mobile = $2) AND status = 'active'\n      LIMIT 1;\n    ","timestamp":"2026-08-21T19:19:40.147Z"}
{"duration":1,"level":"info","message":"db-query","rows":0,"text":"\n      SELECT id, company_name \n      FROM company_clients \n      WHERE (mobile = $1 OR mobile = $2) AND status = 'active'\n      LIMIT 1;\n    ","timestamp":"2026-08-21T19:19:40.149Z"}
{"duration":1,"level":"info","message":"db-query","rows":0,"text":"\n      SELECT id, company_name \n      FROM company_clients \n      WHERE (mobile = $1 OR mobile = $2) AND status = 'active'\n      LIMIT 1;\n    ","timestamp":"2026-08-21T19:19:40.152Z"}
{"duration":1,"level":"info","message":"db-query","rows":1,"text":"\n      SELECT id, company_name \n      FROM company_clients \n      WHERE (mobile = $1 OR mobile = $2) AND status = 'active'\n      LIMIT 1;\n    ","timestamp":"2026-08-21T19:19:40.154Z"}
{"duration":17,"level":"info","message":"db-query","rows":1,"text":"\n      INSERT INTO call_recordings (\n        company_id, authentication_token, event_type, recording_id, call_id,\n        duration, recording_datetime, source, destination, is_protected,\n        filename, file_path, remote_url\n      ) VALUES ($1, $2, $3, $4, $5, $6, $7, $8, $9, $10, $11, $12, $13)\n      RETURNING *;\n    ","timestamp":"2026-08-21T19:19:40.172Z"}
{"level":"info","message":"POST /api/call-recordings/webhook 200 48.661 ms","timestamp":"2026-08-21T19:19:40.177Z"}
{"duration":69,"level":"info","message":"db-query","rows":0,"text":"\n      SELECT id, company_name \n      FROM company_clients \n      WHERE (mobile = $1 OR mobile = $2) AND status = 'active'\n      LIMIT 1;\n    ","timestamp":"2026-08-21T19:20:33.056Z"}
{"duration":1,"level":"info","message":"db-query","rows":0,"text":"\n      SELECT id, company_name \n      FROM company_clients \n      WHERE (mobile = $1 OR mobile = $2) AND status = 'active'\n      LIMIT 1;\n    ","timestamp":"2026-08-21T19:20:33.062Z"}
{"duration":0,"level":"info","message":"db-query","rows":0,"text":"\n      SELECT id, company_name \n      FROM company_clients \n      WHERE (mobile = $1 OR mobile = $2) AND status = 'active'\n      LIMIT 1;\n    ","timestamp":"2026-08-21T19:20:33.064Z"}
{"duration":0,"level":"info","message":"db-query","rows":1,"text":"\n      SELECT id, company_name \n      FROM company_clients \n      WHERE (mobile = $1 OR mobile = $2) AND status = 'active'\n      LIMIT 1;\n    ","timestamp":"2026-08-21T19:20:33.067Z"}
{"duration":4,"level":"info","message":"db-query","rows":1,"text":"\n      INSERT INTO call_recordings (\n        company_id, authentication_token, event_type, recording_id, call_id,\n        duration, recording_datetime, source, destination, is_protected,\n        filename, file_path, remote_url\n      ) VALUES ($1, $2, $3, $4, $5, $6, $7, $8, $9, $10, $11, $12, $13)\n      RETURNING *;\n    ","timestamp":"2026-08-21T19:20:33.071Z"}
{"level":"info","message":"POST /api/call-recordings/webhook 200 96.206 ms","timestamp":"2026-08-21T19:20:33.074Z"}
{"duration":6,"level":"info","message":"db-query","rows":26,"text":"SELECT * FROM location_types","timestamp":"2026-08-21T19:21:28.851Z"}
{"level":"info","message":"GET /api/location-types 200 12.595 ms","timestamp":"2026-08-21T19:21:28.858Z"}
{"duration":157,"level":"info","message":"db-query","rows":26,"text":"SELECT * FROM location_types","timestamp":"2026-08-21T19:21:29.004Z"}
{"level":"info","message":"GET /api/location-types 200 158.176 ms","timestamp":"2026-08-21T19:21:29.005Z"}
{"duration":420,"level":"info","message":"db-query","rows":26,"text":"SELECT * FROM location_types","timestamp":"2026-08-22T06:27:26.279Z"}
{"level":"info","message":"GET /api/location-types 200 426.642 ms","timestamp":"2026-08-22T06:27:26.286Z"}
{"duration":428,"level":"info","message":"db-query","rows":26,"text":"SELECT * FROM location_types","timestamp":"2026-08-22T06:27:26.288Z"}
{"level":"info","message":"GET /api/location-types 200 428.200 ms","timestamp":"2026-08-22T06:27:26.289Z"}
{"duration":145,"level":"info","message":"db-query","rows":26,"text":"SELECT * FROM location_types","timestamp":"2026-08-22T07:47:19.499Z"}
{"level":"info","message":"GET /api/location-types 200 151.750 ms","timestamp":"2026-08-22T07:47:19.504Z"}
{"duration":76,"level":"info","message":"db-query","rows":26,"text":"SELECT * FROM location_types","timestamp":"2026-08-22T09:07:19.406Z"}
{"level":"info","message":"GET /api/location-types 200 81.661 ms","timestamp":"2026-08-22T09:07:19.410Z"}
{"duration":68,"level":"info","message":"db-query","rows":26,"text":"SELECT * FROM location_types","timestamp":"2026-08-22T10:27:19.384Z"}
{"level":"info","message":"GET /api/location-types 200 71.876 ms","timestamp":"2026-08-22T10:27:19.388Z"}
{"duration":60,"level":"info","message":"db-query","rows":26,"text":"SELECT * FROM location_types","timestamp":"2026-08-22T11:47:19.375Z"}
{"level":"info","message":"GET /api/location-types 200 61.586 ms","timestamp":"2026-08-22T11:47:19.377Z"}
