{"duration":972,"level":"info","message":"db-query","rows":26,"text":"SELECT * FROM location_types","timestamp":"2026-05-12T06:53:36.042Z"}
{"level":"info","message":"GET /api/location-types 200 977.984 ms","timestamp":"2026-05-12T06:53:36.048Z"}
{"duration":978,"level":"info","message":"db-query","rows":26,"text":"SELECT * FROM location_types","timestamp":"2026-05-12T06:53:36.050Z"}
{"level":"info","message":"GET /api/location-types 200 979.380 ms","timestamp":"2026-05-12T06:53:36.051Z"}
{"duration":5,"level":"info","message":"db-query","rows":26,"text":"SELECT * FROM location_types","timestamp":"2026-05-12T06:53:48.532Z"}
{"level":"info","message":"GET /api/location-types 200 12.110 ms","timestamp":"2026-05-12T06:53:48.540Z"}
{"duration":52,"level":"info","message":"db-query","rows":26,"text":"SELECT * FROM location_types","timestamp":"2026-05-12T06:53:48.581Z"}
{"level":"info","message":"GET /api/location-types 200 53.173 ms","timestamp":"2026-05-12T06:53:48.582Z"}
{"duration":51,"level":"info","message":"db-query","rows":1,"text":"\n      SELECT web_device_id\n      FROM employees\n      WHERE role_id = 1\n      AND web_device_id IS NOT NULL\n      AND web_device_id != ''\n    ","timestamp":"2026-05-12T06:54:21.666Z"}
{"duration":2,"level":"info","message":"db-query","rows":1,"text":"\n  SELECT name, username, mobile\n      FROM drivers\n      WHERE id = $1","timestamp":"2026-05-12T06:54:21.669Z"}
{"level":"info","message":"POST /api/drivers/panic 200 1248.118 ms","timestamp":"2026-05-12T06:54:22.857Z"}
{"duration":6,"level":"info","message":"db-query","rows":26,"text":"SELECT * FROM location_types","timestamp":"2026-05-12T06:54:47.443Z"}
{"level":"info","message":"GET /api/location-types 200 13.687 ms","timestamp":"2026-05-12T06:54:47.450Z"}
{"duration":165,"level":"info","message":"db-query","rows":26,"text":"SELECT * FROM location_types","timestamp":"2026-05-12T06:54:47.604Z"}
{"level":"info","message":"GET /api/location-types 200 166.962 ms","timestamp":"2026-05-12T06:54:47.606Z"}
{"duration":5,"level":"info","message":"db-query","rows":26,"text":"SELECT * FROM location_types","timestamp":"2026-05-12T06:55:04.551Z"}
{"level":"info","message":"GET /api/location-types 200 10.505 ms","timestamp":"2026-05-12T06:55:04.559Z"}
{"duration":174,"level":"info","message":"db-query","rows":26,"text":"SELECT * FROM location_types","timestamp":"2026-05-12T06:55:04.722Z"}
{"level":"info","message":"GET /api/location-types 200 175.001 ms","timestamp":"2026-05-12T06:55:04.724Z"}
{"duration":4,"level":"info","message":"db-query","rows":1,"text":"\n      SELECT web_device_id\n      FROM employees\n      WHERE role_id = 1\n      AND web_device_id IS NOT NULL\n      AND web_device_id != ''\n    ","timestamp":"2026-05-12T06:55:12.329Z"}
{"duration":4,"level":"info","message":"db-query","rows":1,"text":"\n  SELECT name, username, mobile\n      FROM drivers\n      WHERE id = $1","timestamp":"2026-05-12T06:55:12.333Z"}
{"level":"info","message":"POST /api/drivers/panic 200 1057.975 ms","timestamp":"2026-05-12T06:55:13.378Z"}
{"duration":157,"level":"info","message":"db-query","rows":1,"text":"\n      SELECT web_device_id\n      FROM employees\n      WHERE role_id = 1\n      AND web_device_id IS NOT NULL\n      AND web_device_id != ''\n    ","timestamp":"2026-05-12T06:55:32.173Z"}
{"duration":3,"level":"info","message":"db-query","rows":1,"text":"\n  SELECT name, username, mobile\n      FROM drivers\n      WHERE id = $1","timestamp":"2026-05-12T06:55:32.177Z"}
{"level":"info","message":"POST /api/drivers/panic 200 522.044 ms","timestamp":"2026-05-12T06:55:32.537Z"}
{"duration":9,"level":"info","message":"db-query","rows":26,"text":"SELECT * FROM location_types","timestamp":"2026-05-12T06:55:43.108Z"}
{"level":"info","message":"GET /api/location-types 200 16.438 ms","timestamp":"2026-05-12T06:55:43.115Z"}
{"duration":50,"level":"info","message":"db-query","rows":26,"text":"SELECT * FROM location_types","timestamp":"2026-05-12T06:55:43.152Z"}
{"level":"info","message":"GET /api/location-types 200 51.710 ms","timestamp":"2026-05-12T06:55:43.153Z"}
{"duration":4,"level":"info","message":"db-query","rows":1,"text":"\n      SELECT web_device_id\n      FROM employees\n      WHERE role_id = 1\n      AND web_device_id IS NOT NULL\n      AND web_device_id != ''\n    ","timestamp":"2026-05-12T06:55:45.529Z"}
{"duration":3,"level":"info","message":"db-query","rows":1,"text":"\n  SELECT name, username, mobile\n      FROM drivers\n      WHERE id = $1","timestamp":"2026-05-12T06:55:45.533Z"}
{"level":"info","message":"POST /api/drivers/panic 200 1183.624 ms","timestamp":"2026-05-12T06:55:46.704Z"}
{"duration":13,"level":"info","message":"db-query","rows":26,"text":"SELECT * FROM location_types","timestamp":"2026-05-12T06:55:59.736Z"}
{"level":"info","message":"GET /api/location-types 200 41.866 ms","timestamp":"2026-05-12T06:55:59.763Z"}
{"duration":207,"level":"info","message":"db-query","rows":26,"text":"SELECT * FROM location_types","timestamp":"2026-05-12T06:55:59.933Z"}
{"level":"info","message":"GET /api/location-types 200 208.315 ms","timestamp":"2026-05-12T06:55:59.934Z"}
{"duration":4,"level":"info","message":"db-query","rows":1,"text":"\n      SELECT web_device_id\n      FROM employees\n      WHERE role_id = 1\n      AND web_device_id IS NOT NULL\n      AND web_device_id != ''\n    ","timestamp":"2026-05-12T06:56:01.361Z"}
{"duration":4,"level":"info","message":"db-query","rows":1,"text":"\n  SELECT name, username, mobile\n      FROM drivers\n      WHERE id = $1","timestamp":"2026-05-12T06:56:01.366Z"}
{"level":"info","message":"POST /api/drivers/panic 200 1119.346 ms","timestamp":"2026-05-12T06:56:02.471Z"}
{"duration":5,"level":"info","message":"db-query","rows":26,"text":"SELECT * FROM location_types","timestamp":"2026-05-12T06:56:15.130Z"}
{"level":"info","message":"GET /api/location-types 200 11.492 ms","timestamp":"2026-05-12T06:56:15.137Z"}
{"duration":48,"level":"info","message":"db-query","rows":26,"text":"SELECT * FROM location_types","timestamp":"2026-05-12T06:56:15.175Z"}
{"level":"info","message":"GET /api/location-types 200 50.121 ms","timestamp":"2026-05-12T06:56:15.176Z"}
{"duration":10,"level":"info","message":"db-query","rows":26,"text":"SELECT * FROM location_types","timestamp":"2026-05-12T06:56:27.129Z"}
{"level":"info","message":"GET /api/location-types 200 21.226 ms","timestamp":"2026-05-12T06:56:27.139Z"}
{"duration":55,"level":"info","message":"db-query","rows":26,"text":"SELECT * FROM location_types","timestamp":"2026-05-12T06:56:27.177Z"}
{"level":"info","message":"GET /api/location-types 200 56.587 ms","timestamp":"2026-05-12T06:56:27.178Z"}
{"duration":8,"level":"info","message":"db-query","rows":26,"text":"SELECT * FROM location_types","timestamp":"2026-05-12T06:56:33.749Z"}
{"level":"info","message":"GET /api/location-types 200 40.472 ms","timestamp":"2026-05-12T06:56:33.782Z"}
{"duration":108,"level":"info","message":"db-query","rows":26,"text":"SELECT * FROM location_types","timestamp":"2026-05-12T06:56:33.852Z"}
{"level":"info","message":"GET /api/location-types 200 109.953 ms","timestamp":"2026-05-12T06:56:33.853Z"}
{"duration":4,"level":"info","message":"db-query","rows":1,"text":"\n      SELECT web_device_id\n      FROM employees\n      WHERE role_id = 1\n      AND web_device_id IS NOT NULL\n      AND web_device_id != ''\n    ","timestamp":"2026-05-12T06:56:35.461Z"}
{"duration":5,"level":"info","message":"db-query","rows":1,"text":"\n  SELECT name, username, mobile\n      FROM drivers\n      WHERE id = $1","timestamp":"2026-05-12T06:56:35.466Z"}
{"level":"info","message":"POST /api/drivers/panic 200 1143.383 ms","timestamp":"2026-05-12T06:56:36.595Z"}
{"duration":10,"level":"info","message":"db-query","rows":26,"text":"SELECT * FROM location_types","timestamp":"2026-05-12T06:58:36.614Z"}
{"level":"info","message":"GET /api/location-types 200 21.229 ms","timestamp":"2026-05-12T06:58:36.623Z"}
{"duration":174,"level":"info","message":"db-query","rows":26,"text":"SELECT * FROM location_types","timestamp":"2026-05-12T06:58:36.782Z"}
{"level":"info","message":"GET /api/location-types 200 175.734 ms","timestamp":"2026-05-12T06:58:36.783Z"}
{"duration":3,"level":"info","message":"db-query","rows":1,"text":"\n      SELECT web_device_id\n      FROM employees\n      WHERE role_id = 1\n      AND web_device_id IS NOT NULL\n      AND web_device_id != ''\n    ","timestamp":"2026-05-12T06:58:37.947Z"}
{"duration":3,"level":"info","message":"db-query","rows":1,"text":"\n  SELECT name, username, mobile\n      FROM drivers\n      WHERE id = $1","timestamp":"2026-05-12T06:58:37.951Z"}
{"level":"info","message":"POST /api/drivers/panic 200 1107.542 ms","timestamp":"2026-05-12T06:58:39.045Z"}
{"duration":5,"level":"info","message":"db-query","rows":26,"text":"SELECT * FROM location_types","timestamp":"2026-05-12T07:15:05.182Z"}
{"level":"info","message":"GET /api/location-types 200 11.086 ms","timestamp":"2026-05-12T07:15:05.188Z"}
{"duration":55,"level":"info","message":"db-query","rows":26,"text":"SELECT * FROM location_types","timestamp":"2026-05-12T07:15:05.233Z"}
{"level":"info","message":"GET /api/location-types 200 55.710 ms","timestamp":"2026-05-12T07:15:05.234Z"}
{"duration":14,"level":"info","message":"db-query","rows":26,"text":"SELECT * FROM location_types","timestamp":"2026-05-12T07:17:42.792Z"}
{"level":"info","message":"GET /api/location-types 200 32.428 ms","timestamp":"2026-05-12T07:17:42.807Z"}
{"duration":133,"level":"info","message":"db-query","rows":26,"text":"SELECT * FROM location_types","timestamp":"2026-05-12T07:17:42.915Z"}
{"level":"info","message":"GET /api/location-types 200 134.227 ms","timestamp":"2026-05-12T07:17:42.916Z"}
{"duration":5,"level":"info","message":"db-query","rows":26,"text":"SELECT * FROM location_types","timestamp":"2026-05-12T07:19:03.835Z"}
{"level":"info","message":"GET /api/location-types 200 12.024 ms","timestamp":"2026-05-12T07:19:03.843Z"}
{"duration":53,"level":"info","message":"db-query","rows":26,"text":"SELECT * FROM location_types","timestamp":"2026-05-12T07:19:03.884Z"}
{"level":"info","message":"GET /api/location-types 200 54.488 ms","timestamp":"2026-05-12T07:19:03.886Z"}
{"duration":5,"level":"info","message":"db-query","rows":26,"text":"SELECT * FROM location_types","timestamp":"2026-05-12T07:25:12.537Z"}
{"level":"info","message":"GET /api/location-types 200 55.105 ms","timestamp":"2026-05-12T07:25:12.601Z"}
{"duration":186,"level":"info","message":"db-query","rows":26,"text":"SELECT * FROM location_types","timestamp":"2026-05-12T07:25:12.720Z"}
{"level":"info","message":"GET /api/location-types 200 192.693 ms","timestamp":"2026-05-12T07:25:12.728Z"}
{"duration":5,"level":"info","message":"db-query","rows":26,"text":"SELECT * FROM location_types","timestamp":"2026-05-12T08:05:41.499Z"}
{"level":"info","message":"GET /api/location-types 200 11.477 ms","timestamp":"2026-05-12T08:05:41.505Z"}
{"duration":56,"level":"info","message":"db-query","rows":26,"text":"SELECT * FROM location_types","timestamp":"2026-05-12T08:05:41.552Z"}
{"level":"info","message":"GET /api/location-types 200 56.933 ms","timestamp":"2026-05-12T08:05:41.553Z"}
{"duration":6,"level":"info","message":"db-query","rows":26,"text":"SELECT * FROM location_types","timestamp":"2026-05-12T08:06:19.236Z"}
{"level":"info","message":"GET /api/location-types 200 12.221 ms","timestamp":"2026-05-12T08:06:19.244Z"}
{"duration":58,"level":"info","message":"db-query","rows":26,"text":"SELECT * FROM location_types","timestamp":"2026-05-12T08:06:19.290Z"}
{"level":"info","message":"GET /api/location-types 200 59.660 ms","timestamp":"2026-05-12T08:06:19.292Z"}
{"duration":58,"level":"info","message":"db-query","rows":26,"text":"SELECT * FROM location_types","timestamp":"2026-05-12T09:26:18.416Z"}
{"level":"info","message":"GET /api/location-types 200 62.529 ms","timestamp":"2026-05-12T09:26:18.419Z"}
{"duration":74,"level":"info","message":"db-query","rows":1,"text":"\n      SELECT web_device_id\n      FROM employees\n      WHERE role_id = 1\n      AND web_device_id IS NOT NULL\n      AND web_device_id != ''\n    ","timestamp":"2026-05-12T09:32:25.613Z"}
{"duration":4,"level":"info","message":"db-query","rows":1,"text":"\n  SELECT name, username, mobile\n      FROM drivers\n      WHERE id = $1","timestamp":"2026-05-12T09:32:25.619Z"}
{"level":"info","message":"POST /api/drivers/panic 200 1541.626 ms","timestamp":"2026-05-12T09:32:27.068Z"}
{"duration":84,"level":"info","message":"db-query","rows":1,"text":"\n      SELECT web_device_id\n      FROM employees\n      WHERE role_id = 1\n      AND web_device_id IS NOT NULL\n      AND web_device_id != ''\n    ","timestamp":"2026-05-12T09:49:55.765Z"}
{"duration":3,"level":"info","message":"db-query","rows":1,"text":"\n  SELECT name, username, mobile\n      FROM drivers\n      WHERE id = $1","timestamp":"2026-05-12T09:49:55.769Z"}
{"level":"info","message":"POST /api/drivers/panic 200 517.178 ms","timestamp":"2026-05-12T09:49:56.146Z"}
{"duration":55,"level":"info","message":"db-query","rows":1,"text":"\n      SELECT web_device_id\n      FROM employees\n      WHERE role_id = 1\n      AND web_device_id IS NOT NULL\n      AND web_device_id != ''\n    ","timestamp":"2026-05-12T09:51:48.866Z"}
{"duration":3,"level":"info","message":"db-query","rows":1,"text":"\n  SELECT name, username, mobile\n      FROM drivers\n      WHERE id = $1","timestamp":"2026-05-12T09:51:48.870Z"}
{"level":"info","message":"POST /api/drivers/on-break 200 506.115 ms","timestamp":"2026-05-12T09:51:49.314Z"}
{"duration":17,"level":"info","message":"db-query","rows":26,"text":"SELECT * FROM location_types","timestamp":"2026-05-12T09:52:38.200Z"}
{"level":"info","message":"GET /api/location-types 200 22.848 ms","timestamp":"2026-05-12T09:52:38.207Z"}
{"duration":73,"level":"info","message":"db-query","rows":26,"text":"SELECT * FROM location_types","timestamp":"2026-05-12T09:52:38.271Z"}
{"level":"info","message":"GET /api/location-types 200 74.561 ms","timestamp":"2026-05-12T09:52:38.273Z"}
{"duration":83,"level":"info","message":"db-query","rows":1,"text":"\n      SELECT web_device_id\n      FROM employees\n      WHERE role_id = 1\n      AND web_device_id IS NOT NULL\n      AND web_device_id != ''\n    ","timestamp":"2026-05-12T09:52:38.279Z"}
{"duration":3,"level":"info","message":"db-query","rows":1,"text":"\n  SELECT name, username, mobile\n      FROM drivers\n      WHERE id = $1","timestamp":"2026-05-12T09:52:38.283Z"}
{"level":"info","message":"POST /api/drivers/on-break 200 864.956 ms","timestamp":"2026-05-12T09:52:39.051Z"}
{"duration":71,"level":"info","message":"db-query","rows":1,"text":"\n      SELECT web_device_id\n      FROM employees\n      WHERE role_id = 1\n      AND web_device_id IS NOT NULL\n      AND web_device_id != ''\n    ","timestamp":"2026-05-12T09:53:08.188Z"}
{"duration":3,"level":"info","message":"db-query","rows":1,"text":"\n  SELECT name, username, mobile\n      FROM drivers\n      WHERE id = $1","timestamp":"2026-05-12T09:53:08.192Z"}
{"level":"info","message":"POST /api/drivers/on-break 200 498.920 ms","timestamp":"2026-05-12T09:53:08.572Z"}
{"duration":54,"level":"info","message":"db-query","rows":1,"text":"\n      SELECT web_device_id\n      FROM employees\n      WHERE role_id = 1\n      AND web_device_id IS NOT NULL\n      AND web_device_id != ''\n    ","timestamp":"2026-05-12T09:53:31.823Z"}
{"duration":4,"level":"info","message":"db-query","rows":1,"text":"\n  SELECT name, username, mobile\n      FROM drivers\n      WHERE id = $1","timestamp":"2026-05-12T09:53:31.827Z"}
{"level":"info","message":"POST /api/drivers/panic 200 411.457 ms","timestamp":"2026-05-12T09:53:32.180Z"}
{"duration":48,"level":"info","message":"db-query","rows":1,"text":"\n      SELECT web_device_id\n      FROM employees\n      WHERE role_id = 1\n      AND web_device_id IS NOT NULL\n      AND web_device_id != ''\n    ","timestamp":"2026-05-12T09:54:05.586Z"}
{"duration":3,"level":"info","message":"db-query","rows":1,"text":"\n  SELECT name, username, mobile\n      FROM drivers\n      WHERE id = $1","timestamp":"2026-05-12T09:54:05.589Z"}
{"level":"info","message":"POST /api/drivers/panic 200 449.764 ms","timestamp":"2026-05-12T09:54:05.987Z"}
{"level":"info","message":"POST /api/drivers/panic 200 1.437 ms","timestamp":"2026-05-12T09:54:54.490Z"}
{"duration":52,"level":"info","message":"db-query","rows":1,"text":"\n      SELECT web_device_id\n      FROM employees\n      WHERE role_id = 1\n      AND web_device_id IS NOT NULL\n      AND web_device_id != ''\n    ","timestamp":"2026-05-12T09:55:05.391Z"}
{"duration":3,"level":"info","message":"db-query","rows":1,"text":"\n  SELECT name, username, mobile\n      FROM drivers\n      WHERE id = $1","timestamp":"2026-05-12T09:55:05.395Z"}
{"level":"info","message":"POST /api/drivers/panic 200 469.407 ms","timestamp":"2026-05-12T09:55:05.809Z"}
{"duration":60,"level":"info","message":"db-query","rows":1,"text":"\n      SELECT web_device_id\n      FROM employees\n      WHERE role_id = 1\n      AND web_device_id IS NOT NULL\n      AND web_device_id != ''\n    ","timestamp":"2026-05-12T09:55:32.756Z"}
{"duration":3,"level":"info","message":"db-query","rows":1,"text":"\n  SELECT name, username, mobile\n      FROM drivers\n      WHERE id = $1","timestamp":"2026-05-12T09:55:32.760Z"}
{"level":"info","message":"POST /api/drivers/panic 200 470.067 ms","timestamp":"2026-05-12T09:55:33.166Z"}
{"duration":59,"level":"info","message":"db-query","rows":1,"text":"\n      SELECT web_device_id\n      FROM employees\n      WHERE role_id = 1\n      AND web_device_id IS NOT NULL\n      AND web_device_id != ''\n    ","timestamp":"2026-05-12T09:56:46.028Z"}
{"duration":3,"level":"info","message":"db-query","rows":1,"text":"\n  SELECT name, username, mobile\n      FROM drivers\n      WHERE id = $1","timestamp":"2026-05-12T09:56:46.031Z"}
{"level":"info","message":"POST /api/drivers/on-break 200 450.316 ms","timestamp":"2026-05-12T09:56:46.418Z"}
{"duration":12,"level":"info","message":"db-query","rows":26,"text":"SELECT * FROM location_types","timestamp":"2026-05-12T09:58:58.556Z"}
{"level":"info","message":"GET /api/location-types 200 26.768 ms","timestamp":"2026-05-12T09:58:58.569Z"}
{"duration":79,"level":"info","message":"db-query","rows":26,"text":"SELECT * FROM location_types","timestamp":"2026-05-12T09:58:58.628Z"}
{"level":"info","message":"GET /api/location-types 200 80.436 ms","timestamp":"2026-05-12T09:58:58.629Z"}
{"duration":8,"level":"info","message":"db-query","rows":26,"text":"SELECT * FROM location_types","timestamp":"2026-05-12T09:59:12.017Z"}
{"level":"info","message":"GET /api/location-types 200 19.941 ms","timestamp":"2026-05-12T09:59:12.029Z"}
{"duration":58,"level":"info","message":"db-query","rows":26,"text":"SELECT * FROM location_types","timestamp":"2026-05-12T09:59:12.069Z"}
{"level":"info","message":"GET /api/location-types 200 59.489 ms","timestamp":"2026-05-12T09:59:12.071Z"}
{"duration":14,"level":"info","message":"db-query","rows":26,"text":"SELECT * FROM location_types","timestamp":"2026-05-12T09:59:17.184Z"}
{"level":"info","message":"GET /api/location-types 200 28.782 ms","timestamp":"2026-05-12T09:59:17.197Z"}
{"duration":83,"level":"info","message":"db-query","rows":26,"text":"SELECT * FROM location_types","timestamp":"2026-05-12T09:59:17.258Z"}
{"level":"info","message":"GET /api/location-types 200 84.866 ms","timestamp":"2026-05-12T09:59:17.260Z"}
{"duration":8,"level":"info","message":"db-query","rows":26,"text":"SELECT * FROM location_types","timestamp":"2026-05-12T09:59:23.777Z"}
{"level":"info","message":"GET /api/location-types 200 19.852 ms","timestamp":"2026-05-12T09:59:23.790Z"}
{"duration":54,"level":"info","message":"db-query","rows":26,"text":"SELECT * FROM location_types","timestamp":"2026-05-12T09:59:23.825Z"}
{"level":"info","message":"GET /api/location-types 200 55.288 ms","timestamp":"2026-05-12T09:59:23.827Z"}
{"duration":9,"level":"info","message":"db-query","rows":26,"text":"SELECT * FROM location_types","timestamp":"2026-05-12T09:59:29.848Z"}
{"level":"info","message":"GET /api/location-types 200 16.593 ms","timestamp":"2026-05-12T09:59:29.855Z"}
{"duration":61,"level":"info","message":"db-query","rows":26,"text":"SELECT * FROM location_types","timestamp":"2026-05-12T09:59:29.904Z"}
{"level":"info","message":"GET /api/location-types 200 62.863 ms","timestamp":"2026-05-12T09:59:29.906Z"}
{"duration":6,"level":"info","message":"db-query","rows":26,"text":"SELECT * FROM location_types","timestamp":"2026-05-12T09:59:36.747Z"}
{"level":"info","message":"GET /api/location-types 200 13.249 ms","timestamp":"2026-05-12T09:59:36.755Z"}
{"duration":12,"level":"info","message":"db-query","rows":26,"text":"SELECT * FROM location_types","timestamp":"2026-05-12T09:59:40.862Z"}
{"level":"info","message":"GET /api/location-types 200 23.333 ms","timestamp":"2026-05-12T09:59:40.872Z"}
{"duration":65,"level":"info","message":"db-query","rows":26,"text":"SELECT * FROM location_types","timestamp":"2026-05-12T09:59:40.918Z"}
{"level":"info","message":"GET /api/location-types 200 66.978 ms","timestamp":"2026-05-12T09:59:40.920Z"}
{"duration":11,"level":"info","message":"db-query","rows":26,"text":"SELECT * FROM location_types","timestamp":"2026-05-12T09:59:49.271Z"}
{"level":"info","message":"GET /api/location-types 200 24.616 ms","timestamp":"2026-05-12T09:59:49.285Z"}
{"duration":68,"level":"info","message":"db-query","rows":26,"text":"SELECT * FROM location_types","timestamp":"2026-05-12T09:59:49.332Z"}
{"level":"info","message":"GET /api/location-types 200 69.482 ms","timestamp":"2026-05-12T09:59:49.334Z"}
{"duration":10,"level":"info","message":"db-query","rows":26,"text":"SELECT * FROM location_types","timestamp":"2026-05-12T09:59:54.360Z"}
{"level":"info","message":"GET /api/location-types 200 19.309 ms","timestamp":"2026-05-12T09:59:54.367Z"}
{"duration":64,"level":"info","message":"db-query","rows":26,"text":"SELECT * FROM location_types","timestamp":"2026-05-12T09:59:54.417Z"}
{"level":"info","message":"GET /api/location-types 200 65.517 ms","timestamp":"2026-05-12T09:59:54.418Z"}
{"duration":10,"level":"info","message":"db-query","rows":26,"text":"SELECT * FROM location_types","timestamp":"2026-05-12T10:00:02.256Z"}
{"level":"info","message":"GET /api/location-types 200 22.471 ms","timestamp":"2026-05-12T10:00:02.268Z"}
{"duration":189,"level":"info","message":"db-query","rows":26,"text":"SELECT * FROM location_types","timestamp":"2026-05-12T10:00:02.441Z"}
{"level":"info","message":"GET /api/location-types 200 191.516 ms","timestamp":"2026-05-12T10:00:02.443Z"}
{"duration":5,"level":"info","message":"db-query","rows":26,"text":"SELECT * FROM location_types","timestamp":"2026-05-12T10:00:14.319Z"}
{"level":"info","message":"GET /api/location-types 200 10.701 ms","timestamp":"2026-05-12T10:00:14.325Z"}
{"duration":56,"level":"info","message":"db-query","rows":26,"text":"SELECT * FROM location_types","timestamp":"2026-05-12T10:00:14.373Z"}
{"level":"info","message":"GET /api/location-types 200 58.428 ms","timestamp":"2026-05-12T10:00:14.375Z"}
{"duration":7,"level":"info","message":"db-query","rows":26,"text":"SELECT * FROM location_types","timestamp":"2026-05-12T10:00:26.172Z"}
{"level":"info","message":"GET /api/location-types 200 16.866 ms","timestamp":"2026-05-12T10:00:26.182Z"}
{"duration":56,"level":"info","message":"db-query","rows":26,"text":"SELECT * FROM location_types","timestamp":"2026-05-12T10:00:26.223Z"}
{"level":"info","message":"GET /api/location-types 200 57.488 ms","timestamp":"2026-05-12T10:00:26.225Z"}
{"duration":8,"level":"info","message":"db-query","rows":26,"text":"SELECT * FROM location_types","timestamp":"2026-05-12T10:00:28.749Z"}
{"level":"info","message":"GET /api/location-types 200 16.436 ms","timestamp":"2026-05-12T10:00:28.757Z"}
{"duration":163,"level":"info","message":"db-query","rows":26,"text":"SELECT * FROM location_types","timestamp":"2026-05-12T10:00:28.909Z"}
{"level":"info","message":"GET /api/location-types 200 165.256 ms","timestamp":"2026-05-12T10:00:28.911Z"}
{"duration":18,"level":"info","message":"db-query","rows":26,"text":"SELECT * FROM location_types","timestamp":"2026-05-12T10:00:44.185Z"}
{"level":"info","message":"GET /api/location-types 200 34.120 ms","timestamp":"2026-05-12T10:00:44.199Z"}
{"duration":90,"level":"info","message":"db-query","rows":26,"text":"SELECT * FROM location_types","timestamp":"2026-05-12T10:00:44.262Z"}
{"level":"info","message":"GET /api/location-types 200 93.454 ms","timestamp":"2026-05-12T10:00:44.265Z"}
{"duration":6,"level":"info","message":"db-query","rows":26,"text":"SELECT * FROM location_types","timestamp":"2026-05-12T10:00:56.374Z"}
{"level":"info","message":"GET /api/location-types 200 20.746 ms","timestamp":"2026-05-12T10:00:56.390Z"}
{"duration":77,"level":"info","message":"db-query","rows":26,"text":"SELECT * FROM location_types","timestamp":"2026-05-12T10:00:56.448Z"}
{"level":"info","message":"GET /api/location-types 200 78.507 ms","timestamp":"2026-05-12T10:00:56.450Z"}
{"duration":11,"level":"info","message":"db-query","rows":26,"text":"SELECT * FROM location_types","timestamp":"2026-05-12T10:01:01.883Z"}
{"level":"info","message":"GET /api/location-types 200 23.734 ms","timestamp":"2026-05-12T10:01:01.897Z"}
{"duration":85,"level":"info","message":"db-query","rows":26,"text":"SELECT * FROM location_types","timestamp":"2026-05-12T10:01:01.962Z"}
{"level":"info","message":"GET /api/location-types 200 87.749 ms","timestamp":"2026-05-12T10:01:01.964Z"}
{"duration":7,"level":"info","message":"db-query","rows":26,"text":"SELECT * FROM location_types","timestamp":"2026-05-12T10:01:15.952Z"}
{"level":"info","message":"GET /api/location-types 200 17.059 ms","timestamp":"2026-05-12T10:01:15.962Z"}
{"duration":65,"level":"info","message":"db-query","rows":26,"text":"SELECT * FROM location_types","timestamp":"2026-05-12T10:01:16.013Z"}
{"level":"info","message":"GET /api/location-types 200 67.069 ms","timestamp":"2026-05-12T10:01:16.015Z"}
{"duration":6,"level":"info","message":"db-query","rows":26,"text":"SELECT * FROM location_types","timestamp":"2026-05-12T10:01:20.178Z"}
{"level":"info","message":"GET /api/location-types 200 10.549 ms","timestamp":"2026-05-12T10:01:20.184Z"}
{"duration":58,"level":"info","message":"db-query","rows":26,"text":"SELECT * FROM location_types","timestamp":"2026-05-12T10:01:20.233Z"}
{"level":"info","message":"GET /api/location-types 200 59.181 ms","timestamp":"2026-05-12T10:01:20.234Z"}
{"duration":14,"level":"info","message":"db-query","rows":26,"text":"SELECT * FROM location_types","timestamp":"2026-05-12T10:01:25.851Z"}
{"level":"info","message":"GET /api/location-types 200 29.576 ms","timestamp":"2026-05-12T10:01:25.865Z"}
{"duration":79,"level":"info","message":"db-query","rows":26,"text":"SELECT * FROM location_types","timestamp":"2026-05-12T10:01:25.921Z"}
{"level":"info","message":"GET /api/location-types 200 81.181 ms","timestamp":"2026-05-12T10:01:25.922Z"}
{"duration":5,"level":"info","message":"db-query","rows":26,"text":"SELECT * FROM location_types","timestamp":"2026-05-12T10:02:15.669Z"}
{"level":"info","message":"GET /api/location-types 200 10.834 ms","timestamp":"2026-05-12T10:02:15.676Z"}
{"duration":155,"level":"info","message":"db-query","rows":26,"text":"SELECT * FROM location_types","timestamp":"2026-05-12T10:02:15.821Z"}
{"level":"info","message":"GET /api/location-types 200 156.627 ms","timestamp":"2026-05-12T10:02:15.823Z"}
{"duration":14,"level":"info","message":"db-query","rows":26,"text":"SELECT * FROM location_types","timestamp":"2026-05-12T10:02:22.110Z"}
{"level":"info","message":"GET /api/location-types 200 28.120 ms","timestamp":"2026-05-12T10:02:22.124Z"}
{"duration":69,"level":"info","message":"db-query","rows":26,"text":"SELECT * FROM location_types","timestamp":"2026-05-12T10:02:22.169Z"}
{"level":"info","message":"GET /api/location-types 200 70.988 ms","timestamp":"2026-05-12T10:02:22.171Z"}
{"duration":7,"level":"info","message":"db-query","rows":26,"text":"SELECT * FROM location_types","timestamp":"2026-05-12T10:02:27.401Z"}
{"level":"info","message":"GET /api/location-types 200 15.989 ms","timestamp":"2026-05-12T10:02:27.411Z"}
{"duration":68,"level":"info","message":"db-query","rows":26,"text":"SELECT * FROM location_types","timestamp":"2026-05-12T10:02:27.465Z"}
{"level":"info","message":"GET /api/location-types 200 69.718 ms","timestamp":"2026-05-12T10:02:27.467Z"}
{"duration":5,"level":"info","message":"db-query","rows":26,"text":"SELECT * FROM location_types","timestamp":"2026-05-12T10:02:35.633Z"}
{"level":"info","message":"GET /api/location-types 200 12.236 ms","timestamp":"2026-05-12T10:02:35.640Z"}
{"duration":50,"level":"info","message":"db-query","rows":26,"text":"SELECT * FROM location_types","timestamp":"2026-05-12T10:02:35.679Z"}
{"level":"info","message":"GET /api/location-types 200 51.023 ms","timestamp":"2026-05-12T10:02:35.681Z"}
{"duration":13,"level":"info","message":"db-query","rows":26,"text":"SELECT * FROM location_types","timestamp":"2026-05-12T10:02:46.386Z"}
{"level":"info","message":"GET /api/location-types 200 33.485 ms","timestamp":"2026-05-12T10:02:46.406Z"}
{"duration":117,"level":"info","message":"db-query","rows":26,"text":"SELECT * FROM location_types","timestamp":"2026-05-12T10:02:46.500Z"}
{"level":"info","message":"GET /api/location-types 200 120.354 ms","timestamp":"2026-05-12T10:02:46.502Z"}
{"duration":9,"level":"info","message":"db-query","rows":26,"text":"SELECT * FROM location_types","timestamp":"2026-05-12T10:02:51.332Z"}
{"level":"info","message":"GET /api/location-types 200 15.065 ms","timestamp":"2026-05-12T10:02:51.339Z"}
{"duration":58,"level":"info","message":"db-query","rows":26,"text":"SELECT * FROM location_types","timestamp":"2026-05-12T10:02:51.386Z"}
{"level":"info","message":"GET /api/location-types 200 59.766 ms","timestamp":"2026-05-12T10:02:51.387Z"}
{"duration":12,"level":"info","message":"db-query","rows":26,"text":"SELECT * FROM location_types","timestamp":"2026-05-12T10:02:53.705Z"}
{"level":"info","message":"GET /api/location-types 200 22.917 ms","timestamp":"2026-05-12T10:02:53.715Z"}
{"duration":60,"level":"info","message":"db-query","rows":26,"text":"SELECT * FROM location_types","timestamp":"2026-05-12T10:02:53.758Z"}
{"level":"info","message":"GET /api/location-types 200 61.868 ms","timestamp":"2026-05-12T10:02:53.760Z"}
{"duration":21,"level":"info","message":"db-query","rows":26,"text":"SELECT * FROM location_types","timestamp":"2026-05-12T10:02:56.464Z"}
{"level":"info","message":"GET /api/location-types 200 31.773 ms","timestamp":"2026-05-12T10:02:56.476Z"}
{"duration":66,"level":"info","message":"db-query","rows":26,"text":"SELECT * FROM location_types","timestamp":"2026-05-12T10:02:56.515Z"}
{"level":"info","message":"GET /api/location-types 200 68.674 ms","timestamp":"2026-05-12T10:02:56.517Z"}
{"duration":10,"level":"info","message":"db-query","rows":26,"text":"SELECT * FROM location_types","timestamp":"2026-05-12T10:03:04.962Z"}
{"level":"info","message":"GET /api/location-types 200 20.411 ms","timestamp":"2026-05-12T10:03:04.974Z"}
{"duration":59,"level":"info","message":"db-query","rows":26,"text":"SELECT * FROM location_types","timestamp":"2026-05-12T10:03:05.015Z"}
{"level":"info","message":"GET /api/location-types 200 60.906 ms","timestamp":"2026-05-12T10:03:05.016Z"}
{"duration":12,"level":"info","message":"db-query","rows":26,"text":"SELECT * FROM location_types","timestamp":"2026-05-12T10:03:16.748Z"}
{"level":"info","message":"GET /api/location-types 200 21.906 ms","timestamp":"2026-05-12T10:03:16.757Z"}
{"duration":70,"level":"info","message":"db-query","rows":26,"text":"SELECT * FROM location_types","timestamp":"2026-05-12T10:03:16.813Z"}
{"level":"info","message":"GET /api/location-types 200 73.060 ms","timestamp":"2026-05-12T10:03:16.815Z"}
{"duration":5,"level":"info","message":"db-query","rows":26,"text":"SELECT * FROM location_types","timestamp":"2026-05-12T10:03:25.374Z"}
{"level":"info","message":"GET /api/location-types 200 11.056 ms","timestamp":"2026-05-12T10:03:25.381Z"}
{"duration":47,"level":"info","message":"db-query","rows":26,"text":"SELECT * FROM location_types","timestamp":"2026-05-12T10:03:25.418Z"}
{"level":"info","message":"GET /api/location-types 200 48.634 ms","timestamp":"2026-05-12T10:03:25.420Z"}
{"duration":9,"level":"info","message":"db-query","rows":26,"text":"SELECT * FROM location_types","timestamp":"2026-05-12T10:04:02.815Z"}
{"level":"info","message":"GET /api/location-types 200 19.971 ms","timestamp":"2026-05-12T10:04:02.827Z"}
{"duration":78,"level":"info","message":"db-query","rows":26,"text":"SELECT * FROM location_types","timestamp":"2026-05-12T10:04:02.887Z"}
{"level":"info","message":"GET /api/location-types 200 79.987 ms","timestamp":"2026-05-12T10:04:02.889Z"}
{"duration":5,"level":"info","message":"db-query","rows":26,"text":"SELECT * FROM location_types","timestamp":"2026-05-12T10:04:12.772Z"}
{"level":"info","message":"GET /api/location-types 200 12.342 ms","timestamp":"2026-05-12T10:04:12.780Z"}
{"duration":184,"level":"info","message":"db-query","rows":26,"text":"SELECT * FROM location_types","timestamp":"2026-05-12T10:04:12.953Z"}
{"level":"info","message":"GET /api/location-types 200 185.959 ms","timestamp":"2026-05-12T10:04:12.955Z"}
{"duration":14,"level":"info","message":"db-query","rows":26,"text":"SELECT * FROM location_types","timestamp":"2026-05-12T10:04:15.281Z"}
{"level":"info","message":"GET /api/location-types 200 36.293 ms","timestamp":"2026-05-12T10:04:15.297Z"}
{"duration":66,"level":"info","message":"db-query","rows":26,"text":"SELECT * FROM location_types","timestamp":"2026-05-12T10:04:15.336Z"}
{"level":"info","message":"GET /api/location-types 200 68.479 ms","timestamp":"2026-05-12T10:04:15.337Z"}
{"duration":6,"level":"info","message":"db-query","rows":26,"text":"SELECT * FROM location_types","timestamp":"2026-05-12T10:04:39.958Z"}
{"level":"info","message":"GET /api/location-types 200 15.118 ms","timestamp":"2026-05-12T10:04:39.967Z"}
{"duration":149,"level":"info","message":"db-query","rows":26,"text":"SELECT * FROM location_types","timestamp":"2026-05-12T10:04:40.102Z"}
{"level":"info","message":"GET /api/location-types 200 150.304 ms","timestamp":"2026-05-12T10:04:40.104Z"}
{"duration":9,"level":"info","message":"db-query","rows":26,"text":"SELECT * FROM location_types","timestamp":"2026-05-12T10:04:43.857Z"}
{"level":"info","message":"GET /api/location-types 200 20.998 ms","timestamp":"2026-05-12T10:04:43.867Z"}
{"duration":57,"level":"info","message":"db-query","rows":26,"text":"SELECT * FROM location_types","timestamp":"2026-05-12T10:04:43.907Z"}
{"level":"info","message":"GET /api/location-types 200 58.790 ms","timestamp":"2026-05-12T10:04:43.909Z"}
{"duration":6,"level":"info","message":"db-query","rows":26,"text":"SELECT * FROM location_types","timestamp":"2026-05-12T10:04:59.535Z"}
{"level":"info","message":"GET /api/location-types 200 14.230 ms","timestamp":"2026-05-12T10:04:59.544Z"}
{"duration":63,"level":"info","message":"db-query","rows":26,"text":"SELECT * FROM location_types","timestamp":"2026-05-12T10:04:59.594Z"}
{"level":"info","message":"GET /api/location-types 200 64.138 ms","timestamp":"2026-05-12T10:04:59.596Z"}
{"duration":6,"level":"info","message":"db-query","rows":26,"text":"SELECT * FROM location_types","timestamp":"2026-05-12T10:05:02.078Z"}
{"level":"info","message":"GET /api/location-types 200 13.295 ms","timestamp":"2026-05-12T10:05:02.084Z"}
{"duration":64,"level":"info","message":"db-query","rows":26,"text":"SELECT * FROM location_types","timestamp":"2026-05-12T10:05:02.137Z"}
{"level":"info","message":"GET /api/location-types 200 64.668 ms","timestamp":"2026-05-12T10:05:02.138Z"}
{"duration":5,"level":"info","message":"db-query","rows":26,"text":"SELECT * FROM location_types","timestamp":"2026-05-12T10:05:09.287Z"}
{"level":"info","message":"GET /api/location-types 200 17.328 ms","timestamp":"2026-05-12T10:05:09.299Z"}
{"duration":5,"level":"info","message":"db-query","rows":26,"text":"SELECT * FROM location_types","timestamp":"2026-05-12T10:05:11.439Z"}
{"level":"info","message":"GET /api/location-types 200 11.176 ms","timestamp":"2026-05-12T10:05:11.445Z"}
{"duration":52,"level":"info","message":"db-query","rows":26,"text":"SELECT * FROM location_types","timestamp":"2026-05-12T10:05:11.487Z"}
{"level":"info","message":"GET /api/location-types 200 53.165 ms","timestamp":"2026-05-12T10:05:11.488Z"}
{"duration":6,"level":"info","message":"db-query","rows":26,"text":"SELECT * FROM location_types","timestamp":"2026-05-12T10:05:29.226Z"}
{"level":"info","message":"GET /api/location-types 200 13.775 ms","timestamp":"2026-05-12T10:05:29.234Z"}
{"duration":69,"level":"info","message":"db-query","rows":26,"text":"SELECT * FROM location_types","timestamp":"2026-05-12T10:05:29.291Z"}
{"level":"info","message":"GET /api/location-types 200 71.686 ms","timestamp":"2026-05-12T10:05:29.294Z"}
{"duration":6,"level":"info","message":"db-query","rows":26,"text":"SELECT * FROM location_types","timestamp":"2026-05-12T10:05:33.757Z"}
{"level":"info","message":"GET /api/location-types 200 14.598 ms","timestamp":"2026-05-12T10:05:33.765Z"}
{"duration":51,"level":"info","message":"db-query","rows":26,"text":"SELECT * FROM location_types","timestamp":"2026-05-12T10:05:33.804Z"}
{"level":"info","message":"GET /api/location-types 200 51.723 ms","timestamp":"2026-05-12T10:05:33.805Z"}
{"duration":12,"level":"info","message":"db-query","rows":26,"text":"SELECT * FROM location_types","timestamp":"2026-05-12T10:05:38.192Z"}
{"level":"info","message":"GET /api/location-types 200 20.975 ms","timestamp":"2026-05-12T10:05:38.200Z"}
{"duration":56,"level":"info","message":"db-query","rows":26,"text":"SELECT * FROM location_types","timestamp":"2026-05-12T10:05:38.240Z"}
{"level":"info","message":"GET /api/location-types 200 57.424 ms","timestamp":"2026-05-12T10:05:38.242Z"}
{"duration":11,"level":"info","message":"db-query","rows":26,"text":"SELECT * FROM location_types","timestamp":"2026-05-12T10:05:54.462Z"}
{"level":"info","message":"GET /api/location-types 200 24.054 ms","timestamp":"2026-05-12T10:05:54.476Z"}
{"duration":206,"level":"info","message":"db-query","rows":26,"text":"SELECT * FROM location_types","timestamp":"2026-05-12T10:05:54.661Z"}
{"level":"info","message":"GET /api/location-types 200 208.098 ms","timestamp":"2026-05-12T10:05:54.663Z"}
{"duration":5,"level":"info","message":"db-query","rows":26,"text":"SELECT * FROM location_types","timestamp":"2026-05-12T10:06:04.364Z"}
{"level":"info","message":"GET /api/location-types 200 11.660 ms","timestamp":"2026-05-12T10:06:04.370Z"}
{"duration":54,"level":"info","message":"db-query","rows":26,"text":"SELECT * FROM location_types","timestamp":"2026-05-12T10:06:04.415Z"}
{"level":"info","message":"GET /api/location-types 200 56.057 ms","timestamp":"2026-05-12T10:06:04.417Z"}
{"duration":4,"level":"info","message":"db-query","rows":26,"text":"SELECT * FROM location_types","timestamp":"2026-05-12T10:06:08.390Z"}
{"level":"info","message":"GET /api/location-types 200 10.245 ms","timestamp":"2026-05-12T10:06:08.396Z"}
{"duration":1,"level":"info","message":"db-query","rows":26,"text":"SELECT * FROM location_types","timestamp":"2026-05-12T10:06:08.404Z"}
{"level":"info","message":"GET /api/location-types 200 2.290 ms","timestamp":"2026-05-12T10:06:08.405Z"}
{"duration":5,"level":"info","message":"db-query","rows":26,"text":"SELECT * FROM location_types","timestamp":"2026-05-12T10:06:15.083Z"}
{"level":"info","message":"GET /api/location-types 200 11.397 ms","timestamp":"2026-05-12T10:06:15.089Z"}
{"duration":155,"level":"info","message":"db-query","rows":26,"text":"SELECT * FROM location_types","timestamp":"2026-05-12T10:06:15.234Z"}
{"level":"info","message":"GET /api/location-types 200 155.831 ms","timestamp":"2026-05-12T10:06:15.235Z"}
{"duration":14,"level":"info","message":"db-query","rows":26,"text":"SELECT * FROM location_types","timestamp":"2026-05-12T10:06:21.471Z"}
{"level":"info","message":"GET /api/location-types 200 31.610 ms","timestamp":"2026-05-12T10:06:21.488Z"}
{"duration":91,"level":"info","message":"db-query","rows":26,"text":"SELECT * FROM location_types","timestamp":"2026-05-12T10:06:21.554Z"}
{"level":"info","message":"GET /api/location-types 200 93.281 ms","timestamp":"2026-05-12T10:06:21.555Z"}
{"duration":5,"level":"info","message":"db-query","rows":26,"text":"SELECT * FROM location_types","timestamp":"2026-05-12T10:10:17.646Z"}
{"level":"info","message":"GET /api/location-types 200 14.548 ms","timestamp":"2026-05-12T10:10:17.656Z"}
{"duration":62,"level":"info","message":"db-query","rows":26,"text":"SELECT * FROM location_types","timestamp":"2026-05-12T10:10:17.705Z"}
{"level":"info","message":"GET /api/location-types 200 63.665 ms","timestamp":"2026-05-12T10:10:17.707Z"}
{"duration":11,"level":"info","message":"db-query","rows":26,"text":"SELECT * FROM location_types","timestamp":"2026-05-12T10:10:21.210Z"}
{"level":"info","message":"GET /api/location-types 200 22.026 ms","timestamp":"2026-05-12T10:10:21.220Z"}
{"duration":61,"level":"info","message":"db-query","rows":26,"text":"SELECT * FROM location_types","timestamp":"2026-05-12T10:10:21.262Z"}
{"level":"info","message":"GET /api/location-types 200 63.017 ms","timestamp":"2026-05-12T10:10:21.264Z"}
{"duration":8,"level":"info","message":"db-query","rows":26,"text":"SELECT * FROM location_types","timestamp":"2026-05-12T10:10:26.615Z"}
{"level":"info","message":"GET /api/location-types 200 16.603 ms","timestamp":"2026-05-12T10:10:26.624Z"}
{"duration":185,"level":"info","message":"db-query","rows":26,"text":"SELECT * FROM location_types","timestamp":"2026-05-12T10:10:26.795Z"}
{"level":"info","message":"GET /api/location-types 200 186.174 ms","timestamp":"2026-05-12T10:10:26.797Z"}
{"duration":5,"level":"info","message":"db-query","rows":26,"text":"SELECT * FROM location_types","timestamp":"2026-05-12T10:10:43.253Z"}
{"level":"info","message":"GET /api/location-types 200 11.196 ms","timestamp":"2026-05-12T10:10:43.260Z"}
{"duration":48,"level":"info","message":"db-query","rows":26,"text":"SELECT * FROM location_types","timestamp":"2026-05-12T10:10:43.297Z"}
{"level":"info","message":"GET /api/location-types 200 49.477 ms","timestamp":"2026-05-12T10:10:43.299Z"}
{"duration":15,"level":"info","message":"db-query","rows":26,"text":"SELECT * FROM location_types","timestamp":"2026-05-12T10:11:14.839Z"}
{"level":"info","message":"GET /api/location-types 200 35.114 ms","timestamp":"2026-05-12T10:11:14.859Z"}
{"duration":68,"level":"info","message":"db-query","rows":26,"text":"SELECT * FROM location_types","timestamp":"2026-05-12T10:11:14.897Z"}
{"level":"info","message":"GET /api/location-types 200 69.815 ms","timestamp":"2026-05-12T10:11:14.899Z"}
{"duration":10,"level":"info","message":"db-query","rows":26,"text":"SELECT * FROM location_types","timestamp":"2026-05-12T10:11:17.390Z"}
{"level":"info","message":"GET /api/location-types 200 22.116 ms","timestamp":"2026-05-12T10:11:17.402Z"}
{"duration":62,"level":"info","message":"db-query","rows":26,"text":"SELECT * FROM location_types","timestamp":"2026-05-12T10:11:17.446Z"}
{"level":"info","message":"GET /api/location-types 200 63.553 ms","timestamp":"2026-05-12T10:11:17.447Z"}
{"duration":5,"level":"info","message":"db-query","rows":26,"text":"SELECT * FROM location_types","timestamp":"2026-05-12T10:11:20.188Z"}
{"level":"info","message":"GET /api/location-types 200 11.879 ms","timestamp":"2026-05-12T10:11:20.195Z"}
{"duration":47,"level":"info","message":"db-query","rows":26,"text":"SELECT * FROM location_types","timestamp":"2026-05-12T10:11:20.231Z"}
{"level":"info","message":"GET /api/location-types 200 48.829 ms","timestamp":"2026-05-12T10:11:20.233Z"}
{"duration":5,"level":"info","message":"db-query","rows":26,"text":"SELECT * FROM location_types","timestamp":"2026-05-12T10:11:24.595Z"}
{"level":"info","message":"GET /api/location-types 200 10.829 ms","timestamp":"2026-05-12T10:11:24.601Z"}
{"duration":59,"level":"info","message":"db-query","rows":26,"text":"SELECT * FROM location_types","timestamp":"2026-05-12T10:11:24.650Z"}
{"level":"info","message":"GET /api/location-types 200 59.799 ms","timestamp":"2026-05-12T10:11:24.651Z"}
{"duration":9,"level":"info","message":"db-query","rows":26,"text":"SELECT * FROM location_types","timestamp":"2026-05-12T10:11:31.219Z"}
{"level":"info","message":"GET /api/location-types 200 16.730 ms","timestamp":"2026-05-12T10:11:31.226Z"}
{"duration":192,"level":"info","message":"db-query","rows":26,"text":"SELECT * FROM location_types","timestamp":"2026-05-12T10:11:31.405Z"}
{"level":"info","message":"GET /api/location-types 200 193.648 ms","timestamp":"2026-05-12T10:11:31.407Z"}
{"duration":7,"level":"info","message":"db-query","rows":26,"text":"SELECT * FROM location_types","timestamp":"2026-05-12T10:11:40.972Z"}
{"level":"info","message":"GET /api/location-types 200 13.519 ms","timestamp":"2026-05-12T10:11:40.979Z"}
{"duration":5,"level":"info","message":"db-query","rows":26,"text":"SELECT * FROM location_types","timestamp":"2026-05-12T10:11:40.986Z"}
{"level":"info","message":"GET /api/location-types 200 5.672 ms","timestamp":"2026-05-12T10:11:40.987Z"}
{"duration":5,"level":"info","message":"db-query","rows":26,"text":"SELECT * FROM location_types","timestamp":"2026-05-12T10:12:21.851Z"}
{"level":"info","message":"GET /api/location-types 200 10.994 ms","timestamp":"2026-05-12T10:12:21.857Z"}
{"duration":46,"level":"info","message":"db-query","rows":26,"text":"SELECT * FROM location_types","timestamp":"2026-05-12T10:12:21.893Z"}
{"level":"info","message":"GET /api/location-types 200 47.922 ms","timestamp":"2026-05-12T10:12:21.895Z"}
{"duration":11,"level":"info","message":"db-query","rows":26,"text":"SELECT * FROM location_types","timestamp":"2026-05-12T10:12:40.633Z"}
{"level":"info","message":"GET /api/location-types 200 21.978 ms","timestamp":"2026-05-12T10:12:40.643Z"}
{"duration":65,"level":"info","message":"db-query","rows":26,"text":"SELECT * FROM location_types","timestamp":"2026-05-12T10:12:40.689Z"}
{"level":"info","message":"GET /api/location-types 200 66.244 ms","timestamp":"2026-05-12T10:12:40.691Z"}
{"duration":11,"level":"info","message":"db-query","rows":26,"text":"SELECT * FROM location_types","timestamp":"2026-05-12T10:14:07.402Z"}
{"level":"info","message":"GET /api/location-types 200 22.984 ms","timestamp":"2026-05-12T10:14:07.413Z"}
{"duration":83,"level":"info","message":"db-query","rows":26,"text":"SELECT * FROM location_types","timestamp":"2026-05-12T10:14:07.481Z"}
{"level":"info","message":"GET /api/location-types 200 84.576 ms","timestamp":"2026-05-12T10:14:07.483Z"}
{"duration":10,"level":"info","message":"db-query","rows":26,"text":"SELECT * FROM location_types","timestamp":"2026-05-12T10:14:12.929Z"}
{"level":"info","message":"GET /api/location-types 200 21.971 ms","timestamp":"2026-05-12T10:14:12.943Z"}
{"duration":59,"level":"info","message":"db-query","rows":26,"text":"SELECT * FROM location_types","timestamp":"2026-05-12T10:14:12.982Z"}
{"level":"info","message":"GET /api/location-types 200 61.061 ms","timestamp":"2026-05-12T10:14:12.983Z"}
{"duration":12,"level":"info","message":"db-query","rows":26,"text":"SELECT * FROM location_types","timestamp":"2026-05-12T10:14:17.496Z"}
{"level":"info","message":"GET /api/location-types 200 25.990 ms","timestamp":"2026-05-12T10:14:17.510Z"}
{"duration":85,"level":"info","message":"db-query","rows":26,"text":"SELECT * FROM location_types","timestamp":"2026-05-12T10:14:17.574Z"}
{"level":"info","message":"GET /api/location-types 200 87.128 ms","timestamp":"2026-05-12T10:14:17.576Z"}
{"duration":5,"level":"info","message":"db-query","rows":26,"text":"SELECT * FROM location_types","timestamp":"2026-05-12T10:14:29.795Z"}
{"level":"info","message":"GET /api/location-types 200 12.240 ms","timestamp":"2026-05-12T10:14:29.802Z"}
{"duration":50,"level":"info","message":"db-query","rows":26,"text":"SELECT * FROM location_types","timestamp":"2026-05-12T10:14:29.841Z"}
{"level":"info","message":"GET /api/location-types 200 51.813 ms","timestamp":"2026-05-12T10:14:29.843Z"}
{"duration":5,"level":"info","message":"db-query","rows":26,"text":"SELECT * FROM location_types","timestamp":"2026-05-12T10:15:10.777Z"}
{"level":"info","message":"GET /api/location-types 200 11.090 ms","timestamp":"2026-05-12T10:15:10.784Z"}
{"duration":58,"level":"info","message":"db-query","rows":26,"text":"SELECT * FROM location_types","timestamp":"2026-05-12T10:15:10.832Z"}
{"level":"info","message":"GET /api/location-types 200 58.759 ms","timestamp":"2026-05-12T10:15:10.833Z"}
{"duration":6,"level":"info","message":"db-query","rows":26,"text":"SELECT * FROM location_types","timestamp":"2026-05-12T10:15:14.044Z"}
{"level":"info","message":"GET /api/location-types 200 12.011 ms","timestamp":"2026-05-12T10:15:14.051Z"}
{"duration":61,"level":"info","message":"db-query","rows":26,"text":"SELECT * FROM location_types","timestamp":"2026-05-12T10:15:14.102Z"}
{"level":"info","message":"GET /api/location-types 200 62.532 ms","timestamp":"2026-05-12T10:15:14.103Z"}
{"duration":6,"level":"info","message":"db-query","rows":26,"text":"SELECT * FROM location_types","timestamp":"2026-05-12T10:16:07.829Z"}
{"level":"info","message":"GET /api/location-types 200 12.573 ms","timestamp":"2026-05-12T10:16:07.835Z"}
{"duration":51,"level":"info","message":"db-query","rows":26,"text":"SELECT * FROM location_types","timestamp":"2026-05-12T10:16:07.875Z"}
{"level":"info","message":"GET /api/location-types 200 54.222 ms","timestamp":"2026-05-12T10:16:07.878Z"}
{"duration":8,"level":"info","message":"db-query","rows":26,"text":"SELECT * FROM location_types","timestamp":"2026-05-12T10:16:32.120Z"}
{"level":"info","message":"GET /api/location-types 200 15.238 ms","timestamp":"2026-05-12T10:16:32.127Z"}
{"duration":63,"level":"info","message":"db-query","rows":26,"text":"SELECT * FROM location_types","timestamp":"2026-05-12T10:16:32.180Z"}
{"level":"info","message":"GET /api/location-types 200 65.097 ms","timestamp":"2026-05-12T10:16:32.182Z"}
{"duration":6,"level":"info","message":"db-query","rows":26,"text":"SELECT * FROM location_types","timestamp":"2026-05-12T10:16:38.167Z"}
{"level":"info","message":"GET /api/location-types 200 33.808 ms","timestamp":"2026-05-12T10:16:38.196Z"}
{"duration":111,"level":"info","message":"db-query","rows":26,"text":"SELECT * FROM location_types","timestamp":"2026-05-12T10:16:38.275Z"}
{"level":"info","message":"GET /api/location-types 200 117.315 ms","timestamp":"2026-05-12T10:16:38.281Z"}
{"duration":13,"level":"info","message":"db-query","rows":26,"text":"SELECT * FROM location_types","timestamp":"2026-05-12T10:54:31.866Z"}
{"level":"info","message":"GET /api/location-types 200 27.502 ms","timestamp":"2026-05-12T10:54:31.880Z"}
{"duration":65,"level":"info","message":"db-query","rows":26,"text":"SELECT * FROM location_types","timestamp":"2026-05-12T10:54:31.921Z"}
{"level":"info","message":"GET /api/location-types 200 65.866 ms","timestamp":"2026-05-12T10:54:31.922Z"}
{"duration":9,"level":"info","message":"db-query","rows":26,"text":"SELECT * FROM location_types","timestamp":"2026-05-12T10:57:14.439Z"}
{"level":"info","message":"GET /api/location-types 200 21.829 ms","timestamp":"2026-05-12T10:57:14.451Z"}
{"duration":186,"level":"info","message":"db-query","rows":26,"text":"SELECT * FROM location_types","timestamp":"2026-05-12T10:57:14.619Z"}
{"level":"info","message":"GET /api/location-types 200 187.481 ms","timestamp":"2026-05-12T10:57:14.621Z"}
{"duration":5,"level":"info","message":"db-query","rows":26,"text":"SELECT * FROM location_types","timestamp":"2026-05-12T10:58:15.662Z"}
{"level":"info","message":"GET /api/location-types 200 11.471 ms","timestamp":"2026-05-12T10:58:15.668Z"}
{"duration":171,"level":"info","message":"db-query","rows":26,"text":"SELECT * FROM location_types","timestamp":"2026-05-12T10:58:15.829Z"}
{"level":"info","message":"GET /api/location-types 200 172.844 ms","timestamp":"2026-05-12T10:58:15.831Z"}
{"duration":5,"level":"info","message":"db-query","rows":26,"text":"SELECT * FROM location_types","timestamp":"2026-05-12T10:58:35.972Z"}
{"level":"info","message":"GET /api/location-types 200 11.535 ms","timestamp":"2026-05-12T10:58:35.980Z"}
{"duration":51,"level":"info","message":"db-query","rows":26,"text":"SELECT * FROM location_types","timestamp":"2026-05-12T10:58:36.020Z"}
{"level":"info","message":"GET /api/location-types 200 52.330 ms","timestamp":"2026-05-12T10:58:36.021Z"}
{"duration":6,"level":"info","message":"db-query","rows":26,"text":"SELECT * FROM location_types","timestamp":"2026-05-12T10:59:00.933Z"}
{"level":"info","message":"GET /api/location-types 200 12.445 ms","timestamp":"2026-05-12T10:59:00.940Z"}
{"duration":59,"level":"info","message":"db-query","rows":26,"text":"SELECT * FROM location_types","timestamp":"2026-05-12T10:59:00.989Z"}
{"level":"info","message":"GET /api/location-types 200 72.669 ms","timestamp":"2026-05-12T10:59:01.003Z"}
{"duration":6,"level":"info","message":"db-query","rows":26,"text":"SELECT * FROM location_types","timestamp":"2026-05-12T10:59:06.013Z"}
{"level":"info","message":"GET /api/location-types 200 12.662 ms","timestamp":"2026-05-12T10:59:06.019Z"}
{"duration":179,"level":"info","message":"db-query","rows":26,"text":"SELECT * FROM location_types","timestamp":"2026-05-12T10:59:06.187Z"}
{"level":"info","message":"GET /api/location-types 200 180.672 ms","timestamp":"2026-05-12T10:59:06.189Z"}
{"duration":11,"level":"info","message":"db-query","rows":26,"text":"SELECT * FROM location_types","timestamp":"2026-05-12T10:59:28.498Z"}
{"level":"info","message":"GET /api/location-types 200 23.674 ms","timestamp":"2026-05-12T10:59:28.513Z"}
{"duration":98,"level":"info","message":"db-query","rows":26,"text":"SELECT * FROM location_types","timestamp":"2026-05-12T10:59:28.589Z"}
{"level":"info","message":"GET /api/location-types 200 99.614 ms","timestamp":"2026-05-12T10:59:28.591Z"}
{"duration":8,"level":"info","message":"db-query","rows":26,"text":"SELECT * FROM location_types","timestamp":"2026-05-12T10:59:51.924Z"}
{"level":"info","message":"GET /api/location-types 200 24.151 ms","timestamp":"2026-05-12T10:59:51.940Z"}
{"duration":152,"level":"info","message":"db-query","rows":26,"text":"SELECT * FROM location_types","timestamp":"2026-05-12T10:59:52.072Z"}
{"level":"info","message":"GET /api/location-types 200 153.821 ms","timestamp":"2026-05-12T10:59:52.073Z"}
{"duration":6,"level":"info","message":"db-query","rows":26,"text":"SELECT * FROM location_types","timestamp":"2026-05-12T10:59:59.368Z"}
{"level":"info","message":"GET /api/location-types 200 21.272 ms","timestamp":"2026-05-12T10:59:59.384Z"}
{"duration":123,"level":"info","message":"db-query","rows":26,"text":"SELECT * FROM location_types","timestamp":"2026-05-12T10:59:59.489Z"}
{"level":"info","message":"GET /api/location-types 200 124.204 ms","timestamp":"2026-05-12T10:59:59.490Z"}
{"duration":5,"level":"info","message":"db-query","rows":26,"text":"SELECT * FROM location_types","timestamp":"2026-05-12T11:00:38.327Z"}
{"level":"info","message":"GET /api/location-types 200 11.589 ms","timestamp":"2026-05-12T11:00:38.334Z"}
{"duration":62,"level":"info","message":"db-query","rows":26,"text":"SELECT * FROM location_types","timestamp":"2026-05-12T11:00:38.386Z"}
{"level":"info","message":"GET /api/location-types 200 64.085 ms","timestamp":"2026-05-12T11:00:38.388Z"}
{"duration":10,"level":"info","message":"db-query","rows":26,"text":"SELECT * FROM location_types","timestamp":"2026-05-12T11:01:24.157Z"}
{"level":"info","message":"GET /api/location-types 200 23.044 ms","timestamp":"2026-05-12T11:01:24.170Z"}
{"duration":59,"level":"info","message":"db-query","rows":26,"text":"SELECT * FROM location_types","timestamp":"2026-05-12T11:01:24.211Z"}
{"level":"info","message":"GET /api/location-types 200 62.250 ms","timestamp":"2026-05-12T11:01:24.213Z"}
{"duration":5,"level":"info","message":"db-query","rows":26,"text":"SELECT * FROM location_types","timestamp":"2026-05-12T11:01:35.754Z"}
{"level":"info","message":"GET /api/location-types 200 10.430 ms","timestamp":"2026-05-12T11:01:35.760Z"}
{"duration":52,"level":"info","message":"db-query","rows":26,"text":"SELECT * FROM location_types","timestamp":"2026-05-12T11:01:35.802Z"}
{"level":"info","message":"GET /api/location-types 200 52.381 ms","timestamp":"2026-05-12T11:01:35.803Z"}
{"duration":5,"level":"info","message":"db-query","rows":26,"text":"SELECT * FROM location_types","timestamp":"2026-05-12T11:01:40.041Z"}
{"level":"info","message":"GET /api/location-types 200 14.044 ms","timestamp":"2026-05-12T11:01:40.050Z"}
{"duration":52,"level":"info","message":"db-query","rows":26,"text":"SELECT * FROM location_types","timestamp":"2026-05-12T11:01:40.089Z"}
{"level":"info","message":"GET /api/location-types 200 52.944 ms","timestamp":"2026-05-12T11:01:40.090Z"}
{"duration":11,"level":"info","message":"db-query","rows":26,"text":"SELECT * FROM location_types","timestamp":"2026-05-12T11:02:19.379Z"}
{"level":"info","message":"GET /api/location-types 200 31.067 ms","timestamp":"2026-05-12T11:02:19.399Z"}
{"duration":63,"level":"info","message":"db-query","rows":26,"text":"SELECT * FROM location_types","timestamp":"2026-05-12T11:02:19.434Z"}
{"level":"info","message":"GET /api/location-types 200 64.672 ms","timestamp":"2026-05-12T11:02:19.436Z"}
{"duration":80,"level":"info","message":"db-query","rows":1,"text":"\n      SELECT web_device_id\n      FROM employees\n      WHERE role_id = 1\n      AND web_device_id IS NOT NULL\n      AND web_device_id != ''\n    ","timestamp":"2026-05-12T11:02:55.776Z"}
{"duration":4,"level":"info","message":"db-query","rows":1,"text":"\n  SELECT name, username, mobile\n      FROM drivers\n      WHERE id = $1","timestamp":"2026-05-12T11:02:55.782Z"}
{"level":"info","message":"POST /api/drivers/on-break 200 846.377 ms","timestamp":"2026-05-12T11:02:56.489Z"}
{"duration":60,"level":"info","message":"db-query","rows":1,"text":"\n      SELECT web_device_id\n      FROM employees\n      WHERE role_id = 1\n      AND web_device_id IS NOT NULL\n      AND web_device_id != ''\n    ","timestamp":"2026-05-12T11:03:32.350Z"}
{"duration":3,"level":"info","message":"db-query","rows":1,"text":"\n  SELECT name, username, mobile\n      FROM drivers\n      WHERE id = $1","timestamp":"2026-05-12T11:03:32.353Z"}
{"level":"info","message":"POST /api/drivers/on-break 200 461.998 ms","timestamp":"2026-05-12T11:03:32.750Z"}
{"duration":59,"level":"info","message":"db-query","rows":1,"text":"\n      SELECT web_device_id\n      FROM employees\n      WHERE role_id = 1\n      AND web_device_id IS NOT NULL\n      AND web_device_id != ''\n    ","timestamp":"2026-05-12T11:03:45.432Z"}
{"duration":2,"level":"info","message":"db-query","rows":1,"text":"\n  SELECT name, username, mobile\n      FROM drivers\n      WHERE id = $1","timestamp":"2026-05-12T11:03:45.435Z"}
{"level":"info","message":"POST /api/drivers/panic 200 454.698 ms","timestamp":"2026-05-12T11:03:45.828Z"}
{"duration":61,"level":"info","message":"db-query","rows":1,"text":"\n      SELECT web_device_id\n      FROM employees\n      WHERE role_id = 1\n      AND web_device_id IS NOT NULL\n      AND web_device_id != ''\n    ","timestamp":"2026-05-12T11:04:21.483Z"}
{"duration":2,"level":"info","message":"db-query","rows":1,"text":"\n  SELECT name, username, mobile\n      FROM drivers\n      WHERE id = $1","timestamp":"2026-05-12T11:04:21.487Z"}
{"level":"info","message":"POST /api/drivers/panic 200 484.918 ms","timestamp":"2026-05-12T11:04:21.906Z"}
{"duration":65,"level":"info","message":"db-query","rows":1,"text":"\n      SELECT web_device_id\n      FROM employees\n      WHERE role_id = 1\n      AND web_device_id IS NOT NULL\n      AND web_device_id != ''\n    ","timestamp":"2026-05-12T11:05:12.171Z"}
{"duration":3,"level":"info","message":"db-query","rows":1,"text":"\n  SELECT name, username, mobile\n      FROM drivers\n      WHERE id = $1","timestamp":"2026-05-12T11:05:12.174Z"}
{"level":"info","message":"POST /api/drivers/on-break 200 446.588 ms","timestamp":"2026-05-12T11:05:12.551Z"}
{"duration":6,"level":"info","message":"db-query","rows":26,"text":"SELECT * FROM location_types","timestamp":"2026-05-12T11:07:09.425Z"}
{"level":"info","message":"GET /api/location-types 200 13.600 ms","timestamp":"2026-05-12T11:07:09.433Z"}
{"duration":63,"level":"info","message":"db-query","rows":26,"text":"SELECT * FROM location_types","timestamp":"2026-05-12T11:07:09.484Z"}
{"level":"info","message":"GET /api/location-types 200 63.874 ms","timestamp":"2026-05-12T11:07:09.485Z"}
{"duration":69,"level":"info","message":"db-query","rows":1,"text":"\n      SELECT web_device_id\n      FROM employees\n      WHERE role_id = 1\n      AND web_device_id IS NOT NULL\n      AND web_device_id != ''\n    ","timestamp":"2026-05-12T11:07:52.194Z"}
{"duration":4,"level":"info","message":"db-query","rows":1,"text":"\n  SELECT name, username, mobile\n      FROM drivers\n      WHERE id = $1","timestamp":"2026-05-12T11:07:52.200Z"}
{"level":"info","message":"POST /api/drivers/on-break 200 826.863 ms","timestamp":"2026-05-12T11:07:52.947Z"}
{"duration":5,"level":"info","message":"db-query","rows":26,"text":"SELECT * FROM location_types","timestamp":"2026-05-12T11:10:37.908Z"}
{"level":"info","message":"GET /api/location-types 200 12.734 ms","timestamp":"2026-05-12T11:10:37.916Z"}
{"duration":51,"level":"info","message":"db-query","rows":26,"text":"SELECT * FROM location_types","timestamp":"2026-05-12T11:10:37.955Z"}
{"level":"info","message":"GET /api/location-types 200 52.051 ms","timestamp":"2026-05-12T11:10:37.956Z"}
{"duration":6,"level":"info","message":"db-query","rows":26,"text":"SELECT * FROM location_types","timestamp":"2026-05-12T11:10:41.337Z"}
{"level":"info","message":"GET /api/location-types 200 12.189 ms","timestamp":"2026-05-12T11:10:41.346Z"}
{"duration":53,"level":"info","message":"db-query","rows":26,"text":"SELECT * FROM location_types","timestamp":"2026-05-12T11:10:41.385Z"}
{"level":"info","message":"GET /api/location-types 200 54.070 ms","timestamp":"2026-05-12T11:10:41.387Z"}
{"duration":5,"level":"info","message":"db-query","rows":26,"text":"SELECT * FROM location_types","timestamp":"2026-05-12T11:11:02.158Z"}
{"level":"info","message":"GET /api/location-types 200 13.609 ms","timestamp":"2026-05-12T11:11:02.167Z"}
{"duration":55,"level":"info","message":"db-query","rows":26,"text":"SELECT * FROM location_types","timestamp":"2026-05-12T11:11:02.210Z"}
{"level":"info","message":"GET /api/location-types 200 61.088 ms","timestamp":"2026-05-12T11:11:02.216Z"}
{"duration":9,"level":"info","message":"db-query","rows":26,"text":"SELECT * FROM location_types","timestamp":"2026-05-12T11:11:06.023Z"}
{"level":"info","message":"GET /api/location-types 200 16.972 ms","timestamp":"2026-05-12T11:11:06.032Z"}
{"duration":67,"level":"info","message":"db-query","rows":26,"text":"SELECT * FROM location_types","timestamp":"2026-05-12T11:11:06.087Z"}
{"level":"info","message":"GET /api/location-types 200 68.584 ms","timestamp":"2026-05-12T11:11:06.089Z"}
{"duration":16,"level":"info","message":"db-query","rows":26,"text":"SELECT * FROM location_types","timestamp":"2026-05-12T11:11:09.679Z"}
{"level":"info","message":"GET /api/location-types 200 28.772 ms","timestamp":"2026-05-12T11:11:09.688Z"}
{"duration":67,"level":"info","message":"db-query","rows":26,"text":"SELECT * FROM location_types","timestamp":"2026-05-12T11:11:09.736Z"}
{"level":"info","message":"GET /api/location-types 200 69.275 ms","timestamp":"2026-05-12T11:11:09.738Z"}
{"duration":12,"level":"info","message":"db-query","rows":26,"text":"SELECT * FROM location_types","timestamp":"2026-05-12T11:11:27.319Z"}
{"level":"info","message":"GET /api/location-types 200 19.148 ms","timestamp":"2026-05-12T11:11:27.325Z"}
{"duration":66,"level":"info","message":"db-query","rows":26,"text":"SELECT * FROM location_types","timestamp":"2026-05-12T11:11:27.380Z"}
{"level":"info","message":"GET /api/location-types 200 68.325 ms","timestamp":"2026-05-12T11:11:27.382Z"}
{"duration":10,"level":"info","message":"db-query","rows":26,"text":"SELECT * FROM location_types","timestamp":"2026-05-12T11:51:43.209Z"}
{"level":"info","message":"GET /api/location-types 200 21.040 ms","timestamp":"2026-05-12T11:51:43.220Z"}
{"duration":200,"level":"info","message":"db-query","rows":26,"text":"SELECT * FROM location_types","timestamp":"2026-05-12T11:51:43.402Z"}
{"level":"info","message":"GET /api/location-types 200 201.021 ms","timestamp":"2026-05-12T11:51:43.403Z"}
{"duration":10,"level":"info","message":"db-query","rows":26,"text":"SELECT * FROM location_types","timestamp":"2026-05-12T11:51:52.847Z"}
{"level":"info","message":"GET /api/location-types 200 17.490 ms","timestamp":"2026-05-12T11:51:52.853Z"}
{"duration":62,"level":"info","message":"db-query","rows":26,"text":"SELECT * FROM location_types","timestamp":"2026-05-12T11:51:52.903Z"}
{"level":"info","message":"GET /api/location-types 200 63.604 ms","timestamp":"2026-05-12T11:51:52.904Z"}
{"duration":18,"level":"info","message":"db-query","rows":26,"text":"SELECT * FROM location_types","timestamp":"2026-05-12T11:52:00.677Z"}
{"level":"info","message":"GET /api/location-types 200 27.051 ms","timestamp":"2026-05-12T11:52:00.684Z"}
{"duration":64,"level":"info","message":"db-query","rows":26,"text":"SELECT * FROM location_types","timestamp":"2026-05-12T11:52:00.734Z"}
{"level":"info","message":"GET /api/location-types 200 66.419 ms","timestamp":"2026-05-12T11:52:00.735Z"}
{"duration":5,"level":"info","message":"db-query","rows":26,"text":"SELECT * FROM location_types","timestamp":"2026-05-12T11:52:10.092Z"}
{"level":"info","message":"GET /api/location-types 200 10.457 ms","timestamp":"2026-05-12T11:52:10.098Z"}
{"duration":49,"level":"info","message":"db-query","rows":26,"text":"SELECT * FROM location_types","timestamp":"2026-05-12T11:52:10.137Z"}
{"level":"info","message":"GET /api/location-types 200 50.227 ms","timestamp":"2026-05-12T11:52:10.139Z"}
{"level":"info","message":"GET /api/drivers/break-request 404 2.931 ms","timestamp":"2026-05-12T11:53:44.714Z"}
{"duration":51,"level":"info","message":"db-query","rows":null,"text":"BEGIN","timestamp":"2026-05-12T11:53:48.958Z"}
{"duration":12,"level":"info","message":"db-query","rows":1,"text":"SELECT d.*, s.name AS subsidiary_name\n       FROM drivers d\n       LEFT JOIN subsidiaries s ON s.id = d.subsidiary_id\n       WHERE d.id = $1","timestamp":"2026-05-12T11:53:48.971Z"}
{"duration":11,"level":"info","message":"db-query","rows":0,"text":"SELECT id, note, created_at, created_by\n       FROM driver_notes\n       WHERE driver_id = $1\n       ORDER BY created_at DESC","timestamp":"2026-05-12T11:53:48.983Z"}
{"duration":5,"level":"info","message":"db-query","rows":0,"text":"SELECT id, name, start_time, end_time\n       FROM driver_shifts\n       WHERE driver_id = $1\n       ORDER BY id ASC","timestamp":"2026-05-12T11:53:48.989Z"}
{"duration":22,"level":"info","message":"db-query","rows":1,"text":"SELECT \n            v.*,\n            json_build_object(\n              'id', vt.id,\n              'name', vt.name,\n              'driver_waiting_charges', vt.driver_waiting_charges,\n              'account_waiting_charges', vt.account_waiting_charges,\n              'waiting_time', vt.waiting_time\n            ) AS vehicle_type\n         FROM vehicles v\n         LEFT JOIN vehicle_types vt ON vt.id = v.vehicle_type_id\n         WHERE v.id = $1\n         LIMIT 1","timestamp":"2026-05-12T11:53:49.012Z"}
{"duration":1,"level":"info","message":"db-query","rows":null,"text":"COMMIT","timestamp":"2026-05-12T11:53:49.014Z"}
{"duration":3,"level":"info","message":"db-query","rows":1,"text":"\n    UPDATE drivers\n    SET \n      booking_status = $1,\n      driver_status = $2\n    WHERE id = $3\n  ","timestamp":"2026-05-12T11:53:49.018Z"}
{"duration":2,"level":"info","message":"db-query","rows":1,"text":"SELECT * FROM drivers WHERE id = $1","timestamp":"2026-05-12T11:53:49.020Z"}
{"level":"info","message":"POST /api/drivers/break-request 200 119.403 ms","timestamp":"2026-05-12T11:53:49.021Z"}
{"duration":10,"level":"info","message":"db-query","rows":26,"text":"SELECT * FROM location_types","timestamp":"2026-05-12T11:54:32.687Z"}
{"level":"info","message":"GET /api/location-types 200 15.151 ms","timestamp":"2026-05-12T11:54:32.694Z"}
{"duration":126,"level":"info","message":"db-query","rows":26,"text":"SELECT * FROM location_types","timestamp":"2026-05-12T11:54:32.808Z"}
{"level":"info","message":"GET /api/location-types 200 143.758 ms","timestamp":"2026-05-12T11:54:32.824Z"}
{"duration":5,"level":"info","message":"db-query","rows":26,"text":"SELECT * FROM location_types","timestamp":"2026-05-12T11:54:39.985Z"}
{"level":"info","message":"GET /api/location-types 200 11.563 ms","timestamp":"2026-05-12T11:54:39.992Z"}
{"duration":49,"level":"info","message":"db-query","rows":26,"text":"SELECT * FROM location_types","timestamp":"2026-05-12T11:54:40.031Z"}
{"level":"info","message":"GET /api/location-types 200 50.979 ms","timestamp":"2026-05-12T11:54:40.033Z"}
{"duration":6,"level":"info","message":"db-query","rows":26,"text":"SELECT * FROM location_types","timestamp":"2026-05-12T11:54:49.722Z"}
{"level":"info","message":"GET /api/location-types 200 12.168 ms","timestamp":"2026-05-12T11:54:49.730Z"}
{"duration":52,"level":"info","message":"db-query","rows":26,"text":"SELECT * FROM location_types","timestamp":"2026-05-12T11:54:49.771Z"}
{"level":"info","message":"GET /api/location-types 200 53.600 ms","timestamp":"2026-05-12T11:54:49.773Z"}
{"duration":2,"level":"info","message":"db-query","rows":null,"text":"BEGIN","timestamp":"2026-05-12T11:54:55.669Z"}
{"duration":10,"level":"info","message":"db-query","rows":1,"text":"SELECT d.*, s.name AS subsidiary_name\n       FROM drivers d\n       LEFT JOIN subsidiaries s ON s.id = d.subsidiary_id\n       WHERE d.id = $1","timestamp":"2026-05-12T11:54:55.681Z"}
{"duration":3,"level":"info","message":"db-query","rows":0,"text":"SELECT id, note, created_at, created_by\n       FROM driver_notes\n       WHERE driver_id = $1\n       ORDER BY created_at DESC","timestamp":"2026-05-12T11:54:55.685Z"}
{"duration":3,"level":"info","message":"db-query","rows":0,"text":"SELECT id, name, start_time, end_time\n       FROM driver_shifts\n       WHERE driver_id = $1\n       ORDER BY id ASC","timestamp":"2026-05-12T11:54:55.688Z"}
{"duration":4,"level":"info","message":"db-query","rows":1,"text":"SELECT \n            v.*,\n            json_build_object(\n              'id', vt.id,\n              'name', vt.name,\n              'driver_waiting_charges', vt.driver_waiting_charges,\n              'account_waiting_charges', vt.account_waiting_charges,\n              'waiting_time', vt.waiting_time\n            ) AS vehicle_type\n         FROM vehicles v\n         LEFT JOIN vehicle_types vt ON vt.id = v.vehicle_type_id\n         WHERE v.id = $1\n         LIMIT 1","timestamp":"2026-05-12T11:54:55.693Z"}
{"duration":1,"level":"info","message":"db-query","rows":null,"text":"COMMIT","timestamp":"2026-05-12T11:54:55.695Z"}
{"duration":3,"level":"info","message":"db-query","rows":1,"text":"\n    UPDATE drivers\n    SET \n      booking_status = $1,\n      driver_status = $2\n    WHERE id = $3\n  ","timestamp":"2026-05-12T11:54:55.701Z"}
{"duration":2,"level":"info","message":"db-query","rows":1,"text":"SELECT * FROM drivers WHERE id = $1","timestamp":"2026-05-12T11:54:55.704Z"}
{"level":"info","message":"POST /api/drivers/break-request 200 49.402 ms","timestamp":"2026-05-12T11:54:55.708Z"}
{"duration":5,"level":"info","message":"db-query","rows":26,"text":"SELECT * FROM location_types","timestamp":"2026-05-12T11:54:55.855Z"}
{"level":"info","message":"GET /api/location-types 200 6.105 ms","timestamp":"2026-05-12T11:54:55.857Z"}
{"duration":70,"level":"info","message":"db-query","rows":26,"text":"SELECT * FROM location_types","timestamp":"2026-05-12T11:54:55.922Z"}
{"level":"info","message":"GET /api/location-types 200 70.853 ms","timestamp":"2026-05-12T11:54:55.923Z"}
{"duration":1,"level":"info","message":"db-query","rows":null,"text":"BEGIN","timestamp":"2026-05-12T11:55:00.798Z"}
{"duration":6,"level":"info","message":"db-query","rows":1,"text":"SELECT d.*, s.name AS subsidiary_name\n       FROM drivers d\n       LEFT JOIN subsidiaries s ON s.id = d.subsidiary_id\n       WHERE d.id = $1","timestamp":"2026-05-12T11:55:00.804Z"}
{"duration":3,"level":"info","message":"db-query","rows":0,"text":"SELECT id, note, created_at, created_by\n       FROM driver_notes\n       WHERE driver_id = $1\n       ORDER BY created_at DESC","timestamp":"2026-05-12T11:55:00.807Z"}
{"duration":2,"level":"info","message":"db-query","rows":0,"text":"SELECT id, name, start_time, end_time\n       FROM driver_shifts\n       WHERE driver_id = $1\n       ORDER BY id ASC","timestamp":"2026-05-12T11:55:00.809Z"}
{"duration":6,"level":"info","message":"db-query","rows":1,"text":"SELECT \n            v.*,\n            json_build_object(\n              'id', vt.id,\n              'name', vt.name,\n              'driver_waiting_charges', vt.driver_waiting_charges,\n              'account_waiting_charges', vt.account_waiting_charges,\n              'waiting_time', vt.waiting_time\n            ) AS vehicle_type\n         FROM vehicles v\n         LEFT JOIN vehicle_types vt ON vt.id = v.vehicle_type_id\n         WHERE v.id = $1\n         LIMIT 1","timestamp":"2026-05-12T11:55:00.816Z"}
{"duration":1,"level":"info","message":"db-query","rows":null,"text":"COMMIT","timestamp":"2026-05-12T11:55:00.817Z"}
{"duration":3,"level":"info","message":"db-query","rows":1,"text":"\n    UPDATE drivers\n    SET \n      booking_status = $1,\n      driver_status = $2\n    WHERE id = $3\n  ","timestamp":"2026-05-12T11:55:00.822Z"}
{"duration":2,"level":"info","message":"db-query","rows":1,"text":"SELECT * FROM drivers WHERE id = $1","timestamp":"2026-05-12T11:55:00.824Z"}
{"level":"info","message":"POST /api/drivers/break-request 200 29.690 ms","timestamp":"2026-05-12T11:55:00.825Z"}
{"duration":10,"level":"info","message":"db-query","rows":26,"text":"SELECT * FROM location_types","timestamp":"2026-05-12T11:55:24.651Z"}
{"level":"info","message":"GET /api/location-types 200 18.350 ms","timestamp":"2026-05-12T11:55:24.659Z"}
{"duration":56,"level":"info","message":"db-query","rows":26,"text":"SELECT * FROM location_types","timestamp":"2026-05-12T11:55:24.702Z"}
{"level":"info","message":"GET /api/location-types 200 58.030 ms","timestamp":"2026-05-12T11:55:24.704Z"}
{"duration":6,"level":"info","message":"db-query","rows":26,"text":"SELECT * FROM location_types","timestamp":"2026-05-12T11:55:27.310Z"}
{"level":"info","message":"GET /api/location-types 200 11.191 ms","timestamp":"2026-05-12T11:55:27.317Z"}
{"duration":48,"level":"info","message":"db-query","rows":26,"text":"SELECT * FROM location_types","timestamp":"2026-05-12T11:55:27.354Z"}
{"level":"info","message":"GET /api/location-types 200 48.605 ms","timestamp":"2026-05-12T11:55:27.355Z"}
{"duration":11,"level":"info","message":"db-query","rows":26,"text":"SELECT * FROM location_types","timestamp":"2026-05-12T11:55:32.194Z"}
{"level":"info","message":"GET /api/location-types 200 37.584 ms","timestamp":"2026-05-12T11:55:32.221Z"}
{"duration":97,"level":"info","message":"db-query","rows":26,"text":"SELECT * FROM location_types","timestamp":"2026-05-12T11:55:32.283Z"}
{"level":"info","message":"GET /api/location-types 200 98.525 ms","timestamp":"2026-05-12T11:55:32.285Z"}
{"duration":6,"level":"info","message":"db-query","rows":26,"text":"SELECT * FROM location_types","timestamp":"2026-05-12T11:55:34.516Z"}
{"level":"info","message":"GET /api/location-types 200 11.982 ms","timestamp":"2026-05-12T11:55:34.522Z"}
{"duration":50,"level":"info","message":"db-query","rows":26,"text":"SELECT * FROM location_types","timestamp":"2026-05-12T11:55:34.561Z"}
{"level":"info","message":"GET /api/location-types 200 52.395 ms","timestamp":"2026-05-12T11:55:34.563Z"}
{"duration":1,"level":"info","message":"db-query","rows":null,"text":"BEGIN","timestamp":"2026-05-12T11:55:37.832Z"}
{"duration":7,"level":"info","message":"db-query","rows":1,"text":"SELECT d.*, s.name AS subsidiary_name\n       FROM drivers d\n       LEFT JOIN subsidiaries s ON s.id = d.subsidiary_id\n       WHERE d.id = $1","timestamp":"2026-05-12T11:55:37.839Z"}
{"duration":2,"level":"info","message":"db-query","rows":0,"text":"SELECT id, note, created_at, created_by\n       FROM driver_notes\n       WHERE driver_id = $1\n       ORDER BY created_at DESC","timestamp":"2026-05-12T11:55:37.842Z"}
{"duration":2,"level":"info","message":"db-query","rows":0,"text":"SELECT id, name, start_time, end_time\n       FROM driver_shifts\n       WHERE driver_id = $1\n       ORDER BY id ASC","timestamp":"2026-05-12T11:55:37.844Z"}
{"duration":6,"level":"info","message":"db-query","rows":1,"text":"SELECT \n            v.*,\n            json_build_object(\n              'id', vt.id,\n              'name', vt.name,\n              'driver_waiting_charges', vt.driver_waiting_charges,\n              'account_waiting_charges', vt.account_waiting_charges,\n              'waiting_time', vt.waiting_time\n            ) AS vehicle_type\n         FROM vehicles v\n         LEFT JOIN vehicle_types vt ON vt.id = v.vehicle_type_id\n         WHERE v.id = $1\n         LIMIT 1","timestamp":"2026-05-12T11:55:37.851Z"}
{"duration":1,"level":"info","message":"db-query","rows":null,"text":"COMMIT","timestamp":"2026-05-12T11:55:37.853Z"}
{"duration":4,"level":"info","message":"db-query","rows":1,"text":"\n    UPDATE drivers\n    SET \n      booking_status = $1,\n      driver_status = $2\n    WHERE id = $3\n  ","timestamp":"2026-05-12T11:55:37.858Z"}
{"duration":2,"level":"info","message":"db-query","rows":1,"text":"SELECT * FROM drivers WHERE id = $1","timestamp":"2026-05-12T11:55:37.860Z"}
{"level":"info","message":"POST /api/drivers/break-request 200 37.089 ms","timestamp":"2026-05-12T11:55:37.862Z"}
{"duration":1,"level":"info","message":"db-query","rows":null,"text":"BEGIN","timestamp":"2026-05-12T11:55:43.780Z"}
{"duration":2,"level":"info","message":"db-query","rows":1,"text":"SELECT d.*, s.name AS subsidiary_name\n       FROM drivers d\n       LEFT JOIN subsidiaries s ON s.id = d.subsidiary_id\n       WHERE d.id = $1","timestamp":"2026-05-12T11:55:43.782Z"}
{"duration":1,"level":"info","message":"db-query","rows":0,"text":"SELECT id, note, created_at, created_by\n       FROM driver_notes\n       WHERE driver_id = $1\n       ORDER BY created_at DESC","timestamp":"2026-05-12T11:55:43.783Z"}
{"duration":1,"level":"info","message":"db-query","rows":0,"text":"SELECT id, name, start_time, end_time\n       FROM driver_shifts\n       WHERE driver_id = $1\n       ORDER BY id ASC","timestamp":"2026-05-12T11:55:43.785Z"}
{"duration":1,"level":"info","message":"db-query","rows":1,"text":"SELECT \n            v.*,\n            json_build_object(\n              'id', vt.id,\n              'name', vt.name,\n              'driver_waiting_charges', vt.driver_waiting_charges,\n              'account_waiting_charges', vt.account_waiting_charges,\n              'waiting_time', vt.waiting_time\n            ) AS vehicle_type\n         FROM vehicles v\n         LEFT JOIN vehicle_types vt ON vt.id = v.vehicle_type_id\n         WHERE v.id = $1\n         LIMIT 1","timestamp":"2026-05-12T11:55:43.787Z"}
{"duration":1,"level":"info","message":"db-query","rows":null,"text":"COMMIT","timestamp":"2026-05-12T11:55:43.790Z"}
{"duration":4,"level":"info","message":"db-query","rows":1,"text":"\n    UPDATE drivers\n    SET \n      booking_status = $1,\n      driver_status = $2\n    WHERE id = $3\n  ","timestamp":"2026-05-12T11:55:43.794Z"}
{"duration":1,"level":"info","message":"db-query","rows":1,"text":"SELECT * FROM drivers WHERE id = $1","timestamp":"2026-05-12T11:55:43.835Z"}
{"level":"info","message":"POST /api/drivers/break-request 200 99.314 ms","timestamp":"2026-05-12T11:55:43.876Z"}
{"duration":5,"level":"info","message":"db-query","rows":26,"text":"SELECT * FROM location_types","timestamp":"2026-05-12T11:56:02.797Z"}
{"level":"info","message":"GET /api/location-types 200 14.255 ms","timestamp":"2026-05-12T11:56:02.807Z"}
{"duration":80,"level":"info","message":"db-query","rows":26,"text":"SELECT * FROM location_types","timestamp":"2026-05-12T11:56:02.875Z"}
{"level":"info","message":"GET /api/location-types 200 81.197 ms","timestamp":"2026-05-12T11:56:02.876Z"}
{"duration":1,"level":"info","message":"db-query","rows":null,"text":"BEGIN","timestamp":"2026-05-12T11:56:06.725Z"}
{"duration":9,"level":"info","message":"db-query","rows":1,"text":"SELECT d.*, s.name AS subsidiary_name\n       FROM drivers d\n       LEFT JOIN subsidiaries s ON s.id = d.subsidiary_id\n       WHERE d.id = $1","timestamp":"2026-05-12T11:56:06.734Z"}
{"duration":3,"level":"info","message":"db-query","rows":0,"text":"SELECT id, note, created_at, created_by\n       FROM driver_notes\n       WHERE driver_id = $1\n       ORDER BY created_at DESC","timestamp":"2026-05-12T11:56:06.737Z"}
{"duration":2,"level":"info","message":"db-query","rows":0,"text":"SELECT id, name, start_time, end_time\n       FROM driver_shifts\n       WHERE driver_id = $1\n       ORDER BY id ASC","timestamp":"2026-05-12T11:56:06.739Z"}
{"duration":5,"level":"info","message":"db-query","rows":1,"text":"SELECT \n            v.*,\n            json_build_object(\n              'id', vt.id,\n              'name', vt.name,\n              'driver_waiting_charges', vt.driver_waiting_charges,\n              'account_waiting_charges', vt.account_waiting_charges,\n              'waiting_time', vt.waiting_time\n            ) AS vehicle_type\n         FROM vehicles v\n         LEFT JOIN vehicle_types vt ON vt.id = v.vehicle_type_id\n         WHERE v.id = $1\n         LIMIT 1","timestamp":"2026-05-12T11:56:06.745Z"}
{"duration":2,"level":"info","message":"db-query","rows":null,"text":"COMMIT","timestamp":"2026-05-12T11:56:06.748Z"}
{"duration":5,"level":"info","message":"db-query","rows":1,"text":"\n    UPDATE drivers\n    SET \n      booking_status = $1,\n      driver_status = $2\n    WHERE id = $3\n  ","timestamp":"2026-05-12T11:56:06.754Z"}
{"duration":1,"level":"info","message":"db-query","rows":1,"text":"SELECT * FROM drivers WHERE id = $1","timestamp":"2026-05-12T11:56:06.756Z"}
{"level":"info","message":"POST /api/drivers/break-request 200 38.166 ms","timestamp":"2026-05-12T11:56:06.758Z"}
{"duration":0,"level":"info","message":"db-query","rows":null,"text":"BEGIN","timestamp":"2026-05-12T11:56:14.925Z"}
{"duration":2,"level":"info","message":"db-query","rows":1,"text":"SELECT d.*, s.name AS subsidiary_name\n       FROM drivers d\n       LEFT JOIN subsidiaries s ON s.id = d.subsidiary_id\n       WHERE d.id = $1","timestamp":"2026-05-12T11:56:14.928Z"}
{"duration":1,"level":"info","message":"db-query","rows":0,"text":"SELECT id, note, created_at, created_by\n       FROM driver_notes\n       WHERE driver_id = $1\n       ORDER BY created_at DESC","timestamp":"2026-05-12T11:56:14.929Z"}
{"duration":1,"level":"info","message":"db-query","rows":0,"text":"SELECT id, name, start_time, end_time\n       FROM driver_shifts\n       WHERE driver_id = $1\n       ORDER BY id ASC","timestamp":"2026-05-12T11:56:14.930Z"}
{"duration":2,"level":"info","message":"db-query","rows":1,"text":"SELECT \n            v.*,\n            json_build_object(\n              'id', vt.id,\n              'name', vt.name,\n              'driver_waiting_charges', vt.driver_waiting_charges,\n              'account_waiting_charges', vt.account_waiting_charges,\n              'waiting_time', vt.waiting_time\n            ) AS vehicle_type\n         FROM vehicles v\n         LEFT JOIN vehicle_types vt ON vt.id = v.vehicle_type_id\n         WHERE v.id = $1\n         LIMIT 1","timestamp":"2026-05-12T11:56:14.933Z"}
{"duration":1,"level":"info","message":"db-query","rows":null,"text":"COMMIT","timestamp":"2026-05-12T11:56:14.934Z"}
{"duration":3,"level":"info","message":"db-query","rows":1,"text":"\n    UPDATE drivers\n    SET \n      booking_status = $1,\n      driver_status = $2\n    WHERE id = $3\n  ","timestamp":"2026-05-12T11:56:14.938Z"}
{"duration":1,"level":"info","message":"db-query","rows":1,"text":"SELECT * FROM drivers WHERE id = $1","timestamp":"2026-05-12T11:56:14.940Z"}
{"level":"info","message":"POST /api/drivers/break-request 200 18.264 ms","timestamp":"2026-05-12T11:56:14.941Z"}
{"duration":9,"level":"info","message":"db-query","rows":26,"text":"SELECT * FROM location_types","timestamp":"2026-05-12T11:57:54.461Z"}
{"level":"info","message":"GET /api/location-types 200 24.508 ms","timestamp":"2026-05-12T11:57:54.482Z"}
{"duration":65,"level":"info","message":"db-query","rows":26,"text":"SELECT * FROM location_types","timestamp":"2026-05-12T11:57:54.519Z"}
{"level":"info","message":"GET /api/location-types 200 66.768 ms","timestamp":"2026-05-12T11:57:54.521Z"}
{"duration":6,"level":"info","message":"db-query","rows":26,"text":"SELECT * FROM location_types","timestamp":"2026-05-12T11:59:15.804Z"}
{"level":"info","message":"GET /api/location-types 200 12.820 ms","timestamp":"2026-05-12T11:59:15.812Z"}
{"duration":64,"level":"info","message":"db-query","rows":26,"text":"SELECT * FROM location_types","timestamp":"2026-05-12T11:59:15.864Z"}
{"level":"info","message":"GET /api/location-types 200 64.460 ms","timestamp":"2026-05-12T11:59:15.865Z"}
{"duration":9,"level":"info","message":"db-query","rows":26,"text":"SELECT * FROM location_types","timestamp":"2026-05-12T11:59:25.343Z"}
{"level":"info","message":"GET /api/location-types 200 17.522 ms","timestamp":"2026-05-12T11:59:25.352Z"}
{"duration":54,"level":"info","message":"db-query","rows":26,"text":"SELECT * FROM location_types","timestamp":"2026-05-12T11:59:25.392Z"}
{"level":"info","message":"GET /api/location-types 200 55.837 ms","timestamp":"2026-05-12T11:59:25.394Z"}
{"duration":5,"level":"info","message":"db-query","rows":26,"text":"SELECT * FROM location_types","timestamp":"2026-05-12T11:59:32.563Z"}
{"level":"info","message":"GET /api/location-types 200 11.473 ms","timestamp":"2026-05-12T11:59:32.569Z"}
{"duration":156,"level":"info","message":"db-query","rows":26,"text":"SELECT * FROM location_types","timestamp":"2026-05-12T11:59:32.715Z"}
{"level":"info","message":"GET /api/location-types 200 157.480 ms","timestamp":"2026-05-12T11:59:32.716Z"}
{"duration":4,"level":"info","message":"db-query","rows":26,"text":"SELECT * FROM location_types","timestamp":"2026-05-12T11:59:36.704Z"}
{"level":"info","message":"GET /api/location-types 200 10.425 ms","timestamp":"2026-05-12T11:59:36.711Z"}
{"duration":60,"level":"info","message":"db-query","rows":26,"text":"SELECT * FROM location_types","timestamp":"2026-05-12T11:59:36.761Z"}
{"level":"info","message":"GET /api/location-types 200 61.065 ms","timestamp":"2026-05-12T11:59:36.763Z"}
{"duration":6,"level":"info","message":"db-query","rows":26,"text":"SELECT * FROM location_types","timestamp":"2026-05-12T11:59:44.312Z"}
{"level":"info","message":"GET /api/location-types 200 12.262 ms","timestamp":"2026-05-12T11:59:44.318Z"}
{"duration":57,"level":"info","message":"db-query","rows":26,"text":"SELECT * FROM location_types","timestamp":"2026-05-12T11:59:44.364Z"}
{"level":"info","message":"GET /api/location-types 200 57.828 ms","timestamp":"2026-05-12T11:59:44.365Z"}
{"duration":54,"level":"info","message":"db-query","rows":26,"text":"SELECT * FROM location_types","timestamp":"2026-05-12T13:19:43.418Z"}
{"level":"info","message":"GET /api/location-types 200 56.081 ms","timestamp":"2026-05-12T13:19:43.421Z"}
{"duration":58,"level":"info","message":"db-query","rows":1,"text":"\n      SELECT web_device_id\n      FROM employees\n      WHERE role_id = 1\n      AND web_device_id IS NOT NULL\n      AND web_device_id != ''\n    ","timestamp":"2026-05-12T13:26:54.605Z"}
{"duration":5,"level":"info","message":"db-query","rows":1,"text":"\n  SELECT name, username, mobile\n      FROM drivers\n      WHERE id = $1","timestamp":"2026-05-12T13:26:54.611Z"}
{"level":"info","message":"POST /api/drivers/panic 200 955.032 ms","timestamp":"2026-05-12T13:26:55.490Z"}
{"duration":57,"level":"info","message":"db-query","rows":1,"text":"\n      SELECT web_device_id\n      FROM employees\n      WHERE role_id = 1\n      AND web_device_id IS NOT NULL\n      AND web_device_id != ''\n    ","timestamp":"2026-05-12T13:27:15.832Z"}
{"duration":3,"level":"info","message":"db-query","rows":1,"text":"\n  SELECT name, username, mobile\n      FROM drivers\n      WHERE id = $1","timestamp":"2026-05-12T13:27:15.836Z"}
{"level":"info","message":"POST /api/drivers/on-break 200 425.335 ms","timestamp":"2026-05-12T13:27:16.198Z"}
{"duration":6,"level":"info","message":"db-query","rows":26,"text":"SELECT * FROM location_types","timestamp":"2026-05-12T14:13:54.191Z"}
{"level":"info","message":"GET /api/location-types 200 12.043 ms","timestamp":"2026-05-12T14:13:54.198Z"}
{"duration":49,"level":"info","message":"db-query","rows":26,"text":"SELECT * FROM location_types","timestamp":"2026-05-12T14:13:54.236Z"}
{"level":"info","message":"GET /api/location-types 200 49.908 ms","timestamp":"2026-05-12T14:13:54.238Z"}
