{"duration":380,"level":"info","message":"db-query","rows":26,"text":"SELECT * FROM location_types","timestamp":"2026-03-12T11:15:30.130Z"}
{"level":"info","message":"GET /api/location-types 200 386.003 ms","timestamp":"2026-03-12T11:15:30.135Z"}
{"duration":387,"level":"info","message":"db-query","rows":26,"text":"SELECT * FROM location_types","timestamp":"2026-03-12T11:15:30.137Z"}
{"level":"info","message":"GET /api/location-types 200 388.435 ms","timestamp":"2026-03-12T11:15:30.139Z"}
{"level":"info","message":"ws:upgrade","timestamp":"2026-03-12T12:19:05.712Z","url":"/websocket/driver-login"}
{"level":"info","message":"ws:dashboard-connected","socketId":"9c028323-a772-4f08-b2d3-f570e175e8d1","timestamp":"2026-03-12T12:19:05.729Z"}
{"duration":149,"level":"info","message":"db-query","rows":1,"text":"\n        SELECT * FROM drivers \n        WHERE LOWER(username) = LOWER($1)\n        LIMIT 1\n    ","timestamp":"2026-03-12T12:19:59.306Z"}
{"level":"info","message":"POST /api/drivers/login 400 239.696 ms","timestamp":"2026-03-12T12:19:59.391Z"}
{"duration":160,"level":"info","message":"db-query","rows":null,"text":"BEGIN","timestamp":"2026-03-12T12:20:19.823Z"}
{"duration":13,"level":"info","message":"db-query","rows":1,"text":"SELECT d.*, s.name AS subsidiary_name\n       FROM drivers d\n       LEFT JOIN subsidiaries s ON s.id = d.subsidiary_id\n       WHERE d.id = $1","timestamp":"2026-03-12T12:20:19.837Z"}
{"duration":6,"level":"info","message":"db-query","rows":1,"text":"SELECT id, note, created_at, created_by\n       FROM driver_notes\n       WHERE driver_id = $1\n       ORDER BY created_at DESC","timestamp":"2026-03-12T12:20:19.843Z"}
{"duration":4,"level":"info","message":"db-query","rows":1,"text":"SELECT id, name, start_time, end_time\n       FROM driver_shifts\n       WHERE driver_id = $1\n       ORDER BY id ASC","timestamp":"2026-03-12T12:20:19.848Z"}
{"duration":17,"level":"info","message":"db-query","rows":1,"text":"SELECT \n            v.*,\n            json_build_object(\n              'id', vt.id,\n              'name', vt.name,\n              'driver_waiting_charges', vt.driver_waiting_charges,\n              'account_waiting_charges', vt.account_waiting_charges,\n              'waiting_time', vt.waiting_time\n            ) AS vehicle_type\n         FROM vehicles v\n         LEFT JOIN vehicle_types vt ON vt.id = v.vehicle_type_id\n         WHERE v.id = $1\n         LIMIT 1","timestamp":"2026-03-12T12:20:19.866Z"}
{"duration":1,"level":"info","message":"db-query","rows":null,"text":"COMMIT","timestamp":"2026-03-12T12:20:19.867Z"}
{"duration":9,"level":"info","message":"db-query","rows":1,"text":"\n    UPDATE drivers\n    SET \n      session_status = 'logged_out',\n      driver_status = 'Unavailable',\n      booking_status = 'Unavailable'\n    WHERE id = $1\n  ","timestamp":"2026-03-12T12:20:19.877Z"}
{"duration":1,"level":"info","message":"db-query","rows":1,"text":"UPDATE drivers SET fcm_token = NULL WHERE id = $1","timestamp":"2026-03-12T12:20:19.879Z"}
{"driverId":167,"level":"info","message":"ws:driver-logout","timestamp":"2026-03-12T12:20:19.880Z"}
{"level":"info","message":"POST /api/drivers/logout/167 200 219.231 ms","timestamp":"2026-03-12T12:20:19.881Z"}
{"duration":2,"level":"info","message":"db-query","rows":1,"text":"\n        SELECT * FROM drivers \n        WHERE LOWER(username) = LOWER($1)\n        LIMIT 1\n    ","timestamp":"2026-03-12T12:20:24.338Z"}
{"duration":3,"level":"info","message":"db-query","rows":1,"text":"\n        UPDATE drivers \n        SET \n          session_status = 'logged_in',\n          driver_status = 'Available',\n          booking_status = 'Available'\n        WHERE id = $1\n      ","timestamp":"2026-03-12T12:20:24.415Z"}
{"duration":3,"level":"info","message":"db-query","rows":1,"text":"\n    UPDATE drivers\n    SET \n      fcm_token = $1,\n      fcm_updated_at = NOW()\n    WHERE id = $2\n  ","timestamp":"2026-03-12T12:20:24.419Z"}
{"duration":2,"level":"info","message":"db-query","rows":1,"text":"SELECT * FROM drivers WHERE id = $1 LIMIT 1","timestamp":"2026-03-12T12:20:24.421Z"}
{"level":"info","message":"POST /api/drivers/login 200 87.678 ms","timestamp":"2026-03-12T12:20:24.424Z"}
{"duration":191,"level":"info","message":"db-query","rows":1,"text":"\n    SELECT COUNT(*) AS total\n    FROM drivers d\n    LEFT JOIN subsidiaries s ON s.id = d.subsidiary_id\n    LEFT JOIN vehicles v ON v.id = d.vehicle_id\n    LEFT JOIN vehicle_types vt_v ON vt_v.id = v.vehicle_type_id\n    LEFT JOIN company_vehicles cv ON cv.id = d.company_vehicle_id\n    LEFT JOIN vehicle_types vt_cv ON vt_cv.id = cv.vehicle_type_id\n    WHERE d.active = $1;\n  ","timestamp":"2026-03-12T12:21:02.673Z"}
{"duration":7,"level":"info","message":"db-query","rows":3,"text":"\n    SELECT \n      d.*,\n      s.name AS subsidiary_name,\n      CASE \n        WHEN d.use_company_vehicle = true THEN\n          json_build_object(\n            'vehicle_number', cv.vehicle_number,\n            'make', cv.make,\n            'model', cv.model,\n            'color', cv.color,\n            'end_date', cv.end_date,\n            'vehicle_type', json_build_object(\n              'id', vt_cv.id,\n              'name', vt_cv.name,\n              'passengers', vt_cv.passengers,\n              'luggages', vt_cv.luggages,\n              'driver_waiting_charges', vt_cv.driver_waiting_charges\n            )\n          )\n        ELSE\n          json_build_object(\n            'vehicle_number', v.vehicle_number,\n            'make', v.make,\n            'model', v.model,\n            'color', v.color,\n            'end_date', v.end_date,\n            'vehicle_type', json_build_object(\n              'id', vt_v.id,\n              'name', vt_v.name,\n              'passengers', vt_v.passengers,\n              'luggages', vt_v.luggages,\n              'driver_waiting_charges', vt_v.driver_waiting_charges\n            )\n          )\n      END AS vehicle\n    FROM drivers d\n    LEFT JOIN subsidiaries s ON s.id = d.subsidiary_id\n    LEFT JOIN vehicles v ON v.id = d.vehicle_id\n    LEFT JOIN vehicle_types vt_v ON vt_v.id = v.vehicle_type_id\n    LEFT JOIN company_vehicles cv ON cv.id = d.company_vehicle_id\n    LEFT JOIN vehicle_types vt_cv ON vt_cv.id = cv.vehicle_type_id\n    WHERE d.active = $1\n    ORDER BY d.id DESC\n    LIMIT $2 OFFSET $3;\n  ","timestamp":"2026-03-12T12:21:02.701Z"}
{"level":"info","message":"GET /api/drivers/get 200 247.110 ms","timestamp":"2026-03-12T12:21:02.712Z"}
{"duration":239,"level":"info","message":"db-query","rows":1,"text":"\n        SELECT * FROM drivers \n        WHERE LOWER(username) = LOWER($1)\n        LIMIT 1\n    ","timestamp":"2026-03-12T12:21:18.729Z"}
{"duration":4,"level":"info","message":"db-query","rows":1,"text":"\n        UPDATE drivers \n        SET \n          session_status = 'logged_in',\n          driver_status = 'Available',\n          booking_status = 'Available'\n        WHERE id = $1\n      ","timestamp":"2026-03-12T12:21:18.834Z"}
{"duration":1,"level":"info","message":"db-query","rows":1,"text":"\n    UPDATE drivers\n    SET \n      fcm_token = $1,\n      fcm_updated_at = NOW()\n    WHERE id = $2\n  ","timestamp":"2026-03-12T12:21:18.836Z"}
{"duration":2,"level":"info","message":"db-query","rows":1,"text":"SELECT * FROM drivers WHERE id = $1 LIMIT 1","timestamp":"2026-03-12T12:21:18.838Z"}
{"level":"info","message":"POST /api/drivers/login 200 350.275 ms","timestamp":"2026-03-12T12:21:18.840Z"}
{"duration":0,"level":"info","message":"db-query","rows":null,"text":"BEGIN","timestamp":"2026-03-12T12:21:26.532Z"}
{"duration":4,"level":"info","message":"db-query","rows":1,"text":"SELECT d.*, s.name AS subsidiary_name\n       FROM drivers d\n       LEFT JOIN subsidiaries s ON s.id = d.subsidiary_id\n       WHERE d.id = $1","timestamp":"2026-03-12T12:21:26.545Z"}
{"duration":2,"level":"info","message":"db-query","rows":1,"text":"SELECT id, note, created_at, created_by\n       FROM driver_notes\n       WHERE driver_id = $1\n       ORDER BY created_at DESC","timestamp":"2026-03-12T12:21:26.549Z"}
{"duration":2,"level":"info","message":"db-query","rows":1,"text":"SELECT id, name, start_time, end_time\n       FROM driver_shifts\n       WHERE driver_id = $1\n       ORDER BY id ASC","timestamp":"2026-03-12T12:21:26.575Z"}
{"duration":4,"level":"info","message":"db-query","rows":1,"text":"SELECT \n            v.*,\n            json_build_object(\n              'id', vt.id,\n              'name', vt.name,\n              'driver_waiting_charges', vt.driver_waiting_charges,\n              'account_waiting_charges', vt.account_waiting_charges,\n              'waiting_time', vt.waiting_time\n            ) AS vehicle_type\n         FROM vehicles v\n         LEFT JOIN vehicle_types vt ON vt.id = v.vehicle_type_id\n         WHERE v.id = $1\n         LIMIT 1","timestamp":"2026-03-12T12:21:26.581Z"}
{"duration":0,"level":"info","message":"db-query","rows":null,"text":"COMMIT","timestamp":"2026-03-12T12:21:26.582Z"}
{"duration":1,"level":"info","message":"db-query","rows":1,"text":"\n    UPDATE drivers\n    SET \n      session_status = 'logged_out',\n      driver_status = 'Unavailable',\n      booking_status = 'Unavailable'\n    WHERE id = $1\n  ","timestamp":"2026-03-12T12:21:26.585Z"}
{"duration":2,"level":"info","message":"db-query","rows":1,"text":"UPDATE drivers SET fcm_token = NULL WHERE id = $1","timestamp":"2026-03-12T12:21:26.588Z"}
{"driverId":167,"level":"info","message":"ws:driver-logout","timestamp":"2026-03-12T12:21:26.591Z"}
{"level":"info","message":"POST /api/drivers/logout/167 200 60.618 ms","timestamp":"2026-03-12T12:21:26.593Z"}
{"duration":52,"level":"info","message":"db-query","rows":null,"text":"BEGIN","timestamp":"2026-03-12T12:24:26.695Z"}
{"duration":6,"level":"info","message":"db-query","rows":1,"text":"SELECT d.*, s.name AS subsidiary_name\n       FROM drivers d\n       LEFT JOIN subsidiaries s ON s.id = d.subsidiary_id\n       WHERE d.id = $1","timestamp":"2026-03-12T12:24:26.702Z"}
{"duration":3,"level":"info","message":"db-query","rows":0,"text":"SELECT id, note, created_at, created_by\n       FROM driver_notes\n       WHERE driver_id = $1\n       ORDER BY created_at DESC","timestamp":"2026-03-12T12:24:26.705Z"}
{"duration":2,"level":"info","message":"db-query","rows":0,"text":"SELECT id, name, start_time, end_time\n       FROM driver_shifts\n       WHERE driver_id = $1\n       ORDER BY id ASC","timestamp":"2026-03-12T12:24:26.708Z"}
{"duration":4,"level":"info","message":"db-query","rows":1,"text":"SELECT \n            v.*,\n            json_build_object(\n              'id', vt.id,\n              'name', vt.name,\n              'driver_waiting_charges', vt.driver_waiting_charges,\n              'account_waiting_charges', vt.account_waiting_charges,\n              'waiting_time', vt.waiting_time\n            ) AS vehicle_type\n         FROM vehicles v\n         LEFT JOIN vehicle_types vt ON vt.id = v.vehicle_type_id\n         WHERE v.id = $1\n         LIMIT 1","timestamp":"2026-03-12T12:24:26.712Z"}
{"duration":0,"level":"info","message":"db-query","rows":null,"text":"COMMIT","timestamp":"2026-03-12T12:24:26.713Z"}
{"duration":1,"level":"info","message":"db-query","rows":1,"text":"\n    UPDATE drivers\n    SET \n      session_status = 'logged_out',\n      driver_status = 'Unavailable',\n      booking_status = 'Unavailable'\n    WHERE id = $1\n  ","timestamp":"2026-03-12T12:24:26.715Z"}
{"duration":1,"level":"info","message":"db-query","rows":1,"text":"UPDATE drivers SET fcm_token = NULL WHERE id = $1","timestamp":"2026-03-12T12:24:26.717Z"}
{"driverId":169,"level":"info","message":"ws:driver-logout","timestamp":"2026-03-12T12:24:26.718Z"}
{"level":"info","message":"POST /api/drivers/logout/169 200 76.066 ms","timestamp":"2026-03-12T12:24:26.719Z"}
{"level":"info","message":"ws:dashboard-disconnect","socketId":"9c028323-a772-4f08-b2d3-f570e175e8d1","timestamp":"2026-03-12T12:24:30.752Z"}
