{"duration":287,"level":"info","message":"db-query","rows":26,"text":"SELECT * FROM location_types","timestamp":"2026-06-29T10:38:05.119Z"}
{"level":"info","message":"GET /api/location-types 200 292.892 ms","timestamp":"2026-06-29T10:38:05.125Z"}
{"duration":292,"level":"info","message":"db-query","rows":26,"text":"SELECT * FROM location_types","timestamp":"2026-06-29T10:38:05.127Z"}
{"level":"info","message":"GET /api/location-types 200 292.642 ms","timestamp":"2026-06-29T10:38:05.128Z"}
{"duration":77,"level":"info","message":"db-query","rows":26,"text":"SELECT * FROM location_types","timestamp":"2026-06-29T11:58:03.140Z"}
{"level":"info","message":"GET /api/location-types 200 83.228 ms","timestamp":"2026-06-29T11:58:03.145Z"}
{"duration":6,"level":"info","message":"db-query","rows":26,"text":"SELECT * FROM location_types","timestamp":"2026-06-29T12:27:14.227Z"}
{"level":"info","message":"GET /api/location-types 200 14.868 ms","timestamp":"2026-06-29T12:27:14.236Z"}
{"duration":70,"level":"info","message":"db-query","rows":26,"text":"SELECT * FROM location_types","timestamp":"2026-06-29T12:27:14.292Z"}
{"level":"info","message":"GET /api/location-types 200 70.925 ms","timestamp":"2026-06-29T12:27:14.294Z"}
{"duration":79,"level":"info","message":"db-query","rows":26,"text":"SELECT * FROM location_types","timestamp":"2026-06-29T13:47:12.992Z"}
{"level":"info","message":"GET /api/location-types 200 84.401 ms","timestamp":"2026-06-29T13:47:12.997Z"}
{"duration":8,"level":"info","message":"db-query","rows":26,"text":"SELECT * FROM location_types","timestamp":"2026-06-29T13:57:35.097Z"}
{"level":"info","message":"GET /api/location-types 200 15.480 ms","timestamp":"2026-06-29T13:57:35.104Z"}
{"duration":59,"level":"info","message":"db-query","rows":26,"text":"SELECT * FROM location_types","timestamp":"2026-06-29T13:57:35.151Z"}
{"level":"info","message":"GET /api/location-types 200 60.520 ms","timestamp":"2026-06-29T13:57:35.153Z"}
{"level":"info","message":"ws:upgrade","timestamp":"2026-06-29T14:14:50.447Z","url":"/websocket/break-driver?driverId=167"}
{"driverId":"167","level":"info","message":"ws:panic-driver-connected","timestamp":"2026-06-29T14:14:50.456Z"}
{"duration":163,"level":"info","message":"db-query","rows":null,"text":"BEGIN","timestamp":"2026-06-29T14:15:14.129Z"}
{"duration":17,"level":"info","message":"db-query","rows":1,"text":"SELECT d.*, s.name AS subsidiary_name\n          FROM drivers d\n          LEFT JOIN subsidiaries s ON s.id = d.subsidiary_id\n          WHERE d.id = $1","timestamp":"2026-06-29T14:15:14.147Z"}
{"duration":9,"level":"info","message":"db-query","rows":0,"text":"SELECT id, note, created_at, created_by\n          FROM driver_notes\n          WHERE driver_id = $1\n          ORDER BY created_at DESC","timestamp":"2026-06-29T14:15:14.157Z"}
{"duration":5,"level":"info","message":"db-query","rows":0,"text":"SELECT id, name, start_time, end_time\n          FROM driver_shifts\n          WHERE driver_id = $1\n          ORDER BY id ASC","timestamp":"2026-06-29T14:15:14.163Z"}
{"duration":19,"level":"info","message":"db-query","rows":1,"text":"SELECT \n            v.*,\n            json_build_object(\n              'id', vt.id,\n              'name', vt.name,\n              'driver_waiting_charges', vt.driver_waiting_charges,\n              'account_waiting_charges', vt.account_waiting_charges,\n              'waiting_time', vt.waiting_time\n            ) AS vehicle_type\n         FROM vehicles v\n         LEFT JOIN vehicle_types vt ON vt.id = v.vehicle_type_id\n         WHERE v.id = $1\n         LIMIT 1","timestamp":"2026-06-29T14:15:14.183Z"}
{"duration":1,"level":"info","message":"db-query","rows":null,"text":"COMMIT","timestamp":"2026-06-29T14:15:14.184Z"}
{"duration":25,"level":"info","message":"db-query","rows":1,"text":"\n    UPDATE drivers\n    SET \n      booking_status = $1,\n      driver_status = $2\n    WHERE id = $3\n  ","timestamp":"2026-06-29T14:15:14.210Z"}
{"duration":1,"level":"info","message":"db-query","rows":1,"text":"SELECT * FROM drivers WHERE id = $1","timestamp":"2026-06-29T14:15:14.212Z"}
{"level":"info","message":"POST /api/drivers/break-request 500 2015.413 ms","timestamp":"2026-06-29T14:15:15.977Z"}
{"duration":5,"level":"info","message":"db-query","rows":26,"text":"SELECT * FROM location_types","timestamp":"2026-06-29T14:15:43.015Z"}
{"level":"info","message":"GET /api/location-types 200 84.302 ms","timestamp":"2026-06-29T14:15:43.095Z"}
{"duration":166,"level":"info","message":"db-query","rows":26,"text":"SELECT * FROM location_types","timestamp":"2026-06-29T14:15:43.177Z"}
{"level":"info","message":"GET /api/location-types 200 167.328 ms","timestamp":"2026-06-29T14:15:43.179Z"}
{"duration":1,"level":"info","message":"db-query","rows":null,"text":"BEGIN","timestamp":"2026-06-29T14:15:43.287Z"}
{"duration":8,"level":"info","message":"db-query","rows":1,"text":"SELECT d.*, s.name AS subsidiary_name\n          FROM drivers d\n          LEFT JOIN subsidiaries s ON s.id = d.subsidiary_id\n          WHERE d.id = $1","timestamp":"2026-06-29T14:15:43.297Z"}
{"duration":4,"level":"info","message":"db-query","rows":0,"text":"SELECT id, note, created_at, created_by\n          FROM driver_notes\n          WHERE driver_id = $1\n          ORDER BY created_at DESC","timestamp":"2026-06-29T14:15:43.301Z"}
{"duration":1,"level":"info","message":"db-query","rows":0,"text":"SELECT id, name, start_time, end_time\n          FROM driver_shifts\n          WHERE driver_id = $1\n          ORDER BY id ASC","timestamp":"2026-06-29T14:15:43.304Z"}
{"duration":5,"level":"info","message":"db-query","rows":1,"text":"SELECT \n            v.*,\n            json_build_object(\n              'id', vt.id,\n              'name', vt.name,\n              'driver_waiting_charges', vt.driver_waiting_charges,\n              'account_waiting_charges', vt.account_waiting_charges,\n              'waiting_time', vt.waiting_time\n            ) AS vehicle_type\n         FROM vehicles v\n         LEFT JOIN vehicle_types vt ON vt.id = v.vehicle_type_id\n         WHERE v.id = $1\n         LIMIT 1","timestamp":"2026-06-29T14:15:43.313Z"}
{"duration":1,"level":"info","message":"db-query","rows":null,"text":"COMMIT","timestamp":"2026-06-29T14:15:43.315Z"}
{"duration":2,"level":"info","message":"db-query","rows":1,"text":"\n    UPDATE drivers\n    SET \n      booking_status = $1,\n      driver_status = $2\n    WHERE id = $3\n  ","timestamp":"2026-06-29T14:15:43.318Z"}
{"level":"info","message":"POST /api/drivers/break-request 200 38.336 ms","timestamp":"2026-06-29T14:15:43.319Z"}
{"level":"info","message":"ws:upgrade","timestamp":"2026-06-29T14:15:48.130Z","url":"/websocket/break-driver?driverId=167"}
{"driverId":"167","level":"info","message":"ws:panic-driver-connected","timestamp":"2026-06-29T14:15:48.133Z"}
{"duration":1,"level":"info","message":"db-query","rows":null,"text":"BEGIN","timestamp":"2026-06-29T14:15:51.445Z"}
{"duration":2,"level":"info","message":"db-query","rows":1,"text":"SELECT d.*, s.name AS subsidiary_name\n          FROM drivers d\n          LEFT JOIN subsidiaries s ON s.id = d.subsidiary_id\n          WHERE d.id = $1","timestamp":"2026-06-29T14:15:51.448Z"}
{"duration":1,"level":"info","message":"db-query","rows":0,"text":"SELECT id, note, created_at, created_by\n          FROM driver_notes\n          WHERE driver_id = $1\n          ORDER BY created_at DESC","timestamp":"2026-06-29T14:15:51.449Z"}
{"duration":0,"level":"info","message":"db-query","rows":0,"text":"SELECT id, name, start_time, end_time\n          FROM driver_shifts\n          WHERE driver_id = $1\n          ORDER BY id ASC","timestamp":"2026-06-29T14:15:51.451Z"}
{"duration":1,"level":"info","message":"db-query","rows":1,"text":"SELECT \n            v.*,\n            json_build_object(\n              'id', vt.id,\n              'name', vt.name,\n              'driver_waiting_charges', vt.driver_waiting_charges,\n              'account_waiting_charges', vt.account_waiting_charges,\n              'waiting_time', vt.waiting_time\n            ) AS vehicle_type\n         FROM vehicles v\n         LEFT JOIN vehicle_types vt ON vt.id = v.vehicle_type_id\n         WHERE v.id = $1\n         LIMIT 1","timestamp":"2026-06-29T14:15:51.452Z"}
{"duration":1,"level":"info","message":"db-query","rows":null,"text":"COMMIT","timestamp":"2026-06-29T14:15:51.454Z"}
{"duration":3,"level":"info","message":"db-query","rows":1,"text":"\n    UPDATE drivers\n    SET \n      booking_status = $1,\n      driver_status = $2\n    WHERE id = $3\n  ","timestamp":"2026-06-29T14:15:51.461Z"}
{"level":"info","message":"POST /api/drivers/break-request 200 20.786 ms","timestamp":"2026-06-29T14:15:51.463Z"}
{"duration":5,"level":"info","message":"db-query","rows":26,"text":"SELECT * FROM location_types","timestamp":"2026-06-29T14:19:47.405Z"}
{"level":"info","message":"GET /api/location-types 200 10.590 ms","timestamp":"2026-06-29T14:19:47.411Z"}
{"duration":47,"level":"info","message":"db-query","rows":26,"text":"SELECT * FROM location_types","timestamp":"2026-06-29T14:19:47.449Z"}
{"level":"info","message":"GET /api/location-types 200 48.554 ms","timestamp":"2026-06-29T14:19:47.450Z"}
{"level":"info","message":"ws:upgrade","timestamp":"2026-06-29T14:19:50.450Z","url":"/websocket/break-driver?driverId=167"}
{"driverId":"167","level":"info","message":"ws:panic-driver-connected","timestamp":"2026-06-29T14:19:50.493Z"}
{"duration":0,"level":"info","message":"db-query","rows":null,"text":"BEGIN","timestamp":"2026-06-29T14:19:54.443Z"}
{"duration":10,"level":"info","message":"db-query","rows":1,"text":"SELECT d.*, s.name AS subsidiary_name\n          FROM drivers d\n          LEFT JOIN subsidiaries s ON s.id = d.subsidiary_id\n          WHERE d.id = $1","timestamp":"2026-06-29T14:19:54.454Z"}
{"duration":3,"level":"info","message":"db-query","rows":0,"text":"SELECT id, note, created_at, created_by\n          FROM driver_notes\n          WHERE driver_id = $1\n          ORDER BY created_at DESC","timestamp":"2026-06-29T14:19:54.458Z"}
{"duration":3,"level":"info","message":"db-query","rows":0,"text":"SELECT id, name, start_time, end_time\n          FROM driver_shifts\n          WHERE driver_id = $1\n          ORDER BY id ASC","timestamp":"2026-06-29T14:19:54.461Z"}
{"duration":5,"level":"info","message":"db-query","rows":1,"text":"SELECT \n            v.*,\n            json_build_object(\n              'id', vt.id,\n              'name', vt.name,\n              'driver_waiting_charges', vt.driver_waiting_charges,\n              'account_waiting_charges', vt.account_waiting_charges,\n              'waiting_time', vt.waiting_time\n            ) AS vehicle_type\n         FROM vehicles v\n         LEFT JOIN vehicle_types vt ON vt.id = v.vehicle_type_id\n         WHERE v.id = $1\n         LIMIT 1","timestamp":"2026-06-29T14:19:54.466Z"}
{"duration":0,"level":"info","message":"db-query","rows":null,"text":"COMMIT","timestamp":"2026-06-29T14:19:54.467Z"}
{"duration":3,"level":"info","message":"db-query","rows":1,"text":"\n    UPDATE drivers\n    SET \n      booking_status = $1,\n      driver_status = $2\n    WHERE id = $3\n  ","timestamp":"2026-06-29T14:19:54.471Z"}
{"level":"info","message":"POST /api/drivers/break-request 200 36.923 ms","timestamp":"2026-06-29T14:19:54.475Z"}
{"duration":49,"level":"info","message":"db-query","rows":null,"text":"BEGIN","timestamp":"2026-06-29T14:20:54.821Z"}
{"duration":6,"level":"info","message":"db-query","rows":1,"text":"SELECT d.*, s.name AS subsidiary_name\n          FROM drivers d\n          LEFT JOIN subsidiaries s ON s.id = d.subsidiary_id\n          WHERE d.id = $1","timestamp":"2026-06-29T14:20:54.828Z"}
{"duration":2,"level":"info","message":"db-query","rows":1,"text":"SELECT id, note, created_at, created_by\n          FROM driver_notes\n          WHERE driver_id = $1\n          ORDER BY created_at DESC","timestamp":"2026-06-29T14:20:54.831Z"}
{"duration":6,"level":"info","message":"db-query","rows":1,"text":"SELECT id, name, start_time, end_time\n          FROM driver_shifts\n          WHERE driver_id = $1\n          ORDER BY id ASC","timestamp":"2026-06-29T14:20:54.837Z"}
{"duration":7,"level":"info","message":"db-query","rows":1,"text":"SELECT \n            v.*,\n            json_build_object(\n              'id', vt.id,\n              'name', vt.name,\n              'driver_waiting_charges', vt.driver_waiting_charges,\n              'account_waiting_charges', vt.account_waiting_charges,\n              'waiting_time', vt.waiting_time\n            ) AS vehicle_type\n         FROM vehicles v\n         LEFT JOIN vehicle_types vt ON vt.id = v.vehicle_type_id\n         WHERE v.id = $1\n         LIMIT 1","timestamp":"2026-06-29T14:20:54.844Z"}
{"duration":1,"level":"info","message":"db-query","rows":null,"text":"COMMIT","timestamp":"2026-06-29T14:20:54.845Z"}
{"duration":2,"level":"info","message":"db-query","rows":1,"text":"\n    UPDATE drivers\n    SET \n      booking_status = $1,\n      driver_status = $2\n    WHERE id = $3\n  ","timestamp":"2026-06-29T14:20:54.847Z"}
{"level":"info","message":"POST /api/drivers/break-request 200 78.342 ms","timestamp":"2026-06-29T14:20:54.849Z"}
{"level":"info","message":"ws:upgrade","timestamp":"2026-06-29T14:50:39.148Z","url":"/websocket/break-driver?driverId=189"}
{"driverId":"189","level":"info","message":"ws:panic-driver-connected","timestamp":"2026-06-29T14:50:39.150Z"}
{"id":"b1c69845-5a6e-46be-989d-ef9614578b7c","level":"info","message":"ws:closed","timestamp":"2026-06-29T14:53:55.419Z"}
{"driverId":"189","level":"info","message":"ws:break-driver-disconnected","timestamp":"2026-06-29T14:53:55.419Z"}
{"duration":219,"level":"info","message":"db-query","rows":1,"text":"\nSELECT\nc.*,\n\njson_build_object(\n'name',cu.name,\n'mobile',cu.mobile,\n'door_number',cu.door_number,\n'address1',cu.address1,\n'address2',cu.address2\n) customer,\n\njson_build_object(\n'reference_number',b.reference_number,\n'notes',b.notes,\n'pickup',b.pickup,\n'dropoff',b.dropoff\n) booking\n\nFROM complaints c\n\nLEFT JOIN customers cu\nON cu.id=c.customer_id\n\nLEFT JOIN bookings b\nON b.id=c.booking_id\n\nWHERE c.id=$1\n","timestamp":"2026-06-29T15:37:18.251Z"}
{"level":"info","message":"GET /api/complaint/getbyid/?id=2 200 223.627 ms","timestamp":"2026-06-29T15:37:18.253Z"}
{"level":"info","message":"GET /favicon.ico 404 7.348 ms","timestamp":"2026-06-29T15:37:18.329Z"}
{"duration":54,"level":"info","message":"db-query","rows":26,"text":"SELECT * FROM location_types","timestamp":"2026-06-29T15:39:46.458Z"}
{"level":"info","message":"GET /api/location-types 200 56.222 ms","timestamp":"2026-06-29T15:39:46.459Z"}
{"duration":89,"level":"info","message":"db-query","rows":0,"text":"\nSELECT\nc.*,\n\njson_build_object(\n'name',cu.name,\n'mobile',cu.mobile,\n'door_number',cu.door_number,\n'address1',cu.address1,\n'address2',cu.address2\n) customer,\n\njson_build_object(\n'reference_number',b.reference_number,\n'notes',b.notes,\n'pickup',b.pickup,\n'dropoff',b.dropoff\n) booking\n\nFROM complaints c\n\nLEFT JOIN customers cu\nON cu.id=c.customer_id\n\nLEFT JOIN bookings b\nON b.id=c.booking_id\n\nWHERE c.id=$1\n","timestamp":"2026-06-29T15:50:00.669Z"}
{"level":"info","message":"GET /api/complaint/getbyid/?id=7 200 90.634 ms","timestamp":"2026-06-29T15:50:00.671Z"}
{"duration":78,"level":"info","message":"db-query","rows":1,"text":"\nSELECT\nc.*,\n\njson_build_object(\n'name',cu.name,\n'mobile',cu.mobile,\n'door_number',cu.door_number,\n'address1',cu.address1,\n'address2',cu.address2\n) customer,\n\njson_build_object(\n'reference_number',b.reference_number,\n'notes',b.notes,\n'pickup',b.pickup,\n'dropoff',b.dropoff\n) booking\n\nFROM complaints c\n\nLEFT JOIN customers cu\nON cu.id=c.customer_id\n\nLEFT JOIN bookings b\nON b.id=c.booking_id\n\nWHERE c.id=$1\n","timestamp":"2026-06-29T15:50:15.981Z"}
{"level":"info","message":"GET /api/complaint/getbyid/?id=2 304 79.691 ms","timestamp":"2026-06-29T15:50:15.982Z"}
{"level":"info","message":"POST /api/complaint/update/?id=1 404 0.689 ms","timestamp":"2026-06-29T16:57:59.131Z"}
{"date":"Mon Jun 29 2026 21:58:17 GMT+0500 (Pakistan Standard Time)","error":{"code":"22P02","file":"numutils.c","length":147,"line":"618","name":"error","routine":"pg_strtoint32_safe","severity":"ERROR","where":"unnamed portal parameter $5 = '...'"},"level":"error","message":"unhandledRejection: invalid input syntax for type integer: \"id=1\"\nerror: invalid input syntax for type integer: \"id=1\"\n    at D:\\NEXUS_BACKEND_POSTGRESQL\\node_modules\\pg-pool\\index.js:45:11\n    at process.processTicksAndRejections (node:internal/process/task_queues:105:5)\n    at async Object.query (D:\\NEXUS_BACKEND_POSTGRESQL\\src\\db\\index.js:24:17)\n    at async Object.updateComplaint (D:\\NEXUS_BACKEND_POSTGRESQL\\src\\models\\complaintModel.js:144:18)\n    at async exports.update (D:\\NEXUS_BACKEND_POSTGRESQL\\src\\controllers\\complaintController.js:67:18)","os":{"loadavg":[0,0,0],"uptime":23180.531},"process":{"argv":["C:\\Program Files\\nodejs\\node.exe","D:\\NEXUS_BACKEND_POSTGRESQL\\src\\server.js"],"cwd":"D:\\NEXUS_BACKEND_POSTGRESQL","execPath":"C:\\Program Files\\nodejs\\node.exe","gid":null,"memoryUsage":{"arrayBuffers":116497,"external":3911326,"heapTotal":39841792,"heapUsed":37002992,"rss":59867136},"pid":39876,"uid":null,"version":"v22.14.0"},"rejection":true,"stack":"error: invalid input syntax for type integer: \"id=1\"\n    at D:\\NEXUS_BACKEND_POSTGRESQL\\node_modules\\pg-pool\\index.js:45:11\n    at process.processTicksAndRejections (node:internal/process/task_queues:105:5)\n    at async Object.query (D:\\NEXUS_BACKEND_POSTGRESQL\\src\\db\\index.js:24:17)\n    at async Object.updateComplaint (D:\\NEXUS_BACKEND_POSTGRESQL\\src\\models\\complaintModel.js:144:18)\n    at async exports.update (D:\\NEXUS_BACKEND_POSTGRESQL\\src\\controllers\\complaintController.js:67:18)","timestamp":"2026-06-29T16:58:17.814Z","trace":[{"column":11,"file":"D:\\NEXUS_BACKEND_POSTGRESQL\\node_modules\\pg-pool\\index.js","function":null,"line":45,"method":null,"native":false},{"column":5,"file":"node:internal/process/task_queues","function":"process.processTicksAndRejections","line":105,"method":"processTicksAndRejections","native":false},{"column":17,"file":"D:\\NEXUS_BACKEND_POSTGRESQL\\src\\db\\index.js","function":"async Object.query","line":24,"method":"query","native":false},{"column":18,"file":"D:\\NEXUS_BACKEND_POSTGRESQL\\src\\models\\complaintModel.js","function":"async Object.updateComplaint","line":144,"method":"updateComplaint","native":false},{"column":18,"file":"D:\\NEXUS_BACKEND_POSTGRESQL\\src\\controllers\\complaintController.js","function":"async exports.update","line":67,"method":"update","native":false}]}
{"duration":11,"level":"info","message":"db-query","rows":26,"text":"SELECT * FROM location_types","timestamp":"2026-06-29T16:59:24.884Z"}
{"level":"info","message":"GET /api/location-types 200 22.794 ms","timestamp":"2026-06-29T16:59:24.896Z"}
{"duration":64,"level":"info","message":"db-query","rows":26,"text":"SELECT * FROM location_types","timestamp":"2026-06-29T16:59:24.941Z"}
{"level":"info","message":"GET /api/location-types 200 65.695 ms","timestamp":"2026-06-29T16:59:24.942Z"}
{"duration":5,"level":"info","message":"db-query","rows":26,"text":"SELECT * FROM location_types","timestamp":"2026-06-29T17:02:06.836Z"}
{"level":"info","message":"GET /api/location-types 200 11.079 ms","timestamp":"2026-06-29T17:02:06.843Z"}
{"duration":1,"level":"info","message":"db-query","rows":26,"text":"SELECT * FROM location_types","timestamp":"2026-06-29T17:02:06.851Z"}
{"level":"info","message":"GET /api/location-types 200 2.065 ms","timestamp":"2026-06-29T17:02:06.852Z"}
{"duration":7,"level":"info","message":"db-query","rows":26,"text":"SELECT * FROM location_types","timestamp":"2026-06-29T17:02:24.013Z"}
{"level":"info","message":"GET /api/location-types 200 13.984 ms","timestamp":"2026-06-29T17:02:24.020Z"}
{"duration":73,"level":"info","message":"db-query","rows":26,"text":"SELECT * FROM location_types","timestamp":"2026-06-29T17:02:24.082Z"}
{"level":"info","message":"GET /api/location-types 200 74.698 ms","timestamp":"2026-06-29T17:02:24.084Z"}
{"duration":166,"level":"info","message":"db-query","rows":1,"text":"\nUPDATE complaints\nSET\ncomplain_date = COALESCE($1, complain_date),\nincident_date = COALESCE($2, incident_date),\n\ncustomer_id = COALESCE($3, customer_id),\nbooking_id = COALESCE($4, booking_id),\n\ncomplaint = COALESCE($5, complaint),\ndealt_with = COALESCE($6, dealt_with),\nresult = COALESCE($7, result),\n\ndriver_id = COALESCE($8, driver_id),\nemployee_id = COALESCE($9, employee_id),\naccount_id = COALESCE($10, account_id),\n\nupdated_at = NOW()\n\nWHERE id=$11\n\nRETURNING *\n","timestamp":"2026-06-29T17:03:09.084Z"}
{"duration":7,"level":"info","message":"db-query","rows":1,"text":"\nSELECT\nc.*,\n\njson_build_object(\n'name',cu.name,\n'mobile',cu.mobile,\n'door_number',cu.door_number,\n'address1',cu.address1,\n'address2',cu.address2\n) customer,\n\njson_build_object(\n'reference_number',b.reference_number,\n'notes',b.notes,\n'pickup',b.pickup,\n'dropoff',b.dropoff\n) booking\n\nFROM complaints c\n\nLEFT JOIN customers cu\nON cu.id=c.customer_id\n\nLEFT JOIN bookings b\nON b.id=c.booking_id\n\nWHERE c.id=$1\n","timestamp":"2026-06-29T17:03:09.091Z"}
{"level":"info","message":"POST /api/complaint/update/1 200 176.652 ms","timestamp":"2026-06-29T17:03:09.092Z"}
{"duration":58,"level":"info","message":"db-query","rows":1,"text":"\nUPDATE complaints\nSET\ncomplain_date = COALESCE($1, complain_date),\nincident_date = COALESCE($2, incident_date),\n\ncustomer_id = COALESCE($3, customer_id),\nbooking_id = COALESCE($4, booking_id),\n\ncomplaint = COALESCE($5, complaint),\ndealt_with = COALESCE($6, dealt_with),\nresult = COALESCE($7, result),\n\ndriver_id = COALESCE($8, driver_id),\nemployee_id = COALESCE($9, employee_id),\naccount_id = COALESCE($10, account_id),\n\nupdated_at = NOW()\n\nWHERE id=$11\n\nRETURNING *\n","timestamp":"2026-06-29T17:03:25.004Z"}
{"duration":8,"level":"info","message":"db-query","rows":1,"text":"\nSELECT\nc.*,\n\njson_build_object(\n'name',cu.name,\n'mobile',cu.mobile,\n'door_number',cu.door_number,\n'address1',cu.address1,\n'address2',cu.address2\n) customer,\n\njson_build_object(\n'reference_number',b.reference_number,\n'notes',b.notes,\n'pickup',b.pickup,\n'dropoff',b.dropoff\n) booking\n\nFROM complaints c\n\nLEFT JOIN customers cu\nON cu.id=c.customer_id\n\nLEFT JOIN bookings b\nON b.id=c.booking_id\n\nWHERE c.id=$1\n","timestamp":"2026-06-29T17:03:25.013Z"}
{"level":"info","message":"POST /api/complaint/update/1 200 69.641 ms","timestamp":"2026-06-29T17:03:25.015Z"}
{"duration":14,"level":"info","message":"db-query","rows":26,"text":"SELECT * FROM location_types","timestamp":"2026-06-29T17:05:30.596Z"}
{"level":"info","message":"GET /api/location-types 200 22.439 ms","timestamp":"2026-06-29T17:05:30.604Z"}
{"duration":56,"level":"info","message":"db-query","rows":26,"text":"SELECT * FROM location_types","timestamp":"2026-06-29T17:05:30.644Z"}
{"level":"info","message":"GET /api/location-types 200 57.808 ms","timestamp":"2026-06-29T17:05:30.646Z"}
{"level":"info","message":"ws:upgrade","timestamp":"2026-06-29T17:31:24.759Z","url":"/websocket/driver-login"}
{"level":"info","message":"ws:dashboard-connected","socketId":"7995294a-88af-4366-b9f0-f9bd9d086d4f","timestamp":"2026-06-29T17:31:24.763Z"}
{"duration":5,"level":"info","message":"db-query","rows":26,"text":"SELECT * FROM location_types","timestamp":"2026-06-29T17:32:11.284Z"}
{"level":"info","message":"GET /api/location-types 200 11.354 ms","timestamp":"2026-06-29T17:32:11.290Z"}
{"duration":50,"level":"info","message":"db-query","rows":26,"text":"SELECT * FROM location_types","timestamp":"2026-06-29T17:32:11.330Z"}
{"level":"info","message":"GET /api/location-types 200 52.370 ms","timestamp":"2026-06-29T17:32:11.333Z"}
{"level":"info","message":"ws:upgrade","timestamp":"2026-06-29T17:32:41.371Z","url":"/websocket/driver-login"}
{"level":"info","message":"ws:dashboard-connected","socketId":"f4cd5bb3-1804-453d-8f25-022705576d7a","timestamp":"2026-06-29T17:32:41.413Z"}
{"level":"info","message":"ws:upgrade","timestamp":"2026-06-29T17:32:53.972Z","url":"/websocket/driver-busy"}
{"level":"info","message":"ws:busy-dashboard-connected","socketId":"9b28664c-e24b-4924-bcd2-214b5cda451a","timestamp":"2026-06-29T17:32:53.973Z"}
{"duration":69,"level":"info","message":"db-query","rows":1,"text":"\n    SELECT \n      b.*,\n      vt.name as vehicle_type_name,\n      d.name as driver_name,\n      v.color,\n      v.make,\n      v.model,\n      v.vehicle_number\n    FROM bookings b\n    LEFT JOIN vehicle_types vt ON b.vehicle_type_id = vt.id\n    LEFT JOIN drivers d ON b.driver_id = d.id\n    LEFT JOIN vehicles v ON d.vehicle_id = v.id\n    WHERE b.id = $1 AND trash = false\n  ","timestamp":"2026-06-29T17:34:08.756Z"}
{"duration":0,"level":"info","message":"db-query","rows":null,"text":"BEGIN","timestamp":"2026-06-29T17:34:08.758Z"}
{"duration":6,"level":"info","message":"db-query","rows":1,"text":"SELECT d.*, s.name AS subsidiary_name\n          FROM drivers d\n          LEFT JOIN subsidiaries s ON s.id = d.subsidiary_id\n          WHERE d.id = $1","timestamp":"2026-06-29T17:34:08.764Z"}
{"duration":3,"level":"info","message":"db-query","rows":1,"text":"SELECT id, note, created_at, created_by\n          FROM driver_notes\n          WHERE driver_id = $1\n          ORDER BY created_at DESC","timestamp":"2026-06-29T17:34:08.769Z"}
{"duration":2,"level":"info","message":"db-query","rows":1,"text":"SELECT id, name, start_time, end_time\n          FROM driver_shifts\n          WHERE driver_id = $1\n          ORDER BY id ASC","timestamp":"2026-06-29T17:34:08.772Z"}
{"duration":3,"level":"info","message":"db-query","rows":1,"text":"SELECT \n            v.*,\n            json_build_object(\n              'id', vt.id,\n              'name', vt.name,\n              'driver_waiting_charges', vt.driver_waiting_charges,\n              'account_waiting_charges', vt.account_waiting_charges,\n              'waiting_time', vt.waiting_time\n            ) AS vehicle_type\n         FROM vehicles v\n         LEFT JOIN vehicle_types vt ON vt.id = v.vehicle_type_id\n         WHERE v.id = $1\n         LIMIT 1","timestamp":"2026-06-29T17:34:08.775Z"}
{"duration":1,"level":"info","message":"db-query","rows":null,"text":"COMMIT","timestamp":"2026-06-29T17:34:08.776Z"}
{"duration":7,"level":"info","message":"db-query","rows":1,"text":"SELECT * FROM driver_app_features WHERE driver_id = $1 AND company_id = $2","timestamp":"2026-06-29T17:34:08.787Z"}
{"duration":4,"level":"info","message":"db-query","rows":1,"text":"\n    UPDATE bookings\n    SET driver_id = $2, booking_status_id = $3, fare_meter = $4, dispatched_at = $5, updated_at = now()\n    WHERE id = $1\n    RETURNING *\n  ","timestamp":"2026-06-29T17:34:08.792Z"}
{"duration":58,"level":"info","message":"db-query","rows":1,"text":"\n    \n  SELECT \n    b.id,\n    b.reference_number,\n    b.subsidiary_id,\n    b.booking_type_id,\n    b.booking_status_id,\n    b.journey_type_id,\n    b.account_id,\n    b.customer_id,\n    b.employee_id,\n    b.pickup,\n    b.dropoff,\n    b.pickup_date,\n    b.pickup_time,\n    b.dropoff_date,\n    b.dropoff_time,\n    b.pickup_door_number,\n    b.dropoff_door_number,\n    b.pickup_plot,\n    b.dropoff_plot,\n    b.pickup_location_type_id,\n    b.dropoff_location_type_id,\n    b.pickup_latitude,\n    b.pickup_longitude,\n    b.dropoff_latitude,\n    b.dropoff_longitude,\n    b.viapoints,\n    b.restricted_drivers,\n    b.flight_number,\n    b.arriving_from,\n    b.vehicle_type_id,\n    b.vehicle_id,\n    b.driver_id,\n    b.passengers,\n    b.luggages,\n    b.hand_luggages,\n    b.child_seat,\n    b.name,\n    b.email,\n    b.mobile,\n    b.telephone,\n    b.lead_time,\n    b.notes,\n    b.special_instructions,\n    b.payment_type_id,\n    b.company_price,\n    b.fares,\n    b.total_charges,\n    b.parking_charges,\n    b.waiting_charges,\n    b.extra_drop_charges,\n    b.credit_card_charges,\n    b.congestion_charges,\n    b.miles,\n    b.meet_and_greet,\n    b.department,\n    b.escort_id,\n    b.order_number,\n    b.booked_by,\n    b.add_return_fare,\n    b.fare_meter_status,\n    b.fare_meter,\n    b.quotation,\n    b.quoted,\n    b.dispatch,\n    b.dispatch_as,\n    b.sms,\n    b.emailflag,\n    b.trash,\n    b.hidden,\n    b.multi_booking_id,\n    b.associated_booking,\n    b.invoice_status,\n    b.commission_status,\n    b.commission,\n    b.skipped_bookings,\n    b.permanent,\n    b.toggle_driver_text,\n    b.toggle_passenger_text,\n    b.cancelled_reason,\n    b.booking_source,\n    b.on_route,\n    b.arrived,\n    b.passenger_on_board,\n    b.completed,\n    b.controller_completed,\n    b.driver_waiting_time,\n    b.dispatched_at,\n    b.booked_at,\n    b.stripe_customer_id,\n    b.stripe_payment_id,\n    b.invoice_number,\n    b.initial_subsidiary_id,\n    b.created_at,\n    b.updated_at,\n    b.eta,\n    b.fob,\n  json_build_object(\n    'booking_status', bs.booking_status\n  ) AS booking_status,\n\n  json_build_object(\n    'booking_type', bt.booking_type\n  ) AS booking_type,\n\n  json_build_object(\n    'journey_type', jt.journey_type\n  ) AS journey_type,\n\n  json_build_object(\n    'id', s.id,\n    'name', s.name,\n    'telephone_number', s.telephone_number\n  ) AS subsidiary,\n\n  json_build_object(\n    'name', vt.name,\n    'background_color', vt.background_color,\n    'foreground_color', vt.foreground_color\n  ) AS vehicle_type,\n\n  json_build_object(\n    'id', pt.id,\n    'name', pt.name,\n    'background_color', pt.background_color,\n    'foreground_color', pt.foreground_color\n  ) AS payment_type,\n\n  json_build_object(\n    'id', a.id,\n    'name', a.name,\n    'background_color', a.background_color,\n    'foreground_color', a.foreground_color,\n    'has_vat', a.has_vat,\n    'bank_information', a.bank_information,\n    'fare_controller', a.fare_controller,\n    'account_fees_type', a.account_fees_type,\n    'account_fees', a.account_fees,\n    'account_fees_vat', a.account_fees_vat\n  ) AS account,\n\n  json_build_object(\n    'id', d.id,\n    'username', d.username,\n    'name', d.name,\n    'mobile_device_id', d.mobile_device_id,\n    'phc_vehicle_number', d.phc_vehicle_number,\n    'phc_driver_number', d.phc_driver_number,\n    'vehicle_id', d.vehicle_id,\n    'driver_commission', d.driver_commission,\n    'session_status', d.session_status,\n    'vehicle', json_build_object(\n        'make', v.make,\n        'model', v.model,\n        'color', v.color,\n        'vehicle_number', v.vehicle_number\n    )\n  ) AS driver,\n\n  json_build_object(\n    'door_number', c.door_number,\n    'address1', c.address1,\n    'address2', c.address2,\n    'blacklist', c.blacklist\n  ) AS customer,\n\n  json_build_object(\n    'username', e.username,\n    'role_id', e.role_id\n  ) AS employee,\n\n  json_build_object(\n  'pickup',\n  CASE\n    WHEN lp.id IS NOT NULL THEN json_build_object(\n      'id', lp.id,\n      'name', lp.name,\n      'location_type', json_build_object(\n            'id', ltp.id,\n            'name', ltp.name,\n            'background_color', ltp.background_color,\n            'foreground_color', ltp.foreground_color\n          )\n    )\n    ELSE \n    json_build_object(\n      'id', null,\n      'name', null,\n      'location_type', json_build_object(\n        'id', null,\n        'name', null,\n        'background_color', null,\n        'foreground_color', null\n      )\n    )\n  END,\n  'dropoff',\n  CASE\n    WHEN ld.id IS NOT NULL THEN json_build_object(\n      'id', ld.id,\n      'name', ld.name,\n      'location_type', json_build_object(\n            'id', ltp.id,\n            'name', ltp.name,\n            'background_color', ltp.background_color,\n            'foreground_color', ltp.foreground_color\n          )\n\n    )\n    ELSE \n    json_build_object(\n      'id', null,\n      'name', null,\n      'location_type', json_build_object(\n  'id', null,\n  'name', null,\n  'background_color', null,\n  'foreground_color', null\n)\n\n    )\n  END\n) AS airport\n\n\nFROM bookings b\nLEFT JOIN booking_statuses bs ON b.booking_status_id = bs.id\nLEFT JOIN booking_types bt ON b.booking_type_id = bt.id\nLEFT JOIN journey_types jt ON b.journey_type_id = jt.id\nLEFT JOIN subsidiaries s ON b.subsidiary_id = s.id\nLEFT JOIN vehicle_types vt ON b.vehicle_type_id = vt.id\nLEFT JOIN payment_types pt ON b.payment_type_id = pt.id\nLEFT JOIN accounts a ON b.account_id = a.id\nLEFT JOIN drivers d ON b.driver_id = d.id\nLEFT JOIN vehicles v ON d.vehicle_id = v.id\nLEFT JOIN customers c ON b.customer_id = c.id\nLEFT JOIN employees e ON b.employee_id = e.id\nLEFT JOIN locations lp\n  ON lp.location_type_id = 2\n AND b.pickup ILIKE '%' || lp.name || '%'\n\nLEFT JOIN locations ld\n  ON ld.location_type_id = 2\n AND b.dropoff ILIKE '%' || ld.name || '%'\nLEFT JOIN location_types ltp ON lp.location_type_id = ltp.id\nLEFT JOIN location_types ltd ON ld.location_type_id = ltd.id\n\n\n\n    WHERE b.id = $1\n  ","timestamp":"2026-06-29T17:34:08.853Z"}
{"duration":1,"level":"info","message":"db-query","rows":1,"text":"SELECT fcm_token FROM drivers WHERE id = $1","timestamp":"2026-06-29T17:34:08.855Z"}
{"level":"info","message":"POST /api/bookings/assign-driver 500 1590.412 ms","timestamp":"2026-06-29T17:34:10.276Z"}
{"duration":24,"level":"info","message":"db-query","rows":1,"text":"\n    SELECT \n      b.*,\n      vt.name as vehicle_type_name,\n      d.name as driver_name,\n      v.color,\n      v.make,\n      v.model,\n      v.vehicle_number\n    FROM bookings b\n    LEFT JOIN vehicle_types vt ON b.vehicle_type_id = vt.id\n    LEFT JOIN drivers d ON b.driver_id = d.id\n    LEFT JOIN vehicles v ON d.vehicle_id = v.id\n    WHERE b.id = $1 AND trash = false\n  ","timestamp":"2026-06-29T17:34:43.248Z"}
{"duration":1,"level":"info","message":"db-query","rows":null,"text":"BEGIN","timestamp":"2026-06-29T17:34:43.254Z"}
{"duration":5,"level":"info","message":"db-query","rows":1,"text":"SELECT d.*, s.name AS subsidiary_name\n          FROM drivers d\n          LEFT JOIN subsidiaries s ON s.id = d.subsidiary_id\n          WHERE d.id = $1","timestamp":"2026-06-29T17:34:43.261Z"}
{"duration":3,"level":"info","message":"db-query","rows":1,"text":"SELECT id, note, created_at, created_by\n          FROM driver_notes\n          WHERE driver_id = $1\n          ORDER BY created_at DESC","timestamp":"2026-06-29T17:34:43.267Z"}
{"duration":1,"level":"info","message":"db-query","rows":1,"text":"SELECT id, name, start_time, end_time\n          FROM driver_shifts\n          WHERE driver_id = $1\n          ORDER BY id ASC","timestamp":"2026-06-29T17:34:43.269Z"}
{"duration":2,"level":"info","message":"db-query","rows":1,"text":"SELECT \n            v.*,\n            json_build_object(\n              'id', vt.id,\n              'name', vt.name,\n              'driver_waiting_charges', vt.driver_waiting_charges,\n              'account_waiting_charges', vt.account_waiting_charges,\n              'waiting_time', vt.waiting_time\n            ) AS vehicle_type\n         FROM vehicles v\n         LEFT JOIN vehicle_types vt ON vt.id = v.vehicle_type_id\n         WHERE v.id = $1\n         LIMIT 1","timestamp":"2026-06-29T17:34:43.273Z"}
{"duration":0,"level":"info","message":"db-query","rows":null,"text":"COMMIT","timestamp":"2026-06-29T17:34:43.274Z"}
{"duration":3,"level":"info","message":"db-query","rows":1,"text":"SELECT * FROM driver_app_features WHERE driver_id = $1 AND company_id = $2","timestamp":"2026-06-29T17:34:43.286Z"}
{"duration":6,"level":"info","message":"db-query","rows":1,"text":"\n    UPDATE bookings\n    SET driver_id = $2, booking_status_id = $3, fare_meter = $4, dispatched_at = $5, updated_at = now()\n    WHERE id = $1\n    RETURNING *\n  ","timestamp":"2026-06-29T17:34:43.294Z"}
{"duration":71,"level":"info","message":"db-query","rows":26,"text":"SELECT * FROM location_types","timestamp":"2026-06-29T17:34:43.300Z"}
{"level":"info","message":"GET /api/location-types 200 73.867 ms","timestamp":"2026-06-29T17:34:43.305Z"}
{"duration":24,"level":"info","message":"db-query","rows":1,"text":"\n    \n  SELECT \n    b.id,\n    b.reference_number,\n    b.subsidiary_id,\n    b.booking_type_id,\n    b.booking_status_id,\n    b.journey_type_id,\n    b.account_id,\n    b.customer_id,\n    b.employee_id,\n    b.pickup,\n    b.dropoff,\n    b.pickup_date,\n    b.pickup_time,\n    b.dropoff_date,\n    b.dropoff_time,\n    b.pickup_door_number,\n    b.dropoff_door_number,\n    b.pickup_plot,\n    b.dropoff_plot,\n    b.pickup_location_type_id,\n    b.dropoff_location_type_id,\n    b.pickup_latitude,\n    b.pickup_longitude,\n    b.dropoff_latitude,\n    b.dropoff_longitude,\n    b.viapoints,\n    b.restricted_drivers,\n    b.flight_number,\n    b.arriving_from,\n    b.vehicle_type_id,\n    b.vehicle_id,\n    b.driver_id,\n    b.passengers,\n    b.luggages,\n    b.hand_luggages,\n    b.child_seat,\n    b.name,\n    b.email,\n    b.mobile,\n    b.telephone,\n    b.lead_time,\n    b.notes,\n    b.special_instructions,\n    b.payment_type_id,\n    b.company_price,\n    b.fares,\n    b.total_charges,\n    b.parking_charges,\n    b.waiting_charges,\n    b.extra_drop_charges,\n    b.credit_card_charges,\n    b.congestion_charges,\n    b.miles,\n    b.meet_and_greet,\n    b.department,\n    b.escort_id,\n    b.order_number,\n    b.booked_by,\n    b.add_return_fare,\n    b.fare_meter_status,\n    b.fare_meter,\n    b.quotation,\n    b.quoted,\n    b.dispatch,\n    b.dispatch_as,\n    b.sms,\n    b.emailflag,\n    b.trash,\n    b.hidden,\n    b.multi_booking_id,\n    b.associated_booking,\n    b.invoice_status,\n    b.commission_status,\n    b.commission,\n    b.skipped_bookings,\n    b.permanent,\n    b.toggle_driver_text,\n    b.toggle_passenger_text,\n    b.cancelled_reason,\n    b.booking_source,\n    b.on_route,\n    b.arrived,\n    b.passenger_on_board,\n    b.completed,\n    b.controller_completed,\n    b.driver_waiting_time,\n    b.dispatched_at,\n    b.booked_at,\n    b.stripe_customer_id,\n    b.stripe_payment_id,\n    b.invoice_number,\n    b.initial_subsidiary_id,\n    b.created_at,\n    b.updated_at,\n    b.eta,\n    b.fob,\n  json_build_object(\n    'booking_status', bs.booking_status\n  ) AS booking_status,\n\n  json_build_object(\n    'booking_type', bt.booking_type\n  ) AS booking_type,\n\n  json_build_object(\n    'journey_type', jt.journey_type\n  ) AS journey_type,\n\n  json_build_object(\n    'id', s.id,\n    'name', s.name,\n    'telephone_number', s.telephone_number\n  ) AS subsidiary,\n\n  json_build_object(\n    'name', vt.name,\n    'background_color', vt.background_color,\n    'foreground_color', vt.foreground_color\n  ) AS vehicle_type,\n\n  json_build_object(\n    'id', pt.id,\n    'name', pt.name,\n    'background_color', pt.background_color,\n    'foreground_color', pt.foreground_color\n  ) AS payment_type,\n\n  json_build_object(\n    'id', a.id,\n    'name', a.name,\n    'background_color', a.background_color,\n    'foreground_color', a.foreground_color,\n    'has_vat', a.has_vat,\n    'bank_information', a.bank_information,\n    'fare_controller', a.fare_controller,\n    'account_fees_type', a.account_fees_type,\n    'account_fees', a.account_fees,\n    'account_fees_vat', a.account_fees_vat\n  ) AS account,\n\n  json_build_object(\n    'id', d.id,\n    'username', d.username,\n    'name', d.name,\n    'mobile_device_id', d.mobile_device_id,\n    'phc_vehicle_number', d.phc_vehicle_number,\n    'phc_driver_number', d.phc_driver_number,\n    'vehicle_id', d.vehicle_id,\n    'driver_commission', d.driver_commission,\n    'session_status', d.session_status,\n    'vehicle', json_build_object(\n        'make', v.make,\n        'model', v.model,\n        'color', v.color,\n        'vehicle_number', v.vehicle_number\n    )\n  ) AS driver,\n\n  json_build_object(\n    'door_number', c.door_number,\n    'address1', c.address1,\n    'address2', c.address2,\n    'blacklist', c.blacklist\n  ) AS customer,\n\n  json_build_object(\n    'username', e.username,\n    'role_id', e.role_id\n  ) AS employee,\n\n  json_build_object(\n  'pickup',\n  CASE\n    WHEN lp.id IS NOT NULL THEN json_build_object(\n      'id', lp.id,\n      'name', lp.name,\n      'location_type', json_build_object(\n            'id', ltp.id,\n            'name', ltp.name,\n            'background_color', ltp.background_color,\n            'foreground_color', ltp.foreground_color\n          )\n    )\n    ELSE \n    json_build_object(\n      'id', null,\n      'name', null,\n      'location_type', json_build_object(\n        'id', null,\n        'name', null,\n        'background_color', null,\n        'foreground_color', null\n      )\n    )\n  END,\n  'dropoff',\n  CASE\n    WHEN ld.id IS NOT NULL THEN json_build_object(\n      'id', ld.id,\n      'name', ld.name,\n      'location_type', json_build_object(\n            'id', ltp.id,\n            'name', ltp.name,\n            'background_color', ltp.background_color,\n            'foreground_color', ltp.foreground_color\n          )\n\n    )\n    ELSE \n    json_build_object(\n      'id', null,\n      'name', null,\n      'location_type', json_build_object(\n  'id', null,\n  'name', null,\n  'background_color', null,\n  'foreground_color', null\n)\n\n    )\n  END\n) AS airport\n\n\nFROM bookings b\nLEFT JOIN booking_statuses bs ON b.booking_status_id = bs.id\nLEFT JOIN booking_types bt ON b.booking_type_id = bt.id\nLEFT JOIN journey_types jt ON b.journey_type_id = jt.id\nLEFT JOIN subsidiaries s ON b.subsidiary_id = s.id\nLEFT JOIN vehicle_types vt ON b.vehicle_type_id = vt.id\nLEFT JOIN payment_types pt ON b.payment_type_id = pt.id\nLEFT JOIN accounts a ON b.account_id = a.id\nLEFT JOIN drivers d ON b.driver_id = d.id\nLEFT JOIN vehicles v ON d.vehicle_id = v.id\nLEFT JOIN customers c ON b.customer_id = c.id\nLEFT JOIN employees e ON b.employee_id = e.id\nLEFT JOIN locations lp\n  ON lp.location_type_id = 2\n AND b.pickup ILIKE '%' || lp.name || '%'\n\nLEFT JOIN locations ld\n  ON ld.location_type_id = 2\n AND b.dropoff ILIKE '%' || ld.name || '%'\nLEFT JOIN location_types ltp ON lp.location_type_id = ltp.id\nLEFT JOIN location_types ltd ON ld.location_type_id = ltd.id\n\n\n\n    WHERE b.id = $1\n  ","timestamp":"2026-06-29T17:34:43.320Z"}
{"duration":83,"level":"info","message":"db-query","rows":26,"text":"SELECT * FROM location_types","timestamp":"2026-06-29T17:34:43.323Z"}
{"level":"info","message":"GET /api/location-types 200 83.648 ms","timestamp":"2026-06-29T17:34:43.324Z"}
{"duration":14,"level":"info","message":"db-query","rows":1,"text":"SELECT * FROM templates WHERE id = $1","timestamp":"2026-06-29T17:34:43.336Z"}
{"level":"info","message":"POST /api/bookings/assign-driver 200 119.966 ms","timestamp":"2026-06-29T17:34:43.338Z"}
{"duration":9,"level":"info","message":"db-query","rows":26,"text":"SELECT * FROM location_types","timestamp":"2026-06-29T17:34:51.793Z"}
{"level":"info","message":"GET /api/location-types 200 21.702 ms","timestamp":"2026-06-29T17:34:51.806Z"}
{"duration":65,"level":"info","message":"db-query","rows":26,"text":"SELECT * FROM location_types","timestamp":"2026-06-29T17:34:51.851Z"}
{"level":"info","message":"GET /api/location-types 200 66.536 ms","timestamp":"2026-06-29T17:34:51.853Z"}
{"duration":160,"level":"info","message":"db-query","rows":1,"text":"\n    SELECT \n      b.*,\n      vt.name as vehicle_type_name,\n      d.name as driver_name,\n      v.color,\n      v.make,\n      v.model,\n      v.vehicle_number\n    FROM bookings b\n    LEFT JOIN vehicle_types vt ON b.vehicle_type_id = vt.id\n    LEFT JOIN drivers d ON b.driver_id = d.id\n    LEFT JOIN vehicles v ON d.vehicle_id = v.id\n    WHERE b.id = $1 AND trash = false\n  ","timestamp":"2026-06-29T17:35:16.355Z"}
{"duration":4,"level":"info","message":"db-query","rows":1,"text":"\n    UPDATE bookings\n    SET on_route = $1, completed = $2, arrived = $3\n    WHERE id = $4\n  ","timestamp":"2026-06-29T17:35:16.361Z"}
{"duration":1,"level":"info","message":"db-query","rows":1,"text":"\n    UPDATE drivers\n    SET \n      booking_status = $1,\n      driver_status = $2\n    WHERE id = $3\n  ","timestamp":"2026-06-29T17:35:16.363Z"}
{"duration":2,"level":"info","message":"db-query","rows":1,"text":"SELECT \n      d.id,\n      d.name,\n      d.username,\n      d.zone,\n      d.driver_status,\n      d.booking_status,\n      d.session_status,\n      d.latitude,\n      d.longitude,\n      d.last_login_at,\n      vt.name AS vehicle_type\n      FROM drivers d\n      LEFT JOIN vehicles v ON d.vehicle_id = v.id\n      LEFT JOIN vehicle_types vt ON v.vehicle_type_id = vt.id\n      WHERE d.id = $1","timestamp":"2026-06-29T17:35:16.367Z"}
{"driverId":167,"level":"info","message":"ws:booking-status-broadcast","timestamp":"2026-06-29T17:35:16.368Z"}
{"duration":1,"level":"info","message":"db-query","rows":1,"text":"\n      SELECT\n        d.id,\n        d.name,\n        d.username,\n        d.zone,\n        d.latitude,\n        d.longitude,\n        d.booking_status,\n        d.session_status,\n        d.driver_status,\n        d.last_login_at,\n        vt.name AS vehicle_type\n      FROM drivers d\n      LEFT JOIN vehicles v\n        ON d.vehicle_id=v.id\n      LEFT JOIN vehicle_types vt\n        ON v.vehicle_type_id=vt.id\n      WHERE d.id=$1\n      ","timestamp":"2026-06-29T17:35:16.371Z"}
{"duration":0,"level":"info","message":"db-query","rows":null,"text":"BEGIN","timestamp":"2026-06-29T17:35:16.372Z"}
{"duration":4,"level":"info","message":"db-query","rows":1,"text":"SELECT d.*, s.name AS subsidiary_name\n          FROM drivers d\n          LEFT JOIN subsidiaries s ON s.id = d.subsidiary_id\n          WHERE d.id = $1","timestamp":"2026-06-29T17:35:16.377Z"}
{"duration":4,"level":"info","message":"db-query","rows":1,"text":"SELECT id, note, created_at, created_by\n          FROM driver_notes\n          WHERE driver_id = $1\n          ORDER BY created_at DESC","timestamp":"2026-06-29T17:35:16.382Z"}
{"duration":3,"level":"info","message":"db-query","rows":1,"text":"SELECT id, name, start_time, end_time\n          FROM driver_shifts\n          WHERE driver_id = $1\n          ORDER BY id ASC","timestamp":"2026-06-29T17:35:16.385Z"}
{"duration":1,"level":"info","message":"db-query","rows":1,"text":"SELECT \n            v.*,\n            json_build_object(\n              'id', vt.id,\n              'name', vt.name,\n              'driver_waiting_charges', vt.driver_waiting_charges,\n              'account_waiting_charges', vt.account_waiting_charges,\n              'waiting_time', vt.waiting_time\n            ) AS vehicle_type\n         FROM vehicles v\n         LEFT JOIN vehicle_types vt ON vt.id = v.vehicle_type_id\n         WHERE v.id = $1\n         LIMIT 1","timestamp":"2026-06-29T17:35:16.387Z"}
{"duration":1,"level":"info","message":"db-query","rows":null,"text":"COMMIT","timestamp":"2026-06-29T17:35:16.389Z"}
{"duration":4,"level":"info","message":"db-query","rows":0,"text":"\n    SELECT *\n    FROM driver_shift_histories\n    WHERE driver_id = $1\n    AND logout_time IS NULL\n    ORDER BY id DESC\n    LIMIT 1\n  ","timestamp":"2026-06-29T17:35:16.394Z"}
{"duration":4,"level":"info","message":"db-query","rows":1,"text":"\n    UPDATE bookings\n    SET booking_status_id = $1\n    WHERE id = $2\n  ","timestamp":"2026-06-29T17:35:16.401Z"}
{"duration":3,"level":"info","message":"db-query","rows":1,"text":"\n    SELECT \n      b.*,\n      vt.name as vehicle_type_name,\n      d.name as driver_name,\n      v.color,\n      v.make,\n      v.model,\n      v.vehicle_number\n    FROM bookings b\n    LEFT JOIN vehicle_types vt ON b.vehicle_type_id = vt.id\n    LEFT JOIN drivers d ON b.driver_id = d.id\n    LEFT JOIN vehicles v ON d.vehicle_id = v.id\n    WHERE b.id = $1 AND trash = false\n  ","timestamp":"2026-06-29T17:35:16.404Z"}
{"level":"info","message":"POST /api/bookings/status/887 200 212.658 ms","timestamp":"2026-06-29T17:35:16.406Z"}
{"level":"info","message":"ws:upgrade","timestamp":"2026-06-29T17:35:24.289Z","url":"/websocket/driver-busy"}
{"level":"info","message":"ws:busy-dashboard-connected","socketId":"f58fc271-b091-45fc-a695-bedcff1f7069","timestamp":"2026-06-29T17:35:24.291Z"}
{"duration":63,"level":"info","message":"db-query","rows":1,"text":"\n    SELECT \n      b.*,\n      vt.name as vehicle_type_name,\n      d.name as driver_name,\n      v.color,\n      v.make,\n      v.model,\n      v.vehicle_number\n    FROM bookings b\n    LEFT JOIN vehicle_types vt ON b.vehicle_type_id = vt.id\n    LEFT JOIN drivers d ON b.driver_id = d.id\n    LEFT JOIN vehicles v ON d.vehicle_id = v.id\n    WHERE b.id = $1 AND trash = false\n  ","timestamp":"2026-06-29T17:35:30.125Z"}
{"duration":2,"level":"info","message":"db-query","rows":1,"text":"\n    UPDATE drivers\n    SET \n      booking_status = $1,\n      driver_status = $2\n    WHERE id = $3\n  ","timestamp":"2026-06-29T17:35:30.129Z"}
{"duration":2,"level":"info","message":"db-query","rows":1,"text":"SELECT \n      d.id,\n      d.name,\n      d.username,\n      d.zone,\n      d.driver_status,\n      d.booking_status,\n      d.session_status,\n      d.latitude,\n      d.longitude,\n      d.last_login_at,\n      vt.name AS vehicle_type\n      FROM drivers d\n      LEFT JOIN vehicles v ON d.vehicle_id = v.id\n      LEFT JOIN vehicle_types vt ON v.vehicle_type_id = vt.id\n      WHERE d.id = $1","timestamp":"2026-06-29T17:35:30.131Z"}
{"driverId":167,"level":"info","message":"ws:booking-status-broadcast","timestamp":"2026-06-29T17:35:30.131Z"}
{"duration":2,"level":"info","message":"db-query","rows":1,"text":"\n      SELECT\n        d.id,\n        d.name,\n        d.username,\n        d.zone,\n        d.latitude,\n        d.longitude,\n        d.booking_status,\n        d.session_status,\n        d.driver_status,\n        d.last_login_at,\n        vt.name AS vehicle_type\n      FROM drivers d\n      LEFT JOIN vehicles v\n        ON d.vehicle_id=v.id\n      LEFT JOIN vehicle_types vt\n        ON v.vehicle_type_id=vt.id\n      WHERE d.id=$1\n      ","timestamp":"2026-06-29T17:35:30.134Z"}
{"driverId":167,"level":"info","message":"ws:driver-booking-status-web-update","timestamp":"2026-06-29T17:35:30.135Z"}
{"duration":4,"level":"info","message":"db-query","rows":1,"text":"\n    UPDATE bookings\n    SET booking_status_id = $1\n    WHERE id = $2\n  ","timestamp":"2026-06-29T17:35:30.140Z"}
{"duration":2,"level":"info","message":"db-query","rows":1,"text":"\n    SELECT \n      b.*,\n      vt.name as vehicle_type_name,\n      d.name as driver_name,\n      v.color,\n      v.make,\n      v.model,\n      v.vehicle_number\n    FROM bookings b\n    LEFT JOIN vehicle_types vt ON b.vehicle_type_id = vt.id\n    LEFT JOIN drivers d ON b.driver_id = d.id\n    LEFT JOIN vehicles v ON d.vehicle_id = v.id\n    WHERE b.id = $1 AND trash = false\n  ","timestamp":"2026-06-29T17:35:30.143Z"}
{"duration":1,"level":"info","message":"db-query","rows":1,"text":"\n    UPDATE drivers\n    SET \n      booking_status = $1,\n      driver_status = $2\n    WHERE id = $3\n  ","timestamp":"2026-06-29T17:35:30.147Z"}
{"duration":0,"level":"info","message":"db-query","rows":null,"text":"BEGIN","timestamp":"2026-06-29T17:35:30.148Z"}
{"duration":4,"level":"info","message":"db-query","rows":1,"text":"SELECT d.*, s.name AS subsidiary_name\n          FROM drivers d\n          LEFT JOIN subsidiaries s ON s.id = d.subsidiary_id\n          WHERE d.id = $1","timestamp":"2026-06-29T17:35:30.153Z"}
{"duration":3,"level":"info","message":"db-query","rows":1,"text":"SELECT id, note, created_at, created_by\n          FROM driver_notes\n          WHERE driver_id = $1\n          ORDER BY created_at DESC","timestamp":"2026-06-29T17:35:30.156Z"}
{"duration":2,"level":"info","message":"db-query","rows":1,"text":"SELECT id, name, start_time, end_time\n          FROM driver_shifts\n          WHERE driver_id = $1\n          ORDER BY id ASC","timestamp":"2026-06-29T17:35:30.158Z"}
{"duration":3,"level":"info","message":"db-query","rows":1,"text":"SELECT \n            v.*,\n            json_build_object(\n              'id', vt.id,\n              'name', vt.name,\n              'driver_waiting_charges', vt.driver_waiting_charges,\n              'account_waiting_charges', vt.account_waiting_charges,\n              'waiting_time', vt.waiting_time\n            ) AS vehicle_type\n         FROM vehicles v\n         LEFT JOIN vehicle_types vt ON vt.id = v.vehicle_type_id\n         WHERE v.id = $1\n         LIMIT 1","timestamp":"2026-06-29T17:35:30.161Z"}
{"duration":0,"level":"info","message":"db-query","rows":null,"text":"COMMIT","timestamp":"2026-06-29T17:35:30.163Z"}
{"level":"info","message":"POST /api/bookings/status/887 200 105.813 ms","timestamp":"2026-06-29T17:35:30.167Z"}
{"level":"info","message":"ws:upgrade","timestamp":"2026-06-29T17:35:33.855Z","url":"/websocket/driver-login"}
{"level":"info","message":"ws:dashboard-connected","socketId":"caaf0522-9940-4b62-bed4-ca88cf794b9a","timestamp":"2026-06-29T17:35:33.856Z"}
{"duration":58,"level":"info","message":"db-query","rows":1,"text":"\n    SELECT \n      b.*,\n      vt.name as vehicle_type_name,\n      d.name as driver_name,\n      v.color,\n      v.make,\n      v.model,\n      v.vehicle_number\n    FROM bookings b\n    LEFT JOIN vehicle_types vt ON b.vehicle_type_id = vt.id\n    LEFT JOIN drivers d ON b.driver_id = d.id\n    LEFT JOIN vehicles v ON d.vehicle_id = v.id\n    WHERE b.id = $1 AND trash = false\n  ","timestamp":"2026-06-29T17:36:13.243Z"}
{"duration":1,"level":"info","message":"db-query","rows":1,"text":"SELECT fcm_token FROM drivers WHERE id = $1","timestamp":"2026-06-29T17:36:13.245Z"}
{"level":"info","message":"POST /api/bookings/recover-booking/887 500 1457.244 ms","timestamp":"2026-06-29T17:36:14.642Z"}
{"duration":17,"level":"info","message":"db-query","rows":26,"text":"SELECT * FROM location_types","timestamp":"2026-06-29T17:36:57.888Z"}
{"level":"info","message":"GET /api/location-types 200 29.592 ms","timestamp":"2026-06-29T17:36:57.900Z"}
{"duration":77,"level":"info","message":"db-query","rows":26,"text":"SELECT * FROM location_types","timestamp":"2026-06-29T17:36:57.960Z"}
{"level":"info","message":"GET /api/location-types 200 80.619 ms","timestamp":"2026-06-29T17:36:57.963Z"}
{"level":"info","message":"ws:upgrade","timestamp":"2026-06-29T17:37:00.231Z","url":"/websocket/driver-login"}
{"level":"info","message":"ws:dashboard-connected","socketId":"2356295e-36f3-48cd-aca3-9eb3f11b3f9e","timestamp":"2026-06-29T17:37:00.233Z"}
{"duration":14,"level":"info","message":"db-query","rows":1,"text":"\n    SELECT \n      b.*,\n      vt.name as vehicle_type_name,\n      d.name as driver_name,\n      v.color,\n      v.make,\n      v.model,\n      v.vehicle_number\n    FROM bookings b\n    LEFT JOIN vehicle_types vt ON b.vehicle_type_id = vt.id\n    LEFT JOIN drivers d ON b.driver_id = d.id\n    LEFT JOIN vehicles v ON d.vehicle_id = v.id\n    WHERE b.id = $1 AND trash = false\n  ","timestamp":"2026-06-29T17:37:03.684Z"}
{"duration":5,"level":"info","message":"db-query","rows":1,"text":"\n    UPDATE bookings\n    SET booking_status_id = 1,\n        driver_id = NULL\n    WHERE id = $1\n  ","timestamp":"2026-06-29T17:37:03.691Z"}
{"duration":2,"level":"info","message":"db-query","rows":1,"text":"\n    UPDATE drivers\n    SET \n      booking_status = $1,\n      driver_status = $2\n    WHERE id = $3\n  ","timestamp":"2026-06-29T17:37:03.694Z"}
{"duration":3,"level":"info","message":"db-query","rows":1,"text":"SELECT \n      d.id,\n      d.name,\n      d.username,\n      d.zone,\n      d.driver_status,\n      d.booking_status,\n      d.session_status,\n      d.latitude,\n      d.longitude,\n      d.last_login_at,\n      vt.name AS vehicle_type\n      FROM drivers d\n      LEFT JOIN vehicles v ON d.vehicle_id = v.id\n      LEFT JOIN vehicle_types vt ON v.vehicle_type_id = vt.id\n      WHERE d.id = $1","timestamp":"2026-06-29T17:37:03.698Z"}
{"driverId":167,"level":"info","message":"ws:booking-status-broadcast","timestamp":"2026-06-29T17:37:03.699Z"}
{"duration":1,"level":"info","message":"db-query","rows":1,"text":"\n      SELECT\n        d.id,\n        d.name,\n        d.username,\n        d.zone,\n        d.latitude,\n        d.longitude,\n        d.booking_status,\n        d.session_status,\n        d.driver_status,\n        d.last_login_at,\n        vt.name AS vehicle_type\n      FROM drivers d\n      LEFT JOIN vehicles v\n        ON d.vehicle_id=v.id\n      LEFT JOIN vehicle_types vt\n        ON v.vehicle_type_id=vt.id\n      WHERE d.id=$1\n      ","timestamp":"2026-06-29T17:37:03.702Z"}
{"duration":1,"level":"info","message":"db-query","rows":null,"text":"BEGIN","timestamp":"2026-06-29T17:37:03.704Z"}
{"duration":4,"level":"info","message":"db-query","rows":1,"text":"SELECT d.*, s.name AS subsidiary_name\n          FROM drivers d\n          LEFT JOIN subsidiaries s ON s.id = d.subsidiary_id\n          WHERE d.id = $1","timestamp":"2026-06-29T17:37:03.708Z"}
{"duration":4,"level":"info","message":"db-query","rows":1,"text":"SELECT id, note, created_at, created_by\n          FROM driver_notes\n          WHERE driver_id = $1\n          ORDER BY created_at DESC","timestamp":"2026-06-29T17:37:03.713Z"}
{"duration":3,"level":"info","message":"db-query","rows":1,"text":"SELECT id, name, start_time, end_time\n          FROM driver_shifts\n          WHERE driver_id = $1\n          ORDER BY id ASC","timestamp":"2026-06-29T17:37:03.716Z"}
{"duration":2,"level":"info","message":"db-query","rows":1,"text":"SELECT \n            v.*,\n            json_build_object(\n              'id', vt.id,\n              'name', vt.name,\n              'driver_waiting_charges', vt.driver_waiting_charges,\n              'account_waiting_charges', vt.account_waiting_charges,\n              'waiting_time', vt.waiting_time\n            ) AS vehicle_type\n         FROM vehicles v\n         LEFT JOIN vehicle_types vt ON vt.id = v.vehicle_type_id\n         WHERE v.id = $1\n         LIMIT 1","timestamp":"2026-06-29T17:37:03.719Z"}
{"duration":1,"level":"info","message":"db-query","rows":null,"text":"COMMIT","timestamp":"2026-06-29T17:37:03.720Z"}
{"level":"info","message":"POST /api/bookings/recover-booking/887 200 53.273 ms","timestamp":"2026-06-29T17:37:03.723Z"}
{"duration":9,"level":"info","message":"db-query","rows":26,"text":"SELECT * FROM location_types","timestamp":"2026-06-29T17:38:54.902Z"}
{"level":"info","message":"GET /api/location-types 200 92.965 ms","timestamp":"2026-06-29T17:38:54.986Z"}
{"duration":235,"level":"info","message":"db-query","rows":26,"text":"SELECT * FROM location_types","timestamp":"2026-06-29T17:38:55.132Z"}
{"level":"info","message":"GET /api/location-types 200 237.318 ms","timestamp":"2026-06-29T17:38:55.135Z"}
{"level":"info","message":"GET /api/complaint/delete/1 404 2.578 ms","timestamp":"2026-06-29T17:47:40.426Z"}
{"duration":52,"level":"info","message":"db-query","rows":1,"text":"\nDELETE FROM complaints\nWHERE id=$1\n","timestamp":"2026-06-29T17:47:46.580Z"}
{"level":"info","message":"DELETE /api/complaint/delete/1 200 54.682 ms","timestamp":"2026-06-29T17:47:46.583Z"}
{"duration":1,"level":"info","message":"db-query","rows":0,"text":"\nDELETE FROM complaints\nWHERE id=$1\n","timestamp":"2026-06-29T17:47:49.073Z"}
{"level":"info","message":"DELETE /api/complaint/delete/1 200 1.841 ms","timestamp":"2026-06-29T17:47:49.074Z"}
{"duration":5,"level":"info","message":"db-query","rows":26,"text":"SELECT * FROM location_types","timestamp":"2026-06-29T17:48:05.370Z"}
{"level":"info","message":"GET /api/location-types 200 42.651 ms","timestamp":"2026-06-29T17:48:05.408Z"}
{"duration":143,"level":"info","message":"db-query","rows":26,"text":"SELECT * FROM location_types","timestamp":"2026-06-29T17:48:05.510Z"}
{"level":"info","message":"GET /api/location-types 200 145.084 ms","timestamp":"2026-06-29T17:48:05.512Z"}
{"duration":5,"level":"info","message":"db-query","rows":26,"text":"SELECT * FROM location_types","timestamp":"2026-06-29T17:48:11.014Z"}
{"level":"info","message":"GET /api/location-types 200 11.848 ms","timestamp":"2026-06-29T17:48:11.021Z"}
{"duration":50,"level":"info","message":"db-query","rows":26,"text":"SELECT * FROM location_types","timestamp":"2026-06-29T17:48:11.060Z"}
{"level":"info","message":"GET /api/location-types 200 51.646 ms","timestamp":"2026-06-29T17:48:11.062Z"}
{"duration":6,"level":"info","message":"db-query","rows":26,"text":"SELECT * FROM location_types","timestamp":"2026-06-29T17:48:16.302Z"}
{"level":"info","message":"GET /api/location-types 200 12.944 ms","timestamp":"2026-06-29T17:48:16.310Z"}
{"duration":159,"level":"info","message":"db-query","rows":26,"text":"SELECT * FROM location_types","timestamp":"2026-06-29T17:48:16.458Z"}
{"level":"info","message":"GET /api/location-types 200 160.993 ms","timestamp":"2026-06-29T17:48:16.460Z"}
{"duration":6,"level":"info","message":"db-query","rows":26,"text":"SELECT * FROM location_types","timestamp":"2026-06-29T17:51:22.637Z"}
{"level":"info","message":"GET /api/location-types 200 26.306 ms","timestamp":"2026-06-29T17:51:22.653Z"}
{"duration":82,"level":"info","message":"db-query","rows":26,"text":"SELECT * FROM location_types","timestamp":"2026-06-29T17:51:22.716Z"}
{"level":"info","message":"GET /api/location-types 200 83.211 ms","timestamp":"2026-06-29T17:51:22.717Z"}
{"duration":14,"level":"info","message":"db-query","rows":26,"text":"SELECT * FROM location_types","timestamp":"2026-06-29T17:51:34.548Z"}
{"level":"info","message":"GET /api/location-types 200 26.574 ms","timestamp":"2026-06-29T17:51:34.560Z"}
{"duration":60,"level":"info","message":"db-query","rows":26,"text":"SELECT * FROM location_types","timestamp":"2026-06-29T17:51:34.599Z"}
{"level":"info","message":"GET /api/location-types 200 60.786 ms","timestamp":"2026-06-29T17:51:34.600Z"}
{"duration":4,"level":"info","message":"db-query","rows":0,"text":"\nDELETE FROM complaints\nWHERE id=$1\nRETURNING id\n","timestamp":"2026-06-29T17:51:37.443Z"}
{"level":"info","message":"DELETE /api/complaint/delete/1 404 5.816 ms","timestamp":"2026-06-29T17:51:37.444Z"}
{"duration":3,"level":"info","message":"db-query","rows":1,"text":"\nDELETE FROM complaints\nWHERE id=$1\nRETURNING id\n","timestamp":"2026-06-29T17:51:42.187Z"}
{"level":"info","message":"DELETE /api/complaint/delete/2 200 4.415 ms","timestamp":"2026-06-29T17:51:42.188Z"}
{"duration":5,"level":"info","message":"db-query","rows":26,"text":"SELECT * FROM location_types","timestamp":"2026-06-29T18:05:13.675Z"}
{"level":"info","message":"GET /api/location-types 200 11.459 ms","timestamp":"2026-06-29T18:05:13.683Z"}
{"duration":53,"level":"info","message":"db-query","rows":26,"text":"SELECT * FROM location_types","timestamp":"2026-06-29T18:05:13.725Z"}
{"level":"info","message":"GET /api/location-types 200 54.283 ms","timestamp":"2026-06-29T18:05:13.726Z"}
{"duration":11,"level":"info","message":"db-query","rows":26,"text":"SELECT * FROM location_types","timestamp":"2026-06-29T18:05:21.167Z"}
{"level":"info","message":"GET /api/location-types 200 52.930 ms","timestamp":"2026-06-29T18:05:21.208Z"}
{"duration":122,"level":"info","message":"db-query","rows":26,"text":"SELECT * FROM location_types","timestamp":"2026-06-29T18:05:21.280Z"}
{"level":"info","message":"GET /api/location-types 200 124.590 ms","timestamp":"2026-06-29T18:05:21.283Z"}
{"duration":9,"level":"info","message":"db-query","rows":26,"text":"SELECT * FROM location_types","timestamp":"2026-06-29T18:17:41.654Z"}
{"level":"info","message":"GET /api/location-types 200 23.167 ms","timestamp":"2026-06-29T18:17:41.670Z"}
{"duration":82,"level":"info","message":"db-query","rows":26,"text":"SELECT * FROM location_types","timestamp":"2026-06-29T18:17:41.730Z"}
{"level":"info","message":"GET /api/location-types 200 83.638 ms","timestamp":"2026-06-29T18:17:41.731Z"}
{"duration":12,"level":"info","message":"db-query","rows":26,"text":"SELECT * FROM location_types","timestamp":"2026-06-29T18:17:51.505Z"}
{"level":"info","message":"GET /api/location-types 200 24.275 ms","timestamp":"2026-06-29T18:17:51.517Z"}
{"duration":76,"level":"info","message":"db-query","rows":26,"text":"SELECT * FROM location_types","timestamp":"2026-06-29T18:17:51.575Z"}
{"level":"info","message":"GET /api/location-types 200 77.383 ms","timestamp":"2026-06-29T18:17:51.576Z"}
{"duration":185,"level":"info","message":"db-query","rows":0,"text":"\nSELECT\nc.*,\n\njson_build_object(\n'name', cu.name\n) customer,\n\njson_build_object(\n'reference_number',\nb.reference_number,\n\n'notes',\nb.notes\n) booking\n\nFROM complaints c\n\nLEFT JOIN customers cu\nON cu.id=c.customer_id\n\nLEFT JOIN bookings b\nON b.id=c.booking_id\n\nWHERE LOWER(c.reference_number)\n       LIKE LOWER($1)\n\nORDER BY c.id DESC\n\nOFFSET $2\n\nLIMIT $3\n","timestamp":"2026-06-29T18:18:28.364Z"}
{"level":"info","message":"GET /api/complaint/get?reference_number=NTG8 200 186.223 ms","timestamp":"2026-06-29T18:18:28.365Z"}
{"duration":1,"level":"info","message":"db-query","rows":0,"text":"\nSELECT\nc.*,\n\njson_build_object(\n'name', cu.name\n) customer,\n\njson_build_object(\n'reference_number',\nb.reference_number,\n\n'notes',\nb.notes\n) booking\n\nFROM complaints c\n\nLEFT JOIN customers cu\nON cu.id=c.customer_id\n\nLEFT JOIN bookings b\nON b.id=c.booking_id\n\n\n\nORDER BY c.id DESC\n\nOFFSET $1\n\nLIMIT $2\n","timestamp":"2026-06-29T18:18:33.591Z"}
{"level":"info","message":"GET /api/complaint/get 200 3.221 ms","timestamp":"2026-06-29T18:18:33.592Z"}
{"duration":72,"level":"info","message":"db-query","rows":1,"text":"\nINSERT INTO complaints(\ncomplain_date,\nincident_date,\ncustomer_id,\nbooking_id,\ncomplaint,\ndealt_with,\nresult,\ndriver_id,\nemployee_id,\naccount_id\n)\nVALUES(\n$1,$2,$3,$4,$5,$6,$7,$8,$9,$10\n)\nRETURNING *;\n","timestamp":"2026-06-29T18:19:23.607Z"}
{"duration":2,"level":"info","message":"db-query","rows":1,"text":"\nUPDATE complaints\nSET reference_number=$1\nWHERE id=$2\n","timestamp":"2026-06-29T18:19:23.610Z"}
{"duration":3,"level":"info","message":"db-query","rows":1,"text":"\nSELECT\nc.*,\n\njson_build_object(\n'name',cu.name,\n'mobile',cu.mobile,\n'door_number',cu.door_number,\n'address1',cu.address1,\n'address2',cu.address2\n) customer,\n\njson_build_object(\n'reference_number',b.reference_number,\n'notes',b.notes,\n'pickup',b.pickup,\n'dropoff',b.dropoff\n) booking\n\nFROM complaints c\n\nLEFT JOIN customers cu\nON cu.id=c.customer_id\n\nLEFT JOIN bookings b\nON b.id=c.booking_id\n\nWHERE c.id=$1\n","timestamp":"2026-06-29T18:19:23.614Z"}
{"level":"info","message":"POST /api/complaint/add 201 80.634 ms","timestamp":"2026-06-29T18:19:23.616Z"}
{"duration":4,"level":"info","message":"db-query","rows":1,"text":"\nINSERT INTO complaints(\ncomplain_date,\nincident_date,\ncustomer_id,\nbooking_id,\ncomplaint,\ndealt_with,\nresult,\ndriver_id,\nemployee_id,\naccount_id\n)\nVALUES(\n$1,$2,$3,$4,$5,$6,$7,$8,$9,$10\n)\nRETURNING *;\n","timestamp":"2026-06-29T18:19:25.301Z"}
{"duration":2,"level":"info","message":"db-query","rows":1,"text":"\nUPDATE complaints\nSET reference_number=$1\nWHERE id=$2\n","timestamp":"2026-06-29T18:19:25.303Z"}
{"duration":1,"level":"info","message":"db-query","rows":1,"text":"\nSELECT\nc.*,\n\njson_build_object(\n'name',cu.name,\n'mobile',cu.mobile,\n'door_number',cu.door_number,\n'address1',cu.address1,\n'address2',cu.address2\n) customer,\n\njson_build_object(\n'reference_number',b.reference_number,\n'notes',b.notes,\n'pickup',b.pickup,\n'dropoff',b.dropoff\n) booking\n\nFROM complaints c\n\nLEFT JOIN customers cu\nON cu.id=c.customer_id\n\nLEFT JOIN bookings b\nON b.id=c.booking_id\n\nWHERE c.id=$1\n","timestamp":"2026-06-29T18:19:25.304Z"}
{"level":"info","message":"POST /api/complaint/add 201 8.850 ms","timestamp":"2026-06-29T18:19:25.306Z"}
{"duration":4,"level":"info","message":"db-query","rows":1,"text":"\nINSERT INTO complaints(\ncomplain_date,\nincident_date,\ncustomer_id,\nbooking_id,\ncomplaint,\ndealt_with,\nresult,\ndriver_id,\nemployee_id,\naccount_id\n)\nVALUES(\n$1,$2,$3,$4,$5,$6,$7,$8,$9,$10\n)\nRETURNING *;\n","timestamp":"2026-06-29T18:19:26.601Z"}
{"duration":1,"level":"info","message":"db-query","rows":1,"text":"\nUPDATE complaints\nSET reference_number=$1\nWHERE id=$2\n","timestamp":"2026-06-29T18:19:26.602Z"}
{"duration":1,"level":"info","message":"db-query","rows":1,"text":"\nSELECT\nc.*,\n\njson_build_object(\n'name',cu.name,\n'mobile',cu.mobile,\n'door_number',cu.door_number,\n'address1',cu.address1,\n'address2',cu.address2\n) customer,\n\njson_build_object(\n'reference_number',b.reference_number,\n'notes',b.notes,\n'pickup',b.pickup,\n'dropoff',b.dropoff\n) booking\n\nFROM complaints c\n\nLEFT JOIN customers cu\nON cu.id=c.customer_id\n\nLEFT JOIN bookings b\nON b.id=c.booking_id\n\nWHERE c.id=$1\n","timestamp":"2026-06-29T18:19:26.604Z"}
{"level":"info","message":"POST /api/complaint/add 201 8.062 ms","timestamp":"2026-06-29T18:19:26.605Z"}
{"duration":1,"level":"info","message":"db-query","rows":3,"text":"\nSELECT\nc.*,\n\njson_build_object(\n'name', cu.name\n) customer,\n\njson_build_object(\n'reference_number',\nb.reference_number,\n\n'notes',\nb.notes\n) booking\n\nFROM complaints c\n\nLEFT JOIN customers cu\nON cu.id=c.customer_id\n\nLEFT JOIN bookings b\nON b.id=c.booking_id\n\n\n\nORDER BY c.id DESC\n\nOFFSET $1\n\nLIMIT $2\n","timestamp":"2026-06-29T18:19:30.757Z"}
{"level":"info","message":"GET /api/complaint/get 200 2.048 ms","timestamp":"2026-06-29T18:19:30.758Z"}
{"duration":2,"level":"info","message":"db-query","rows":3,"text":"\nSELECT\nc.*,\n\njson_build_object(\n'name', cu.name\n) customer,\n\njson_build_object(\n'reference_number',\nb.reference_number,\n\n'notes',\nb.notes\n) booking\n\nFROM complaints c\n\nLEFT JOIN customers cu\nON cu.id=c.customer_id\n\nLEFT JOIN bookings b\nON b.id=c.booking_id\n\nWHERE LOWER(c.reference_number)\n       LIKE LOWER($1)\n\nORDER BY c.id DESC\n\nOFFSET $2\n\nLIMIT $3\n","timestamp":"2026-06-29T18:19:39.089Z"}
{"level":"info","message":"GET /api/complaint/get?reference_number=NTG 200 2.582 ms","timestamp":"2026-06-29T18:19:39.090Z"}
{"duration":1,"level":"info","message":"db-query","rows":1,"text":"\nSELECT\nc.*,\n\njson_build_object(\n'name', cu.name\n) customer,\n\njson_build_object(\n'reference_number',\nb.reference_number,\n\n'notes',\nb.notes\n) booking\n\nFROM complaints c\n\nLEFT JOIN customers cu\nON cu.id=c.customer_id\n\nLEFT JOIN bookings b\nON b.id=c.booking_id\n\nWHERE LOWER(c.reference_number)\n       LIKE LOWER($1)\n\nORDER BY c.id DESC\n\nOFFSET $2\n\nLIMIT $3\n","timestamp":"2026-06-29T18:19:42.936Z"}
{"level":"info","message":"GET /api/complaint/get?reference_number=NTG3 200 2.078 ms","timestamp":"2026-06-29T18:19:42.937Z"}
{"duration":1,"level":"info","message":"db-query","rows":0,"text":"\nSELECT\nc.*,\n\njson_build_object(\n'name', cu.name\n) customer,\n\njson_build_object(\n'reference_number',\nb.reference_number,\n\n'notes',\nb.notes\n) booking\n\nFROM complaints c\n\nLEFT JOIN customers cu\nON cu.id=c.customer_id\n\nLEFT JOIN bookings b\nON b.id=c.booking_id\n\nWHERE LOWER(c.reference_number)\n       LIKE LOWER($1)\n\nORDER BY c.id DESC\n\nOFFSET $2\n\nLIMIT $3\n","timestamp":"2026-06-29T18:19:46.744Z"}
{"level":"info","message":"GET /api/complaint/get?reference_number=NTG1 200 1.956 ms","timestamp":"2026-06-29T18:19:46.745Z"}
{"duration":1,"level":"info","message":"db-query","rows":3,"text":"\nSELECT\nc.*,\n\njson_build_object(\n'name', cu.name\n) customer,\n\njson_build_object(\n'reference_number',\nb.reference_number,\n\n'notes',\nb.notes\n) booking\n\nFROM complaints c\n\nLEFT JOIN customers cu\nON cu.id=c.customer_id\n\nLEFT JOIN bookings b\nON b.id=c.booking_id\n\nWHERE LOWER(c.reference_number)\n       LIKE LOWER($1)\n\nORDER BY c.id DESC\n\nOFFSET $2\n\nLIMIT $3\n","timestamp":"2026-06-29T18:19:51.854Z"}
{"level":"info","message":"GET /api/complaint/get?reference_number=NTG 200 1.927 ms","timestamp":"2026-06-29T18:19:51.855Z"}
{"duration":54,"level":"info","message":"db-query","rows":3,"text":"\nSELECT\nc.*,\n\njson_build_object(\n'name', cu.name\n) customer,\n\njson_build_object(\n'reference_number',\nb.reference_number,\n\n'notes',\nb.notes\n) booking\n\nFROM complaints c\n\nLEFT JOIN customers cu\nON cu.id=c.customer_id\n\nLEFT JOIN bookings b\nON b.id=c.booking_id\n\nWHERE c.complain_date=$1\n\nORDER BY c.id DESC\n\nOFFSET $2\n\nLIMIT $3\n","timestamp":"2026-06-29T18:20:06.879Z"}
{"level":"info","message":"GET /api/complaint/get?complain_date=2026-06-22 200 54.880 ms","timestamp":"2026-06-29T18:20:06.880Z"}
{"duration":2,"level":"info","message":"db-query","rows":0,"text":"\nSELECT\nc.*,\n\njson_build_object(\n'name', cu.name\n) customer,\n\njson_build_object(\n'reference_number',\nb.reference_number,\n\n'notes',\nb.notes\n) booking\n\nFROM complaints c\n\nLEFT JOIN customers cu\nON cu.id=c.customer_id\n\nLEFT JOIN bookings b\nON b.id=c.booking_id\n\nWHERE c.complain_date=$1\n\nORDER BY c.id DESC\n\nOFFSET $2\n\nLIMIT $3\n","timestamp":"2026-06-29T18:20:12.088Z"}
{"level":"info","message":"GET /api/complaint/get?complain_date=2025-06-22 200 2.367 ms","timestamp":"2026-06-29T18:20:12.089Z"}
{"duration":1,"level":"info","message":"db-query","rows":0,"text":"\nSELECT\nc.*,\n\njson_build_object(\n'name', cu.name\n) customer,\n\njson_build_object(\n'reference_number',\nb.reference_number,\n\n'notes',\nb.notes\n) booking\n\nFROM complaints c\n\nLEFT JOIN customers cu\nON cu.id=c.customer_id\n\nLEFT JOIN bookings b\nON b.id=c.booking_id\n\nWHERE c.complain_date=$1\n\nORDER BY c.id DESC\n\nOFFSET $2\n\nLIMIT $3\n","timestamp":"2026-06-29T18:20:21.571Z"}
{"level":"info","message":"GET /api/complaint/get?complain_date=202-06-22 200 1.956 ms","timestamp":"2026-06-29T18:20:21.572Z"}
{"duration":1,"level":"info","message":"db-query","rows":3,"text":"\nSELECT\nc.*,\n\njson_build_object(\n'name', cu.name\n) customer,\n\njson_build_object(\n'reference_number',\nb.reference_number,\n\n'notes',\nb.notes\n) booking\n\nFROM complaints c\n\nLEFT JOIN customers cu\nON cu.id=c.customer_id\n\nLEFT JOIN bookings b\nON b.id=c.booking_id\n\nWHERE c.complain_date=$1\n\nORDER BY c.id DESC\n\nOFFSET $2\n\nLIMIT $3\n","timestamp":"2026-06-29T18:20:28.520Z"}
{"level":"info","message":"GET /api/complaint/get?complain_date=2026-06-22 200 2.215 ms","timestamp":"2026-06-29T18:20:28.522Z"}
{"duration":152,"level":"info","message":"db-query","rows":0,"text":"\nSELECT\nc.*,\n\njson_build_object(\n'name', cu.name\n) customer,\n\njson_build_object(\n'reference_number',\nb.reference_number,\n\n'notes',\nb.notes\n) booking\n\nFROM complaints c\n\nLEFT JOIN customers cu\nON cu.id=c.customer_id\n\nLEFT JOIN bookings b\nON b.id=c.booking_id\n\nWHERE c.complain_date=$1 AND LOWER(cu.name)\n       LIKE LOWER($2)\n\nORDER BY c.id DESC\n\nOFFSET $3\n\nLIMIT $4\n","timestamp":"2026-06-29T18:20:56.786Z"}
{"level":"info","message":"GET /api/complaint/get?complain_date=2026-06-22&name=nadeem 200 152.912 ms","timestamp":"2026-06-29T18:20:56.787Z"}
{"duration":2,"level":"info","message":"db-query","rows":3,"text":"\nSELECT\nc.*,\n\njson_build_object(\n'name', cu.name\n) customer,\n\njson_build_object(\n'reference_number',\nb.reference_number,\n\n'notes',\nb.notes\n) booking\n\nFROM complaints c\n\nLEFT JOIN customers cu\nON cu.id=c.customer_id\n\nLEFT JOIN bookings b\nON b.id=c.booking_id\n\nWHERE c.complain_date=$1\n\nORDER BY c.id DESC\n\nOFFSET $2\n\nLIMIT $3\n","timestamp":"2026-06-29T18:21:01.047Z"}
{"level":"info","message":"GET /api/complaint/get?complain_date=2026-06-22 200 2.553 ms","timestamp":"2026-06-29T18:21:01.048Z"}
{"duration":57,"level":"info","message":"db-query","rows":3,"text":"\nSELECT\nc.*,\n\njson_build_object(\n'name', cu.name\n) customer,\n\njson_build_object(\n'reference_number',\nb.reference_number,\n\n'notes',\nb.notes\n) booking\n\nFROM complaints c\n\nLEFT JOIN customers cu\nON cu.id=c.customer_id\n\nLEFT JOIN bookings b\nON b.id=c.booking_id\n\nWHERE c.complain_date=$1 AND LOWER(cu.name)\n       LIKE LOWER($2)\n\nORDER BY c.id DESC\n\nOFFSET $3\n\nLIMIT $4\n","timestamp":"2026-06-29T18:21:12.167Z"}
{"level":"info","message":"GET /api/complaint/get?complain_date=2026-06-22&name=good 200 57.451 ms","timestamp":"2026-06-29T18:21:12.168Z"}
