{"duration":5,"level":"info","message":"db-query","rows":26,"text":"SELECT * FROM location_types","timestamp":"2026-07-23T19:01:16.654Z"}
{"level":"info","message":"GET /api/location-types 200 11.496 ms","timestamp":"2026-07-23T19:01:16.660Z"}
{"duration":48,"level":"info","message":"db-query","rows":26,"text":"SELECT * FROM location_types","timestamp":"2026-07-23T19:01:16.698Z"}
{"level":"info","message":"GET /api/location-types 200 49.251 ms","timestamp":"2026-07-23T19:01:16.700Z"}
{"duration":59,"level":"info","message":"db-query","rows":26,"text":"SELECT * FROM location_types","timestamp":"2026-07-24T05:56:58.299Z"}
{"level":"info","message":"GET /api/location-types 200 66.716 ms","timestamp":"2026-07-24T05:56:58.307Z"}
{"duration":77,"level":"info","message":"db-query","rows":26,"text":"SELECT * FROM location_types","timestamp":"2026-07-24T05:56:58.319Z"}
{"level":"info","message":"GET /api/location-types 200 80.222 ms","timestamp":"2026-07-24T05:56:58.322Z"}
{"duration":6,"level":"info","message":"db-query","rows":26,"text":"SELECT * FROM location_types","timestamp":"2026-07-24T05:57:51.076Z"}
{"level":"info","message":"GET /api/location-types 200 11.897 ms","timestamp":"2026-07-24T05:57:51.083Z"}
{"duration":53,"level":"info","message":"db-query","rows":26,"text":"SELECT * FROM location_types","timestamp":"2026-07-24T05:57:51.125Z"}
{"level":"info","message":"GET /api/location-types 200 53.726 ms","timestamp":"2026-07-24T05:57:51.126Z"}
{"duration":95,"level":"info","message":"db-query","rows":26,"text":"SELECT * FROM location_types","timestamp":"2026-07-24T07:17:49.982Z"}
{"level":"info","message":"GET /api/location-types 200 101.728 ms","timestamp":"2026-07-24T07:17:49.987Z"}
{"duration":5,"level":"info","message":"db-query","rows":26,"text":"SELECT * FROM location_types","timestamp":"2026-07-24T07:26:59.063Z"}
{"level":"info","message":"GET /api/location-types 200 11.433 ms","timestamp":"2026-07-24T07:26:59.069Z"}
{"duration":181,"level":"info","message":"db-query","rows":26,"text":"SELECT * FROM location_types","timestamp":"2026-07-24T07:26:59.241Z"}
{"level":"info","message":"GET /api/location-types 200 182.484 ms","timestamp":"2026-07-24T07:26:59.243Z"}
{"duration":8,"level":"info","message":"db-query","rows":26,"text":"SELECT * FROM location_types","timestamp":"2026-07-24T07:27:01.978Z"}
{"level":"info","message":"GET /api/location-types 200 18.036 ms","timestamp":"2026-07-24T07:27:01.989Z"}
{"duration":59,"level":"info","message":"db-query","rows":26,"text":"SELECT * FROM location_types","timestamp":"2026-07-24T07:27:02.031Z"}
{"level":"info","message":"GET /api/location-types 200 60.358 ms","timestamp":"2026-07-24T07:27:02.032Z"}
{"duration":10,"level":"info","message":"db-query","rows":26,"text":"SELECT * FROM location_types","timestamp":"2026-07-24T07:27:49.770Z"}
{"level":"info","message":"GET /api/location-types 200 23.691 ms","timestamp":"2026-07-24T07:27:49.783Z"}
{"duration":65,"level":"info","message":"db-query","rows":26,"text":"SELECT * FROM location_types","timestamp":"2026-07-24T07:27:49.828Z"}
{"level":"info","message":"GET /api/location-types 200 66.844 ms","timestamp":"2026-07-24T07:27:49.830Z"}
{"duration":5,"level":"info","message":"db-query","rows":26,"text":"SELECT * FROM location_types","timestamp":"2026-07-24T07:27:54.828Z"}
{"level":"info","message":"GET /api/location-types 200 11.795 ms","timestamp":"2026-07-24T07:27:54.835Z"}
{"duration":160,"level":"info","message":"db-query","rows":26,"text":"SELECT * FROM location_types","timestamp":"2026-07-24T07:27:54.984Z"}
{"level":"info","message":"GET /api/location-types 200 162.307 ms","timestamp":"2026-07-24T07:27:54.986Z"}
{"duration":6,"level":"info","message":"db-query","rows":26,"text":"SELECT * FROM location_types","timestamp":"2026-07-24T07:28:03.344Z"}
{"level":"info","message":"GET /api/location-types 200 13.201 ms","timestamp":"2026-07-24T07:28:03.351Z"}
{"duration":59,"level":"info","message":"db-query","rows":26,"text":"SELECT * FROM location_types","timestamp":"2026-07-24T07:28:03.398Z"}
{"level":"info","message":"GET /api/location-types 200 60.814 ms","timestamp":"2026-07-24T07:28:03.400Z"}
{"duration":6,"level":"info","message":"db-query","rows":26,"text":"SELECT * FROM location_types","timestamp":"2026-07-24T07:28:51.894Z"}
{"level":"info","message":"GET /api/location-types 200 11.875 ms","timestamp":"2026-07-24T07:28:51.901Z"}
{"duration":48,"level":"info","message":"db-query","rows":26,"text":"SELECT * FROM location_types","timestamp":"2026-07-24T07:28:51.938Z"}
{"level":"info","message":"GET /api/location-types 200 49.428 ms","timestamp":"2026-07-24T07:28:51.940Z"}
{"duration":5,"level":"info","message":"db-query","rows":26,"text":"SELECT * FROM location_types","timestamp":"2026-07-24T07:29:04.203Z"}
{"level":"info","message":"GET /api/location-types 200 11.106 ms","timestamp":"2026-07-24T07:29:04.209Z"}
{"duration":51,"level":"info","message":"db-query","rows":26,"text":"SELECT * FROM location_types","timestamp":"2026-07-24T07:29:04.250Z"}
{"level":"info","message":"GET /api/location-types 200 51.848 ms","timestamp":"2026-07-24T07:29:04.251Z"}
{"duration":8,"level":"info","message":"db-query","rows":26,"text":"SELECT * FROM location_types","timestamp":"2026-07-24T07:29:16.069Z"}
{"level":"info","message":"GET /api/location-types 200 14.537 ms","timestamp":"2026-07-24T07:29:16.075Z"}
{"duration":65,"level":"info","message":"db-query","rows":26,"text":"SELECT * FROM location_types","timestamp":"2026-07-24T07:29:16.129Z"}
{"level":"info","message":"GET /api/location-types 200 67.075 ms","timestamp":"2026-07-24T07:29:16.131Z"}
{"duration":14,"level":"info","message":"db-query","rows":26,"text":"SELECT * FROM location_types","timestamp":"2026-07-24T07:29:19.115Z"}
{"level":"info","message":"GET /api/location-types 200 27.633 ms","timestamp":"2026-07-24T07:29:19.128Z"}
{"duration":79,"level":"info","message":"db-query","rows":26,"text":"SELECT * FROM location_types","timestamp":"2026-07-24T07:29:19.188Z"}
{"level":"info","message":"GET /api/location-types 200 81.574 ms","timestamp":"2026-07-24T07:29:19.190Z"}
{"duration":6,"level":"info","message":"db-query","rows":26,"text":"SELECT * FROM location_types","timestamp":"2026-07-24T07:29:48.068Z"}
{"level":"info","message":"GET /api/location-types 200 11.942 ms","timestamp":"2026-07-24T07:29:48.074Z"}
{"duration":151,"level":"info","message":"db-query","rows":26,"text":"SELECT * FROM location_types","timestamp":"2026-07-24T07:29:48.214Z"}
{"level":"info","message":"GET /api/location-types 200 161.471 ms","timestamp":"2026-07-24T07:29:48.225Z"}
{"duration":5,"level":"info","message":"db-query","rows":26,"text":"SELECT * FROM location_types","timestamp":"2026-07-24T07:29:57.397Z"}
{"level":"info","message":"GET /api/location-types 200 10.962 ms","timestamp":"2026-07-24T07:29:57.403Z"}
{"duration":47,"level":"info","message":"db-query","rows":26,"text":"SELECT * FROM location_types","timestamp":"2026-07-24T07:29:57.440Z"}
{"level":"info","message":"GET /api/location-types 200 48.453 ms","timestamp":"2026-07-24T07:29:57.442Z"}
{"duration":15,"level":"info","message":"db-query","rows":26,"text":"SELECT * FROM location_types","timestamp":"2026-07-24T07:30:01.274Z"}
{"level":"info","message":"GET /api/location-types 200 33.519 ms","timestamp":"2026-07-24T07:30:01.291Z"}
{"duration":76,"level":"info","message":"db-query","rows":26,"text":"SELECT * FROM location_types","timestamp":"2026-07-24T07:30:01.340Z"}
{"level":"info","message":"GET /api/location-types 200 78.676 ms","timestamp":"2026-07-24T07:30:01.342Z"}
{"duration":6,"level":"info","message":"db-query","rows":26,"text":"SELECT * FROM location_types","timestamp":"2026-07-24T07:30:10.591Z"}
{"level":"info","message":"GET /api/location-types 200 13.208 ms","timestamp":"2026-07-24T07:30:10.599Z"}
{"duration":50,"level":"info","message":"db-query","rows":26,"text":"SELECT * FROM location_types","timestamp":"2026-07-24T07:30:10.638Z"}
{"level":"info","message":"GET /api/location-types 200 51.186 ms","timestamp":"2026-07-24T07:30:10.639Z"}
{"duration":6,"level":"info","message":"db-query","rows":26,"text":"SELECT * FROM location_types","timestamp":"2026-07-24T07:30:16.622Z"}
{"level":"info","message":"GET /api/location-types 200 14.597 ms","timestamp":"2026-07-24T07:30:16.632Z"}
{"duration":64,"level":"info","message":"db-query","rows":26,"text":"SELECT * FROM location_types","timestamp":"2026-07-24T07:30:16.683Z"}
{"level":"info","message":"GET /api/location-types 200 65.971 ms","timestamp":"2026-07-24T07:30:16.685Z"}
{"duration":4,"level":"info","message":"db-query","rows":26,"text":"SELECT * FROM location_types","timestamp":"2026-07-24T07:30:26.742Z"}
{"level":"info","message":"GET /api/location-types 200 10.368 ms","timestamp":"2026-07-24T07:30:26.748Z"}
{"duration":69,"level":"info","message":"db-query","rows":26,"text":"SELECT * FROM location_types","timestamp":"2026-07-24T07:30:26.808Z"}
{"level":"info","message":"GET /api/location-types 200 69.923 ms","timestamp":"2026-07-24T07:30:26.810Z"}
{"duration":12,"level":"info","message":"db-query","rows":26,"text":"SELECT * FROM location_types","timestamp":"2026-07-24T07:30:31.731Z"}
{"level":"info","message":"GET /api/location-types 200 25.636 ms","timestamp":"2026-07-24T07:30:31.743Z"}
{"duration":73,"level":"info","message":"db-query","rows":26,"text":"SELECT * FROM location_types","timestamp":"2026-07-24T07:30:31.795Z"}
{"level":"info","message":"GET /api/location-types 200 74.906 ms","timestamp":"2026-07-24T07:30:31.797Z"}
{"duration":5,"level":"info","message":"db-query","rows":26,"text":"SELECT * FROM location_types","timestamp":"2026-07-24T07:30:39.441Z"}
{"level":"info","message":"GET /api/location-types 200 13.619 ms","timestamp":"2026-07-24T07:30:39.450Z"}
{"duration":52,"level":"info","message":"db-query","rows":26,"text":"SELECT * FROM location_types","timestamp":"2026-07-24T07:30:39.489Z"}
{"level":"info","message":"GET /api/location-types 200 53.544 ms","timestamp":"2026-07-24T07:30:39.491Z"}
{"duration":9,"level":"info","message":"db-query","rows":26,"text":"SELECT * FROM location_types","timestamp":"2026-07-24T07:30:43.138Z"}
{"level":"info","message":"GET /api/location-types 200 19.015 ms","timestamp":"2026-07-24T07:30:43.149Z"}
{"duration":73,"level":"info","message":"db-query","rows":26,"text":"SELECT * FROM location_types","timestamp":"2026-07-24T07:30:43.205Z"}
{"level":"info","message":"GET /api/location-types 200 74.638 ms","timestamp":"2026-07-24T07:30:43.207Z"}
{"duration":6,"level":"info","message":"db-query","rows":26,"text":"SELECT * FROM location_types","timestamp":"2026-07-24T07:31:34.313Z"}
{"level":"info","message":"GET /api/location-types 200 13.393 ms","timestamp":"2026-07-24T07:31:34.320Z"}
{"duration":66,"level":"info","message":"db-query","rows":26,"text":"SELECT * FROM location_types","timestamp":"2026-07-24T07:31:34.374Z"}
{"level":"info","message":"GET /api/location-types 200 67.233 ms","timestamp":"2026-07-24T07:31:34.376Z"}
{"duration":12,"level":"info","message":"db-query","rows":26,"text":"SELECT * FROM location_types","timestamp":"2026-07-24T07:31:39.371Z"}
{"level":"info","message":"GET /api/location-types 200 23.301 ms","timestamp":"2026-07-24T07:31:39.380Z"}
{"duration":70,"level":"info","message":"db-query","rows":26,"text":"SELECT * FROM location_types","timestamp":"2026-07-24T07:31:39.433Z"}
{"level":"info","message":"GET /api/location-types 200 71.655 ms","timestamp":"2026-07-24T07:31:39.435Z"}
{"duration":12,"level":"info","message":"db-query","rows":26,"text":"SELECT * FROM location_types","timestamp":"2026-07-24T07:32:03.196Z"}
{"level":"info","message":"GET /api/location-types 200 21.912 ms","timestamp":"2026-07-24T07:32:03.206Z"}
{"duration":60,"level":"info","message":"db-query","rows":26,"text":"SELECT * FROM location_types","timestamp":"2026-07-24T07:32:03.247Z"}
{"level":"info","message":"GET /api/location-types 200 62.326 ms","timestamp":"2026-07-24T07:32:03.249Z"}
{"duration":9,"level":"info","message":"db-query","rows":26,"text":"SELECT * FROM location_types","timestamp":"2026-07-24T07:32:10.230Z"}
{"level":"info","message":"GET /api/location-types 200 18.368 ms","timestamp":"2026-07-24T07:32:10.239Z"}
{"duration":67,"level":"info","message":"db-query","rows":26,"text":"SELECT * FROM location_types","timestamp":"2026-07-24T07:32:10.291Z"}
{"level":"info","message":"GET /api/location-types 200 68.029 ms","timestamp":"2026-07-24T07:32:10.293Z"}
{"duration":9,"level":"info","message":"db-query","rows":26,"text":"SELECT * FROM location_types","timestamp":"2026-07-24T07:32:45.224Z"}
{"level":"info","message":"GET /api/location-types 200 49.318 ms","timestamp":"2026-07-24T07:32:45.263Z"}
{"duration":136,"level":"info","message":"db-query","rows":26,"text":"SELECT * FROM location_types","timestamp":"2026-07-24T07:32:45.355Z"}
{"level":"info","message":"GET /api/location-types 200 137.644 ms","timestamp":"2026-07-24T07:32:45.356Z"}
{"duration":5,"level":"info","message":"db-query","rows":26,"text":"SELECT * FROM location_types","timestamp":"2026-07-24T07:32:56.642Z"}
{"level":"info","message":"GET /api/location-types 200 10.746 ms","timestamp":"2026-07-24T07:32:56.649Z"}
{"duration":52,"level":"info","message":"db-query","rows":26,"text":"SELECT * FROM location_types","timestamp":"2026-07-24T07:32:56.692Z"}
{"level":"info","message":"GET /api/location-types 200 54.167 ms","timestamp":"2026-07-24T07:32:56.693Z"}
{"duration":6,"level":"info","message":"db-query","rows":26,"text":"SELECT * FROM location_types","timestamp":"2026-07-24T07:33:03.626Z"}
{"level":"info","message":"GET /api/location-types 200 10.775 ms","timestamp":"2026-07-24T07:33:03.632Z"}
{"duration":59,"level":"info","message":"db-query","rows":26,"text":"SELECT * FROM location_types","timestamp":"2026-07-24T07:33:03.681Z"}
{"level":"info","message":"GET /api/location-types 200 60.252 ms","timestamp":"2026-07-24T07:33:03.683Z"}
{"duration":5,"level":"info","message":"db-query","rows":26,"text":"SELECT * FROM location_types","timestamp":"2026-07-24T07:33:08.592Z"}
{"level":"info","message":"GET /api/location-types 200 12.605 ms","timestamp":"2026-07-24T07:33:08.599Z"}
{"duration":152,"level":"info","message":"db-query","rows":26,"text":"SELECT * FROM location_types","timestamp":"2026-07-24T07:33:08.740Z"}
{"level":"info","message":"GET /api/location-types 200 153.561 ms","timestamp":"2026-07-24T07:33:08.741Z"}
{"duration":5,"level":"info","message":"db-query","rows":26,"text":"SELECT * FROM location_types","timestamp":"2026-07-24T07:33:16.266Z"}
{"level":"info","message":"GET /api/location-types 200 11.525 ms","timestamp":"2026-07-24T07:33:16.273Z"}
{"duration":158,"level":"info","message":"db-query","rows":26,"text":"SELECT * FROM location_types","timestamp":"2026-07-24T07:33:16.420Z"}
{"level":"info","message":"GET /api/location-types 200 159.464 ms","timestamp":"2026-07-24T07:33:16.422Z"}
{"duration":7,"level":"info","message":"db-query","rows":26,"text":"SELECT * FROM location_types","timestamp":"2026-07-24T07:34:26.793Z"}
{"level":"info","message":"GET /api/location-types 200 17.408 ms","timestamp":"2026-07-24T07:34:26.803Z"}
{"duration":68,"level":"info","message":"db-query","rows":26,"text":"SELECT * FROM location_types","timestamp":"2026-07-24T07:34:26.856Z"}
{"level":"info","message":"GET /api/location-types 200 69.032 ms","timestamp":"2026-07-24T07:34:26.857Z"}
{"duration":5,"level":"info","message":"db-query","rows":26,"text":"SELECT * FROM location_types","timestamp":"2026-07-24T07:34:30.798Z"}
{"level":"info","message":"GET /api/location-types 200 11.467 ms","timestamp":"2026-07-24T07:34:30.805Z"}
{"duration":52,"level":"info","message":"db-query","rows":26,"text":"SELECT * FROM location_types","timestamp":"2026-07-24T07:34:30.847Z"}
{"level":"info","message":"GET /api/location-types 200 53.350 ms","timestamp":"2026-07-24T07:34:30.848Z"}
{"duration":8,"level":"info","message":"db-query","rows":26,"text":"SELECT * FROM location_types","timestamp":"2026-07-24T07:34:35.272Z"}
{"level":"info","message":"GET /api/location-types 200 20.463 ms","timestamp":"2026-07-24T07:34:35.283Z"}
{"duration":73,"level":"info","message":"db-query","rows":26,"text":"SELECT * FROM location_types","timestamp":"2026-07-24T07:34:35.341Z"}
{"level":"info","message":"GET /api/location-types 200 74.967 ms","timestamp":"2026-07-24T07:34:35.343Z"}
{"duration":12,"level":"info","message":"db-query","rows":26,"text":"SELECT * FROM location_types","timestamp":"2026-07-24T07:34:58.431Z"}
{"level":"info","message":"GET /api/location-types 200 24.609 ms","timestamp":"2026-07-24T07:34:58.442Z"}
{"duration":77,"level":"info","message":"db-query","rows":26,"text":"SELECT * FROM location_types","timestamp":"2026-07-24T07:34:58.503Z"}
{"level":"info","message":"GET /api/location-types 200 79.344 ms","timestamp":"2026-07-24T07:34:58.505Z"}
{"duration":11,"level":"info","message":"db-query","rows":26,"text":"SELECT * FROM location_types","timestamp":"2026-07-24T07:39:01.816Z"}
{"level":"info","message":"GET /api/location-types 200 18.622 ms","timestamp":"2026-07-24T07:39:01.822Z"}
{"duration":60,"level":"info","message":"db-query","rows":26,"text":"SELECT * FROM location_types","timestamp":"2026-07-24T07:39:01.871Z"}
{"level":"info","message":"GET /api/location-types 200 62.110 ms","timestamp":"2026-07-24T07:39:01.873Z"}
{"duration":5,"level":"info","message":"db-query","rows":26,"text":"SELECT * FROM location_types","timestamp":"2026-07-24T07:39:04.839Z"}
{"level":"info","message":"GET /api/location-types 200 11.026 ms","timestamp":"2026-07-24T07:39:04.845Z"}
{"duration":54,"level":"info","message":"db-query","rows":26,"text":"SELECT * FROM location_types","timestamp":"2026-07-24T07:39:04.889Z"}
{"level":"info","message":"GET /api/location-types 200 55.230 ms","timestamp":"2026-07-24T07:39:04.891Z"}
{"duration":6,"level":"info","message":"db-query","rows":26,"text":"SELECT * FROM location_types","timestamp":"2026-07-24T07:39:08.614Z"}
{"level":"info","message":"GET /api/location-types 200 20.331 ms","timestamp":"2026-07-24T07:39:08.621Z"}
{"duration":6,"level":"info","message":"db-query","rows":26,"text":"SELECT * FROM location_types","timestamp":"2026-07-24T07:39:13.140Z"}
{"level":"info","message":"GET /api/location-types 200 12.078 ms","timestamp":"2026-07-24T07:39:13.147Z"}
{"duration":54,"level":"info","message":"db-query","rows":26,"text":"SELECT * FROM location_types","timestamp":"2026-07-24T07:39:13.191Z"}
{"level":"info","message":"GET /api/location-types 200 55.359 ms","timestamp":"2026-07-24T07:39:13.193Z"}
{"duration":12,"level":"info","message":"db-query","rows":26,"text":"SELECT * FROM location_types","timestamp":"2026-07-24T07:39:18.617Z"}
{"level":"info","message":"GET /api/location-types 200 22.874 ms","timestamp":"2026-07-24T07:39:18.628Z"}
{"duration":79,"level":"info","message":"db-query","rows":26,"text":"SELECT * FROM location_types","timestamp":"2026-07-24T07:39:18.691Z"}
{"level":"info","message":"GET /api/location-types 200 80.496 ms","timestamp":"2026-07-24T07:39:18.693Z"}
{"duration":8,"level":"info","message":"db-query","rows":26,"text":"SELECT * FROM location_types","timestamp":"2026-07-24T07:40:09.073Z"}
{"level":"info","message":"GET /api/location-types 200 14.684 ms","timestamp":"2026-07-24T07:40:09.080Z"}
{"duration":192,"level":"info","message":"db-query","rows":26,"text":"SELECT * FROM location_types","timestamp":"2026-07-24T07:40:09.260Z"}
{"level":"info","message":"GET /api/location-types 200 193.667 ms","timestamp":"2026-07-24T07:40:09.262Z"}
{"duration":6,"level":"info","message":"db-query","rows":26,"text":"SELECT * FROM location_types","timestamp":"2026-07-24T07:40:23.240Z"}
{"level":"info","message":"GET /api/location-types 200 12.194 ms","timestamp":"2026-07-24T07:40:23.246Z"}
{"duration":77,"level":"info","message":"db-query","rows":26,"text":"SELECT * FROM location_types","timestamp":"2026-07-24T07:40:23.313Z"}
{"level":"info","message":"GET /api/location-types 200 94.728 ms","timestamp":"2026-07-24T07:40:23.331Z"}
{"duration":10,"level":"info","message":"db-query","rows":26,"text":"SELECT * FROM location_types","timestamp":"2026-07-24T07:40:30.100Z"}
{"level":"info","message":"GET /api/location-types 200 20.637 ms","timestamp":"2026-07-24T07:40:30.111Z"}
{"duration":60,"level":"info","message":"db-query","rows":26,"text":"SELECT * FROM location_types","timestamp":"2026-07-24T07:40:30.154Z"}
{"level":"info","message":"GET /api/location-types 200 62.010 ms","timestamp":"2026-07-24T07:40:30.156Z"}
{"duration":7,"level":"info","message":"db-query","rows":26,"text":"SELECT * FROM location_types","timestamp":"2026-07-24T07:44:20.053Z"}
{"level":"info","message":"GET /api/location-types 200 15.623 ms","timestamp":"2026-07-24T07:44:20.062Z"}
{"duration":149,"level":"info","message":"db-query","rows":26,"text":"SELECT * FROM location_types","timestamp":"2026-07-24T07:44:20.197Z"}
{"level":"info","message":"GET /api/location-types 200 150.927 ms","timestamp":"2026-07-24T07:44:20.199Z"}
{"duration":206,"level":"info","message":"db-query","rows":26,"text":"SELECT * FROM location_types","timestamp":"2026-07-24T09:04:19.213Z"}
{"level":"info","message":"GET /api/location-types 200 208.102 ms","timestamp":"2026-07-24T09:04:19.215Z"}
{"duration":25,"level":"info","message":"db-query","rows":26,"text":"SELECT * FROM location_types","timestamp":"2026-07-24T09:32:34.579Z"}
{"level":"info","message":"GET /api/location-types 200 35.919 ms","timestamp":"2026-07-24T09:32:34.589Z"}
{"duration":68,"level":"info","message":"db-query","rows":26,"text":"SELECT * FROM location_types","timestamp":"2026-07-24T09:32:34.627Z"}
{"level":"info","message":"GET /api/location-types 200 69.069 ms","timestamp":"2026-07-24T09:32:34.628Z"}
{"duration":7,"level":"info","message":"db-query","rows":26,"text":"SELECT * FROM location_types","timestamp":"2026-07-24T10:02:08.100Z"}
{"level":"info","message":"GET /api/location-types 200 15.933 ms","timestamp":"2026-07-24T10:02:08.108Z"}
{"duration":75,"level":"info","message":"db-query","rows":26,"text":"SELECT * FROM location_types","timestamp":"2026-07-24T10:02:08.170Z"}
{"level":"info","message":"GET /api/location-types 200 76.991 ms","timestamp":"2026-07-24T10:02:08.172Z"}
{"duration":10,"level":"info","message":"db-query","rows":26,"text":"SELECT * FROM location_types","timestamp":"2026-07-24T10:02:25.028Z"}
{"level":"info","message":"GET /api/location-types 200 21.959 ms","timestamp":"2026-07-24T10:02:25.041Z"}
{"duration":76,"level":"info","message":"db-query","rows":26,"text":"SELECT * FROM location_types","timestamp":"2026-07-24T10:02:25.097Z"}
{"level":"info","message":"GET /api/location-types 200 76.732 ms","timestamp":"2026-07-24T10:02:25.098Z"}
{"duration":102,"level":"info","message":"db-query","rows":1,"text":"\n    SELECT \n      b.*,\n      vt.name as vehicle_type_name,\n      d.name as driver_name,\n      v.color,\n      v.make,\n      v.model,\n      v.vehicle_number\n    FROM bookings b\n    LEFT JOIN vehicle_types vt ON b.vehicle_type_id = vt.id\n    LEFT JOIN drivers d ON b.driver_id = d.id\n    LEFT JOIN vehicles v ON d.vehicle_id = v.id\n    WHERE b.id = $1 AND trash = false\n  ","timestamp":"2026-07-24T11:51:58.954Z"}
{"duration":2,"level":"info","message":"db-query","rows":null,"text":"BEGIN","timestamp":"2026-07-24T11:51:58.962Z"}
{"duration":10,"level":"info","message":"db-query","rows":1,"text":"SELECT d.*, s.name AS subsidiary_name\n          FROM drivers d\n          LEFT JOIN subsidiaries s ON s.id = d.subsidiary_id\n          WHERE d.id = $1","timestamp":"2026-07-24T11:51:58.973Z"}
{"duration":9,"level":"info","message":"db-query","rows":1,"text":"SELECT id, note, created_at, created_by\n          FROM driver_notes\n          WHERE driver_id = $1\n          ORDER BY created_at DESC","timestamp":"2026-07-24T11:51:58.982Z"}
{"duration":30,"level":"info","message":"db-query","rows":1,"text":"SELECT id, name, start_time, end_time\n          FROM driver_shifts\n          WHERE driver_id = $1\n          ORDER BY id ASC","timestamp":"2026-07-24T11:51:59.013Z"}
{"duration":9,"level":"info","message":"db-query","rows":1,"text":"SELECT \n            v.*,\n            json_build_object(\n              'id', vt.id,\n              'name', vt.name,\n              'driver_waiting_charges', vt.driver_waiting_charges,\n              'account_waiting_charges', vt.account_waiting_charges,\n              'waiting_time', vt.waiting_time\n            ) AS vehicle_type\n            FROM vehicles v\n            LEFT JOIN vehicle_types vt ON vt.id = v.vehicle_type_id\n            WHERE v.id = $1\n            LIMIT 1","timestamp":"2026-07-24T11:51:59.023Z"}
{"duration":1,"level":"info","message":"db-query","rows":null,"text":"COMMIT","timestamp":"2026-07-24T11:51:59.025Z"}
{"duration":7,"level":"info","message":"db-query","rows":0,"text":"SELECT * FROM driver_app_features WHERE driver_id = $1 AND company_id = $2","timestamp":"2026-07-24T11:51:59.040Z"}
{"duration":39,"level":"info","message":"db-query","rows":1,"text":"\n    UPDATE bookings\n    SET driver_id = $2, booking_status_id = $3, fare_meter = $4, dispatched_at = $5, updated_at = now()\n    WHERE id = $1\n    RETURNING *\n  ","timestamp":"2026-07-24T11:51:59.083Z"}
{"duration":71,"level":"info","message":"db-query","rows":1,"text":"\n    \n  SELECT \n    b.id,\n    b.reference_number,\n    b.subsidiary_id,\n    b.booking_type_id,\n    b.booking_status_id,\n    b.journey_type_id,\n    b.account_id,\n    b.customer_id,\n    b.employee_id,\n    b.pickup,\n    b.dropoff,\n    b.pickup_date,\n    b.pickup_time,\n    b.dropoff_date,\n    b.dropoff_time,\n    b.pickup_door_number,\n    b.dropoff_door_number,\n    b.pickup_plot,\n    b.dropoff_plot,\n    b.pickup_location_type_id,\n    b.dropoff_location_type_id,\n    b.pickup_latitude,\n    b.pickup_longitude,\n    b.dropoff_latitude,\n    b.dropoff_longitude,\n    b.viapoints,\n    b.restricted_drivers,\n    b.flight_number,\n    b.arriving_from,\n    b.vehicle_type_id,\n    b.vehicle_id,\n    b.driver_id,\n    b.passengers,\n    b.luggages,\n    b.hand_luggages,\n    b.child_seat,\n    b.name,\n    b.email,\n    b.mobile,\n    b.telephone,\n    b.lead_time,\n    b.notes,\n    b.special_instructions,\n    b.payment_type_id,\n    b.company_price,\n    b.fares,\n    b.total_charges,\n    b.parking_charges,\n    b.waiting_charges,\n    b.extra_drop_charges,\n    b.credit_card_charges,\n    b.congestion_charges,\n    b.miles,\n    b.meet_and_greet,\n    b.department,\n    b.escort_id,\n    b.order_number,\n    b.booked_by,\n    b.add_return_fare,\n    b.fare_meter_status,\n    b.fare_meter,\n    b.quotation,\n    b.quoted,\n    b.dispatch,\n    b.dispatch_as,\n    b.sms,\n    b.emailflag,\n    b.trash,\n    b.hidden,\n    b.multi_booking_id,\n    b.associated_booking,\n    b.invoice_status,\n    b.commission_status,\n    b.commission,\n    b.skipped_bookings,\n    b.permanent,\n    b.toggle_driver_text,\n    b.toggle_passenger_text,\n    b.cancelled_reason,\n    b.booking_source,\n    b.on_route,\n    b.arrived,\n    b.passenger_on_board,\n    b.completed,\n    b.controller_completed,\n    b.driver_waiting_time,\n    b.dispatched_at,\n    b.booked_at,\n    b.stripe_customer_id,\n    b.stripe_payment_id,\n    b.invoice_number,\n    b.initial_subsidiary_id,\n    b.created_at,\n    b.updated_at,\n    b.eta,\n    b.fob,\n  json_build_object(\n    'booking_status', bs.booking_status\n  ) AS booking_status,\n\n  json_build_object(\n    'booking_type', bt.booking_type\n  ) AS booking_type,\n\n  json_build_object(\n    'journey_type', jt.journey_type\n  ) AS journey_type,\n\n  json_build_object(\n    'id', s.id,\n    'name', s.name,\n    'telephone_number', s.telephone_number\n  ) AS subsidiary,\n\n  json_build_object(\n    'name', vt.name,\n    'background_color', vt.background_color,\n    'foreground_color', vt.foreground_color\n  ) AS vehicle_type,\n\n  json_build_object(\n    'id', pt.id,\n    'name', pt.name,\n    'background_color', pt.background_color,\n    'foreground_color', pt.foreground_color\n  ) AS payment_type,\n\n  json_build_object(\n    'id', a.id,\n    'name', a.name,\n    'background_color', a.background_color,\n    'foreground_color', a.foreground_color,\n    'has_vat', a.has_vat,\n    'bank_information', a.bank_information,\n    'fare_controller', a.fare_controller,\n    'account_fees_type', a.account_fees_type,\n    'account_fees', a.account_fees,\n    'account_fees_vat', a.account_fees_vat\n  ) AS account,\n\n  json_build_object(\n    'id', d.id,\n    'username', d.username,\n    'name', d.name,\n    'mobile_device_id', d.mobile_device_id,\n    'phc_vehicle_number', d.phc_vehicle_number,\n    'phc_driver_number', d.phc_driver_number,\n    'vehicle_id', d.vehicle_id,\n    'driver_commission', d.driver_commission,\n    'session_status', d.session_status,\n    'vehicle', json_build_object(\n        'make', v.make,\n        'model', v.model,\n        'color', v.color,\n        'vehicle_number', v.vehicle_number\n    )\n  ) AS driver,\n\n  json_build_object(\n    'door_number', c.door_number,\n    'address1', c.address1,\n    'address2', c.address2,\n    'blacklist', c.blacklist\n  ) AS customer,\n\n  json_build_object(\n    'username', e.username,\n    'role_id', e.role_id\n  ) AS employee,\n\n  json_build_object(\n  'pickup',\n  CASE\n    WHEN lp.id IS NOT NULL THEN json_build_object(\n      'id', lp.id,\n      'name', lp.name,\n      'location_type', json_build_object(\n            'id', ltp.id,\n            'name', ltp.name,\n            'background_color', ltp.background_color,\n            'foreground_color', ltp.foreground_color\n          )\n    )\n    ELSE \n    json_build_object(\n      'id', null,\n      'name', null,\n      'location_type', json_build_object(\n        'id', null,\n        'name', null,\n        'background_color', null,\n        'foreground_color', null\n      )\n    )\n  END,\n  'dropoff',\n  CASE\n    WHEN ld.id IS NOT NULL THEN json_build_object(\n      'id', ld.id,\n      'name', ld.name,\n      'location_type', json_build_object(\n            'id', ltp.id,\n            'name', ltp.name,\n            'background_color', ltp.background_color,\n            'foreground_color', ltp.foreground_color\n          )\n\n    )\n    ELSE \n    json_build_object(\n      'id', null,\n      'name', null,\n      'location_type', json_build_object(\n  'id', null,\n  'name', null,\n  'background_color', null,\n  'foreground_color', null\n)\n\n    )\n  END\n) AS airport\n\n\nFROM bookings b\nLEFT JOIN booking_statuses bs ON b.booking_status_id = bs.id\nLEFT JOIN booking_types bt ON b.booking_type_id = bt.id\nLEFT JOIN journey_types jt ON b.journey_type_id = jt.id\nLEFT JOIN subsidiaries s ON b.subsidiary_id = s.id\nLEFT JOIN vehicle_types vt ON b.vehicle_type_id = vt.id\nLEFT JOIN payment_types pt ON b.payment_type_id = pt.id\nLEFT JOIN accounts a ON b.account_id = a.id\nLEFT JOIN drivers d ON b.driver_id = d.id\nLEFT JOIN vehicles v ON d.vehicle_id = v.id\nLEFT JOIN customers c ON b.customer_id = c.id\nLEFT JOIN employees e ON b.employee_id = e.id\nLEFT JOIN locations lp\n  ON lp.location_type_id = 2\n AND b.pickup ILIKE '%' || lp.name || '%'\n\nLEFT JOIN locations ld\n  ON ld.location_type_id = 2\n AND b.dropoff ILIKE '%' || ld.name || '%'\nLEFT JOIN location_types ltp ON lp.location_type_id = ltp.id\nLEFT JOIN location_types ltd ON ld.location_type_id = ltd.id\n\n\n\n    WHERE b.id = $1\n  ","timestamp":"2026-07-24T11:51:59.156Z"}
{"duration":3,"level":"info","message":"db-query","rows":1,"text":"SELECT fcm_token FROM drivers WHERE id = $1","timestamp":"2026-07-24T11:51:59.162Z"}
{"level":"info","message":"POST /api/bookings/assign-future-booking 200 318.979 ms","timestamp":"2026-07-24T11:51:59.170Z"}
{"duration":99,"level":"info","message":"db-query","rows":1,"text":"\n    SELECT \n      b.*,\n      vt.name as vehicle_type_name,\n      d.name as driver_name,\n      v.color,\n      v.make,\n      v.model,\n      v.vehicle_number\n    FROM bookings b\n    LEFT JOIN vehicle_types vt ON b.vehicle_type_id = vt.id\n    LEFT JOIN drivers d ON b.driver_id = d.id\n    LEFT JOIN vehicles v ON d.vehicle_id = v.id\n    WHERE b.id = $1 AND trash = false\n  ","timestamp":"2026-07-24T11:54:25.206Z"}
{"duration":2,"level":"info","message":"db-query","rows":null,"text":"BEGIN","timestamp":"2026-07-24T11:54:25.208Z"}
{"duration":4,"level":"info","message":"db-query","rows":1,"text":"SELECT d.*, s.name AS subsidiary_name\n          FROM drivers d\n          LEFT JOIN subsidiaries s ON s.id = d.subsidiary_id\n          WHERE d.id = $1","timestamp":"2026-07-24T11:54:25.212Z"}
{"duration":3,"level":"info","message":"db-query","rows":1,"text":"SELECT id, note, created_at, created_by\n          FROM driver_notes\n          WHERE driver_id = $1\n          ORDER BY created_at DESC","timestamp":"2026-07-24T11:54:25.216Z"}
{"duration":4,"level":"info","message":"db-query","rows":1,"text":"SELECT id, name, start_time, end_time\n          FROM driver_shifts\n          WHERE driver_id = $1\n          ORDER BY id ASC","timestamp":"2026-07-24T11:54:25.220Z"}
{"duration":2,"level":"info","message":"db-query","rows":1,"text":"SELECT \n            v.*,\n            json_build_object(\n              'id', vt.id,\n              'name', vt.name,\n              'driver_waiting_charges', vt.driver_waiting_charges,\n              'account_waiting_charges', vt.account_waiting_charges,\n              'waiting_time', vt.waiting_time\n            ) AS vehicle_type\n            FROM vehicles v\n            LEFT JOIN vehicle_types vt ON vt.id = v.vehicle_type_id\n            WHERE v.id = $1\n            LIMIT 1","timestamp":"2026-07-24T11:54:25.228Z"}
{"duration":1,"level":"info","message":"db-query","rows":null,"text":"COMMIT","timestamp":"2026-07-24T11:54:25.229Z"}
{"duration":3,"level":"info","message":"db-query","rows":0,"text":"SELECT * FROM driver_app_features WHERE driver_id = $1 AND company_id = $2","timestamp":"2026-07-24T11:54:25.232Z"}
{"duration":12,"level":"info","message":"db-query","rows":1,"text":"\n    UPDATE bookings\n    SET driver_id = $2, booking_status_id = $3, fare_meter = $4, dispatched_at = $5, updated_at = now()\n    WHERE id = $1\n    RETURNING *\n  ","timestamp":"2026-07-24T11:54:25.245Z"}
{"duration":47,"level":"info","message":"db-query","rows":1,"text":"\n    \n  SELECT \n    b.id,\n    b.reference_number,\n    b.subsidiary_id,\n    b.booking_type_id,\n    b.booking_status_id,\n    b.journey_type_id,\n    b.account_id,\n    b.customer_id,\n    b.employee_id,\n    b.pickup,\n    b.dropoff,\n    b.pickup_date,\n    b.pickup_time,\n    b.dropoff_date,\n    b.dropoff_time,\n    b.pickup_door_number,\n    b.dropoff_door_number,\n    b.pickup_plot,\n    b.dropoff_plot,\n    b.pickup_location_type_id,\n    b.dropoff_location_type_id,\n    b.pickup_latitude,\n    b.pickup_longitude,\n    b.dropoff_latitude,\n    b.dropoff_longitude,\n    b.viapoints,\n    b.restricted_drivers,\n    b.flight_number,\n    b.arriving_from,\n    b.vehicle_type_id,\n    b.vehicle_id,\n    b.driver_id,\n    b.passengers,\n    b.luggages,\n    b.hand_luggages,\n    b.child_seat,\n    b.name,\n    b.email,\n    b.mobile,\n    b.telephone,\n    b.lead_time,\n    b.notes,\n    b.special_instructions,\n    b.payment_type_id,\n    b.company_price,\n    b.fares,\n    b.total_charges,\n    b.parking_charges,\n    b.waiting_charges,\n    b.extra_drop_charges,\n    b.credit_card_charges,\n    b.congestion_charges,\n    b.miles,\n    b.meet_and_greet,\n    b.department,\n    b.escort_id,\n    b.order_number,\n    b.booked_by,\n    b.add_return_fare,\n    b.fare_meter_status,\n    b.fare_meter,\n    b.quotation,\n    b.quoted,\n    b.dispatch,\n    b.dispatch_as,\n    b.sms,\n    b.emailflag,\n    b.trash,\n    b.hidden,\n    b.multi_booking_id,\n    b.associated_booking,\n    b.invoice_status,\n    b.commission_status,\n    b.commission,\n    b.skipped_bookings,\n    b.permanent,\n    b.toggle_driver_text,\n    b.toggle_passenger_text,\n    b.cancelled_reason,\n    b.booking_source,\n    b.on_route,\n    b.arrived,\n    b.passenger_on_board,\n    b.completed,\n    b.controller_completed,\n    b.driver_waiting_time,\n    b.dispatched_at,\n    b.booked_at,\n    b.stripe_customer_id,\n    b.stripe_payment_id,\n    b.invoice_number,\n    b.initial_subsidiary_id,\n    b.created_at,\n    b.updated_at,\n    b.eta,\n    b.fob,\n  json_build_object(\n    'booking_status', bs.booking_status\n  ) AS booking_status,\n\n  json_build_object(\n    'booking_type', bt.booking_type\n  ) AS booking_type,\n\n  json_build_object(\n    'journey_type', jt.journey_type\n  ) AS journey_type,\n\n  json_build_object(\n    'id', s.id,\n    'name', s.name,\n    'telephone_number', s.telephone_number\n  ) AS subsidiary,\n\n  json_build_object(\n    'name', vt.name,\n    'background_color', vt.background_color,\n    'foreground_color', vt.foreground_color\n  ) AS vehicle_type,\n\n  json_build_object(\n    'id', pt.id,\n    'name', pt.name,\n    'background_color', pt.background_color,\n    'foreground_color', pt.foreground_color\n  ) AS payment_type,\n\n  json_build_object(\n    'id', a.id,\n    'name', a.name,\n    'background_color', a.background_color,\n    'foreground_color', a.foreground_color,\n    'has_vat', a.has_vat,\n    'bank_information', a.bank_information,\n    'fare_controller', a.fare_controller,\n    'account_fees_type', a.account_fees_type,\n    'account_fees', a.account_fees,\n    'account_fees_vat', a.account_fees_vat\n  ) AS account,\n\n  json_build_object(\n    'id', d.id,\n    'username', d.username,\n    'name', d.name,\n    'mobile_device_id', d.mobile_device_id,\n    'phc_vehicle_number', d.phc_vehicle_number,\n    'phc_driver_number', d.phc_driver_number,\n    'vehicle_id', d.vehicle_id,\n    'driver_commission', d.driver_commission,\n    'session_status', d.session_status,\n    'vehicle', json_build_object(\n        'make', v.make,\n        'model', v.model,\n        'color', v.color,\n        'vehicle_number', v.vehicle_number\n    )\n  ) AS driver,\n\n  json_build_object(\n    'door_number', c.door_number,\n    'address1', c.address1,\n    'address2', c.address2,\n    'blacklist', c.blacklist\n  ) AS customer,\n\n  json_build_object(\n    'username', e.username,\n    'role_id', e.role_id\n  ) AS employee,\n\n  json_build_object(\n  'pickup',\n  CASE\n    WHEN lp.id IS NOT NULL THEN json_build_object(\n      'id', lp.id,\n      'name', lp.name,\n      'location_type', json_build_object(\n            'id', ltp.id,\n            'name', ltp.name,\n            'background_color', ltp.background_color,\n            'foreground_color', ltp.foreground_color\n          )\n    )\n    ELSE \n    json_build_object(\n      'id', null,\n      'name', null,\n      'location_type', json_build_object(\n        'id', null,\n        'name', null,\n        'background_color', null,\n        'foreground_color', null\n      )\n    )\n  END,\n  'dropoff',\n  CASE\n    WHEN ld.id IS NOT NULL THEN json_build_object(\n      'id', ld.id,\n      'name', ld.name,\n      'location_type', json_build_object(\n            'id', ltp.id,\n            'name', ltp.name,\n            'background_color', ltp.background_color,\n            'foreground_color', ltp.foreground_color\n          )\n\n    )\n    ELSE \n    json_build_object(\n      'id', null,\n      'name', null,\n      'location_type', json_build_object(\n  'id', null,\n  'name', null,\n  'background_color', null,\n  'foreground_color', null\n)\n\n    )\n  END\n) AS airport\n\n\nFROM bookings b\nLEFT JOIN booking_statuses bs ON b.booking_status_id = bs.id\nLEFT JOIN booking_types bt ON b.booking_type_id = bt.id\nLEFT JOIN journey_types jt ON b.journey_type_id = jt.id\nLEFT JOIN subsidiaries s ON b.subsidiary_id = s.id\nLEFT JOIN vehicle_types vt ON b.vehicle_type_id = vt.id\nLEFT JOIN payment_types pt ON b.payment_type_id = pt.id\nLEFT JOIN accounts a ON b.account_id = a.id\nLEFT JOIN drivers d ON b.driver_id = d.id\nLEFT JOIN vehicles v ON d.vehicle_id = v.id\nLEFT JOIN customers c ON b.customer_id = c.id\nLEFT JOIN employees e ON b.employee_id = e.id\nLEFT JOIN locations lp\n  ON lp.location_type_id = 2\n AND b.pickup ILIKE '%' || lp.name || '%'\n\nLEFT JOIN locations ld\n  ON ld.location_type_id = 2\n AND b.dropoff ILIKE '%' || ld.name || '%'\nLEFT JOIN location_types ltp ON lp.location_type_id = ltp.id\nLEFT JOIN location_types ltd ON ld.location_type_id = ltd.id\n\n\n\n    WHERE b.id = $1\n  ","timestamp":"2026-07-24T11:54:25.292Z"}
{"duration":2,"level":"info","message":"db-query","rows":1,"text":"SELECT fcm_token FROM drivers WHERE id = $1","timestamp":"2026-07-24T11:54:25.296Z"}
{"level":"info","message":"POST /api/bookings/assign-future-booking 200 1390.944 ms","timestamp":"2026-07-24T11:54:26.496Z"}
