{"duration":13241,"level":"info","message":"db-query","rows":26,"text":"SELECT * FROM location_types","timestamp":"2026-07-30T10:34:51.149Z"}
{"level":"info","message":"GET /api/location-types 200 13246.808 ms","timestamp":"2026-07-30T10:34:51.155Z"}
{"duration":13258,"level":"info","message":"db-query","rows":26,"text":"SELECT * FROM location_types","timestamp":"2026-07-30T10:34:51.157Z"}
{"level":"info","message":"GET /api/location-types 200 13259.526 ms","timestamp":"2026-07-30T10:34:51.158Z"}
{"duration":5,"level":"info","message":"db-query","rows":26,"text":"SELECT * FROM location_types","timestamp":"2026-07-30T10:54:04.525Z"}
{"level":"info","message":"GET /api/location-types 200 11.484 ms","timestamp":"2026-07-30T10:54:04.532Z"}
{"duration":159,"level":"info","message":"db-query","rows":26,"text":"SELECT * FROM location_types","timestamp":"2026-07-30T10:54:04.680Z"}
{"level":"info","message":"GET /api/location-types 200 160.747 ms","timestamp":"2026-07-30T10:54:04.682Z"}
{"duration":14,"level":"info","message":"db-query","rows":26,"text":"SELECT * FROM location_types","timestamp":"2026-07-30T10:54:44.222Z"}
{"level":"info","message":"GET /api/location-types 200 28.407 ms","timestamp":"2026-07-30T10:54:44.237Z"}
{"duration":87,"level":"info","message":"db-query","rows":26,"text":"SELECT * FROM location_types","timestamp":"2026-07-30T10:54:44.301Z"}
{"level":"info","message":"GET /api/location-types 200 88.640 ms","timestamp":"2026-07-30T10:54:44.303Z"}
{"duration":10,"level":"info","message":"db-query","rows":26,"text":"SELECT * FROM location_types","timestamp":"2026-07-30T10:54:54.066Z"}
{"level":"info","message":"GET /api/location-types 200 20.406 ms","timestamp":"2026-07-30T10:54:54.073Z"}
{"duration":61,"level":"info","message":"db-query","rows":26,"text":"SELECT * FROM location_types","timestamp":"2026-07-30T10:54:54.118Z"}
{"level":"info","message":"GET /api/location-types 200 62.941 ms","timestamp":"2026-07-30T10:54:54.119Z"}
{"duration":5,"level":"info","message":"db-query","rows":26,"text":"SELECT * FROM location_types","timestamp":"2026-07-30T10:54:58.562Z"}
{"level":"info","message":"GET /api/location-types 200 11.466 ms","timestamp":"2026-07-30T10:54:58.568Z"}
{"duration":50,"level":"info","message":"db-query","rows":26,"text":"SELECT * FROM location_types","timestamp":"2026-07-30T10:54:58.608Z"}
{"level":"info","message":"GET /api/location-types 200 51.226 ms","timestamp":"2026-07-30T10:54:58.610Z"}
{"duration":10,"level":"info","message":"db-query","rows":26,"text":"SELECT * FROM location_types","timestamp":"2026-07-30T10:55:06.479Z"}
{"level":"info","message":"GET /api/location-types 200 22.316 ms","timestamp":"2026-07-30T10:55:06.490Z"}
{"duration":159,"level":"info","message":"db-query","rows":26,"text":"SELECT * FROM location_types","timestamp":"2026-07-30T10:55:06.631Z"}
{"level":"info","message":"GET /api/location-types 200 160.827 ms","timestamp":"2026-07-30T10:55:06.632Z"}
{"duration":171,"level":"info","message":"db-query","rows":0,"text":"SELECT * FROM fixed_fares WHERE vehicle_type_id=$1 AND company_id = $2","timestamp":"2026-07-30T11:49:14.098Z"}
{"duration":9,"level":"info","message":"db-query","rows":0,"text":"SELECT * FROM fare_configurations\n       WHERE vehicle_type_id=$1 AND company_id = $2\n       ORDER BY id ASC","timestamp":"2026-07-30T11:49:14.109Z"}
{"duration":6,"level":"info","message":"db-query","rows":0,"text":"SELECT * FROM locations WHERE location_type_id=2 AND company_id =$1","timestamp":"2026-07-30T11:49:14.116Z"}
{"duration":4,"level":"info","message":"db-query","rows":0,"text":"SELECT * FROM fare_by_vehicles WHERE vehicle_type_id=$1 AND company_id=$2","timestamp":"2026-07-30T11:49:14.121Z"}
{"level":"info","message":"POST /api/fares/calculate-fare 200 223.311 ms","timestamp":"2026-07-30T11:49:14.124Z"}
{"duration":54,"level":"info","message":"db-query","rows":2,"text":"SELECT * FROM fixed_fares WHERE vehicle_type_id=$1 AND company_id = $2","timestamp":"2026-07-30T11:50:07.822Z"}
{"duration":3,"level":"info","message":"db-query","rows":3,"text":"SELECT * FROM fare_configurations\n       WHERE vehicle_type_id=$1 AND company_id = $2\n       ORDER BY id ASC","timestamp":"2026-07-30T11:50:07.826Z"}
{"duration":3,"level":"info","message":"db-query","rows":22,"text":"SELECT * FROM locations WHERE location_type_id=2 AND company_id =$1","timestamp":"2026-07-30T11:50:07.829Z"}
{"duration":3,"level":"info","message":"db-query","rows":1,"text":"SELECT * FROM fare_by_vehicles WHERE vehicle_type_id=$1 AND company_id=$2","timestamp":"2026-07-30T11:50:07.833Z"}
{"level":"info","message":"POST /api/fares/calculate-fare 200 68.730 ms","timestamp":"2026-07-30T11:50:07.836Z"}
{"duration":56,"level":"info","message":"db-query","rows":0,"text":"SELECT * FROM fixed_fares WHERE vehicle_type_id=$1 AND company_id = $2","timestamp":"2026-07-30T11:50:52.475Z"}
{"duration":2,"level":"info","message":"db-query","rows":0,"text":"SELECT * FROM fare_configurations\n       WHERE vehicle_type_id=$1 AND company_id = $2\n       ORDER BY id ASC","timestamp":"2026-07-30T11:50:52.478Z"}
{"duration":2,"level":"info","message":"db-query","rows":0,"text":"SELECT * FROM locations WHERE location_type_id=2 AND company_id =$1","timestamp":"2026-07-30T11:50:52.480Z"}
{"duration":3,"level":"info","message":"db-query","rows":2,"text":"SELECT * FROM fare_by_vehicles WHERE vehicle_type_id=$1 AND company_id=$2","timestamp":"2026-07-30T11:50:52.484Z"}
{"level":"info","message":"POST /api/fares/calculate-fare 200 68.218 ms","timestamp":"2026-07-30T11:50:52.486Z"}
{"duration":153,"level":"info","message":"db-query","rows":2,"text":"SELECT * FROM fixed_fares WHERE vehicle_type_id=$1 AND company_id = $2","timestamp":"2026-07-30T11:51:09.181Z"}
{"duration":3,"level":"info","message":"db-query","rows":3,"text":"SELECT * FROM fare_configurations\n       WHERE vehicle_type_id=$1 AND company_id = $2\n       ORDER BY id ASC","timestamp":"2026-07-30T11:51:09.184Z"}
{"duration":2,"level":"info","message":"db-query","rows":22,"text":"SELECT * FROM locations WHERE location_type_id=2 AND company_id =$1","timestamp":"2026-07-30T11:51:09.186Z"}
{"duration":2,"level":"info","message":"db-query","rows":1,"text":"SELECT * FROM fare_by_vehicles WHERE vehicle_type_id=$1 AND company_id=$2","timestamp":"2026-07-30T11:51:09.188Z"}
{"level":"info","message":"POST /api/fares/calculate-fare 200 163.545 ms","timestamp":"2026-07-30T11:51:09.192Z"}
{"duration":54,"level":"info","message":"db-query","rows":2,"text":"SELECT * FROM fixed_fares WHERE vehicle_type_id=$1 AND company_id = $2","timestamp":"2026-07-30T11:51:57.516Z"}
{"duration":3,"level":"info","message":"db-query","rows":3,"text":"SELECT * FROM fare_configurations\n       WHERE vehicle_type_id=$1 AND company_id = $2\n       ORDER BY id ASC","timestamp":"2026-07-30T11:51:57.520Z"}
{"duration":2,"level":"info","message":"db-query","rows":22,"text":"SELECT * FROM locations WHERE location_type_id=2 AND company_id =$1","timestamp":"2026-07-30T11:51:57.523Z"}
{"level":"info","message":"POST /api/fares/calculate-fare 200 63.299 ms","timestamp":"2026-07-30T11:51:57.525Z"}
{"duration":163,"level":"info","message":"db-query","rows":26,"text":"SELECT * FROM location_types","timestamp":"2026-07-30T12:15:05.603Z"}
{"level":"info","message":"GET /api/location-types 200 164.014 ms","timestamp":"2026-07-30T12:15:05.604Z"}
{"duration":161,"level":"info","message":"db-query","rows":2,"text":"SELECT * FROM fixed_fares WHERE vehicle_type_id=$1 AND company_id = $2","timestamp":"2026-07-30T12:34:01.112Z"}
{"duration":3,"level":"info","message":"db-query","rows":1,"text":"SELECT * FROM fare_configurations\n       WHERE vehicle_type_id=$1 AND company_id = $2\n       ORDER BY id ASC","timestamp":"2026-07-30T12:34:01.115Z"}
{"duration":2,"level":"info","message":"db-query","rows":22,"text":"SELECT * FROM locations WHERE location_type_id=2 AND company_id =$1","timestamp":"2026-07-30T12:34:01.118Z"}
{"duration":2,"level":"info","message":"db-query","rows":1,"text":"SELECT * FROM fare_by_vehicles WHERE vehicle_type_id=$1 AND company_id=$2","timestamp":"2026-07-30T12:34:01.121Z"}
{"level":"info","message":"POST /api/fares/calculate-fare 200 175.707 ms","timestamp":"2026-07-30T12:34:01.126Z"}
{"duration":59,"level":"info","message":"db-query","rows":2,"text":"SELECT * FROM fixed_fares WHERE vehicle_type_id=$1 AND company_id = $2","timestamp":"2026-07-30T13:11:41.272Z"}
{"duration":3,"level":"info","message":"db-query","rows":1,"text":"SELECT * FROM fare_configurations\n       WHERE vehicle_type_id=$1 AND company_id = $2\n       ORDER BY id ASC","timestamp":"2026-07-30T13:11:41.276Z"}
{"duration":3,"level":"info","message":"db-query","rows":22,"text":"SELECT * FROM locations WHERE location_type_id=2 AND company_id =$1","timestamp":"2026-07-30T13:11:41.279Z"}
{"duration":2,"level":"info","message":"db-query","rows":1,"text":"SELECT * FROM fare_by_vehicles WHERE vehicle_type_id=$1 AND company_id=$2","timestamp":"2026-07-30T13:11:41.282Z"}
{"level":"info","message":"POST /api/fares/calculate-fare 200 75.764 ms","timestamp":"2026-07-30T13:11:41.288Z"}
{"duration":1,"level":"info","message":"db-query","rows":1,"text":"SELECT * FROM fixed_fares WHERE vehicle_type_id=$1 AND company_id = $2","timestamp":"2026-07-30T13:11:47.402Z"}
{"duration":1,"level":"info","message":"db-query","rows":2,"text":"SELECT * FROM fare_configurations\n       WHERE vehicle_type_id=$1 AND company_id = $2\n       ORDER BY id ASC","timestamp":"2026-07-30T13:11:47.404Z"}
{"duration":1,"level":"info","message":"db-query","rows":22,"text":"SELECT * FROM locations WHERE location_type_id=2 AND company_id =$1","timestamp":"2026-07-30T13:11:47.406Z"}
{"duration":1,"level":"info","message":"db-query","rows":1,"text":"SELECT * FROM fare_by_vehicles WHERE vehicle_type_id=$1 AND company_id=$2","timestamp":"2026-07-30T13:11:47.408Z"}
{"level":"info","message":"POST /api/fares/calculate-fare 200 10.234 ms","timestamp":"2026-07-30T13:11:47.411Z"}
{"duration":11,"level":"info","message":"db-query","rows":26,"text":"SELECT * FROM location_types","timestamp":"2026-07-30T13:15:40.220Z"}
{"level":"info","message":"GET /api/location-types 200 19.799 ms","timestamp":"2026-07-30T13:15:40.227Z"}
{"duration":64,"level":"info","message":"db-query","rows":26,"text":"SELECT * FROM location_types","timestamp":"2026-07-30T13:15:40.277Z"}
{"level":"info","message":"GET /api/location-types 200 66.190 ms","timestamp":"2026-07-30T13:15:40.279Z"}
{"duration":10,"level":"info","message":"db-query","rows":26,"text":"SELECT * FROM location_types","timestamp":"2026-07-30T13:15:46.151Z"}
{"level":"info","message":"GET /api/location-types 200 17.778 ms","timestamp":"2026-07-30T13:15:46.161Z"}
{"duration":63,"level":"info","message":"db-query","rows":26,"text":"SELECT * FROM location_types","timestamp":"2026-07-30T13:15:46.208Z"}
{"level":"info","message":"GET /api/location-types 200 64.381 ms","timestamp":"2026-07-30T13:15:46.209Z"}
{"duration":5,"level":"info","message":"db-query","rows":26,"text":"SELECT * FROM location_types","timestamp":"2026-07-30T13:17:22.095Z"}
{"level":"info","message":"GET /api/location-types 200 15.259 ms","timestamp":"2026-07-30T13:17:22.105Z"}
{"duration":64,"level":"info","message":"db-query","rows":26,"text":"SELECT * FROM location_types","timestamp":"2026-07-30T13:17:22.155Z"}
{"level":"info","message":"GET /api/location-types 200 65.660 ms","timestamp":"2026-07-30T13:17:22.157Z"}
{"duration":13,"level":"info","message":"db-query","rows":26,"text":"SELECT * FROM location_types","timestamp":"2026-07-30T13:39:35.041Z"}
{"level":"info","message":"GET /api/location-types 200 23.791 ms","timestamp":"2026-07-30T13:39:35.050Z"}
{"duration":63,"level":"info","message":"db-query","rows":26,"text":"SELECT * FROM location_types","timestamp":"2026-07-30T13:39:35.095Z"}
{"level":"info","message":"GET /api/location-types 200 65.767 ms","timestamp":"2026-07-30T13:39:35.097Z"}
{"duration":8,"level":"info","message":"db-query","rows":26,"text":"SELECT * FROM location_types","timestamp":"2026-07-30T13:39:39.900Z"}
{"level":"info","message":"GET /api/location-types 200 16.953 ms","timestamp":"2026-07-30T13:39:39.908Z"}
{"duration":52,"level":"info","message":"db-query","rows":26,"text":"SELECT * FROM location_types","timestamp":"2026-07-30T13:39:39.946Z"}
{"level":"info","message":"GET /api/location-types 200 54.251 ms","timestamp":"2026-07-30T13:39:39.948Z"}
{"duration":60,"level":"info","message":"db-query","rows":1,"text":"SELECT * FROM fixed_fares WHERE vehicle_type_id=$1 AND company_id = $2","timestamp":"2026-07-30T14:26:34.818Z"}
{"duration":2,"level":"info","message":"db-query","rows":2,"text":"SELECT * FROM fare_configurations\n       WHERE vehicle_type_id=$1 AND company_id = $2\n       ORDER BY id ASC","timestamp":"2026-07-30T14:26:34.823Z"}
{"duration":3,"level":"info","message":"db-query","rows":22,"text":"SELECT * FROM locations WHERE location_type_id=2 AND company_id =$1","timestamp":"2026-07-30T14:26:34.827Z"}
{"duration":3,"level":"info","message":"db-query","rows":1,"text":"SELECT * FROM fare_by_vehicles WHERE vehicle_type_id=$1 AND company_id=$2","timestamp":"2026-07-30T14:26:34.831Z"}
{"level":"info","message":"POST /api/fares/calculate-fare 200 114.626 ms","timestamp":"2026-07-30T14:26:34.840Z"}
{"duration":57,"level":"info","message":"db-query","rows":2,"text":"SELECT * FROM fixed_fares WHERE vehicle_type_id=$1 AND company_id = $2","timestamp":"2026-07-30T14:26:46.144Z"}
{"duration":2,"level":"info","message":"db-query","rows":3,"text":"SELECT * FROM fare_configurations\n       WHERE vehicle_type_id=$1 AND company_id = $2\n       ORDER BY id ASC","timestamp":"2026-07-30T14:26:46.147Z"}
{"duration":4,"level":"info","message":"db-query","rows":22,"text":"SELECT * FROM locations WHERE location_type_id=2 AND company_id =$1","timestamp":"2026-07-30T14:26:46.152Z"}
{"duration":2,"level":"info","message":"db-query","rows":1,"text":"SELECT * FROM fare_by_vehicles WHERE vehicle_type_id=$1 AND company_id=$2","timestamp":"2026-07-30T14:26:46.155Z"}
{"level":"info","message":"POST /api/fares/calculate-fare 200 72.935 ms","timestamp":"2026-07-30T14:26:46.159Z"}
{"duration":58,"level":"info","message":"db-query","rows":0,"text":"SELECT * FROM fixed_fares WHERE vehicle_type_id=$1 AND company_id = $2","timestamp":"2026-07-30T14:27:08.105Z"}
{"duration":3,"level":"info","message":"db-query","rows":0,"text":"SELECT * FROM fare_configurations\n       WHERE vehicle_type_id=$1 AND company_id = $2\n       ORDER BY id ASC","timestamp":"2026-07-30T14:27:08.108Z"}
{"duration":3,"level":"info","message":"db-query","rows":22,"text":"SELECT * FROM locations WHERE location_type_id=2 AND company_id =$1","timestamp":"2026-07-30T14:27:08.111Z"}
{"duration":2,"level":"info","message":"db-query","rows":1,"text":"SELECT * FROM fare_by_vehicles WHERE vehicle_type_id=$1 AND company_id=$2","timestamp":"2026-07-30T14:27:08.113Z"}
{"level":"info","message":"POST /api/fares/calculate-fare 200 68.953 ms","timestamp":"2026-07-30T14:27:08.116Z"}
{"duration":54,"level":"info","message":"db-query","rows":0,"text":"SELECT * FROM fixed_fares WHERE vehicle_type_id=$1 AND company_id = $2","timestamp":"2026-07-30T14:27:25.132Z"}
{"duration":2,"level":"info","message":"db-query","rows":0,"text":"SELECT * FROM fare_configurations\n       WHERE vehicle_type_id=$1 AND company_id = $2\n       ORDER BY id ASC","timestamp":"2026-07-30T14:27:25.136Z"}
{"duration":2,"level":"info","message":"db-query","rows":22,"text":"SELECT * FROM locations WHERE location_type_id=2 AND company_id =$1","timestamp":"2026-07-30T14:27:25.139Z"}
{"duration":2,"level":"info","message":"db-query","rows":0,"text":"SELECT * FROM fare_by_vehicles WHERE vehicle_type_id=$1 AND company_id=$2","timestamp":"2026-07-30T14:27:25.141Z"}
{"level":"info","message":"POST /api/fares/calculate-fare 200 66.924 ms","timestamp":"2026-07-30T14:27:25.145Z"}
{"duration":90,"level":"info","message":"db-query","rows":26,"text":"SELECT * FROM location_types","timestamp":"2026-07-30T14:59:38.960Z"}
{"level":"info","message":"GET /api/location-types 200 91.456 ms","timestamp":"2026-07-30T14:59:38.961Z"}
{"duration":9,"level":"info","message":"db-query","rows":26,"text":"SELECT * FROM location_types","timestamp":"2026-07-30T15:54:58.317Z"}
{"level":"info","message":"GET /api/location-types 200 22.629 ms","timestamp":"2026-07-30T15:54:58.330Z"}
{"duration":65,"level":"info","message":"db-query","rows":26,"text":"SELECT * FROM location_types","timestamp":"2026-07-30T15:54:58.375Z"}
{"level":"info","message":"GET /api/location-types 200 66.721 ms","timestamp":"2026-07-30T15:54:58.377Z"}
{"duration":5,"level":"info","message":"db-query","rows":26,"text":"SELECT * FROM location_types","timestamp":"2026-07-30T15:55:04.332Z"}
{"level":"info","message":"GET /api/location-types 200 11.418 ms","timestamp":"2026-07-30T15:55:04.339Z"}
{"duration":55,"level":"info","message":"db-query","rows":26,"text":"SELECT * FROM location_types","timestamp":"2026-07-30T15:55:04.383Z"}
{"level":"info","message":"GET /api/location-types 200 56.646 ms","timestamp":"2026-07-30T15:55:04.385Z"}
{"duration":5,"level":"info","message":"db-query","rows":26,"text":"SELECT * FROM location_types","timestamp":"2026-07-30T15:55:07.345Z"}
{"level":"info","message":"GET /api/location-types 200 11.300 ms","timestamp":"2026-07-30T15:55:07.352Z"}
{"duration":56,"level":"info","message":"db-query","rows":26,"text":"SELECT * FROM location_types","timestamp":"2026-07-30T15:55:07.397Z"}
{"level":"info","message":"GET /api/location-types 200 57.307 ms","timestamp":"2026-07-30T15:55:07.399Z"}
{"duration":11,"level":"info","message":"db-query","rows":26,"text":"SELECT * FROM location_types","timestamp":"2026-07-30T15:55:25.006Z"}
{"level":"info","message":"GET /api/location-types 200 21.103 ms","timestamp":"2026-07-30T15:55:25.015Z"}
{"duration":73,"level":"info","message":"db-query","rows":26,"text":"SELECT * FROM location_types","timestamp":"2026-07-30T15:55:25.074Z"}
{"level":"info","message":"GET /api/location-types 200 74.149 ms","timestamp":"2026-07-30T15:55:25.076Z"}
{"duration":172,"level":"info","message":"db-query","rows":26,"text":"SELECT * FROM location_types","timestamp":"2026-07-30T17:15:24.209Z"}
{"level":"info","message":"GET /api/location-types 200 179.891 ms","timestamp":"2026-07-30T17:15:24.215Z"}
{"duration":6,"level":"info","message":"db-query","rows":26,"text":"SELECT * FROM location_types","timestamp":"2026-07-30T17:39:21.753Z"}
{"level":"info","message":"GET /api/location-types 200 13.648 ms","timestamp":"2026-07-30T17:39:21.762Z"}
{"duration":154,"level":"info","message":"db-query","rows":26,"text":"SELECT * FROM location_types","timestamp":"2026-07-30T17:39:21.904Z"}
{"level":"info","message":"GET /api/location-types 200 155.640 ms","timestamp":"2026-07-30T17:39:21.905Z"}
{"duration":6,"level":"info","message":"db-query","rows":26,"text":"SELECT * FROM location_types","timestamp":"2026-07-30T17:40:28.488Z"}
{"level":"info","message":"GET /api/location-types 200 13.484 ms","timestamp":"2026-07-30T17:40:28.495Z"}
{"duration":174,"level":"info","message":"db-query","rows":26,"text":"SELECT * FROM location_types","timestamp":"2026-07-30T17:40:28.657Z"}
{"level":"info","message":"GET /api/location-types 200 175.889 ms","timestamp":"2026-07-30T17:40:28.659Z"}
{"duration":4,"level":"info","message":"db-query","rows":26,"text":"SELECT * FROM location_types","timestamp":"2026-07-30T17:41:12.972Z"}
{"level":"info","message":"GET /api/location-types 200 10.490 ms","timestamp":"2026-07-30T17:41:12.978Z"}
{"duration":2,"level":"info","message":"db-query","rows":26,"text":"SELECT * FROM location_types","timestamp":"2026-07-30T17:41:12.986Z"}
{"level":"info","message":"GET /api/location-types 200 3.056 ms","timestamp":"2026-07-30T17:41:12.987Z"}
{"duration":5,"level":"info","message":"db-query","rows":26,"text":"SELECT * FROM location_types","timestamp":"2026-07-30T17:41:49.947Z"}
{"level":"info","message":"GET /api/location-types 200 11.645 ms","timestamp":"2026-07-30T17:41:49.954Z"}
{"duration":64,"level":"info","message":"db-query","rows":26,"text":"SELECT * FROM location_types","timestamp":"2026-07-30T17:41:50.008Z"}
{"level":"info","message":"GET /api/location-types 200 65.141 ms","timestamp":"2026-07-30T17:41:50.009Z"}
{"duration":4,"level":"info","message":"db-query","rows":26,"text":"SELECT * FROM location_types","timestamp":"2026-07-30T17:42:33.983Z"}
{"level":"info","message":"GET /api/location-types 200 10.298 ms","timestamp":"2026-07-30T17:42:33.989Z"}
{"duration":62,"level":"info","message":"db-query","rows":26,"text":"SELECT * FROM location_types","timestamp":"2026-07-30T17:42:34.042Z"}
{"level":"info","message":"GET /api/location-types 200 63.166 ms","timestamp":"2026-07-30T17:42:34.044Z"}
{"duration":6,"level":"info","message":"db-query","rows":26,"text":"SELECT * FROM location_types","timestamp":"2026-07-30T17:43:07.457Z"}
{"level":"info","message":"GET /api/location-types 200 11.483 ms","timestamp":"2026-07-30T17:43:07.463Z"}
{"duration":60,"level":"info","message":"db-query","rows":26,"text":"SELECT * FROM location_types","timestamp":"2026-07-30T17:43:07.514Z"}
{"level":"info","message":"GET /api/location-types 200 61.695 ms","timestamp":"2026-07-30T17:43:07.516Z"}
{"duration":6,"level":"info","message":"db-query","rows":26,"text":"SELECT * FROM location_types","timestamp":"2026-07-30T17:43:14.486Z"}
{"level":"info","message":"GET /api/location-types 200 12.184 ms","timestamp":"2026-07-30T17:43:14.493Z"}
{"duration":60,"level":"info","message":"db-query","rows":26,"text":"SELECT * FROM location_types","timestamp":"2026-07-30T17:43:14.542Z"}
{"level":"info","message":"GET /api/location-types 200 61.801 ms","timestamp":"2026-07-30T17:43:14.544Z"}
{"duration":5,"level":"info","message":"db-query","rows":26,"text":"SELECT * FROM location_types","timestamp":"2026-07-30T17:43:28.113Z"}
{"level":"info","message":"GET /api/location-types 200 11.335 ms","timestamp":"2026-07-30T17:43:28.120Z"}
{"duration":55,"level":"info","message":"db-query","rows":26,"text":"SELECT * FROM location_types","timestamp":"2026-07-30T17:43:28.164Z"}
{"level":"info","message":"GET /api/location-types 200 55.907 ms","timestamp":"2026-07-30T17:43:28.165Z"}
{"duration":5,"level":"info","message":"db-query","rows":26,"text":"SELECT * FROM location_types","timestamp":"2026-07-30T17:43:48.611Z"}
{"level":"info","message":"GET /api/location-types 200 11.063 ms","timestamp":"2026-07-30T17:43:48.617Z"}
{"duration":50,"level":"info","message":"db-query","rows":26,"text":"SELECT * FROM location_types","timestamp":"2026-07-30T17:43:48.657Z"}
{"level":"info","message":"GET /api/location-types 200 51.805 ms","timestamp":"2026-07-30T17:43:48.659Z"}
{"duration":5,"level":"info","message":"db-query","rows":26,"text":"SELECT * FROM location_types","timestamp":"2026-07-30T17:44:00.350Z"}
{"level":"info","message":"GET /api/location-types 200 11.910 ms","timestamp":"2026-07-30T17:44:00.357Z"}
{"duration":59,"level":"info","message":"db-query","rows":26,"text":"SELECT * FROM location_types","timestamp":"2026-07-30T17:44:00.406Z"}
{"level":"info","message":"GET /api/location-types 200 60.983 ms","timestamp":"2026-07-30T17:44:00.408Z"}
{"duration":6,"level":"info","message":"db-query","rows":26,"text":"SELECT * FROM location_types","timestamp":"2026-07-30T17:44:25.373Z"}
{"level":"info","message":"GET /api/location-types 200 11.040 ms","timestamp":"2026-07-30T17:44:25.380Z"}
{"duration":152,"level":"info","message":"db-query","rows":26,"text":"SELECT * FROM location_types","timestamp":"2026-07-30T17:44:25.521Z"}
{"level":"info","message":"GET /api/location-types 200 153.070 ms","timestamp":"2026-07-30T17:44:25.523Z"}
{"duration":9,"level":"info","message":"db-query","rows":26,"text":"SELECT * FROM location_types","timestamp":"2026-07-30T17:44:30.945Z"}
{"level":"info","message":"GET /api/location-types 200 20.557 ms","timestamp":"2026-07-30T17:44:30.957Z"}
{"duration":74,"level":"info","message":"db-query","rows":26,"text":"SELECT * FROM location_types","timestamp":"2026-07-30T17:44:31.013Z"}
{"level":"info","message":"GET /api/location-types 200 75.203 ms","timestamp":"2026-07-30T17:44:31.015Z"}
{"duration":6,"level":"info","message":"db-query","rows":26,"text":"SELECT * FROM location_types","timestamp":"2026-07-30T17:44:38.374Z"}
{"level":"info","message":"GET /api/location-types 200 11.218 ms","timestamp":"2026-07-30T17:44:38.380Z"}
{"duration":121,"level":"info","message":"db-query","rows":26,"text":"SELECT * FROM location_types","timestamp":"2026-07-30T17:44:38.491Z"}
{"level":"info","message":"GET /api/location-types 200 125.626 ms","timestamp":"2026-07-30T17:44:38.496Z"}
{"duration":5,"level":"info","message":"db-query","rows":26,"text":"SELECT * FROM location_types","timestamp":"2026-07-30T17:44:42.453Z"}
{"level":"info","message":"GET /api/location-types 200 11.060 ms","timestamp":"2026-07-30T17:44:42.459Z"}
{"duration":48,"level":"info","message":"db-query","rows":26,"text":"SELECT * FROM location_types","timestamp":"2026-07-30T17:44:42.497Z"}
{"level":"info","message":"GET /api/location-types 200 49.066 ms","timestamp":"2026-07-30T17:44:42.498Z"}
{"duration":6,"level":"info","message":"db-query","rows":26,"text":"SELECT * FROM location_types","timestamp":"2026-07-30T17:44:57.882Z"}
{"level":"info","message":"GET /api/location-types 200 13.060 ms","timestamp":"2026-07-30T17:44:57.889Z"}
{"duration":57,"level":"info","message":"db-query","rows":26,"text":"SELECT * FROM location_types","timestamp":"2026-07-30T17:44:57.934Z"}
{"level":"info","message":"GET /api/location-types 200 57.488 ms","timestamp":"2026-07-30T17:44:57.935Z"}
{"duration":10,"level":"info","message":"db-query","rows":26,"text":"SELECT * FROM location_types","timestamp":"2026-07-30T17:45:54.750Z"}
{"level":"info","message":"GET /api/location-types 200 18.067 ms","timestamp":"2026-07-30T17:45:54.758Z"}
{"duration":70,"level":"info","message":"db-query","rows":26,"text":"SELECT * FROM location_types","timestamp":"2026-07-30T17:45:54.816Z"}
{"level":"info","message":"GET /api/location-types 200 72.250 ms","timestamp":"2026-07-30T17:45:54.818Z"}
{"duration":5,"level":"info","message":"db-query","rows":26,"text":"SELECT * FROM location_types","timestamp":"2026-07-30T17:45:58.328Z"}
{"level":"info","message":"GET /api/location-types 200 13.431 ms","timestamp":"2026-07-30T17:45:58.337Z"}
{"duration":55,"level":"info","message":"db-query","rows":26,"text":"SELECT * FROM location_types","timestamp":"2026-07-30T17:45:58.380Z"}
{"level":"info","message":"GET /api/location-types 200 57.048 ms","timestamp":"2026-07-30T17:45:58.382Z"}
{"duration":6,"level":"info","message":"db-query","rows":26,"text":"SELECT * FROM location_types","timestamp":"2026-07-30T17:46:07.055Z"}
{"level":"info","message":"GET /api/location-types 200 11.292 ms","timestamp":"2026-07-30T17:46:07.061Z"}
{"duration":172,"level":"info","message":"db-query","rows":26,"text":"SELECT * FROM location_types","timestamp":"2026-07-30T17:46:07.222Z"}
{"level":"info","message":"GET /api/location-types 200 172.632 ms","timestamp":"2026-07-30T17:46:07.223Z"}
{"duration":5,"level":"info","message":"db-query","rows":26,"text":"SELECT * FROM location_types","timestamp":"2026-07-30T17:46:11.135Z"}
{"level":"info","message":"GET /api/location-types 200 57.406 ms","timestamp":"2026-07-30T17:46:11.189Z"}
{"duration":165,"level":"info","message":"db-query","rows":26,"text":"SELECT * FROM location_types","timestamp":"2026-07-30T17:46:11.296Z"}
{"level":"info","message":"GET /api/location-types 200 178.615 ms","timestamp":"2026-07-30T17:46:11.310Z"}
{"duration":7,"level":"info","message":"db-query","rows":26,"text":"SELECT * FROM location_types","timestamp":"2026-07-30T17:46:19.327Z"}
{"level":"info","message":"GET /api/location-types 200 46.527 ms","timestamp":"2026-07-30T17:46:19.367Z"}
{"duration":191,"level":"info","message":"db-query","rows":26,"text":"SELECT * FROM location_types","timestamp":"2026-07-30T17:46:19.514Z"}
{"level":"info","message":"GET /api/location-types 200 192.880 ms","timestamp":"2026-07-30T17:46:19.516Z"}
{"duration":7,"level":"info","message":"db-query","rows":26,"text":"SELECT * FROM location_types","timestamp":"2026-07-30T17:48:07.205Z"}
{"level":"info","message":"GET /api/location-types 200 12.978 ms","timestamp":"2026-07-30T17:48:07.212Z"}
{"duration":51,"level":"info","message":"db-query","rows":26,"text":"SELECT * FROM location_types","timestamp":"2026-07-30T17:48:07.251Z"}
{"level":"info","message":"GET /api/location-types 200 52.687 ms","timestamp":"2026-07-30T17:48:07.253Z"}
{"duration":5,"level":"info","message":"db-query","rows":26,"text":"SELECT * FROM location_types","timestamp":"2026-07-30T17:49:55.648Z"}
{"level":"info","message":"GET /api/location-types 200 12.518 ms","timestamp":"2026-07-30T17:49:55.656Z"}
{"duration":54,"level":"info","message":"db-query","rows":26,"text":"SELECT * FROM location_types","timestamp":"2026-07-30T17:49:55.699Z"}
{"level":"info","message":"GET /api/location-types 200 55.540 ms","timestamp":"2026-07-30T17:49:55.700Z"}
{"duration":5,"level":"info","message":"db-query","rows":26,"text":"SELECT * FROM location_types","timestamp":"2026-07-30T18:30:56.190Z"}
{"level":"info","message":"GET /api/location-types 200 12.015 ms","timestamp":"2026-07-30T18:30:56.197Z"}
{"duration":63,"level":"info","message":"db-query","rows":26,"text":"SELECT * FROM location_types","timestamp":"2026-07-30T18:30:56.249Z"}
{"level":"info","message":"GET /api/location-types 200 64.894 ms","timestamp":"2026-07-30T18:30:56.251Z"}
{"duration":5,"level":"info","message":"db-query","rows":26,"text":"SELECT * FROM location_types","timestamp":"2026-07-30T18:31:02.029Z"}
{"level":"info","message":"GET /api/location-types 200 42.494 ms","timestamp":"2026-07-30T18:31:02.067Z"}
{"duration":102,"level":"info","message":"db-query","rows":26,"text":"SELECT * FROM location_types","timestamp":"2026-07-30T18:31:02.127Z"}
{"level":"info","message":"GET /api/location-types 200 102.811 ms","timestamp":"2026-07-30T18:31:02.128Z"}
