{"duration":63,"level":"info","message":"db-query","rows":26,"text":"SELECT * FROM location_types","timestamp":"2026-08-13T06:21:07.395Z"}
{"level":"info","message":"GET /api/location-types 200 69.230 ms","timestamp":"2026-08-13T06:21:07.401Z"}
{"duration":77,"level":"info","message":"db-query","rows":26,"text":"SELECT * FROM location_types","timestamp":"2026-08-13T06:21:07.419Z"}
{"level":"info","message":"GET /api/location-types 200 77.919 ms","timestamp":"2026-08-13T06:21:07.420Z"}
{"level":"info","message":"ws:upgrade","timestamp":"2026-08-13T07:07:26.981Z","url":"/websocket/company-subscription?company_id=1"}
{"duration":200,"level":"info","message":"db-query","rows":1,"text":"\n    SELECT\n      cs.*,\n      sp.name AS plan_name,\n      sp.duration_days,\n      cc.company_name\n    FROM company_subscriptions cs\n    LEFT JOIN subscription_plans sp\n      ON sp.id = cs.plan_id\n    LEFT JOIN company_clients cc\n      ON cc.id = cs.company_id\n    WHERE cs.company_id = $1\n    ORDER BY cs.id DESC\n    LIMIT 1\n  ","timestamp":"2026-08-13T07:07:27.184Z"}
{"duration":52,"level":"info","message":"db-query","rows":0,"text":"UPDATE company_subscriptions SET status = 'CANCELLED' WHERE company_id = $1","timestamp":"2026-08-13T07:08:35.284Z"}
{"duration":10,"level":"info","message":"db-query","rows":1,"text":"\n      INSERT INTO company_subscriptions (company_id, plan_id, start_at, expiry_at, status, payment_status)\n      VALUES ($1, $2, $3, $4, $5, $6)\n      RETURNING *;\n    ","timestamp":"2026-08-13T07:08:35.294Z"}
{"level":"info","message":"POST /api/client-subscriptions/create-subscription 200 65.236 ms","timestamp":"2026-08-13T07:08:35.297Z"}
{"duration":105,"level":"info","message":"db-query","rows":0,"text":"\n    SELECT \n      company_id, \n      expiry_at,\n      CEIL(EXTRACT(EPOCH FROM (expiry_at - NOW())) / 86400) AS days_left\n    FROM company_subscriptions\n    WHERE status = 'ACTIVE'\n      AND payment_status != 'PAID'\n      AND expiry_at > NOW()\n      AND expiry_at <= NOW() + ($1 || ' days')::INTERVAL\n  ","timestamp":"2026-08-13T07:10:17.806Z"}
{"duration":1,"level":"info","message":"db-query","rows":0,"text":"\n    SELECT \n      company_id, \n      grace_until,\n      CEIL(EXTRACT(EPOCH FROM (grace_until - NOW())) / 86400) AS days_left\n    FROM company_subscriptions\n    WHERE payment_status != 'PAID'\n      AND grace_until IS NOT NULL\n      AND grace_until >= NOW()\n  ","timestamp":"2026-08-13T07:10:17.808Z"}
{"level":"info","message":"POST /api/client-subscriptions/trigger-warnings 200 109.781 ms","timestamp":"2026-08-13T07:10:17.810Z"}
{"duration":13,"level":"info","message":"db-query","rows":26,"text":"SELECT * FROM location_types","timestamp":"2026-08-13T07:25:16.840Z"}
{"level":"info","message":"GET /api/location-types 200 24.342 ms","timestamp":"2026-08-13T07:25:16.849Z"}
{"duration":66,"level":"info","message":"db-query","rows":26,"text":"SELECT * FROM location_types","timestamp":"2026-08-13T07:25:16.897Z"}
{"level":"info","message":"GET /api/location-types 200 68.437 ms","timestamp":"2026-08-13T07:25:16.899Z"}
{"duration":3,"level":"info","message":"db-query","rows":0,"text":"UPDATE company_subscriptions SET status = 'CANCELLED' WHERE company_id = $1","timestamp":"2026-08-13T07:25:21.271Z"}
{"duration":8,"level":"info","message":"db-query","rows":1,"text":"\n      INSERT INTO company_subscriptions (company_id, plan_id, start_at, expiry_at, status, payment_status)\n      VALUES ($1, $2, $3, $4, $5, $6)\n      RETURNING *;\n    ","timestamp":"2026-08-13T07:25:21.280Z"}
{"level":"info","message":"POST /api/client-subscriptions/create-subscription 200 14.133 ms","timestamp":"2026-08-13T07:25:21.282Z"}
{"duration":53,"level":"info","message":"db-query","rows":1,"text":"\n    SELECT \n      company_id, \n      expiry_at,\n      CEIL(EXTRACT(EPOCH FROM (expiry_at - NOW())) / 86400) AS days_left\n    FROM company_subscriptions\n    WHERE status = 'ACTIVE'\n      AND payment_status != 'PAID'\n      AND expiry_at > NOW()\n      AND expiry_at <= NOW() + ($1 || ' days')::INTERVAL\n  ","timestamp":"2026-08-13T07:26:45.891Z"}
{"duration":1,"level":"info","message":"db-query","rows":0,"text":"\n    SELECT \n      company_id, \n      grace_until,\n      CEIL(EXTRACT(EPOCH FROM (grace_until - NOW())) / 86400) AS days_left\n    FROM company_subscriptions\n    WHERE payment_status != 'PAID'\n      AND grace_until IS NOT NULL\n      AND grace_until >= NOW()\n  ","timestamp":"2026-08-13T07:26:45.893Z"}
{"level":"info","message":"POST /api/client-subscriptions/trigger-warnings 200 57.240 ms","timestamp":"2026-08-13T07:26:45.895Z"}
{"level":"info","message":"ws:upgrade","timestamp":"2026-08-13T07:26:51.545Z","url":"/websocket/company-subscription?company_id=1"}
{"duration":6,"level":"info","message":"db-query","rows":1,"text":"\n    SELECT\n      cs.*,\n      sp.name AS plan_name,\n      sp.duration_days,\n      cc.company_name\n    FROM company_subscriptions cs\n    LEFT JOIN subscription_plans sp\n      ON sp.id = cs.plan_id\n    LEFT JOIN company_clients cc\n      ON cc.id = cs.company_id\n    WHERE cs.company_id = $1\n    ORDER BY cs.id DESC\n    LIMIT 1\n  ","timestamp":"2026-08-13T07:26:51.553Z"}
{"duration":54,"level":"info","message":"db-query","rows":0,"text":"UPDATE company_subscriptions SET status = 'CANCELLED' WHERE company_id = $1","timestamp":"2026-08-13T07:27:06.524Z"}
{"duration":6,"level":"info","message":"db-query","rows":1,"text":"\n      INSERT INTO company_subscriptions (company_id, plan_id, start_at, expiry_at, status, payment_status)\n      VALUES ($1, $2, $3, $4, $5, $6)\n      RETURNING *;\n    ","timestamp":"2026-08-13T07:27:06.531Z"}
{"level":"info","message":"POST /api/client-subscriptions/create-subscription 200 61.597 ms","timestamp":"2026-08-13T07:27:06.532Z"}
{"duration":2,"level":"info","message":"db-query","rows":2,"text":"\n    SELECT \n      company_id, \n      expiry_at,\n      CEIL(EXTRACT(EPOCH FROM (expiry_at - NOW())) / 86400) AS days_left\n    FROM company_subscriptions\n    WHERE status = 'ACTIVE'\n      AND payment_status != 'PAID'\n      AND expiry_at > NOW()\n      AND expiry_at <= NOW() + ($1 || ' days')::INTERVAL\n  ","timestamp":"2026-08-13T07:27:10.017Z"}
{"duration":1,"level":"info","message":"db-query","rows":0,"text":"\n    SELECT \n      company_id, \n      grace_until,\n      CEIL(EXTRACT(EPOCH FROM (grace_until - NOW())) / 86400) AS days_left\n    FROM company_subscriptions\n    WHERE payment_status != 'PAID'\n      AND grace_until IS NOT NULL\n      AND grace_until >= NOW()\n  ","timestamp":"2026-08-13T07:27:10.019Z"}
{"level":"info","message":"POST /api/client-subscriptions/trigger-warnings 200 4.896 ms","timestamp":"2026-08-13T07:27:10.020Z"}
{"duration":5,"level":"info","message":"db-query","rows":26,"text":"SELECT * FROM location_types","timestamp":"2026-08-13T07:30:48.073Z"}
{"level":"info","message":"GET /api/location-types 200 14.085 ms","timestamp":"2026-08-13T07:30:48.082Z"}
{"duration":61,"level":"info","message":"db-query","rows":26,"text":"SELECT * FROM location_types","timestamp":"2026-08-13T07:30:48.130Z"}
{"level":"info","message":"GET /api/location-types 200 61.778 ms","timestamp":"2026-08-13T07:30:48.131Z"}
{"duration":54,"level":"info","message":"db-query","rows":1,"text":"SELECT id, name, duration_days FROM subscription_plans WHERE id = $1","timestamp":"2026-08-13T07:31:03.062Z"}
{"duration":3,"level":"info","message":"db-query","rows":0,"text":"UPDATE company_subscriptions SET status = 'CANCELLED' WHERE company_id = $1","timestamp":"2026-08-13T07:31:03.066Z"}
{"duration":6,"level":"info","message":"db-query","rows":1,"text":"\n      INSERT INTO company_subscriptions (company_id, plan_id, start_at, expiry_at, status, payment_status)\n      VALUES ($1, $2, $3, $4, $5, $6)\n      RETURNING *;\n    ","timestamp":"2026-08-13T07:31:03.073Z"}
{"level":"info","message":"POST /api/client-subscriptions/create-subscription 200 66.710 ms","timestamp":"2026-08-13T07:31:03.074Z"}
{"duration":51,"level":"info","message":"db-query","rows":1,"text":"SELECT id, name, duration_days FROM subscription_plans WHERE id = $1","timestamp":"2026-08-13T07:33:01.760Z"}
{"duration":3,"level":"info","message":"db-query","rows":0,"text":"UPDATE company_subscriptions SET status = 'CANCELLED' WHERE company_id = $1","timestamp":"2026-08-13T07:33:01.764Z"}
{"duration":5,"level":"info","message":"db-query","rows":1,"text":"\n      INSERT INTO company_subscriptions (company_id, plan_id, start_at, expiry_at, status, payment_status)\n      VALUES ($1, $2, $3, $4, $5, $6)\n      RETURNING *;\n    ","timestamp":"2026-08-13T07:33:01.770Z"}
{"level":"info","message":"POST /api/client-subscriptions/create-subscription 200 63.075 ms","timestamp":"2026-08-13T07:33:01.772Z"}
{"duration":54,"level":"info","message":"db-query","rows":1,"text":"\n    SELECT \n      company_id, \n      expiry_at,\n      CEIL(EXTRACT(EPOCH FROM (expiry_at - NOW())) / 86400) AS days_left\n    FROM company_subscriptions\n    WHERE status = 'ACTIVE'\n      AND payment_status != 'PAID'\n      AND expiry_at > NOW()\n      AND expiry_at <= NOW() + ($1 || ' days')::INTERVAL\n  ","timestamp":"2026-08-13T07:33:18.916Z"}
{"duration":1,"level":"info","message":"db-query","rows":0,"text":"\n    SELECT \n      company_id, \n      grace_until,\n      CEIL(EXTRACT(EPOCH FROM (grace_until - NOW())) / 86400) AS days_left\n    FROM company_subscriptions\n    WHERE payment_status != 'PAID'\n      AND grace_until IS NOT NULL\n      AND grace_until >= NOW()\n  ","timestamp":"2026-08-13T07:33:18.918Z"}
{"level":"info","message":"POST /api/client-subscriptions/trigger-warnings 200 57.233 ms","timestamp":"2026-08-13T07:33:18.919Z"}
{"duration":51,"level":"info","message":"db-query","rows":0,"text":"\n    SELECT \n      company_id, \n      expiry_at,\n      CEIL(EXTRACT(EPOCH FROM (expiry_at - NOW())) / 86400) AS days_left\n    FROM company_subscriptions\n    WHERE status = 'ACTIVE'\n      AND payment_status != 'PAID'\n      AND expiry_at > NOW()\n      AND expiry_at <= NOW() + ($1 || ' days')::INTERVAL\n  ","timestamp":"2026-08-13T07:34:53.078Z"}
{"duration":1,"level":"info","message":"db-query","rows":0,"text":"\n    SELECT \n      company_id, \n      grace_until,\n      CEIL(EXTRACT(EPOCH FROM (grace_until - NOW())) / 86400) AS days_left\n    FROM company_subscriptions\n    WHERE payment_status != 'PAID'\n      AND grace_until IS NOT NULL\n      AND grace_until >= NOW()\n  ","timestamp":"2026-08-13T07:34:53.080Z"}
{"level":"info","message":"POST /api/client-subscriptions/trigger-warnings 200 54.305 ms","timestamp":"2026-08-13T07:34:53.081Z"}
{"level":"info","message":"ws:upgrade","timestamp":"2026-08-13T07:34:57.096Z","url":"/websocket/company-subscription?company_id=1"}
{"duration":5,"level":"info","message":"db-query","rows":1,"text":"\n    SELECT\n      cs.*,\n      sp.name AS plan_name,\n      sp.duration_days,\n      cc.company_name\n    FROM company_subscriptions cs\n    LEFT JOIN subscription_plans sp\n      ON sp.id = cs.plan_id\n    LEFT JOIN company_clients cc\n      ON cc.id = cs.company_id\n    WHERE cs.company_id = $1\n    ORDER BY cs.id DESC\n    LIMIT 1\n  ","timestamp":"2026-08-13T07:34:57.104Z"}
{"duration":53,"level":"info","message":"db-query","rows":1,"text":"SELECT id, name, duration_days FROM subscription_plans WHERE id = $1","timestamp":"2026-08-13T07:35:08.448Z"}
{"duration":4,"level":"info","message":"db-query","rows":1,"text":"UPDATE company_subscriptions SET status = 'CANCELLED' WHERE company_id = $1","timestamp":"2026-08-13T07:35:08.452Z"}
{"duration":3,"level":"info","message":"db-query","rows":1,"text":"\n      INSERT INTO company_subscriptions (company_id, plan_id, start_at, expiry_at, status, payment_status)\n      VALUES ($1, $2, $3, $4, $5, $6)\n      RETURNING *;\n    ","timestamp":"2026-08-13T07:35:08.456Z"}
{"level":"info","message":"POST /api/client-subscriptions/create-subscription 200 61.399 ms","timestamp":"2026-08-13T07:35:08.458Z"}
{"duration":2,"level":"info","message":"db-query","rows":0,"text":"\n    SELECT \n      company_id, \n      expiry_at,\n      CEIL(EXTRACT(EPOCH FROM (expiry_at - NOW())) / 86400) AS days_left\n    FROM company_subscriptions\n    WHERE status = 'ACTIVE'\n      AND payment_status != 'PAID'\n      AND expiry_at > NOW()\n      AND expiry_at <= NOW() + ($1 || ' days')::INTERVAL\n  ","timestamp":"2026-08-13T07:35:12.458Z"}
{"duration":1,"level":"info","message":"db-query","rows":0,"text":"\n    SELECT \n      company_id, \n      grace_until,\n      CEIL(EXTRACT(EPOCH FROM (grace_until - NOW())) / 86400) AS days_left\n    FROM company_subscriptions\n    WHERE payment_status != 'PAID'\n      AND grace_until IS NOT NULL\n      AND grace_until >= NOW()\n  ","timestamp":"2026-08-13T07:35:12.459Z"}
{"level":"info","message":"POST /api/client-subscriptions/trigger-warnings 200 3.643 ms","timestamp":"2026-08-13T07:35:12.460Z"}
{"duration":49,"level":"info","message":"db-query","rows":1,"text":"SELECT id, name, duration_days FROM subscription_plans WHERE id = $1","timestamp":"2026-08-13T07:36:04.370Z"}
{"duration":2,"level":"info","message":"db-query","rows":0,"text":"UPDATE company_subscriptions SET status = 'CANCELLED' WHERE company_id = $1","timestamp":"2026-08-13T07:36:04.373Z"}
{"duration":6,"level":"info","message":"db-query","rows":1,"text":"\n      INSERT INTO company_subscriptions (company_id, plan_id, start_at, expiry_at, status, payment_status)\n      VALUES ($1, $2, $3, $4, $5, $6)\n      RETURNING *;\n    ","timestamp":"2026-08-13T07:36:04.380Z"}
{"level":"info","message":"POST /api/client-subscriptions/create-subscription 200 60.610 ms","timestamp":"2026-08-13T07:36:04.382Z"}
{"duration":51,"level":"info","message":"db-query","rows":1,"text":"\n    SELECT \n      company_id, \n      expiry_at,\n      CEIL(EXTRACT(EPOCH FROM (expiry_at - NOW())) / 86400) AS days_left\n    FROM company_subscriptions\n    WHERE status = 'ACTIVE'\n      AND payment_status != 'PAID'\n      AND expiry_at > NOW()\n      AND expiry_at <= NOW() + ($1 || ' days')::INTERVAL\n  ","timestamp":"2026-08-13T07:36:17.425Z"}
{"duration":1,"level":"info","message":"db-query","rows":0,"text":"\n    SELECT \n      company_id, \n      grace_until,\n      CEIL(EXTRACT(EPOCH FROM (grace_until - NOW())) / 86400) AS days_left\n    FROM company_subscriptions\n    WHERE payment_status != 'PAID'\n      AND grace_until IS NOT NULL\n      AND grace_until >= NOW()\n  ","timestamp":"2026-08-13T07:36:17.427Z"}
{"level":"info","message":"POST /api/client-subscriptions/trigger-warnings 200 54.070 ms","timestamp":"2026-08-13T07:36:17.428Z"}
{"id":"3dd1d0d1-2212-4c54-8d03-726e0521a4a6","level":"info","message":"ws:closed","timestamp":"2026-08-13T07:38:06.650Z"}
{"level":"info","message":"ws:upgrade","timestamp":"2026-08-13T07:38:11.292Z","url":"/websocket/company-subscription?company_id=2"}
{"duration":70,"level":"info","message":"db-query","rows":1,"text":"\n    SELECT\n      cs.*,\n      sp.name AS plan_name,\n      sp.duration_days,\n      cc.company_name\n    FROM company_subscriptions cs\n    LEFT JOIN subscription_plans sp\n      ON sp.id = cs.plan_id\n    LEFT JOIN company_clients cc\n      ON cc.id = cs.company_id\n    WHERE cs.company_id = $1\n    ORDER BY cs.id DESC\n    LIMIT 1\n  ","timestamp":"2026-08-13T07:38:11.364Z"}
{"duration":2,"level":"info","message":"db-query","rows":1,"text":"\n    SELECT \n      company_id, \n      expiry_at,\n      CEIL(EXTRACT(EPOCH FROM (expiry_at - NOW())) / 86400) AS days_left\n    FROM company_subscriptions\n    WHERE status = 'ACTIVE'\n      AND payment_status != 'PAID'\n      AND expiry_at > NOW()\n      AND expiry_at <= NOW() + ($1 || ' days')::INTERVAL\n  ","timestamp":"2026-08-13T07:38:14.509Z"}
{"duration":1,"level":"info","message":"db-query","rows":0,"text":"\n    SELECT \n      company_id, \n      grace_until,\n      CEIL(EXTRACT(EPOCH FROM (grace_until - NOW())) / 86400) AS days_left\n    FROM company_subscriptions\n    WHERE payment_status != 'PAID'\n      AND grace_until IS NOT NULL\n      AND grace_until >= NOW()\n  ","timestamp":"2026-08-13T07:38:14.511Z"}
{"level":"info","message":"POST /api/client-subscriptions/trigger-warnings 200 4.044 ms","timestamp":"2026-08-13T07:38:14.512Z"}
{"duration":63,"level":"info","message":"db-query","rows":1,"text":"\n    UPDATE company_subscriptions\n    SET \n      grace_until = NOW() + ($1 || ' days')::INTERVAL,\n      status = 'ACTIVE',\n      updated_at = NOW()\n    WHERE company_id = $2 \n      AND status != 'CANCELLED'\n    RETURNING *;\n  ","timestamp":"2026-08-13T07:38:27.203Z"}
{"level":"info","message":"POST /api/client-subscriptions/grace/2 200 64.579 ms","timestamp":"2026-08-13T07:38:27.205Z"}
{"duration":52,"level":"info","message":"db-query","rows":1,"text":"\n    SELECT \n      company_id, \n      expiry_at,\n      CEIL(EXTRACT(EPOCH FROM (expiry_at - NOW())) / 86400) AS days_left\n    FROM company_subscriptions\n    WHERE status = 'ACTIVE'\n      AND payment_status != 'PAID'\n      AND expiry_at > NOW()\n      AND expiry_at <= NOW() + ($1 || ' days')::INTERVAL\n  ","timestamp":"2026-08-13T07:38:40.218Z"}
{"duration":1,"level":"info","message":"db-query","rows":1,"text":"\n    SELECT \n      company_id, \n      grace_until,\n      CEIL(EXTRACT(EPOCH FROM (grace_until - NOW())) / 86400) AS days_left\n    FROM company_subscriptions\n    WHERE payment_status != 'PAID'\n      AND grace_until IS NOT NULL\n      AND grace_until >= NOW()\n  ","timestamp":"2026-08-13T07:38:40.220Z"}
{"level":"info","message":"POST /api/client-subscriptions/trigger-warnings 200 54.929 ms","timestamp":"2026-08-13T07:38:40.221Z"}
{"id":"b023e7f5-deb4-4d26-a25b-b5c1794a8790","level":"info","message":"ws:closed","timestamp":"2026-08-13T08:08:28.922Z"}
{"level":"info","message":"ws:upgrade","timestamp":"2026-08-13T08:08:30.574Z","url":"/websocket/company-subscription?company_id=2"}
{"duration":99,"level":"info","message":"db-query","rows":1,"text":"\n    SELECT\n      cs.*,\n      sp.name AS plan_name,\n      sp.duration_days,\n      cc.company_name\n    FROM company_subscriptions cs\n    LEFT JOIN subscription_plans sp\n      ON sp.id = cs.plan_id\n    LEFT JOIN company_clients cc\n      ON cc.id = cs.company_id\n    WHERE cs.company_id = $1\n    ORDER BY cs.id DESC\n    LIMIT 1\n  ","timestamp":"2026-08-13T08:08:30.676Z"}
{"id":"74bacaa8-3e03-4cd6-9571-eaa293c9f92e","level":"info","message":"ws:closed","timestamp":"2026-08-13T08:08:36.969Z"}
{"level":"info","message":"ws:upgrade","timestamp":"2026-08-13T08:08:38.085Z","url":"/websocket/company-subscription?company_id=2"}
{"duration":1,"level":"info","message":"db-query","rows":1,"text":"\n    SELECT\n      cs.*,\n      sp.name AS plan_name,\n      sp.duration_days,\n      cc.company_name\n    FROM company_subscriptions cs\n    LEFT JOIN subscription_plans sp\n      ON sp.id = cs.plan_id\n    LEFT JOIN company_clients cc\n      ON cc.id = cs.company_id\n    WHERE cs.company_id = $1\n    ORDER BY cs.id DESC\n    LIMIT 1\n  ","timestamp":"2026-08-13T08:08:38.087Z"}
{"duration":167,"level":"info","message":"db-query","rows":26,"text":"SELECT * FROM location_types","timestamp":"2026-08-13T08:50:47.315Z"}
{"level":"info","message":"GET /api/location-types 200 169.099 ms","timestamp":"2026-08-13T08:50:47.317Z"}
{"duration":72,"level":"info","message":"db-query","rows":26,"text":"SELECT * FROM location_types","timestamp":"2026-08-13T10:10:47.220Z"}
{"level":"info","message":"GET /api/location-types 200 73.355 ms","timestamp":"2026-08-13T10:10:47.221Z"}
{"duration":90,"level":"info","message":"db-query","rows":26,"text":"SELECT * FROM location_types","timestamp":"2026-08-13T11:30:47.242Z"}
{"level":"info","message":"GET /api/location-types 200 92.584 ms","timestamp":"2026-08-13T11:30:47.244Z"}
