{"duration":141,"level":"info","message":"db-query","rows":26,"text":"SELECT * FROM location_types","timestamp":"2026-03-14T09:38:13.402Z"}
{"level":"info","message":"GET /api/location-types 200 148.254 ms","timestamp":"2026-03-14T09:38:13.409Z"}
{"duration":149,"level":"info","message":"db-query","rows":26,"text":"SELECT * FROM location_types","timestamp":"2026-03-14T09:38:13.411Z"}
{"level":"info","message":"GET /api/location-types 200 150.224 ms","timestamp":"2026-03-14T09:38:13.413Z"}
{"duration":150,"level":"info","message":"db-query","rows":1,"text":"\n        SELECT * FROM drivers \n        WHERE LOWER(username) = LOWER($1)\n        LIMIT 1\n    ","timestamp":"2026-03-14T09:48:29.211Z"}
{"duration":27,"level":"info","message":"db-query","rows":1,"text":"\n        UPDATE drivers \n        SET \n          session_status = 'logged_in',\n          driver_status = 'Available',\n          booking_status = 'Available'\n        WHERE id = $1\n      ","timestamp":"2026-03-14T09:48:29.324Z"}
{"duration":3,"level":"info","message":"db-query","rows":1,"text":"\n    UPDATE drivers\n    SET \n      fcm_token = $1,\n      fcm_updated_at = NOW()\n    WHERE id = $2\n  ","timestamp":"2026-03-14T09:48:29.328Z"}
{"duration":1,"level":"info","message":"db-query","rows":1,"text":"SELECT * FROM drivers WHERE id = $1 LIMIT 1","timestamp":"2026-03-14T09:48:29.329Z"}
{"duration":1,"level":"info","message":"db-query","rows":null,"text":"BEGIN","timestamp":"2026-03-14T09:48:29.332Z"}
{"duration":17,"level":"info","message":"db-query","rows":1,"text":"SELECT d.*, s.name AS subsidiary_name\n       FROM drivers d\n       LEFT JOIN subsidiaries s ON s.id = d.subsidiary_id\n       WHERE d.id = $1","timestamp":"2026-03-14T09:48:29.349Z"}
{"duration":10,"level":"info","message":"db-query","rows":1,"text":"SELECT id, note, created_at, created_by\n       FROM driver_notes\n       WHERE driver_id = $1\n       ORDER BY created_at DESC","timestamp":"2026-03-14T09:48:29.361Z"}
{"duration":5,"level":"info","message":"db-query","rows":1,"text":"SELECT id, name, start_time, end_time\n       FROM driver_shifts\n       WHERE driver_id = $1\n       ORDER BY id ASC","timestamp":"2026-03-14T09:48:29.366Z"}
{"duration":17,"level":"info","message":"db-query","rows":1,"text":"SELECT \n            v.*,\n            json_build_object(\n              'id', vt.id,\n              'name', vt.name,\n              'driver_waiting_charges', vt.driver_waiting_charges,\n              'account_waiting_charges', vt.account_waiting_charges,\n              'waiting_time', vt.waiting_time\n            ) AS vehicle_type\n         FROM vehicles v\n         LEFT JOIN vehicle_types vt ON vt.id = v.vehicle_type_id\n         WHERE v.id = $1\n         LIMIT 1","timestamp":"2026-03-14T09:48:29.384Z"}
{"duration":0,"level":"info","message":"db-query","rows":null,"text":"COMMIT","timestamp":"2026-03-14T09:48:29.389Z"}
{"level":"info","message":"POST /api/drivers/login 200 342.922 ms","timestamp":"2026-03-14T09:48:29.393Z"}
{"duration":6,"level":"info","message":"db-query","rows":26,"text":"SELECT * FROM location_types","timestamp":"2026-03-14T10:55:03.486Z"}
{"level":"info","message":"GET /api/location-types 200 12.783 ms","timestamp":"2026-03-14T10:55:03.493Z"}
{"duration":47,"level":"info","message":"db-query","rows":26,"text":"SELECT * FROM location_types","timestamp":"2026-03-14T10:55:03.528Z"}
{"level":"info","message":"GET /api/location-types 200 48.661 ms","timestamp":"2026-03-14T10:55:03.530Z"}
{"duration":5,"level":"info","message":"db-query","rows":26,"text":"SELECT * FROM location_types","timestamp":"2026-03-14T10:55:43.551Z"}
{"level":"info","message":"GET /api/location-types 200 13.372 ms","timestamp":"2026-03-14T10:55:43.559Z"}
{"duration":1,"level":"info","message":"db-query","rows":26,"text":"SELECT * FROM location_types","timestamp":"2026-03-14T10:55:43.568Z"}
{"level":"info","message":"GET /api/location-types 200 3.667 ms","timestamp":"2026-03-14T10:55:43.570Z"}
{"level":"info","message":"ws:upgrade","timestamp":"2026-03-14T10:57:03.245Z","url":"/websocket/driver-login"}
{"level":"info","message":"ws:dashboard-connected","socketId":"c509669c-7133-45a8-9f6b-5d1aec3d221a","timestamp":"2026-03-14T10:57:03.247Z"}
{"duration":88,"level":"info","message":"db-query","rows":0,"text":"\n        SELECT * FROM drivers \n        WHERE LOWER(username) = LOWER($1)\n        LIMIT 1\n    ","timestamp":"2026-03-14T10:57:20.974Z"}
{"level":"info","message":"POST /api/drivers/login 404 95.618 ms","timestamp":"2026-03-14T10:57:20.977Z"}
{"duration":16,"level":"info","message":"db-query","rows":1,"text":"\n        SELECT * FROM drivers \n        WHERE LOWER(username) = LOWER($1)\n        LIMIT 1\n    ","timestamp":"2026-03-14T10:57:29.434Z"}
{"level":"info","message":"POST /api/drivers/login 400 96.391 ms","timestamp":"2026-03-14T10:57:29.513Z"}
{"duration":49,"level":"info","message":"db-query","rows":1,"text":"\n        SELECT * FROM drivers \n        WHERE LOWER(username) = LOWER($1)\n        LIMIT 1\n    ","timestamp":"2026-03-14T10:57:40.109Z"}
{"duration":109,"level":"info","message":"db-query","rows":1,"text":"\n        UPDATE drivers \n        SET \n          session_status = 'logged_in',\n          driver_status = 'Available',\n          booking_status = 'Available'\n        WHERE id = $1\n      ","timestamp":"2026-03-14T10:57:40.300Z"}
{"duration":3,"level":"info","message":"db-query","rows":1,"text":"\n    UPDATE drivers\n    SET \n      fcm_token = $1,\n      fcm_updated_at = NOW()\n    WHERE id = $2\n  ","timestamp":"2026-03-14T10:57:40.303Z"}
{"duration":1,"level":"info","message":"db-query","rows":1,"text":"SELECT * FROM drivers WHERE id = $1 LIMIT 1","timestamp":"2026-03-14T10:57:40.305Z"}
{"duration":9,"level":"info","message":"db-query","rows":null,"text":"BEGIN","timestamp":"2026-03-14T10:57:40.314Z"}
{"duration":41,"level":"info","message":"db-query","rows":1,"text":"SELECT d.*, s.name AS subsidiary_name\n       FROM drivers d\n       LEFT JOIN subsidiaries s ON s.id = d.subsidiary_id\n       WHERE d.id = $1","timestamp":"2026-03-14T10:57:40.355Z"}
{"duration":12,"level":"info","message":"db-query","rows":0,"text":"SELECT id, note, created_at, created_by\n       FROM driver_notes\n       WHERE driver_id = $1\n       ORDER BY created_at DESC","timestamp":"2026-03-14T10:57:40.367Z"}
{"duration":7,"level":"info","message":"db-query","rows":0,"text":"SELECT id, name, start_time, end_time\n       FROM driver_shifts\n       WHERE driver_id = $1\n       ORDER BY id ASC","timestamp":"2026-03-14T10:57:40.376Z"}
{"duration":22,"level":"info","message":"db-query","rows":1,"text":"SELECT \n            v.*,\n            json_build_object(\n              'id', vt.id,\n              'name', vt.name,\n              'driver_waiting_charges', vt.driver_waiting_charges,\n              'account_waiting_charges', vt.account_waiting_charges,\n              'waiting_time', vt.waiting_time\n            ) AS vehicle_type\n         FROM vehicles v\n         LEFT JOIN vehicle_types vt ON vt.id = v.vehicle_type_id\n         WHERE v.id = $1\n         LIMIT 1","timestamp":"2026-03-14T10:57:40.399Z"}
{"duration":1,"level":"info","message":"db-query","rows":null,"text":"COMMIT","timestamp":"2026-03-14T10:57:40.403Z"}
{"level":"info","message":"POST /api/drivers/login 200 345.672 ms","timestamp":"2026-03-14T10:57:40.405Z"}
{"level":"info","message":"ws:dashboard-disconnect","socketId":"c509669c-7133-45a8-9f6b-5d1aec3d221a","timestamp":"2026-03-14T10:57:58.241Z"}
{"level":"info","message":"ws:upgrade","timestamp":"2026-03-14T10:57:59.113Z","url":"/websocket/driver-login"}
{"level":"info","message":"ws:dashboard-connected","socketId":"78bd20f4-2c20-4f46-b841-650cc52d4385","timestamp":"2026-03-14T10:57:59.114Z"}
{"duration":51,"level":"info","message":"db-query","rows":null,"text":"BEGIN","timestamp":"2026-03-14T10:58:15.860Z"}
{"duration":7,"level":"info","message":"db-query","rows":1,"text":"SELECT d.*, s.name AS subsidiary_name\n       FROM drivers d\n       LEFT JOIN subsidiaries s ON s.id = d.subsidiary_id\n       WHERE d.id = $1","timestamp":"2026-03-14T10:58:15.868Z"}
{"duration":2,"level":"info","message":"db-query","rows":1,"text":"SELECT id, note, created_at, created_by\n       FROM driver_notes\n       WHERE driver_id = $1\n       ORDER BY created_at DESC","timestamp":"2026-03-14T10:58:15.874Z"}
{"duration":3,"level":"info","message":"db-query","rows":1,"text":"SELECT id, name, start_time, end_time\n       FROM driver_shifts\n       WHERE driver_id = $1\n       ORDER BY id ASC","timestamp":"2026-03-14T10:58:15.877Z"}
{"duration":8,"level":"info","message":"db-query","rows":1,"text":"SELECT \n            v.*,\n            json_build_object(\n              'id', vt.id,\n              'name', vt.name,\n              'driver_waiting_charges', vt.driver_waiting_charges,\n              'account_waiting_charges', vt.account_waiting_charges,\n              'waiting_time', vt.waiting_time\n            ) AS vehicle_type\n         FROM vehicles v\n         LEFT JOIN vehicle_types vt ON vt.id = v.vehicle_type_id\n         WHERE v.id = $1\n         LIMIT 1","timestamp":"2026-03-14T10:58:15.886Z"}
{"duration":0,"level":"info","message":"db-query","rows":null,"text":"COMMIT","timestamp":"2026-03-14T10:58:15.887Z"}
{"duration":2,"level":"info","message":"db-query","rows":1,"text":"\n    UPDATE drivers\n    SET \n      session_status = 'logged_out',\n      driver_status = 'Unavailable',\n      booking_status = 'Unavailable'\n    WHERE id = $1\n  ","timestamp":"2026-03-14T10:58:15.891Z"}
{"duration":1,"level":"info","message":"db-query","rows":1,"text":"UPDATE drivers SET fcm_token = NULL WHERE id = $1","timestamp":"2026-03-14T10:58:15.893Z"}
{"driverId":167,"level":"info","message":"ws:driver-logout","timestamp":"2026-03-14T10:58:15.894Z"}
{"level":"info","message":"POST /api/drivers/logout/167 200 86.186 ms","timestamp":"2026-03-14T10:58:15.896Z"}
{"duration":1,"level":"info","message":"db-query","rows":1,"text":"\n        SELECT * FROM drivers \n        WHERE LOWER(username) = LOWER($1)\n        LIMIT 1\n    ","timestamp":"2026-03-14T10:58:22.962Z"}
{"duration":3,"level":"info","message":"db-query","rows":1,"text":"\n        UPDATE drivers \n        SET \n          session_status = 'logged_in',\n          driver_status = 'Available',\n          booking_status = 'Available'\n        WHERE id = $1\n      ","timestamp":"2026-03-14T10:58:23.056Z"}
{"duration":1,"level":"info","message":"db-query","rows":1,"text":"\n    UPDATE drivers\n    SET \n      fcm_token = $1,\n      fcm_updated_at = NOW()\n    WHERE id = $2\n  ","timestamp":"2026-03-14T10:58:23.058Z"}
{"duration":1,"level":"info","message":"db-query","rows":1,"text":"SELECT * FROM drivers WHERE id = $1 LIMIT 1","timestamp":"2026-03-14T10:58:23.059Z"}
{"duration":1,"level":"info","message":"db-query","rows":null,"text":"BEGIN","timestamp":"2026-03-14T10:58:23.060Z"}
{"duration":1,"level":"info","message":"db-query","rows":1,"text":"SELECT d.*, s.name AS subsidiary_name\n       FROM drivers d\n       LEFT JOIN subsidiaries s ON s.id = d.subsidiary_id\n       WHERE d.id = $1","timestamp":"2026-03-14T10:58:23.061Z"}
{"duration":0,"level":"info","message":"db-query","rows":1,"text":"SELECT id, note, created_at, created_by\n       FROM driver_notes\n       WHERE driver_id = $1\n       ORDER BY created_at DESC","timestamp":"2026-03-14T10:58:23.062Z"}
{"duration":1,"level":"info","message":"db-query","rows":1,"text":"SELECT id, name, start_time, end_time\n       FROM driver_shifts\n       WHERE driver_id = $1\n       ORDER BY id ASC","timestamp":"2026-03-14T10:58:23.065Z"}
{"duration":1,"level":"info","message":"db-query","rows":1,"text":"SELECT \n            v.*,\n            json_build_object(\n              'id', vt.id,\n              'name', vt.name,\n              'driver_waiting_charges', vt.driver_waiting_charges,\n              'account_waiting_charges', vt.account_waiting_charges,\n              'waiting_time', vt.waiting_time\n            ) AS vehicle_type\n         FROM vehicles v\n         LEFT JOIN vehicle_types vt ON vt.id = v.vehicle_type_id\n         WHERE v.id = $1\n         LIMIT 1","timestamp":"2026-03-14T10:58:23.074Z"}
{"duration":1,"level":"info","message":"db-query","rows":null,"text":"COMMIT","timestamp":"2026-03-14T10:58:23.075Z"}
{"level":"info","message":"POST /api/drivers/login 200 115.253 ms","timestamp":"2026-03-14T10:58:23.076Z"}
{"duration":5,"level":"info","message":"db-query","rows":26,"text":"SELECT * FROM location_types","timestamp":"2026-03-14T10:59:54.117Z"}
{"level":"info","message":"GET /api/location-types 200 11.731 ms","timestamp":"2026-03-14T10:59:54.124Z"}
{"duration":1,"level":"info","message":"db-query","rows":26,"text":"SELECT * FROM location_types","timestamp":"2026-03-14T10:59:54.131Z"}
{"level":"info","message":"GET /api/location-types 200 2.246 ms","timestamp":"2026-03-14T10:59:54.132Z"}
{"duration":5,"level":"info","message":"db-query","rows":26,"text":"SELECT * FROM location_types","timestamp":"2026-03-14T11:00:00.146Z"}
{"level":"info","message":"GET /api/location-types 200 10.538 ms","timestamp":"2026-03-14T11:00:00.152Z"}
{"duration":1,"level":"info","message":"db-query","rows":26,"text":"SELECT * FROM location_types","timestamp":"2026-03-14T11:00:00.170Z"}
{"level":"info","message":"GET /api/location-types 200 2.921 ms","timestamp":"2026-03-14T11:00:00.172Z"}
{"duration":6,"level":"info","message":"db-query","rows":26,"text":"SELECT * FROM location_types","timestamp":"2026-03-14T11:00:07.109Z"}
{"level":"info","message":"GET /api/location-types 200 12.939 ms","timestamp":"2026-03-14T11:00:07.115Z"}
{"duration":156,"level":"info","message":"db-query","rows":26,"text":"SELECT * FROM location_types","timestamp":"2026-03-14T11:00:07.262Z"}
{"level":"info","message":"GET /api/location-types 200 158.375 ms","timestamp":"2026-03-14T11:00:07.264Z"}
{"duration":153,"level":"info","message":"db-query","rows":null,"text":"BEGIN","timestamp":"2026-03-14T11:01:04.066Z"}
{"duration":8,"level":"info","message":"db-query","rows":1,"text":"SELECT d.*, s.name AS subsidiary_name\n       FROM drivers d\n       LEFT JOIN subsidiaries s ON s.id = d.subsidiary_id\n       WHERE d.id = $1","timestamp":"2026-03-14T11:01:04.075Z"}
{"duration":2,"level":"info","message":"db-query","rows":1,"text":"SELECT id, note, created_at, created_by\n       FROM driver_notes\n       WHERE driver_id = $1\n       ORDER BY created_at DESC","timestamp":"2026-03-14T11:01:04.078Z"}
{"duration":3,"level":"info","message":"db-query","rows":1,"text":"SELECT id, name, start_time, end_time\n       FROM driver_shifts\n       WHERE driver_id = $1\n       ORDER BY id ASC","timestamp":"2026-03-14T11:01:04.083Z"}
{"duration":5,"level":"info","message":"db-query","rows":1,"text":"SELECT \n            v.*,\n            json_build_object(\n              'id', vt.id,\n              'name', vt.name,\n              'driver_waiting_charges', vt.driver_waiting_charges,\n              'account_waiting_charges', vt.account_waiting_charges,\n              'waiting_time', vt.waiting_time\n            ) AS vehicle_type\n         FROM vehicles v\n         LEFT JOIN vehicle_types vt ON vt.id = v.vehicle_type_id\n         WHERE v.id = $1\n         LIMIT 1","timestamp":"2026-03-14T11:01:04.089Z"}
{"duration":1,"level":"info","message":"db-query","rows":null,"text":"COMMIT","timestamp":"2026-03-14T11:01:04.091Z"}
{"duration":4,"level":"info","message":"db-query","rows":1,"text":"\n    UPDATE drivers\n    SET \n      session_status = 'logged_out',\n      driver_status = 'Unavailable',\n      booking_status = 'Unavailable'\n    WHERE id = $1\n  ","timestamp":"2026-03-14T11:01:04.096Z"}
{"duration":2,"level":"info","message":"db-query","rows":1,"text":"UPDATE drivers SET fcm_token = NULL WHERE id = $1","timestamp":"2026-03-14T11:01:04.098Z"}
{"driverId":167,"level":"info","message":"ws:driver-logout","timestamp":"2026-03-14T11:01:04.098Z"}
{"level":"info","message":"POST /api/drivers/logout/167 200 187.192 ms","timestamp":"2026-03-14T11:01:04.101Z"}
{"duration":2,"level":"info","message":"db-query","rows":1,"text":"\n        SELECT * FROM drivers \n        WHERE LOWER(username) = LOWER($1)\n        LIMIT 1\n    ","timestamp":"2026-03-14T11:01:09.068Z"}
{"duration":4,"level":"info","message":"db-query","rows":1,"text":"\n        UPDATE drivers \n        SET \n          session_status = 'logged_in',\n          driver_status = 'Available',\n          booking_status = 'Available'\n        WHERE id = $1\n      ","timestamp":"2026-03-14T11:01:09.150Z"}
{"duration":1,"level":"info","message":"db-query","rows":1,"text":"\n    UPDATE drivers\n    SET \n      fcm_token = $1,\n      fcm_updated_at = NOW()\n    WHERE id = $2\n  ","timestamp":"2026-03-14T11:01:09.151Z"}
{"duration":1,"level":"info","message":"db-query","rows":1,"text":"SELECT * FROM drivers WHERE id = $1 LIMIT 1","timestamp":"2026-03-14T11:01:09.153Z"}
{"duration":1,"level":"info","message":"db-query","rows":null,"text":"BEGIN","timestamp":"2026-03-14T11:01:09.154Z"}
{"duration":1,"level":"info","message":"db-query","rows":1,"text":"SELECT d.*, s.name AS subsidiary_name\n       FROM drivers d\n       LEFT JOIN subsidiaries s ON s.id = d.subsidiary_id\n       WHERE d.id = $1","timestamp":"2026-03-14T11:01:09.155Z"}
{"duration":1,"level":"info","message":"db-query","rows":1,"text":"SELECT id, note, created_at, created_by\n       FROM driver_notes\n       WHERE driver_id = $1\n       ORDER BY created_at DESC","timestamp":"2026-03-14T11:01:09.157Z"}
{"duration":1,"level":"info","message":"db-query","rows":1,"text":"SELECT id, name, start_time, end_time\n       FROM driver_shifts\n       WHERE driver_id = $1\n       ORDER BY id ASC","timestamp":"2026-03-14T11:01:09.158Z"}
{"duration":2,"level":"info","message":"db-query","rows":1,"text":"SELECT \n            v.*,\n            json_build_object(\n              'id', vt.id,\n              'name', vt.name,\n              'driver_waiting_charges', vt.driver_waiting_charges,\n              'account_waiting_charges', vt.account_waiting_charges,\n              'waiting_time', vt.waiting_time\n            ) AS vehicle_type\n         FROM vehicles v\n         LEFT JOIN vehicle_types vt ON vt.id = v.vehicle_type_id\n         WHERE v.id = $1\n         LIMIT 1","timestamp":"2026-03-14T11:01:09.161Z"}
{"duration":1,"level":"info","message":"db-query","rows":null,"text":"COMMIT","timestamp":"2026-03-14T11:01:09.162Z"}
{"level":"info","message":"POST /api/drivers/login 200 103.327 ms","timestamp":"2026-03-14T11:01:09.165Z"}
{"duration":44,"level":"info","message":"db-query","rows":null,"text":"BEGIN","timestamp":"2026-03-14T11:03:04.126Z"}
{"duration":6,"level":"info","message":"db-query","rows":1,"text":"SELECT d.*, s.name AS subsidiary_name\n       FROM drivers d\n       LEFT JOIN subsidiaries s ON s.id = d.subsidiary_id\n       WHERE d.id = $1","timestamp":"2026-03-14T11:03:04.133Z"}
{"duration":2,"level":"info","message":"db-query","rows":1,"text":"SELECT id, note, created_at, created_by\n       FROM driver_notes\n       WHERE driver_id = $1\n       ORDER BY created_at DESC","timestamp":"2026-03-14T11:03:04.136Z"}
{"duration":3,"level":"info","message":"db-query","rows":1,"text":"SELECT id, name, start_time, end_time\n       FROM driver_shifts\n       WHERE driver_id = $1\n       ORDER BY id ASC","timestamp":"2026-03-14T11:03:04.141Z"}
{"duration":4,"level":"info","message":"db-query","rows":1,"text":"SELECT \n            v.*,\n            json_build_object(\n              'id', vt.id,\n              'name', vt.name,\n              'driver_waiting_charges', vt.driver_waiting_charges,\n              'account_waiting_charges', vt.account_waiting_charges,\n              'waiting_time', vt.waiting_time\n            ) AS vehicle_type\n         FROM vehicles v\n         LEFT JOIN vehicle_types vt ON vt.id = v.vehicle_type_id\n         WHERE v.id = $1\n         LIMIT 1","timestamp":"2026-03-14T11:03:04.145Z"}
{"duration":1,"level":"info","message":"db-query","rows":null,"text":"COMMIT","timestamp":"2026-03-14T11:03:04.146Z"}
{"duration":4,"level":"info","message":"db-query","rows":1,"text":"\n    UPDATE drivers\n    SET \n      session_status = 'logged_out',\n      driver_status = 'Unavailable',\n      booking_status = 'Unavailable'\n    WHERE id = $1\n  ","timestamp":"2026-03-14T11:03:04.150Z"}
{"duration":1,"level":"info","message":"db-query","rows":1,"text":"UPDATE drivers SET fcm_token = NULL WHERE id = $1","timestamp":"2026-03-14T11:03:04.153Z"}
{"driverId":167,"level":"info","message":"ws:driver-logout","timestamp":"2026-03-14T11:03:04.155Z"}
{"level":"info","message":"POST /api/drivers/logout/167 200 74.352 ms","timestamp":"2026-03-14T11:03:04.156Z"}
{"duration":1,"level":"info","message":"db-query","rows":1,"text":"\n        SELECT * FROM drivers \n        WHERE LOWER(username) = LOWER($1)\n        LIMIT 1\n    ","timestamp":"2026-03-14T11:03:09.547Z"}
{"duration":1,"level":"info","message":"db-query","rows":1,"text":"\n        UPDATE drivers \n        SET \n          session_status = 'logged_in',\n          driver_status = 'Available',\n          booking_status = 'Available'\n        WHERE id = $1\n      ","timestamp":"2026-03-14T11:03:09.626Z"}
{"duration":0,"level":"info","message":"db-query","rows":1,"text":"\n    UPDATE drivers\n    SET \n      fcm_token = $1,\n      fcm_updated_at = NOW()\n    WHERE id = $2\n  ","timestamp":"2026-03-14T11:03:09.627Z"}
{"duration":1,"level":"info","message":"db-query","rows":1,"text":"SELECT * FROM drivers WHERE id = $1 LIMIT 1","timestamp":"2026-03-14T11:03:09.629Z"}
{"duration":0,"level":"info","message":"db-query","rows":null,"text":"BEGIN","timestamp":"2026-03-14T11:03:09.629Z"}
{"duration":1,"level":"info","message":"db-query","rows":1,"text":"SELECT d.*, s.name AS subsidiary_name\n       FROM drivers d\n       LEFT JOIN subsidiaries s ON s.id = d.subsidiary_id\n       WHERE d.id = $1","timestamp":"2026-03-14T11:03:09.631Z"}
{"duration":1,"level":"info","message":"db-query","rows":1,"text":"SELECT id, note, created_at, created_by\n       FROM driver_notes\n       WHERE driver_id = $1\n       ORDER BY created_at DESC","timestamp":"2026-03-14T11:03:09.632Z"}
{"duration":0,"level":"info","message":"db-query","rows":1,"text":"SELECT id, name, start_time, end_time\n       FROM driver_shifts\n       WHERE driver_id = $1\n       ORDER BY id ASC","timestamp":"2026-03-14T11:03:09.634Z"}
{"duration":1,"level":"info","message":"db-query","rows":1,"text":"SELECT \n            v.*,\n            json_build_object(\n              'id', vt.id,\n              'name', vt.name,\n              'driver_waiting_charges', vt.driver_waiting_charges,\n              'account_waiting_charges', vt.account_waiting_charges,\n              'waiting_time', vt.waiting_time\n            ) AS vehicle_type\n         FROM vehicles v\n         LEFT JOIN vehicle_types vt ON vt.id = v.vehicle_type_id\n         WHERE v.id = $1\n         LIMIT 1","timestamp":"2026-03-14T11:03:09.636Z"}
{"duration":1,"level":"info","message":"db-query","rows":null,"text":"COMMIT","timestamp":"2026-03-14T11:03:09.637Z"}
{"level":"info","message":"POST /api/drivers/login 200 93.286 ms","timestamp":"2026-03-14T11:03:09.638Z"}
{"duration":5,"level":"info","message":"db-query","rows":26,"text":"SELECT * FROM location_types","timestamp":"2026-03-14T11:04:48.076Z"}
{"level":"info","message":"GET /api/location-types 200 12.195 ms","timestamp":"2026-03-14T11:04:48.083Z"}
{"duration":58,"level":"info","message":"db-query","rows":26,"text":"SELECT * FROM location_types","timestamp":"2026-03-14T11:04:48.130Z"}
{"level":"info","message":"GET /api/location-types 200 59.734 ms","timestamp":"2026-03-14T11:04:48.132Z"}
{"duration":8,"level":"info","message":"db-query","rows":26,"text":"SELECT * FROM location_types","timestamp":"2026-03-14T11:05:13.767Z"}
{"level":"info","message":"GET /api/location-types 200 13.414 ms","timestamp":"2026-03-14T11:05:13.773Z"}
{"duration":1,"level":"info","message":"db-query","rows":26,"text":"SELECT * FROM location_types","timestamp":"2026-03-14T11:05:13.780Z"}
{"level":"info","message":"GET /api/location-types 200 2.545 ms","timestamp":"2026-03-14T11:05:13.782Z"}
{"duration":154,"level":"info","message":"db-query","rows":1,"text":"\n        SELECT * FROM drivers \n        WHERE LOWER(username) = LOWER($1)\n        LIMIT 1\n    ","timestamp":"2026-03-14T11:05:30.520Z"}
{"level":"info","message":"POST /api/drivers/login 400 233.648 ms","timestamp":"2026-03-14T11:05:30.595Z"}
{"duration":0,"level":"info","message":"db-query","rows":null,"text":"BEGIN","timestamp":"2026-03-14T11:05:38.081Z"}
{"duration":4,"level":"info","message":"db-query","rows":1,"text":"SELECT d.*, s.name AS subsidiary_name\n       FROM drivers d\n       LEFT JOIN subsidiaries s ON s.id = d.subsidiary_id\n       WHERE d.id = $1","timestamp":"2026-03-14T11:05:38.086Z"}
{"duration":3,"level":"info","message":"db-query","rows":1,"text":"SELECT id, note, created_at, created_by\n       FROM driver_notes\n       WHERE driver_id = $1\n       ORDER BY created_at DESC","timestamp":"2026-03-14T11:05:38.089Z"}
{"duration":2,"level":"info","message":"db-query","rows":1,"text":"SELECT id, name, start_time, end_time\n       FROM driver_shifts\n       WHERE driver_id = $1\n       ORDER BY id ASC","timestamp":"2026-03-14T11:05:38.092Z"}
{"duration":5,"level":"info","message":"db-query","rows":1,"text":"SELECT \n            v.*,\n            json_build_object(\n              'id', vt.id,\n              'name', vt.name,\n              'driver_waiting_charges', vt.driver_waiting_charges,\n              'account_waiting_charges', vt.account_waiting_charges,\n              'waiting_time', vt.waiting_time\n            ) AS vehicle_type\n         FROM vehicles v\n         LEFT JOIN vehicle_types vt ON vt.id = v.vehicle_type_id\n         WHERE v.id = $1\n         LIMIT 1","timestamp":"2026-03-14T11:05:38.098Z"}
{"duration":1,"level":"info","message":"db-query","rows":null,"text":"COMMIT","timestamp":"2026-03-14T11:05:38.099Z"}
{"duration":4,"level":"info","message":"db-query","rows":1,"text":"\n    UPDATE drivers\n    SET \n      session_status = 'logged_out',\n      driver_status = 'Unavailable',\n      booking_status = 'Unavailable'\n    WHERE id = $1\n  ","timestamp":"2026-03-14T11:05:38.105Z"}
{"duration":2,"level":"info","message":"db-query","rows":1,"text":"UPDATE drivers SET fcm_token = NULL WHERE id = $1","timestamp":"2026-03-14T11:05:38.107Z"}
{"driverId":167,"level":"info","message":"ws:driver-logout","timestamp":"2026-03-14T11:05:38.107Z"}
{"level":"info","message":"POST /api/drivers/logout/167 200 28.149 ms","timestamp":"2026-03-14T11:05:38.108Z"}
{"duration":1,"level":"info","message":"db-query","rows":1,"text":"\n        SELECT * FROM drivers \n        WHERE LOWER(username) = LOWER($1)\n        LIMIT 1\n    ","timestamp":"2026-03-14T11:05:45.528Z"}
{"duration":1,"level":"info","message":"db-query","rows":1,"text":"\n        UPDATE drivers \n        SET \n          session_status = 'logged_in',\n          driver_status = 'Available',\n          booking_status = 'Available'\n        WHERE id = $1\n      ","timestamp":"2026-03-14T11:05:45.607Z"}
{"duration":1,"level":"info","message":"db-query","rows":1,"text":"\n    UPDATE drivers\n    SET \n      fcm_token = $1,\n      fcm_updated_at = NOW()\n    WHERE id = $2\n  ","timestamp":"2026-03-14T11:05:45.609Z"}
{"duration":1,"level":"info","message":"db-query","rows":1,"text":"SELECT * FROM drivers WHERE id = $1 LIMIT 1","timestamp":"2026-03-14T11:05:45.610Z"}
{"duration":0,"level":"info","message":"db-query","rows":null,"text":"BEGIN","timestamp":"2026-03-14T11:05:45.611Z"}
{"duration":2,"level":"info","message":"db-query","rows":1,"text":"SELECT d.*, s.name AS subsidiary_name\n       FROM drivers d\n       LEFT JOIN subsidiaries s ON s.id = d.subsidiary_id\n       WHERE d.id = $1","timestamp":"2026-03-14T11:05:45.613Z"}
{"duration":1,"level":"info","message":"db-query","rows":1,"text":"SELECT id, note, created_at, created_by\n       FROM driver_notes\n       WHERE driver_id = $1\n       ORDER BY created_at DESC","timestamp":"2026-03-14T11:05:45.614Z"}
{"duration":1,"level":"info","message":"db-query","rows":1,"text":"SELECT id, name, start_time, end_time\n       FROM driver_shifts\n       WHERE driver_id = $1\n       ORDER BY id ASC","timestamp":"2026-03-14T11:05:45.616Z"}
{"duration":1,"level":"info","message":"db-query","rows":1,"text":"SELECT \n            v.*,\n            json_build_object(\n              'id', vt.id,\n              'name', vt.name,\n              'driver_waiting_charges', vt.driver_waiting_charges,\n              'account_waiting_charges', vt.account_waiting_charges,\n              'waiting_time', vt.waiting_time\n            ) AS vehicle_type\n         FROM vehicles v\n         LEFT JOIN vehicle_types vt ON vt.id = v.vehicle_type_id\n         WHERE v.id = $1\n         LIMIT 1","timestamp":"2026-03-14T11:05:45.618Z"}
{"duration":1,"level":"info","message":"db-query","rows":null,"text":"COMMIT","timestamp":"2026-03-14T11:05:45.621Z"}
{"level":"info","message":"POST /api/drivers/login 200 96.160 ms","timestamp":"2026-03-14T11:05:45.623Z"}
{"level":"info","message":"ws:upgrade","timestamp":"2026-03-14T11:06:23.337Z","url":"/websocket/driver-login"}
{"level":"info","message":"ws:dashboard-connected","socketId":"423f3432-3c3b-4bf6-b401-19a9849730cb","timestamp":"2026-03-14T11:06:23.343Z"}
{"level":"info","message":"ws:dashboard-disconnect","socketId":"423f3432-3c3b-4bf6-b401-19a9849730cb","timestamp":"2026-03-14T11:06:27.702Z"}
{"level":"info","message":"ws:upgrade","timestamp":"2026-03-14T11:06:27.745Z","url":"/websocket/driver-login"}
{"level":"info","message":"ws:dashboard-connected","socketId":"47ba0daa-7a58-4d6c-ae5e-72680ddb69bf","timestamp":"2026-03-14T11:06:27.746Z"}
{"level":"info","message":"ws:dashboard-disconnect","socketId":"47ba0daa-7a58-4d6c-ae5e-72680ddb69bf","timestamp":"2026-03-14T11:06:27.906Z"}
{"level":"info","message":"ws:upgrade","timestamp":"2026-03-14T11:06:27.953Z","url":"/websocket/driver-login"}
{"level":"info","message":"ws:dashboard-connected","socketId":"b8e13b0e-51c2-4446-a3a5-72f1027c144a","timestamp":"2026-03-14T11:06:27.956Z"}
{"level":"info","message":"ws:dashboard-disconnect","socketId":"b8e13b0e-51c2-4446-a3a5-72f1027c144a","timestamp":"2026-03-14T11:06:28.990Z"}
{"level":"info","message":"ws:upgrade","timestamp":"2026-03-14T11:06:29.039Z","url":"/websocket/driver-login"}
{"level":"info","message":"ws:dashboard-connected","socketId":"3f76d252-4840-4815-a085-8ad909b042ac","timestamp":"2026-03-14T11:06:29.043Z"}
{"level":"info","message":"ws:dashboard-disconnect","socketId":"3f76d252-4840-4815-a085-8ad909b042ac","timestamp":"2026-03-14T11:06:31.807Z"}
{"level":"info","message":"ws:upgrade","timestamp":"2026-03-14T11:06:31.856Z","url":"/websocket/driver-login"}
{"level":"info","message":"ws:dashboard-connected","socketId":"6d3e8f4b-4321-4b4e-a537-d9a97562de28","timestamp":"2026-03-14T11:06:31.858Z"}
{"duration":50,"level":"info","message":"db-query","rows":null,"text":"BEGIN","timestamp":"2026-03-14T11:06:37.628Z"}
{"duration":6,"level":"info","message":"db-query","rows":1,"text":"SELECT d.*, s.name AS subsidiary_name\n       FROM drivers d\n       LEFT JOIN subsidiaries s ON s.id = d.subsidiary_id\n       WHERE d.id = $1","timestamp":"2026-03-14T11:06:37.634Z"}
{"duration":2,"level":"info","message":"db-query","rows":1,"text":"SELECT id, note, created_at, created_by\n       FROM driver_notes\n       WHERE driver_id = $1\n       ORDER BY created_at DESC","timestamp":"2026-03-14T11:06:37.637Z"}
{"duration":2,"level":"info","message":"db-query","rows":1,"text":"SELECT id, name, start_time, end_time\n       FROM driver_shifts\n       WHERE driver_id = $1\n       ORDER BY id ASC","timestamp":"2026-03-14T11:06:37.641Z"}
{"duration":3,"level":"info","message":"db-query","rows":1,"text":"SELECT \n            v.*,\n            json_build_object(\n              'id', vt.id,\n              'name', vt.name,\n              'driver_waiting_charges', vt.driver_waiting_charges,\n              'account_waiting_charges', vt.account_waiting_charges,\n              'waiting_time', vt.waiting_time\n            ) AS vehicle_type\n         FROM vehicles v\n         LEFT JOIN vehicle_types vt ON vt.id = v.vehicle_type_id\n         WHERE v.id = $1\n         LIMIT 1","timestamp":"2026-03-14T11:06:37.645Z"}
{"duration":1,"level":"info","message":"db-query","rows":null,"text":"COMMIT","timestamp":"2026-03-14T11:06:37.646Z"}
{"duration":4,"level":"info","message":"db-query","rows":1,"text":"\n    UPDATE drivers\n    SET \n      session_status = 'logged_out',\n      driver_status = 'Unavailable',\n      booking_status = 'Unavailable'\n    WHERE id = $1\n  ","timestamp":"2026-03-14T11:06:37.651Z"}
{"duration":1,"level":"info","message":"db-query","rows":1,"text":"UPDATE drivers SET fcm_token = NULL WHERE id = $1","timestamp":"2026-03-14T11:06:37.653Z"}
{"driverId":167,"level":"info","message":"ws:driver-logout","timestamp":"2026-03-14T11:06:37.654Z"}
{"level":"info","message":"POST /api/drivers/logout/167 200 77.867 ms","timestamp":"2026-03-14T11:06:37.656Z"}
{"duration":1,"level":"info","message":"db-query","rows":1,"text":"\n        SELECT * FROM drivers \n        WHERE LOWER(username) = LOWER($1)\n        LIMIT 1\n    ","timestamp":"2026-03-14T11:06:40.091Z"}
{"duration":3,"level":"info","message":"db-query","rows":1,"text":"\n        UPDATE drivers \n        SET \n          session_status = 'logged_in',\n          driver_status = 'Available',\n          booking_status = 'Available'\n        WHERE id = $1\n      ","timestamp":"2026-03-14T11:06:40.168Z"}
{"duration":1,"level":"info","message":"db-query","rows":1,"text":"\n    UPDATE drivers\n    SET \n      fcm_token = $1,\n      fcm_updated_at = NOW()\n    WHERE id = $2\n  ","timestamp":"2026-03-14T11:06:40.170Z"}
{"duration":1,"level":"info","message":"db-query","rows":1,"text":"SELECT * FROM drivers WHERE id = $1 LIMIT 1","timestamp":"2026-03-14T11:06:40.171Z"}
{"duration":0,"level":"info","message":"db-query","rows":null,"text":"BEGIN","timestamp":"2026-03-14T11:06:40.172Z"}
{"duration":2,"level":"info","message":"db-query","rows":1,"text":"SELECT d.*, s.name AS subsidiary_name\n       FROM drivers d\n       LEFT JOIN subsidiaries s ON s.id = d.subsidiary_id\n       WHERE d.id = $1","timestamp":"2026-03-14T11:06:40.174Z"}
{"duration":0,"level":"info","message":"db-query","rows":1,"text":"SELECT id, note, created_at, created_by\n       FROM driver_notes\n       WHERE driver_id = $1\n       ORDER BY created_at DESC","timestamp":"2026-03-14T11:06:40.174Z"}
{"duration":1,"level":"info","message":"db-query","rows":1,"text":"SELECT id, name, start_time, end_time\n       FROM driver_shifts\n       WHERE driver_id = $1\n       ORDER BY id ASC","timestamp":"2026-03-14T11:06:40.176Z"}
{"duration":1,"level":"info","message":"db-query","rows":1,"text":"SELECT \n            v.*,\n            json_build_object(\n              'id', vt.id,\n              'name', vt.name,\n              'driver_waiting_charges', vt.driver_waiting_charges,\n              'account_waiting_charges', vt.account_waiting_charges,\n              'waiting_time', vt.waiting_time\n            ) AS vehicle_type\n         FROM vehicles v\n         LEFT JOIN vehicle_types vt ON vt.id = v.vehicle_type_id\n         WHERE v.id = $1\n         LIMIT 1","timestamp":"2026-03-14T11:06:40.177Z"}
{"duration":0,"level":"info","message":"db-query","rows":null,"text":"COMMIT","timestamp":"2026-03-14T11:06:40.178Z"}
{"level":"info","message":"POST /api/drivers/login 200 90.968 ms","timestamp":"2026-03-14T11:06:40.180Z"}
{"level":"info","message":"ws:dashboard-disconnect","socketId":"6d3e8f4b-4321-4b4e-a537-d9a97562de28","timestamp":"2026-03-14T11:06:58.821Z"}
{"level":"info","message":"ws:upgrade","timestamp":"2026-03-14T11:06:58.884Z","url":"/websocket/driver-login"}
{"level":"info","message":"ws:dashboard-connected","socketId":"cc6b46ef-bd22-4d45-8d1c-d7db70589126","timestamp":"2026-03-14T11:06:58.891Z"}
{"duration":43,"level":"info","message":"db-query","rows":null,"text":"BEGIN","timestamp":"2026-03-14T11:07:17.340Z"}
{"duration":6,"level":"info","message":"db-query","rows":1,"text":"SELECT d.*, s.name AS subsidiary_name\n       FROM drivers d\n       LEFT JOIN subsidiaries s ON s.id = d.subsidiary_id\n       WHERE d.id = $1","timestamp":"2026-03-14T11:07:17.347Z"}
{"duration":2,"level":"info","message":"db-query","rows":1,"text":"SELECT id, note, created_at, created_by\n       FROM driver_notes\n       WHERE driver_id = $1\n       ORDER BY created_at DESC","timestamp":"2026-03-14T11:07:17.351Z"}
{"duration":3,"level":"info","message":"db-query","rows":1,"text":"SELECT id, name, start_time, end_time\n       FROM driver_shifts\n       WHERE driver_id = $1\n       ORDER BY id ASC","timestamp":"2026-03-14T11:07:17.356Z"}
{"duration":5,"level":"info","message":"db-query","rows":1,"text":"SELECT \n            v.*,\n            json_build_object(\n              'id', vt.id,\n              'name', vt.name,\n              'driver_waiting_charges', vt.driver_waiting_charges,\n              'account_waiting_charges', vt.account_waiting_charges,\n              'waiting_time', vt.waiting_time\n            ) AS vehicle_type\n         FROM vehicles v\n         LEFT JOIN vehicle_types vt ON vt.id = v.vehicle_type_id\n         WHERE v.id = $1\n         LIMIT 1","timestamp":"2026-03-14T11:07:17.361Z"}
{"duration":1,"level":"info","message":"db-query","rows":null,"text":"COMMIT","timestamp":"2026-03-14T11:07:17.363Z"}
{"duration":2,"level":"info","message":"db-query","rows":1,"text":"\n    UPDATE drivers\n    SET \n      session_status = 'logged_out',\n      driver_status = 'Unavailable',\n      booking_status = 'Unavailable'\n    WHERE id = $1\n  ","timestamp":"2026-03-14T11:07:17.365Z"}
{"duration":1,"level":"info","message":"db-query","rows":1,"text":"UPDATE drivers SET fcm_token = NULL WHERE id = $1","timestamp":"2026-03-14T11:07:17.369Z"}
{"driverId":167,"level":"info","message":"ws:driver-logout","timestamp":"2026-03-14T11:07:17.370Z"}
{"level":"info","message":"POST /api/drivers/logout/167 200 78.101 ms","timestamp":"2026-03-14T11:07:17.375Z"}
{"duration":1,"level":"info","message":"db-query","rows":1,"text":"\n        SELECT * FROM drivers \n        WHERE LOWER(username) = LOWER($1)\n        LIMIT 1\n    ","timestamp":"2026-03-14T11:07:22.600Z"}
{"duration":3,"level":"info","message":"db-query","rows":1,"text":"\n        UPDATE drivers \n        SET \n          session_status = 'logged_in',\n          driver_status = 'Available',\n          booking_status = 'Available'\n        WHERE id = $1\n      ","timestamp":"2026-03-14T11:07:22.678Z"}
{"duration":1,"level":"info","message":"db-query","rows":1,"text":"\n    UPDATE drivers\n    SET \n      fcm_token = $1,\n      fcm_updated_at = NOW()\n    WHERE id = $2\n  ","timestamp":"2026-03-14T11:07:22.679Z"}
{"duration":1,"level":"info","message":"db-query","rows":1,"text":"SELECT * FROM drivers WHERE id = $1 LIMIT 1","timestamp":"2026-03-14T11:07:22.681Z"}
{"duration":0,"level":"info","message":"db-query","rows":null,"text":"BEGIN","timestamp":"2026-03-14T11:07:22.681Z"}
{"duration":2,"level":"info","message":"db-query","rows":1,"text":"SELECT d.*, s.name AS subsidiary_name\n       FROM drivers d\n       LEFT JOIN subsidiaries s ON s.id = d.subsidiary_id\n       WHERE d.id = $1","timestamp":"2026-03-14T11:07:22.684Z"}
{"duration":1,"level":"info","message":"db-query","rows":1,"text":"SELECT id, note, created_at, created_by\n       FROM driver_notes\n       WHERE driver_id = $1\n       ORDER BY created_at DESC","timestamp":"2026-03-14T11:07:22.685Z"}
{"duration":0,"level":"info","message":"db-query","rows":1,"text":"SELECT id, name, start_time, end_time\n       FROM driver_shifts\n       WHERE driver_id = $1\n       ORDER BY id ASC","timestamp":"2026-03-14T11:07:22.686Z"}
{"duration":1,"level":"info","message":"db-query","rows":1,"text":"SELECT \n            v.*,\n            json_build_object(\n              'id', vt.id,\n              'name', vt.name,\n              'driver_waiting_charges', vt.driver_waiting_charges,\n              'account_waiting_charges', vt.account_waiting_charges,\n              'waiting_time', vt.waiting_time\n            ) AS vehicle_type\n         FROM vehicles v\n         LEFT JOIN vehicle_types vt ON vt.id = v.vehicle_type_id\n         WHERE v.id = $1\n         LIMIT 1","timestamp":"2026-03-14T11:07:22.688Z"}
{"duration":0,"level":"info","message":"db-query","rows":null,"text":"COMMIT","timestamp":"2026-03-14T11:07:22.689Z"}
{"level":"info","message":"POST /api/drivers/login 200 92.699 ms","timestamp":"2026-03-14T11:07:22.691Z"}
{"duration":5,"level":"info","message":"db-query","rows":26,"text":"SELECT * FROM location_types","timestamp":"2026-03-14T11:07:37.978Z"}
{"level":"info","message":"GET /api/location-types 200 11.454 ms","timestamp":"2026-03-14T11:07:37.984Z"}
{"duration":53,"level":"info","message":"db-query","rows":26,"text":"SELECT * FROM location_types","timestamp":"2026-03-14T11:07:38.028Z"}
{"level":"info","message":"GET /api/location-types 200 54.601 ms","timestamp":"2026-03-14T11:07:38.029Z"}
{"duration":5,"level":"info","message":"db-query","rows":26,"text":"SELECT * FROM location_types","timestamp":"2026-03-14T11:07:41.302Z"}
{"level":"info","message":"GET /api/location-types 200 12.384 ms","timestamp":"2026-03-14T11:07:41.310Z"}
{"duration":54,"level":"info","message":"db-query","rows":26,"text":"SELECT * FROM location_types","timestamp":"2026-03-14T11:07:41.353Z"}
{"level":"info","message":"GET /api/location-types 200 55.457 ms","timestamp":"2026-03-14T11:07:41.354Z"}
{"duration":5,"level":"info","message":"db-query","rows":26,"text":"SELECT * FROM location_types","timestamp":"2026-03-14T11:07:48.016Z"}
{"level":"info","message":"GET /api/location-types 200 14.447 ms","timestamp":"2026-03-14T11:07:48.025Z"}
{"duration":58,"level":"info","message":"db-query","rows":26,"text":"SELECT * FROM location_types","timestamp":"2026-03-14T11:07:48.070Z"}
{"level":"info","message":"GET /api/location-types 200 59.933 ms","timestamp":"2026-03-14T11:07:48.072Z"}
{"level":"info","message":"ws:upgrade","timestamp":"2026-03-14T11:07:51.089Z","url":"/websocket/driver-login"}
{"level":"info","message":"ws:dashboard-connected","socketId":"d5c37040-93b1-423e-87ff-10c9aff58b65","timestamp":"2026-03-14T11:07:51.093Z"}
{"duration":1,"level":"info","message":"db-query","rows":null,"text":"BEGIN","timestamp":"2026-03-14T11:07:57.568Z"}
{"duration":8,"level":"info","message":"db-query","rows":1,"text":"SELECT d.*, s.name AS subsidiary_name\n       FROM drivers d\n       LEFT JOIN subsidiaries s ON s.id = d.subsidiary_id\n       WHERE d.id = $1","timestamp":"2026-03-14T11:07:57.577Z"}
{"duration":2,"level":"info","message":"db-query","rows":1,"text":"SELECT id, note, created_at, created_by\n       FROM driver_notes\n       WHERE driver_id = $1\n       ORDER BY created_at DESC","timestamp":"2026-03-14T11:07:57.580Z"}
{"duration":4,"level":"info","message":"db-query","rows":1,"text":"SELECT id, name, start_time, end_time\n       FROM driver_shifts\n       WHERE driver_id = $1\n       ORDER BY id ASC","timestamp":"2026-03-14T11:07:57.585Z"}
{"duration":4,"level":"info","message":"db-query","rows":1,"text":"SELECT \n            v.*,\n            json_build_object(\n              'id', vt.id,\n              'name', vt.name,\n              'driver_waiting_charges', vt.driver_waiting_charges,\n              'account_waiting_charges', vt.account_waiting_charges,\n              'waiting_time', vt.waiting_time\n            ) AS vehicle_type\n         FROM vehicles v\n         LEFT JOIN vehicle_types vt ON vt.id = v.vehicle_type_id\n         WHERE v.id = $1\n         LIMIT 1","timestamp":"2026-03-14T11:07:57.590Z"}
{"duration":1,"level":"info","message":"db-query","rows":null,"text":"COMMIT","timestamp":"2026-03-14T11:07:57.591Z"}
{"duration":3,"level":"info","message":"db-query","rows":1,"text":"\n    UPDATE drivers\n    SET \n      session_status = 'logged_out',\n      driver_status = 'Unavailable',\n      booking_status = 'Unavailable'\n    WHERE id = $1\n  ","timestamp":"2026-03-14T11:07:57.595Z"}
{"duration":1,"level":"info","message":"db-query","rows":1,"text":"UPDATE drivers SET fcm_token = NULL WHERE id = $1","timestamp":"2026-03-14T11:07:57.596Z"}
{"driverId":167,"level":"info","message":"ws:driver-logout","timestamp":"2026-03-14T11:07:57.597Z"}
{"level":"info","message":"POST /api/drivers/logout/167 200 32.155 ms","timestamp":"2026-03-14T11:07:57.600Z"}
{"duration":2,"level":"info","message":"db-query","rows":1,"text":"\n        SELECT * FROM drivers \n        WHERE LOWER(username) = LOWER($1)\n        LIMIT 1\n    ","timestamp":"2026-03-14T11:08:01.187Z"}
{"duration":3,"level":"info","message":"db-query","rows":1,"text":"\n        UPDATE drivers \n        SET \n          session_status = 'logged_in',\n          driver_status = 'Available',\n          booking_status = 'Available'\n        WHERE id = $1\n      ","timestamp":"2026-03-14T11:08:01.269Z"}
{"duration":1,"level":"info","message":"db-query","rows":1,"text":"\n    UPDATE drivers\n    SET \n      fcm_token = $1,\n      fcm_updated_at = NOW()\n    WHERE id = $2\n  ","timestamp":"2026-03-14T11:08:01.271Z"}
{"duration":1,"level":"info","message":"db-query","rows":1,"text":"SELECT * FROM drivers WHERE id = $1 LIMIT 1","timestamp":"2026-03-14T11:08:01.273Z"}
{"duration":1,"level":"info","message":"db-query","rows":null,"text":"BEGIN","timestamp":"2026-03-14T11:08:01.274Z"}
{"duration":1,"level":"info","message":"db-query","rows":1,"text":"SELECT d.*, s.name AS subsidiary_name\n       FROM drivers d\n       LEFT JOIN subsidiaries s ON s.id = d.subsidiary_id\n       WHERE d.id = $1","timestamp":"2026-03-14T11:08:01.275Z"}
{"duration":1,"level":"info","message":"db-query","rows":1,"text":"SELECT id, note, created_at, created_by\n       FROM driver_notes\n       WHERE driver_id = $1\n       ORDER BY created_at DESC","timestamp":"2026-03-14T11:08:01.276Z"}
{"duration":0,"level":"info","message":"db-query","rows":1,"text":"SELECT id, name, start_time, end_time\n       FROM driver_shifts\n       WHERE driver_id = $1\n       ORDER BY id ASC","timestamp":"2026-03-14T11:08:01.277Z"}
{"duration":1,"level":"info","message":"db-query","rows":1,"text":"SELECT \n            v.*,\n            json_build_object(\n              'id', vt.id,\n              'name', vt.name,\n              'driver_waiting_charges', vt.driver_waiting_charges,\n              'account_waiting_charges', vt.account_waiting_charges,\n              'waiting_time', vt.waiting_time\n            ) AS vehicle_type\n         FROM vehicles v\n         LEFT JOIN vehicle_types vt ON vt.id = v.vehicle_type_id\n         WHERE v.id = $1\n         LIMIT 1","timestamp":"2026-03-14T11:08:01.279Z"}
{"duration":1,"level":"info","message":"db-query","rows":null,"text":"COMMIT","timestamp":"2026-03-14T11:08:01.280Z"}
{"level":"info","message":"POST /api/drivers/login 200 101.701 ms","timestamp":"2026-03-14T11:08:01.284Z"}
{"duration":6,"level":"info","message":"db-query","rows":26,"text":"SELECT * FROM location_types","timestamp":"2026-03-14T11:08:25.177Z"}
{"level":"info","message":"GET /api/location-types 200 11.232 ms","timestamp":"2026-03-14T11:08:25.184Z"}
{"duration":50,"level":"info","message":"db-query","rows":26,"text":"SELECT * FROM location_types","timestamp":"2026-03-14T11:08:25.223Z"}
{"level":"info","message":"GET /api/location-types 200 50.631 ms","timestamp":"2026-03-14T11:08:25.224Z"}
{"duration":5,"level":"info","message":"db-query","rows":26,"text":"SELECT * FROM location_types","timestamp":"2026-03-14T11:08:32.010Z"}
{"level":"info","message":"GET /api/location-types 200 11.394 ms","timestamp":"2026-03-14T11:08:32.016Z"}
{"duration":49,"level":"info","message":"db-query","rows":26,"text":"SELECT * FROM location_types","timestamp":"2026-03-14T11:08:32.055Z"}
{"level":"info","message":"GET /api/location-types 200 50.293 ms","timestamp":"2026-03-14T11:08:32.057Z"}
{"duration":6,"level":"info","message":"db-query","rows":26,"text":"SELECT * FROM location_types","timestamp":"2026-03-14T11:09:06.103Z"}
{"level":"info","message":"GET /api/location-types 200 11.824 ms","timestamp":"2026-03-14T11:09:06.109Z"}
{"duration":48,"level":"info","message":"db-query","rows":26,"text":"SELECT * FROM location_types","timestamp":"2026-03-14T11:09:06.147Z"}
{"level":"info","message":"GET /api/location-types 200 49.658 ms","timestamp":"2026-03-14T11:09:06.148Z"}
{"duration":5,"level":"info","message":"db-query","rows":26,"text":"SELECT * FROM location_types","timestamp":"2026-03-14T11:09:55.921Z"}
{"level":"info","message":"GET /api/location-types 200 12.531 ms","timestamp":"2026-03-14T11:09:55.929Z"}
{"duration":51,"level":"info","message":"db-query","rows":26,"text":"SELECT * FROM location_types","timestamp":"2026-03-14T11:09:55.969Z"}
{"level":"info","message":"GET /api/location-types 200 52.404 ms","timestamp":"2026-03-14T11:09:55.970Z"}
{"duration":5,"level":"info","message":"db-query","rows":26,"text":"SELECT * FROM location_types","timestamp":"2026-03-14T11:10:00.464Z"}
{"level":"info","message":"GET /api/location-types 200 10.943 ms","timestamp":"2026-03-14T11:10:00.470Z"}
{"duration":1,"level":"info","message":"db-query","rows":26,"text":"SELECT * FROM location_types","timestamp":"2026-03-14T11:10:00.477Z"}
{"level":"info","message":"GET /api/location-types 200 2.274 ms","timestamp":"2026-03-14T11:10:00.479Z"}
{"duration":6,"level":"info","message":"db-query","rows":26,"text":"SELECT * FROM location_types","timestamp":"2026-03-14T11:10:15.754Z"}
{"level":"info","message":"GET /api/location-types 200 34.323 ms","timestamp":"2026-03-14T11:10:15.782Z"}
{"duration":107,"level":"info","message":"db-query","rows":26,"text":"SELECT * FROM location_types","timestamp":"2026-03-14T11:10:15.857Z"}
{"level":"info","message":"GET /api/location-types 200 123.266 ms","timestamp":"2026-03-14T11:10:15.873Z"}
{"duration":6,"level":"info","message":"db-query","rows":26,"text":"SELECT * FROM location_types","timestamp":"2026-03-14T11:11:21.705Z"}
{"level":"info","message":"GET /api/location-types 200 11.969 ms","timestamp":"2026-03-14T11:11:21.712Z"}
{"duration":1,"level":"info","message":"db-query","rows":26,"text":"SELECT * FROM location_types","timestamp":"2026-03-14T11:11:21.720Z"}
{"level":"info","message":"GET /api/location-types 200 3.020 ms","timestamp":"2026-03-14T11:11:21.722Z"}
{"level":"info","message":"ws:upgrade","timestamp":"2026-03-14T11:11:31.487Z","url":"/websocket/driver-login"}
{"level":"info","message":"ws:dashboard-connected","socketId":"a562074a-815a-4c58-83e5-6425b8993cd0","timestamp":"2026-03-14T11:11:31.494Z"}
{"duration":18,"level":"info","message":"db-query","rows":26,"text":"SELECT * FROM location_types","timestamp":"2026-03-14T11:11:31.636Z"}
{"level":"info","message":"GET /api/location-types 200 23.135 ms","timestamp":"2026-03-14T11:11:31.642Z"}
{"duration":71,"level":"info","message":"db-query","rows":26,"text":"SELECT * FROM location_types","timestamp":"2026-03-14T11:11:31.692Z"}
{"level":"info","message":"GET /api/location-types 200 72.453 ms","timestamp":"2026-03-14T11:11:31.693Z"}
{"duration":1,"level":"info","message":"db-query","rows":null,"text":"BEGIN","timestamp":"2026-03-14T11:11:37.067Z"}
{"duration":8,"level":"info","message":"db-query","rows":1,"text":"SELECT d.*, s.name AS subsidiary_name\n       FROM drivers d\n       LEFT JOIN subsidiaries s ON s.id = d.subsidiary_id\n       WHERE d.id = $1","timestamp":"2026-03-14T11:11:37.076Z"}
{"duration":3,"level":"info","message":"db-query","rows":1,"text":"SELECT id, note, created_at, created_by\n       FROM driver_notes\n       WHERE driver_id = $1\n       ORDER BY created_at DESC","timestamp":"2026-03-14T11:11:37.080Z"}
{"duration":2,"level":"info","message":"db-query","rows":1,"text":"SELECT id, name, start_time, end_time\n       FROM driver_shifts\n       WHERE driver_id = $1\n       ORDER BY id ASC","timestamp":"2026-03-14T11:11:37.084Z"}
{"duration":4,"level":"info","message":"db-query","rows":1,"text":"SELECT \n            v.*,\n            json_build_object(\n              'id', vt.id,\n              'name', vt.name,\n              'driver_waiting_charges', vt.driver_waiting_charges,\n              'account_waiting_charges', vt.account_waiting_charges,\n              'waiting_time', vt.waiting_time\n            ) AS vehicle_type\n         FROM vehicles v\n         LEFT JOIN vehicle_types vt ON vt.id = v.vehicle_type_id\n         WHERE v.id = $1\n         LIMIT 1","timestamp":"2026-03-14T11:11:37.091Z"}
{"duration":1,"level":"info","message":"db-query","rows":null,"text":"COMMIT","timestamp":"2026-03-14T11:11:37.093Z"}
{"duration":2,"level":"info","message":"db-query","rows":1,"text":"\n    UPDATE drivers\n    SET \n      session_status = 'logged_out',\n      driver_status = 'Unavailable',\n      booking_status = 'Unavailable'\n    WHERE id = $1\n  ","timestamp":"2026-03-14T11:11:37.096Z"}
{"duration":2,"level":"info","message":"db-query","rows":1,"text":"UPDATE drivers SET fcm_token = NULL WHERE id = $1","timestamp":"2026-03-14T11:11:37.098Z"}
{"driverId":167,"level":"info","message":"ws:driver-logout","timestamp":"2026-03-14T11:11:37.098Z"}
{"level":"info","message":"POST /api/drivers/logout/167 200 36.065 ms","timestamp":"2026-03-14T11:11:37.102Z"}
{"duration":2,"level":"info","message":"db-query","rows":1,"text":"\n        SELECT * FROM drivers \n        WHERE LOWER(username) = LOWER($1)\n        LIMIT 1\n    ","timestamp":"2026-03-14T11:11:40.325Z"}
{"duration":3,"level":"info","message":"db-query","rows":1,"text":"\n        UPDATE drivers \n        SET \n          session_status = 'logged_in',\n          driver_status = 'Available',\n          booking_status = 'Available'\n        WHERE id = $1\n      ","timestamp":"2026-03-14T11:11:40.414Z"}
{"duration":2,"level":"info","message":"db-query","rows":1,"text":"\n    UPDATE drivers\n    SET \n      fcm_token = $1,\n      fcm_updated_at = NOW()\n    WHERE id = $2\n  ","timestamp":"2026-03-14T11:11:40.416Z"}
{"duration":2,"level":"info","message":"db-query","rows":1,"text":"SELECT * FROM drivers WHERE id = $1 LIMIT 1","timestamp":"2026-03-14T11:11:40.418Z"}
{"duration":0,"level":"info","message":"db-query","rows":null,"text":"BEGIN","timestamp":"2026-03-14T11:11:40.418Z"}
{"duration":1,"level":"info","message":"db-query","rows":1,"text":"SELECT d.*, s.name AS subsidiary_name\n       FROM drivers d\n       LEFT JOIN subsidiaries s ON s.id = d.subsidiary_id\n       WHERE d.id = $1","timestamp":"2026-03-14T11:11:40.420Z"}
{"duration":1,"level":"info","message":"db-query","rows":1,"text":"SELECT id, note, created_at, created_by\n       FROM driver_notes\n       WHERE driver_id = $1\n       ORDER BY created_at DESC","timestamp":"2026-03-14T11:11:40.421Z"}
{"duration":0,"level":"info","message":"db-query","rows":1,"text":"SELECT id, name, start_time, end_time\n       FROM driver_shifts\n       WHERE driver_id = $1\n       ORDER BY id ASC","timestamp":"2026-03-14T11:11:40.422Z"}
{"duration":1,"level":"info","message":"db-query","rows":1,"text":"SELECT \n            v.*,\n            json_build_object(\n              'id', vt.id,\n              'name', vt.name,\n              'driver_waiting_charges', vt.driver_waiting_charges,\n              'account_waiting_charges', vt.account_waiting_charges,\n              'waiting_time', vt.waiting_time\n            ) AS vehicle_type\n         FROM vehicles v\n         LEFT JOIN vehicle_types vt ON vt.id = v.vehicle_type_id\n         WHERE v.id = $1\n         LIMIT 1","timestamp":"2026-03-14T11:11:40.424Z"}
{"duration":0,"level":"info","message":"db-query","rows":null,"text":"COMMIT","timestamp":"2026-03-14T11:11:40.425Z"}
{"level":"info","message":"POST /api/drivers/login 200 108.332 ms","timestamp":"2026-03-14T11:11:40.426Z"}
{"duration":5,"level":"info","message":"db-query","rows":26,"text":"SELECT * FROM location_types","timestamp":"2026-03-14T11:13:35.416Z"}
{"level":"info","message":"GET /api/location-types 200 10.994 ms","timestamp":"2026-03-14T11:13:35.422Z"}
{"duration":1,"level":"info","message":"db-query","rows":26,"text":"SELECT * FROM location_types","timestamp":"2026-03-14T11:13:35.430Z"}
{"level":"info","message":"GET /api/location-types 200 2.288 ms","timestamp":"2026-03-14T11:13:35.431Z"}
{"duration":5,"level":"info","message":"db-query","rows":26,"text":"SELECT * FROM location_types","timestamp":"2026-03-14T11:13:40.491Z"}
{"level":"info","message":"GET /api/location-types 200 11.414 ms","timestamp":"2026-03-14T11:13:40.498Z"}
{"duration":151,"level":"info","message":"db-query","rows":26,"text":"SELECT * FROM location_types","timestamp":"2026-03-14T11:13:40.638Z"}
{"level":"info","message":"GET /api/location-types 200 151.833 ms","timestamp":"2026-03-14T11:13:40.639Z"}
{"duration":5,"level":"info","message":"db-query","rows":26,"text":"SELECT * FROM location_types","timestamp":"2026-03-14T11:13:43.085Z"}
{"level":"info","message":"GET /api/location-types 200 10.930 ms","timestamp":"2026-03-14T11:13:43.091Z"}
{"duration":49,"level":"info","message":"db-query","rows":26,"text":"SELECT * FROM location_types","timestamp":"2026-03-14T11:13:43.130Z"}
{"level":"info","message":"GET /api/location-types 200 50.078 ms","timestamp":"2026-03-14T11:13:43.132Z"}
{"level":"info","message":"ws:upgrade","timestamp":"2026-03-14T11:14:55.607Z","url":"/websocket/driver-login"}
{"level":"info","message":"ws:dashboard-connected","socketId":"797ac18e-7185-4c10-ae79-85dd458a9866","timestamp":"2026-03-14T11:14:55.611Z"}
{"level":"info","message":"ws:dashboard-disconnect","socketId":"797ac18e-7185-4c10-ae79-85dd458a9866","timestamp":"2026-03-14T11:14:57.958Z"}
{"duration":6,"level":"info","message":"db-query","rows":26,"text":"SELECT * FROM location_types","timestamp":"2026-03-14T11:26:08.611Z"}
{"level":"info","message":"GET /api/location-types 200 13.261 ms","timestamp":"2026-03-14T11:26:08.618Z"}
{"duration":1,"level":"info","message":"db-query","rows":26,"text":"SELECT * FROM location_types","timestamp":"2026-03-14T11:26:08.627Z"}
{"level":"info","message":"GET /api/location-types 200 2.765 ms","timestamp":"2026-03-14T11:26:08.628Z"}
{"duration":5,"level":"info","message":"db-query","rows":26,"text":"SELECT * FROM location_types","timestamp":"2026-03-14T11:26:19.463Z"}
{"level":"info","message":"GET /api/location-types 200 11.424 ms","timestamp":"2026-03-14T11:26:19.469Z"}
{"duration":49,"level":"info","message":"db-query","rows":26,"text":"SELECT * FROM location_types","timestamp":"2026-03-14T11:26:19.508Z"}
{"level":"info","message":"GET /api/location-types 200 50.523 ms","timestamp":"2026-03-14T11:26:19.510Z"}
{"duration":5,"level":"info","message":"db-query","rows":26,"text":"SELECT * FROM location_types","timestamp":"2026-03-14T11:26:29.139Z"}
{"level":"info","message":"GET /api/location-types 200 12.302 ms","timestamp":"2026-03-14T11:26:29.147Z"}
{"duration":62,"level":"info","message":"db-query","rows":26,"text":"SELECT * FROM location_types","timestamp":"2026-03-14T11:26:29.198Z"}
{"level":"info","message":"GET /api/location-types 200 65.141 ms","timestamp":"2026-03-14T11:26:29.201Z"}
{"level":"info","message":"ws:upgrade","timestamp":"2026-03-14T11:26:35.754Z","url":"/websocket/driver-login"}
{"level":"info","message":"ws:dashboard-connected","socketId":"d197a955-ac25-4a2f-bf2f-c51cb9fe7555","timestamp":"2026-03-14T11:26:35.757Z"}
{"duration":61,"level":"info","message":"db-query","rows":1,"text":"\n        SELECT * FROM drivers \n        WHERE LOWER(username) = LOWER($1)\n        LIMIT 1\n    ","timestamp":"2026-03-14T11:26:40.652Z"}
{"level":"info","message":"POST /api/drivers/login 400 152.033 ms","timestamp":"2026-03-14T11:26:40.738Z"}
{"duration":1,"level":"info","message":"db-query","rows":null,"text":"BEGIN","timestamp":"2026-03-14T11:26:45.947Z"}
{"duration":5,"level":"info","message":"db-query","rows":1,"text":"SELECT d.*, s.name AS subsidiary_name\n       FROM drivers d\n       LEFT JOIN subsidiaries s ON s.id = d.subsidiary_id\n       WHERE d.id = $1","timestamp":"2026-03-14T11:26:45.952Z"}
{"duration":4,"level":"info","message":"db-query","rows":1,"text":"SELECT id, note, created_at, created_by\n       FROM driver_notes\n       WHERE driver_id = $1\n       ORDER BY created_at DESC","timestamp":"2026-03-14T11:26:45.956Z"}
{"duration":2,"level":"info","message":"db-query","rows":1,"text":"SELECT id, name, start_time, end_time\n       FROM driver_shifts\n       WHERE driver_id = $1\n       ORDER BY id ASC","timestamp":"2026-03-14T11:26:45.958Z"}
{"duration":4,"level":"info","message":"db-query","rows":1,"text":"SELECT \n            v.*,\n            json_build_object(\n              'id', vt.id,\n              'name', vt.name,\n              'driver_waiting_charges', vt.driver_waiting_charges,\n              'account_waiting_charges', vt.account_waiting_charges,\n              'waiting_time', vt.waiting_time\n            ) AS vehicle_type\n         FROM vehicles v\n         LEFT JOIN vehicle_types vt ON vt.id = v.vehicle_type_id\n         WHERE v.id = $1\n         LIMIT 1","timestamp":"2026-03-14T11:26:45.963Z"}
{"duration":1,"level":"info","message":"db-query","rows":null,"text":"COMMIT","timestamp":"2026-03-14T11:26:45.964Z"}
{"duration":4,"level":"info","message":"db-query","rows":1,"text":"\n    UPDATE drivers\n    SET \n      session_status = 'logged_out',\n      driver_status = 'Unavailable',\n      booking_status = 'Unavailable'\n    WHERE id = $1\n  ","timestamp":"2026-03-14T11:26:45.970Z"}
{"duration":1,"level":"info","message":"db-query","rows":1,"text":"UPDATE drivers SET fcm_token = NULL WHERE id = $1","timestamp":"2026-03-14T11:26:45.972Z"}
{"driverId":167,"level":"info","message":"ws:driver-logout","timestamp":"2026-03-14T11:26:45.974Z"}
{"level":"info","message":"POST /api/drivers/logout/167 200 29.458 ms","timestamp":"2026-03-14T11:26:45.975Z"}
{"duration":1,"level":"info","message":"db-query","rows":1,"text":"\n        SELECT * FROM drivers \n        WHERE LOWER(username) = LOWER($1)\n        LIMIT 1\n    ","timestamp":"2026-03-14T11:26:48.612Z"}
{"duration":1,"level":"info","message":"db-query","rows":1,"text":"\n        UPDATE drivers \n        SET \n          session_status = 'logged_in',\n          driver_status = 'Available',\n          booking_status = 'Available'\n        WHERE id = $1\n      ","timestamp":"2026-03-14T11:26:48.695Z"}
{"duration":1,"level":"info","message":"db-query","rows":1,"text":"\n    UPDATE drivers\n    SET \n      fcm_token = $1,\n      fcm_updated_at = NOW()\n    WHERE id = $2\n  ","timestamp":"2026-03-14T11:26:48.697Z"}
{"duration":2,"level":"info","message":"db-query","rows":1,"text":"SELECT * FROM drivers WHERE id = $1 LIMIT 1","timestamp":"2026-03-14T11:26:48.699Z"}
{"duration":0,"level":"info","message":"db-query","rows":null,"text":"BEGIN","timestamp":"2026-03-14T11:26:48.701Z"}
{"duration":1,"level":"info","message":"db-query","rows":1,"text":"SELECT d.*, s.name AS subsidiary_name\n       FROM drivers d\n       LEFT JOIN subsidiaries s ON s.id = d.subsidiary_id\n       WHERE d.id = $1","timestamp":"2026-03-14T11:26:48.702Z"}
{"duration":1,"level":"info","message":"db-query","rows":1,"text":"SELECT id, note, created_at, created_by\n       FROM driver_notes\n       WHERE driver_id = $1\n       ORDER BY created_at DESC","timestamp":"2026-03-14T11:26:48.704Z"}
{"duration":1,"level":"info","message":"db-query","rows":1,"text":"SELECT id, name, start_time, end_time\n       FROM driver_shifts\n       WHERE driver_id = $1\n       ORDER BY id ASC","timestamp":"2026-03-14T11:26:48.705Z"}
{"duration":1,"level":"info","message":"db-query","rows":1,"text":"SELECT \n            v.*,\n            json_build_object(\n              'id', vt.id,\n              'name', vt.name,\n              'driver_waiting_charges', vt.driver_waiting_charges,\n              'account_waiting_charges', vt.account_waiting_charges,\n              'waiting_time', vt.waiting_time\n            ) AS vehicle_type\n         FROM vehicles v\n         LEFT JOIN vehicle_types vt ON vt.id = v.vehicle_type_id\n         WHERE v.id = $1\n         LIMIT 1","timestamp":"2026-03-14T11:26:48.707Z"}
{"duration":0,"level":"info","message":"db-query","rows":null,"text":"COMMIT","timestamp":"2026-03-14T11:26:48.707Z"}
{"level":"info","message":"POST /api/drivers/login 200 98.255 ms","timestamp":"2026-03-14T11:26:48.709Z"}
{"duration":148,"level":"info","message":"db-query","rows":null,"text":"BEGIN","timestamp":"2026-03-14T11:27:05.332Z"}
{"duration":6,"level":"info","message":"db-query","rows":1,"text":"SELECT d.*, s.name AS subsidiary_name\n       FROM drivers d\n       LEFT JOIN subsidiaries s ON s.id = d.subsidiary_id\n       WHERE d.id = $1","timestamp":"2026-03-14T11:27:05.339Z"}
{"duration":3,"level":"info","message":"db-query","rows":1,"text":"SELECT id, note, created_at, created_by\n       FROM driver_notes\n       WHERE driver_id = $1\n       ORDER BY created_at DESC","timestamp":"2026-03-14T11:27:05.342Z"}
{"duration":2,"level":"info","message":"db-query","rows":1,"text":"SELECT id, name, start_time, end_time\n       FROM driver_shifts\n       WHERE driver_id = $1\n       ORDER BY id ASC","timestamp":"2026-03-14T11:27:05.344Z"}
{"duration":5,"level":"info","message":"db-query","rows":1,"text":"SELECT \n            v.*,\n            json_build_object(\n              'id', vt.id,\n              'name', vt.name,\n              'driver_waiting_charges', vt.driver_waiting_charges,\n              'account_waiting_charges', vt.account_waiting_charges,\n              'waiting_time', vt.waiting_time\n            ) AS vehicle_type\n         FROM vehicles v\n         LEFT JOIN vehicle_types vt ON vt.id = v.vehicle_type_id\n         WHERE v.id = $1\n         LIMIT 1","timestamp":"2026-03-14T11:27:05.349Z"}
{"duration":1,"level":"info","message":"db-query","rows":null,"text":"COMMIT","timestamp":"2026-03-14T11:27:05.350Z"}
{"duration":1,"level":"info","message":"db-query","rows":1,"text":"\n    UPDATE drivers\n    SET \n      session_status = 'logged_out',\n      driver_status = 'Unavailable',\n      booking_status = 'Unavailable'\n    WHERE id = $1\n  ","timestamp":"2026-03-14T11:27:05.352Z"}
{"duration":1,"level":"info","message":"db-query","rows":1,"text":"UPDATE drivers SET fcm_token = NULL WHERE id = $1","timestamp":"2026-03-14T11:27:05.354Z"}
{"driverId":167,"level":"info","message":"ws:driver-logout","timestamp":"2026-03-14T11:27:05.355Z"}
{"level":"info","message":"POST /api/drivers/logout/167 200 172.910 ms","timestamp":"2026-03-14T11:27:05.357Z"}
{"id":"d197a955-ac25-4a2f-bf2f-c51cb9fe7555","level":"info","message":"ws:closed","timestamp":"2026-03-14T11:27:38.627Z"}
{"level":"info","message":"ws:dashboard-disconnect","socketId":"d197a955-ac25-4a2f-bf2f-c51cb9fe7555","timestamp":"2026-03-14T11:27:38.628Z"}
{"duration":177,"level":"info","message":"db-query","rows":1,"text":"\n      SELECT dc.*,\n      json_build_object(\n        'username', d.username,\n        'email', d.email,\n        'subsidiary_id', d.subsidiary_id\n      ) AS driver\n      FROM driver_rents dc\n      JOIN drivers d ON dc.driver_id = d.id\n      WHERE dc.driver_id = $1\n      ORDER BY dc.id DESC\n    ","timestamp":"2026-03-14T11:29:32.351Z"}
{"level":"info","message":"GET /api/driver_rent/driverid?driver_id=169 200 178.999 ms","timestamp":"2026-03-14T11:29:32.353Z"}
