{"duration":6,"level":"info","message":"db-query","rows":26,"text":"SELECT * FROM location_types","timestamp":"2026-06-30T10:38:55.684Z"}
{"level":"info","message":"GET /api/location-types 200 11.376 ms","timestamp":"2026-06-30T10:38:55.690Z"}
{"duration":47,"level":"info","message":"db-query","rows":26,"text":"SELECT * FROM location_types","timestamp":"2026-06-30T10:38:55.727Z"}
{"level":"info","message":"GET /api/location-types 200 47.852 ms","timestamp":"2026-06-30T10:38:55.728Z"}
{"duration":5,"level":"info","message":"db-query","rows":26,"text":"SELECT * FROM location_types","timestamp":"2026-06-30T10:47:55.876Z"}
{"level":"info","message":"GET /api/location-types 200 10.133 ms","timestamp":"2026-06-30T10:47:55.882Z"}
{"duration":1,"level":"info","message":"db-query","rows":26,"text":"SELECT * FROM location_types","timestamp":"2026-06-30T10:47:55.889Z"}
{"level":"info","message":"GET /api/location-types 200 2.353 ms","timestamp":"2026-06-30T10:47:55.891Z"}
{"duration":6,"level":"info","message":"db-query","rows":26,"text":"SELECT * FROM location_types","timestamp":"2026-06-30T10:48:16.109Z"}
{"level":"info","message":"GET /api/location-types 200 12.075 ms","timestamp":"2026-06-30T10:48:16.115Z"}
{"duration":68,"level":"info","message":"db-query","rows":26,"text":"SELECT * FROM location_types","timestamp":"2026-06-30T10:48:16.173Z"}
{"level":"info","message":"GET /api/location-types 200 69.293 ms","timestamp":"2026-06-30T10:48:16.175Z"}
{"duration":6,"level":"info","message":"db-query","rows":26,"text":"SELECT * FROM location_types","timestamp":"2026-06-30T10:48:21.140Z"}
{"level":"info","message":"GET /api/location-types 200 14.124 ms","timestamp":"2026-06-30T10:48:21.148Z"}
{"duration":49,"level":"info","message":"db-query","rows":26,"text":"SELECT * FROM location_types","timestamp":"2026-06-30T10:48:21.185Z"}
{"level":"info","message":"GET /api/location-types 200 51.736 ms","timestamp":"2026-06-30T10:48:21.188Z"}
{"duration":6,"level":"info","message":"db-query","rows":26,"text":"SELECT * FROM location_types","timestamp":"2026-06-30T10:57:38.621Z"}
{"level":"info","message":"GET /api/location-types 200 17.584 ms","timestamp":"2026-06-30T10:57:38.631Z"}
{"duration":92,"level":"info","message":"db-query","rows":26,"text":"SELECT * FROM location_types","timestamp":"2026-06-30T10:57:38.709Z"}
{"level":"info","message":"GET /api/location-types 200 95.741 ms","timestamp":"2026-06-30T10:57:38.712Z"}
{"level":"info","message":"ws:upgrade","timestamp":"2026-06-30T11:44:12.661Z","url":"/websocket/driver-app-features"}
{"id":"40cc193c-4773-41d9-8433-d23497e11479","level":"info","message":"ws:closed","timestamp":"2026-06-30T11:44:12.674Z"}
{"level":"info","message":"ws:upgrade","timestamp":"2026-06-30T11:44:33.904Z","url":"/websocket/driver-app-features"}
{"id":"6ed9fd0f-674f-48b1-bc3a-89f18ee4e576","level":"info","message":"ws:closed","timestamp":"2026-06-30T11:44:33.907Z"}
{"level":"info","message":"ws:upgrade","timestamp":"2026-06-30T11:44:39.906Z","url":"/websocket/driver-app-features"}
{"id":"660cc41e-0ec7-4f3d-8d03-c8a66065a312","level":"info","message":"ws:closed","timestamp":"2026-06-30T11:44:39.909Z"}
{"level":"info","message":"ws:upgrade","timestamp":"2026-06-30T11:45:17.498Z","url":"/websocket/driver-app-features?driver_id=167"}
{"driverId":"167","level":"info","message":"ws:driver-feature-connected","socketId":"9c38fc00-ff17-4c72-b2e0-f8cac1131a0a","timestamp":"2026-06-30T11:45:17.499Z"}
{"id":"9c38fc00-ff17-4c72-b2e0-f8cac1131a0a","level":"info","message":"ws:closed","timestamp":"2026-06-30T11:45:37.241Z"}
{"driverId":"167","level":"info","message":"ws:driver-feature-disconnected","socketId":"9c38fc00-ff17-4c72-b2e0-f8cac1131a0a","timestamp":"2026-06-30T11:45:37.242Z"}
{"level":"info","message":"ws:upgrade","timestamp":"2026-06-30T11:45:41.503Z","url":"/websocket/driver-app-features?driver_id=167"}
{"driverId":"167","level":"info","message":"ws:driver-feature-connected","socketId":"06a4f815-40d3-4b4f-9474-143c7c82cb45","timestamp":"2026-06-30T11:45:41.504Z"}
{"level":"info","message":"ws:upgrade","timestamp":"2026-06-30T11:45:55.645Z","url":"/websocket/driver-app-features?driver_id=167"}
{"driverId":"167","level":"info","message":"ws:driver-feature-connected","socketId":"c456ee13-ad5a-427f-832f-4301348f6943","timestamp":"2026-06-30T11:45:55.650Z"}
{"duration":10,"level":"info","message":"db-query","rows":26,"text":"SELECT * FROM location_types","timestamp":"2026-06-30T11:45:56.021Z"}
{"level":"info","message":"GET /api/location-types 200 17.775 ms","timestamp":"2026-06-30T11:45:56.031Z"}
{"duration":61,"level":"info","message":"db-query","rows":26,"text":"SELECT * FROM location_types","timestamp":"2026-06-30T11:45:56.076Z"}
{"level":"info","message":"GET /api/location-types 200 63.002 ms","timestamp":"2026-06-30T11:45:56.077Z"}
{"duration":80,"level":"info","message":"db-query","rows":1,"text":"\n    UPDATE driver_app_features\n    SET hide_payment_type = $1,\n        updated_at = NOW()\n    WHERE driver_id = $2\n    RETURNING *\n  ","timestamp":"2026-06-30T11:46:17.528Z"}
{"duration":2,"level":"info","message":"db-query","rows":1,"text":"SELECT fcm_token FROM drivers WHERE id = $1","timestamp":"2026-06-30T11:46:17.531Z"}
{"level":"info","message":"POST /api/drivers-app/app_features 500 1500.556 ms","timestamp":"2026-06-30T11:46:18.942Z"}
{"duration":13,"level":"info","message":"db-query","rows":26,"text":"SELECT * FROM location_types","timestamp":"2026-06-30T11:46:33.831Z"}
{"level":"info","message":"GET /api/location-types 200 24.803 ms","timestamp":"2026-06-30T11:46:33.842Z"}
{"duration":158,"level":"info","message":"db-query","rows":26,"text":"SELECT * FROM location_types","timestamp":"2026-06-30T11:46:33.981Z"}
{"level":"info","message":"GET /api/location-types 200 160.006 ms","timestamp":"2026-06-30T11:46:33.982Z"}
{"level":"info","message":"ws:upgrade","timestamp":"2026-06-30T11:46:35.008Z","url":"/websocket/driver-app-features?driver_id=167"}
{"driverId":"167","level":"info","message":"ws:driver-feature-connected","socketId":"6013f2ed-90cf-4a87-8ffc-ad9378e32f78","timestamp":"2026-06-30T11:46:35.010Z"}
{"duration":8,"level":"info","message":"db-query","rows":1,"text":"\n    UPDATE driver_app_features\n    SET hide_payment_type = $1,\n        updated_at = NOW()\n    WHERE driver_id = $2\n    RETURNING *\n  ","timestamp":"2026-06-30T11:46:38.237Z"}
{"driverId":"167","level":"info","message":"ws:driver-feature-sent","timestamp":"2026-06-30T11:46:38.239Z"}
{"level":"info","message":"POST /api/drivers-app/app_features 200 18.091 ms","timestamp":"2026-06-30T11:46:38.241Z"}
{"duration":10,"level":"info","message":"db-query","rows":26,"text":"SELECT * FROM location_types","timestamp":"2026-06-30T11:46:56.824Z"}
{"level":"info","message":"GET /api/location-types 200 23.056 ms","timestamp":"2026-06-30T11:46:56.840Z"}
{"duration":66,"level":"info","message":"db-query","rows":26,"text":"SELECT * FROM location_types","timestamp":"2026-06-30T11:46:56.881Z"}
{"level":"info","message":"GET /api/location-types 200 67.402 ms","timestamp":"2026-06-30T11:46:56.883Z"}
{"duration":6,"level":"info","message":"db-query","rows":26,"text":"SELECT * FROM location_types","timestamp":"2026-06-30T11:47:11.777Z"}
{"level":"info","message":"GET /api/location-types 200 13.022 ms","timestamp":"2026-06-30T11:47:11.784Z"}
{"duration":60,"level":"info","message":"db-query","rows":26,"text":"SELECT * FROM location_types","timestamp":"2026-06-30T11:47:11.833Z"}
{"level":"info","message":"GET /api/location-types 200 68.705 ms","timestamp":"2026-06-30T11:47:11.843Z"}
{"duration":5,"level":"info","message":"db-query","rows":26,"text":"SELECT * FROM location_types","timestamp":"2026-06-30T11:50:52.497Z"}
{"level":"info","message":"GET /api/location-types 200 11.112 ms","timestamp":"2026-06-30T11:50:52.503Z"}
{"duration":52,"level":"info","message":"db-query","rows":26,"text":"SELECT * FROM location_types","timestamp":"2026-06-30T11:50:52.546Z"}
{"level":"info","message":"GET /api/location-types 200 53.593 ms","timestamp":"2026-06-30T11:50:52.548Z"}
{"duration":5,"level":"info","message":"db-query","rows":26,"text":"SELECT * FROM location_types","timestamp":"2026-06-30T11:51:13.075Z"}
{"level":"info","message":"GET /api/location-types 200 10.756 ms","timestamp":"2026-06-30T11:51:13.081Z"}
{"duration":154,"level":"info","message":"db-query","rows":26,"text":"SELECT * FROM location_types","timestamp":"2026-06-30T11:51:13.225Z"}
{"level":"info","message":"GET /api/location-types 200 154.779 ms","timestamp":"2026-06-30T11:51:13.226Z"}
{"duration":13,"level":"info","message":"db-query","rows":26,"text":"SELECT * FROM location_types","timestamp":"2026-06-30T11:51:20.155Z"}
{"level":"info","message":"GET /api/location-types 200 27.333 ms","timestamp":"2026-06-30T11:51:20.168Z"}
{"duration":191,"level":"info","message":"db-query","rows":26,"text":"SELECT * FROM location_types","timestamp":"2026-06-30T11:51:20.338Z"}
{"level":"info","message":"GET /api/location-types 200 194.788 ms","timestamp":"2026-06-30T11:51:20.340Z"}
{"level":"info","message":"ws:upgrade","timestamp":"2026-06-30T11:51:32.387Z","url":"/websocket/driver-busy"}
{"level":"info","message":"ws:busy-dashboard-connected","socketId":"be0072e0-bcc3-4e0f-bea3-72e47fc33851","timestamp":"2026-06-30T11:51:32.390Z"}
{"duration":168,"level":"info","message":"db-query","rows":1,"text":"\n    SELECT \n      b.*,\n      vt.name as vehicle_type_name,\n      d.name as driver_name,\n      v.color,\n      v.make,\n      v.model,\n      v.vehicle_number\n    FROM bookings b\n    LEFT JOIN vehicle_types vt ON b.vehicle_type_id = vt.id\n    LEFT JOIN drivers d ON b.driver_id = d.id\n    LEFT JOIN vehicles v ON d.vehicle_id = v.id\n    WHERE b.id = $1 AND trash = false\n  ","timestamp":"2026-06-30T11:51:41.383Z"}
{"duration":1,"level":"info","message":"db-query","rows":0,"text":"\n    UPDATE drivers\n    SET \n      booking_status = $1,\n      driver_status = $2\n    WHERE id = $3\n  ","timestamp":"2026-06-30T11:51:41.386Z"}
{"duration":2,"level":"info","message":"db-query","rows":0,"text":"SELECT \n      d.id,\n      d.name,\n      d.username,\n      d.zone,\n      d.driver_status,\n      d.booking_status,\n      d.session_status,\n      d.latitude,\n      d.longitude,\n      d.last_login_at,\n      vt.name AS vehicle_type\n      FROM drivers d\n      LEFT JOIN vehicles v ON d.vehicle_id = v.id\n      LEFT JOIN vehicle_types vt ON v.vehicle_type_id = vt.id\n      WHERE d.id = $1","timestamp":"2026-06-30T11:51:41.389Z"}
{"duration":2,"level":"info","message":"db-query","rows":0,"text":"\n      SELECT\n        d.id,\n        d.name,\n        d.username,\n        d.zone,\n        d.latitude,\n        d.longitude,\n        d.booking_status,\n        d.session_status,\n        d.driver_status,\n        d.last_login_at,\n        vt.name AS vehicle_type\n      FROM drivers d\n      LEFT JOIN vehicles v\n        ON d.vehicle_id=v.id\n      LEFT JOIN vehicle_types vt\n        ON v.vehicle_type_id=vt.id\n      WHERE d.id=$1\n      ","timestamp":"2026-06-30T11:51:41.392Z"}
{"duration":11,"level":"info","message":"db-query","rows":1,"text":"\n    UPDATE bookings\n    SET booking_status_id = $1\n    WHERE id = $2\n  ","timestamp":"2026-06-30T11:51:41.404Z"}
{"duration":3,"level":"info","message":"db-query","rows":1,"text":"\n    SELECT \n      b.*,\n      vt.name as vehicle_type_name,\n      d.name as driver_name,\n      v.color,\n      v.make,\n      v.model,\n      v.vehicle_number\n    FROM bookings b\n    LEFT JOIN vehicle_types vt ON b.vehicle_type_id = vt.id\n    LEFT JOIN drivers d ON b.driver_id = d.id\n    LEFT JOIN vehicles v ON d.vehicle_id = v.id\n    WHERE b.id = $1 AND trash = false\n  ","timestamp":"2026-06-30T11:51:41.409Z"}
{"duration":1,"level":"info","message":"db-query","rows":0,"text":"\n    UPDATE drivers\n    SET \n      booking_status = $1,\n      driver_status = $2\n    WHERE id = $3\n  ","timestamp":"2026-06-30T11:51:41.411Z"}
{"duration":2,"level":"info","message":"db-query","rows":null,"text":"BEGIN","timestamp":"2026-06-30T11:51:41.414Z"}
{"duration":4,"level":"info","message":"db-query","rows":0,"text":"SELECT d.*, s.name AS subsidiary_name\n          FROM drivers d\n          LEFT JOIN subsidiaries s ON s.id = d.subsidiary_id\n          WHERE d.id = $1","timestamp":"2026-06-30T11:51:41.418Z"}
{"duration":3,"level":"info","message":"db-query","rows":null,"text":"ROLLBACK","timestamp":"2026-06-30T11:51:41.422Z"}
{"level":"info","message":"POST /api/bookings/status/887 500 210.911 ms","timestamp":"2026-06-30T11:51:41.424Z"}
{"duration":63,"level":"info","message":"db-query","rows":1,"text":"\n    SELECT \n      b.*,\n      vt.name as vehicle_type_name,\n      d.name as driver_name,\n      v.color,\n      v.make,\n      v.model,\n      v.vehicle_number\n    FROM bookings b\n    LEFT JOIN vehicle_types vt ON b.vehicle_type_id = vt.id\n    LEFT JOIN drivers d ON b.driver_id = d.id\n    LEFT JOIN vehicles v ON d.vehicle_id = v.id\n    WHERE b.id = $1 AND trash = false\n  ","timestamp":"2026-06-30T12:05:15.366Z"}
{"duration":2,"level":"info","message":"db-query","rows":1,"text":"\n    UPDATE drivers\n    SET \n      booking_status = $1,\n      driver_status = $2\n    WHERE id = $3\n  ","timestamp":"2026-06-30T12:05:15.369Z"}
{"duration":2,"level":"info","message":"db-query","rows":1,"text":"SELECT \n      d.id,\n      d.name,\n      d.username,\n      d.zone,\n      d.driver_status,\n      d.booking_status,\n      d.session_status,\n      d.latitude,\n      d.longitude,\n      d.last_login_at,\n      vt.name AS vehicle_type\n      FROM drivers d\n      LEFT JOIN vehicles v ON d.vehicle_id = v.id\n      LEFT JOIN vehicle_types vt ON v.vehicle_type_id = vt.id\n      WHERE d.id = $1","timestamp":"2026-06-30T12:05:15.371Z"}
{"driverId":167,"level":"info","message":"ws:booking-status-broadcast","timestamp":"2026-06-30T12:05:15.373Z"}
{"duration":1,"level":"info","message":"db-query","rows":1,"text":"\n      SELECT\n        d.id,\n        d.name,\n        d.username,\n        d.zone,\n        d.latitude,\n        d.longitude,\n        d.booking_status,\n        d.session_status,\n        d.driver_status,\n        d.last_login_at,\n        vt.name AS vehicle_type\n      FROM drivers d\n      LEFT JOIN vehicles v\n        ON d.vehicle_id=v.id\n      LEFT JOIN vehicle_types vt\n        ON v.vehicle_type_id=vt.id\n      WHERE d.id=$1\n      ","timestamp":"2026-06-30T12:05:15.375Z"}
{"driverId":167,"level":"info","message":"ws:driver-booking-status-web-update","timestamp":"2026-06-30T12:05:15.377Z"}
{"duration":1,"level":"info","message":"db-query","rows":1,"text":"\n    UPDATE bookings\n    SET booking_status_id = $1\n    WHERE id = $2\n  ","timestamp":"2026-06-30T12:05:15.378Z"}
{"duration":3,"level":"info","message":"db-query","rows":1,"text":"\n    SELECT \n      b.*,\n      vt.name as vehicle_type_name,\n      d.name as driver_name,\n      v.color,\n      v.make,\n      v.model,\n      v.vehicle_number\n    FROM bookings b\n    LEFT JOIN vehicle_types vt ON b.vehicle_type_id = vt.id\n    LEFT JOIN drivers d ON b.driver_id = d.id\n    LEFT JOIN vehicles v ON d.vehicle_id = v.id\n    WHERE b.id = $1 AND trash = false\n  ","timestamp":"2026-06-30T12:05:15.381Z"}
{"duration":1,"level":"info","message":"db-query","rows":1,"text":"\n    UPDATE drivers\n    SET \n      booking_status = $1,\n      driver_status = $2\n    WHERE id = $3\n  ","timestamp":"2026-06-30T12:05:15.384Z"}
{"duration":0,"level":"info","message":"db-query","rows":null,"text":"BEGIN","timestamp":"2026-06-30T12:05:15.384Z"}
{"duration":3,"level":"info","message":"db-query","rows":1,"text":"SELECT d.*, s.name AS subsidiary_name\n          FROM drivers d\n          LEFT JOIN subsidiaries s ON s.id = d.subsidiary_id\n          WHERE d.id = $1","timestamp":"2026-06-30T12:05:15.388Z"}
{"duration":4,"level":"info","message":"db-query","rows":1,"text":"SELECT id, note, created_at, created_by\n          FROM driver_notes\n          WHERE driver_id = $1\n          ORDER BY created_at DESC","timestamp":"2026-06-30T12:05:15.393Z"}
{"duration":3,"level":"info","message":"db-query","rows":1,"text":"SELECT id, name, start_time, end_time\n          FROM driver_shifts\n          WHERE driver_id = $1\n          ORDER BY id ASC","timestamp":"2026-06-30T12:05:15.397Z"}
{"duration":3,"level":"info","message":"db-query","rows":1,"text":"SELECT \n            v.*,\n            json_build_object(\n              'id', vt.id,\n              'name', vt.name,\n              'driver_waiting_charges', vt.driver_waiting_charges,\n              'account_waiting_charges', vt.account_waiting_charges,\n              'waiting_time', vt.waiting_time\n            ) AS vehicle_type\n         FROM vehicles v\n         LEFT JOIN vehicle_types vt ON vt.id = v.vehicle_type_id\n         WHERE v.id = $1\n         LIMIT 1","timestamp":"2026-06-30T12:05:15.401Z"}
{"duration":0,"level":"info","message":"db-query","rows":null,"text":"COMMIT","timestamp":"2026-06-30T12:05:15.402Z"}
{"level":"info","message":"POST /api/bookings/status/887 200 102.617 ms","timestamp":"2026-06-30T12:05:15.405Z"}
{"duration":3,"level":"info","message":"db-query","rows":1,"text":"\n    SELECT \n      b.*,\n      vt.name as vehicle_type_name,\n      d.name as driver_name,\n      v.color,\n      v.make,\n      v.model,\n      v.vehicle_number\n    FROM bookings b\n    LEFT JOIN vehicle_types vt ON b.vehicle_type_id = vt.id\n    LEFT JOIN drivers d ON b.driver_id = d.id\n    LEFT JOIN vehicles v ON d.vehicle_id = v.id\n    WHERE b.id = $1 AND trash = false\n  ","timestamp":"2026-06-30T12:05:22.300Z"}
{"duration":3,"level":"info","message":"db-query","rows":1,"text":"\n    UPDATE drivers\n    SET \n      booking_status = $1,\n      driver_status = $2\n    WHERE id = $3\n  ","timestamp":"2026-06-30T12:05:22.305Z"}
{"duration":1,"level":"info","message":"db-query","rows":1,"text":"SELECT \n      d.id,\n      d.name,\n      d.username,\n      d.zone,\n      d.driver_status,\n      d.booking_status,\n      d.session_status,\n      d.latitude,\n      d.longitude,\n      d.last_login_at,\n      vt.name AS vehicle_type\n      FROM drivers d\n      LEFT JOIN vehicles v ON d.vehicle_id = v.id\n      LEFT JOIN vehicle_types vt ON v.vehicle_type_id = vt.id\n      WHERE d.id = $1","timestamp":"2026-06-30T12:05:22.307Z"}
{"driverId":167,"level":"info","message":"ws:booking-status-broadcast","timestamp":"2026-06-30T12:05:22.310Z"}
{"duration":1,"level":"info","message":"db-query","rows":1,"text":"\n      SELECT\n        d.id,\n        d.name,\n        d.username,\n        d.zone,\n        d.latitude,\n        d.longitude,\n        d.booking_status,\n        d.session_status,\n        d.driver_status,\n        d.last_login_at,\n        vt.name AS vehicle_type\n      FROM drivers d\n      LEFT JOIN vehicles v\n        ON d.vehicle_id=v.id\n      LEFT JOIN vehicle_types vt\n        ON v.vehicle_type_id=vt.id\n      WHERE d.id=$1\n      ","timestamp":"2026-06-30T12:05:22.312Z"}
{"driverId":167,"level":"info","message":"ws:driver-booking-status-web-update","timestamp":"2026-06-30T12:05:22.313Z"}
{"duration":1,"level":"info","message":"db-query","rows":1,"text":"\n    UPDATE bookings\n    SET booking_status_id = $1\n    WHERE id = $2\n  ","timestamp":"2026-06-30T12:05:22.315Z"}
{"duration":2,"level":"info","message":"db-query","rows":1,"text":"\n    SELECT \n      b.*,\n      vt.name as vehicle_type_name,\n      d.name as driver_name,\n      v.color,\n      v.make,\n      v.model,\n      v.vehicle_number\n    FROM bookings b\n    LEFT JOIN vehicle_types vt ON b.vehicle_type_id = vt.id\n    LEFT JOIN drivers d ON b.driver_id = d.id\n    LEFT JOIN vehicles v ON d.vehicle_id = v.id\n    WHERE b.id = $1 AND trash = false\n  ","timestamp":"2026-06-30T12:05:22.318Z"}
{"duration":1,"level":"info","message":"db-query","rows":1,"text":"\n    UPDATE drivers\n    SET \n      booking_status = $1,\n      driver_status = $2\n    WHERE id = $3\n  ","timestamp":"2026-06-30T12:05:22.320Z"}
{"duration":1,"level":"info","message":"db-query","rows":null,"text":"BEGIN","timestamp":"2026-06-30T12:05:22.322Z"}
{"duration":2,"level":"info","message":"db-query","rows":1,"text":"SELECT d.*, s.name AS subsidiary_name\n          FROM drivers d\n          LEFT JOIN subsidiaries s ON s.id = d.subsidiary_id\n          WHERE d.id = $1","timestamp":"2026-06-30T12:05:22.330Z"}
{"duration":1,"level":"info","message":"db-query","rows":1,"text":"SELECT id, note, created_at, created_by\n          FROM driver_notes\n          WHERE driver_id = $1\n          ORDER BY created_at DESC","timestamp":"2026-06-30T12:05:22.332Z"}
{"duration":1,"level":"info","message":"db-query","rows":1,"text":"SELECT id, name, start_time, end_time\n          FROM driver_shifts\n          WHERE driver_id = $1\n          ORDER BY id ASC","timestamp":"2026-06-30T12:05:22.333Z"}
{"duration":2,"level":"info","message":"db-query","rows":1,"text":"SELECT \n            v.*,\n            json_build_object(\n              'id', vt.id,\n              'name', vt.name,\n              'driver_waiting_charges', vt.driver_waiting_charges,\n              'account_waiting_charges', vt.account_waiting_charges,\n              'waiting_time', vt.waiting_time\n            ) AS vehicle_type\n         FROM vehicles v\n         LEFT JOIN vehicle_types vt ON vt.id = v.vehicle_type_id\n         WHERE v.id = $1\n         LIMIT 1","timestamp":"2026-06-30T12:05:22.335Z"}
{"duration":0,"level":"info","message":"db-query","rows":null,"text":"COMMIT","timestamp":"2026-06-30T12:05:22.336Z"}
{"level":"info","message":"POST /api/bookings/status/887 200 40.430 ms","timestamp":"2026-06-30T12:05:22.338Z"}
{"duration":164,"level":"info","message":"db-query","rows":26,"text":"SELECT * FROM location_types","timestamp":"2026-06-30T13:11:19.271Z"}
{"level":"info","message":"GET /api/location-types 200 167.705 ms","timestamp":"2026-06-30T13:11:19.275Z"}
{"duration":88,"level":"info","message":"db-query","rows":1,"text":"\n    SELECT\n      dn.*,\n      json_build_object(\n        'name', s.name\n      ) AS subsidiary\n    FROM document_numbers dn\n    LEFT JOIN subsidiaries s ON s.id = dn.subsidiary_id\n    WHERE dn.id = $1\n  ","timestamp":"2026-06-30T13:49:22.609Z"}
{"level":"info","message":"GET /api/document/document_numbers/3 200 91.090 ms","timestamp":"2026-06-30T13:49:22.611Z"}
{"duration":54,"level":"info","message":"db-query","rows":1,"text":"\n    SELECT\n      dn.*,\n      json_build_object(\n        'name', s.name\n      ) AS subsidiary\n    FROM document_numbers dn\n    LEFT JOIN subsidiaries s ON s.id = dn.subsidiary_id\n    WHERE dn.id = $1\n  ","timestamp":"2026-06-30T13:49:41.759Z"}
{"level":"info","message":"GET /api/document/document_numbers/1 200 55.323 ms","timestamp":"2026-06-30T13:49:41.761Z"}
{"duration":1,"level":"info","message":"db-query","rows":1,"text":"\n    SELECT\n      dn.*,\n      json_build_object(\n        'name', s.name\n      ) AS subsidiary\n    FROM document_numbers dn\n    LEFT JOIN subsidiaries s ON s.id = dn.subsidiary_id\n    WHERE dn.id = $1\n  ","timestamp":"2026-06-30T13:49:48.956Z"}
{"level":"info","message":"GET /api/document/document_numbers/2 200 2.002 ms","timestamp":"2026-06-30T13:49:48.957Z"}
{"duration":1,"level":"info","message":"db-query","rows":1,"text":"\n    SELECT\n      dn.*,\n      json_build_object(\n        'name', s.name\n      ) AS subsidiary\n    FROM document_numbers dn\n    LEFT JOIN subsidiaries s ON s.id = dn.subsidiary_id\n    WHERE dn.id = $1\n  ","timestamp":"2026-06-30T13:49:58.421Z"}
{"level":"info","message":"GET /api/document/document_numbers/3 200 1.506 ms","timestamp":"2026-06-30T13:49:58.422Z"}
{"duration":56,"level":"info","message":"db-query","rows":1,"text":"\n    SELECT\n      dn.*,\n      json_build_object(\n        'name', s.name\n      ) AS subsidiary\n    FROM document_numbers dn\n    LEFT JOIN subsidiaries s ON s.id = dn.subsidiary_id\n    WHERE dn.id = $1\n  ","timestamp":"2026-06-30T13:50:10.858Z"}
{"level":"info","message":"GET /api/document/document_numbers/4 200 56.738 ms","timestamp":"2026-06-30T13:50:10.859Z"}
{"duration":1,"level":"info","message":"db-query","rows":1,"text":"\n    SELECT\n      dn.*,\n      json_build_object(\n        'name', s.name\n      ) AS subsidiary\n    FROM document_numbers dn\n    LEFT JOIN subsidiaries s ON s.id = dn.subsidiary_id\n    WHERE dn.id = $1\n  ","timestamp":"2026-06-30T13:50:15.991Z"}
{"level":"info","message":"GET /api/document/document_numbers/5 200 1.821 ms","timestamp":"2026-06-30T13:50:15.992Z"}
{"duration":1,"level":"info","message":"db-query","rows":0,"text":"\n    SELECT\n      dn.*,\n      json_build_object(\n        'name', s.name\n      ) AS subsidiary\n    FROM document_numbers dn\n    LEFT JOIN subsidiaries s ON s.id = dn.subsidiary_id\n    WHERE dn.id = $1\n  ","timestamp":"2026-06-30T13:50:19.886Z"}
{"level":"info","message":"GET /api/document/document_numbers/6 404 1.355 ms","timestamp":"2026-06-30T13:50:19.887Z"}
{"duration":7,"level":"info","message":"db-query","rows":26,"text":"SELECT * FROM location_types","timestamp":"2026-06-30T13:57:52.952Z"}
{"level":"info","message":"GET /api/location-types 200 16.895 ms","timestamp":"2026-06-30T13:57:52.962Z"}
{"duration":151,"level":"info","message":"db-query","rows":26,"text":"SELECT * FROM location_types","timestamp":"2026-06-30T13:57:53.098Z"}
{"level":"info","message":"GET /api/location-types 200 152.209 ms","timestamp":"2026-06-30T13:57:53.099Z"}
{"duration":5,"level":"info","message":"db-query","rows":26,"text":"SELECT * FROM location_types","timestamp":"2026-06-30T13:57:59.994Z"}
{"level":"info","message":"GET /api/location-types 200 12.204 ms","timestamp":"2026-06-30T13:58:00.001Z"}
{"duration":53,"level":"info","message":"db-query","rows":26,"text":"SELECT * FROM location_types","timestamp":"2026-06-30T13:58:00.044Z"}
{"level":"info","message":"GET /api/location-types 200 56.362 ms","timestamp":"2026-06-30T13:58:00.047Z"}
{"duration":6,"level":"info","message":"db-query","rows":26,"text":"SELECT * FROM location_types","timestamp":"2026-06-30T13:58:14.517Z"}
{"level":"info","message":"GET /api/location-types 200 12.383 ms","timestamp":"2026-06-30T13:58:14.524Z"}
{"duration":151,"level":"info","message":"db-query","rows":26,"text":"SELECT * FROM location_types","timestamp":"2026-06-30T13:58:14.665Z"}
{"level":"info","message":"GET /api/location-types 200 152.630 ms","timestamp":"2026-06-30T13:58:14.666Z"}
{"duration":10,"level":"info","message":"db-query","rows":26,"text":"SELECT * FROM location_types","timestamp":"2026-06-30T13:58:24.692Z"}
{"level":"info","message":"GET /api/location-types 200 22.973 ms","timestamp":"2026-06-30T13:58:24.707Z"}
{"duration":63,"level":"info","message":"db-query","rows":26,"text":"SELECT * FROM location_types","timestamp":"2026-06-30T13:58:24.747Z"}
{"level":"info","message":"GET /api/location-types 200 65.105 ms","timestamp":"2026-06-30T13:58:24.749Z"}
{"duration":13,"level":"info","message":"db-query","rows":26,"text":"SELECT * FROM location_types","timestamp":"2026-06-30T13:58:45.381Z"}
{"level":"info","message":"GET /api/location-types 200 23.938 ms","timestamp":"2026-06-30T13:58:45.391Z"}
{"duration":61,"level":"info","message":"db-query","rows":26,"text":"SELECT * FROM location_types","timestamp":"2026-06-30T13:58:45.433Z"}
{"level":"info","message":"GET /api/location-types 200 63.335 ms","timestamp":"2026-06-30T13:58:45.435Z"}
{"duration":9,"level":"info","message":"db-query","rows":26,"text":"SELECT * FROM location_types","timestamp":"2026-06-30T13:58:50.204Z"}
{"level":"info","message":"GET /api/location-types 200 18.345 ms","timestamp":"2026-06-30T13:58:50.213Z"}
{"duration":54,"level":"info","message":"db-query","rows":26,"text":"SELECT * FROM location_types","timestamp":"2026-06-30T13:58:50.252Z"}
{"level":"info","message":"GET /api/location-types 200 56.009 ms","timestamp":"2026-06-30T13:58:50.254Z"}
{"duration":9,"level":"info","message":"db-query","rows":26,"text":"SELECT * FROM location_types","timestamp":"2026-06-30T13:59:03.736Z"}
{"level":"info","message":"GET /api/location-types 200 19.872 ms","timestamp":"2026-06-30T13:59:03.746Z"}
{"duration":157,"level":"info","message":"db-query","rows":26,"text":"SELECT * FROM location_types","timestamp":"2026-06-30T13:59:03.887Z"}
{"level":"info","message":"GET /api/location-types 200 158.378 ms","timestamp":"2026-06-30T13:59:03.888Z"}
{"duration":5,"level":"info","message":"db-query","rows":26,"text":"SELECT * FROM location_types","timestamp":"2026-06-30T13:59:26.622Z"}
{"level":"info","message":"GET /api/location-types 200 11.632 ms","timestamp":"2026-06-30T13:59:26.629Z"}
{"duration":60,"level":"info","message":"db-query","rows":26,"text":"SELECT * FROM location_types","timestamp":"2026-06-30T13:59:26.678Z"}
{"level":"info","message":"GET /api/location-types 200 60.881 ms","timestamp":"2026-06-30T13:59:26.680Z"}
{"duration":5,"level":"info","message":"db-query","rows":26,"text":"SELECT * FROM location_types","timestamp":"2026-06-30T13:59:32.711Z"}
{"level":"info","message":"GET /api/location-types 200 11.561 ms","timestamp":"2026-06-30T13:59:32.718Z"}
{"duration":150,"level":"info","message":"db-query","rows":26,"text":"SELECT * FROM location_types","timestamp":"2026-06-30T13:59:32.858Z"}
{"level":"info","message":"GET /api/location-types 200 151.867 ms","timestamp":"2026-06-30T13:59:32.860Z"}
{"duration":14,"level":"info","message":"db-query","rows":26,"text":"SELECT * FROM location_types","timestamp":"2026-06-30T14:00:42.521Z"}
{"level":"info","message":"GET /api/location-types 200 26.153 ms","timestamp":"2026-06-30T14:00:42.531Z"}
{"duration":63,"level":"info","message":"db-query","rows":26,"text":"SELECT * FROM location_types","timestamp":"2026-06-30T14:00:42.574Z"}
{"level":"info","message":"GET /api/location-types 200 65.452 ms","timestamp":"2026-06-30T14:00:42.577Z"}
{"duration":7,"level":"info","message":"db-query","rows":26,"text":"SELECT * FROM location_types","timestamp":"2026-06-30T14:00:57.659Z"}
{"level":"info","message":"GET /api/location-types 200 14.384 ms","timestamp":"2026-06-30T14:00:57.667Z"}
{"duration":53,"level":"info","message":"db-query","rows":26,"text":"SELECT * FROM location_types","timestamp":"2026-06-30T14:00:57.707Z"}
{"level":"info","message":"GET /api/location-types 200 54.972 ms","timestamp":"2026-06-30T14:00:57.710Z"}
{"duration":8,"level":"info","message":"db-query","rows":26,"text":"SELECT * FROM location_types","timestamp":"2026-06-30T14:01:18.208Z"}
{"level":"info","message":"GET /api/location-types 200 15.038 ms","timestamp":"2026-06-30T14:01:18.216Z"}
{"duration":71,"level":"info","message":"db-query","rows":26,"text":"SELECT * FROM location_types","timestamp":"2026-06-30T14:01:18.274Z"}
{"level":"info","message":"GET /api/location-types 200 72.395 ms","timestamp":"2026-06-30T14:01:18.276Z"}
{"duration":5,"level":"info","message":"db-query","rows":26,"text":"SELECT * FROM location_types","timestamp":"2026-06-30T14:01:23.426Z"}
{"level":"info","message":"GET /api/location-types 200 10.763 ms","timestamp":"2026-06-30T14:01:23.433Z"}
{"duration":48,"level":"info","message":"db-query","rows":26,"text":"SELECT * FROM location_types","timestamp":"2026-06-30T14:01:23.471Z"}
{"level":"info","message":"GET /api/location-types 200 49.414 ms","timestamp":"2026-06-30T14:01:23.472Z"}
{"duration":14,"level":"info","message":"db-query","rows":26,"text":"SELECT * FROM location_types","timestamp":"2026-06-30T14:01:34.090Z"}
{"level":"info","message":"GET /api/location-types 200 27.543 ms","timestamp":"2026-06-30T14:01:34.102Z"}
{"duration":66,"level":"info","message":"db-query","rows":26,"text":"SELECT * FROM location_types","timestamp":"2026-06-30T14:01:34.146Z"}
{"level":"info","message":"GET /api/location-types 200 68.109 ms","timestamp":"2026-06-30T14:01:34.148Z"}
{"duration":13,"level":"info","message":"db-query","rows":26,"text":"SELECT * FROM location_types","timestamp":"2026-06-30T14:01:38.467Z"}
{"level":"info","message":"GET /api/location-types 200 29.041 ms","timestamp":"2026-06-30T14:01:38.484Z"}
{"duration":68,"level":"info","message":"db-query","rows":26,"text":"SELECT * FROM location_types","timestamp":"2026-06-30T14:01:38.525Z"}
{"level":"info","message":"GET /api/location-types 200 69.274 ms","timestamp":"2026-06-30T14:01:38.526Z"}
{"duration":20,"level":"info","message":"db-query","rows":26,"text":"SELECT * FROM location_types","timestamp":"2026-06-30T14:01:42.675Z"}
{"level":"info","message":"GET /api/location-types 200 37.505 ms","timestamp":"2026-06-30T14:01:42.691Z"}
{"duration":99,"level":"info","message":"db-query","rows":26,"text":"SELECT * FROM location_types","timestamp":"2026-06-30T14:01:42.764Z"}
{"level":"info","message":"GET /api/location-types 200 103.037 ms","timestamp":"2026-06-30T14:01:42.766Z"}
{"duration":11,"level":"info","message":"db-query","rows":26,"text":"SELECT * FROM location_types","timestamp":"2026-06-30T14:01:54.966Z"}
{"level":"info","message":"GET /api/location-types 200 21.991 ms","timestamp":"2026-06-30T14:01:54.977Z"}
{"duration":57,"level":"info","message":"db-query","rows":26,"text":"SELECT * FROM location_types","timestamp":"2026-06-30T14:01:55.015Z"}
{"level":"info","message":"GET /api/location-types 200 58.147 ms","timestamp":"2026-06-30T14:01:55.016Z"}
{"duration":9,"level":"info","message":"db-query","rows":26,"text":"SELECT * FROM location_types","timestamp":"2026-06-30T14:02:12.982Z"}
{"level":"info","message":"GET /api/location-types 200 17.230 ms","timestamp":"2026-06-30T14:02:12.991Z"}
{"duration":70,"level":"info","message":"db-query","rows":26,"text":"SELECT * FROM location_types","timestamp":"2026-06-30T14:02:13.047Z"}
{"level":"info","message":"GET /api/location-types 200 71.892 ms","timestamp":"2026-06-30T14:02:13.048Z"}
{"duration":5,"level":"info","message":"db-query","rows":26,"text":"SELECT * FROM location_types","timestamp":"2026-06-30T14:03:28.582Z"}
{"level":"info","message":"GET /api/location-types 200 14.544 ms","timestamp":"2026-06-30T14:03:28.593Z"}
{"duration":80,"level":"info","message":"db-query","rows":26,"text":"SELECT * FROM location_types","timestamp":"2026-06-30T14:03:28.659Z"}
{"level":"info","message":"GET /api/location-types 200 81.146 ms","timestamp":"2026-06-30T14:03:28.661Z"}
{"duration":8,"level":"info","message":"db-query","rows":26,"text":"SELECT * FROM location_types","timestamp":"2026-06-30T14:03:53.672Z"}
{"level":"info","message":"GET /api/location-types 200 20.106 ms","timestamp":"2026-06-30T14:03:53.684Z"}
{"duration":77,"level":"info","message":"db-query","rows":26,"text":"SELECT * FROM location_types","timestamp":"2026-06-30T14:03:53.745Z"}
{"level":"info","message":"GET /api/location-types 200 77.820 ms","timestamp":"2026-06-30T14:03:53.746Z"}
{"duration":7,"level":"info","message":"db-query","rows":26,"text":"SELECT * FROM location_types","timestamp":"2026-06-30T14:04:02.779Z"}
{"level":"info","message":"GET /api/location-types 200 14.496 ms","timestamp":"2026-06-30T14:04:02.787Z"}
{"duration":53,"level":"info","message":"db-query","rows":26,"text":"SELECT * FROM location_types","timestamp":"2026-06-30T14:04:02.830Z"}
{"level":"info","message":"GET /api/location-types 200 55.252 ms","timestamp":"2026-06-30T14:04:02.831Z"}
{"duration":11,"level":"info","message":"db-query","rows":26,"text":"SELECT * FROM location_types","timestamp":"2026-06-30T14:04:08.386Z"}
{"level":"info","message":"GET /api/location-types 200 21.096 ms","timestamp":"2026-06-30T14:04:08.395Z"}
{"duration":71,"level":"info","message":"db-query","rows":26,"text":"SELECT * FROM location_types","timestamp":"2026-06-30T14:04:08.451Z"}
{"level":"info","message":"GET /api/location-types 200 72.568 ms","timestamp":"2026-06-30T14:04:08.452Z"}
{"duration":13,"level":"info","message":"db-query","rows":26,"text":"SELECT * FROM location_types","timestamp":"2026-06-30T14:04:14.920Z"}
{"level":"info","message":"GET /api/location-types 200 26.219 ms","timestamp":"2026-06-30T14:04:14.932Z"}
{"duration":64,"level":"info","message":"db-query","rows":26,"text":"SELECT * FROM location_types","timestamp":"2026-06-30T14:04:14.975Z"}
{"level":"info","message":"GET /api/location-types 200 66.041 ms","timestamp":"2026-06-30T14:04:14.976Z"}
{"duration":7,"level":"info","message":"db-query","rows":26,"text":"SELECT * FROM location_types","timestamp":"2026-06-30T14:04:20.852Z"}
{"level":"info","message":"GET /api/location-types 200 15.996 ms","timestamp":"2026-06-30T14:04:20.862Z"}
{"duration":1,"level":"info","message":"db-query","rows":26,"text":"SELECT * FROM location_types","timestamp":"2026-06-30T14:04:20.870Z"}
{"level":"info","message":"GET /api/location-types 200 2.266 ms","timestamp":"2026-06-30T14:04:20.872Z"}
{"duration":4,"level":"info","message":"db-query","rows":26,"text":"SELECT * FROM location_types","timestamp":"2026-06-30T14:04:26.687Z"}
{"level":"info","message":"GET /api/location-types 200 11.093 ms","timestamp":"2026-06-30T14:04:26.694Z"}
{"duration":48,"level":"info","message":"db-query","rows":26,"text":"SELECT * FROM location_types","timestamp":"2026-06-30T14:04:26.732Z"}
{"level":"info","message":"GET /api/location-types 200 49.535 ms","timestamp":"2026-06-30T14:04:26.733Z"}
{"duration":8,"level":"info","message":"db-query","rows":26,"text":"SELECT * FROM location_types","timestamp":"2026-06-30T14:04:32.691Z"}
{"level":"info","message":"GET /api/location-types 200 18.659 ms","timestamp":"2026-06-30T14:04:32.701Z"}
{"duration":152,"level":"info","message":"db-query","rows":26,"text":"SELECT * FROM location_types","timestamp":"2026-06-30T14:04:32.839Z"}
{"level":"info","message":"GET /api/location-types 200 153.648 ms","timestamp":"2026-06-30T14:04:32.840Z"}
{"duration":9,"level":"info","message":"db-query","rows":26,"text":"SELECT * FROM location_types","timestamp":"2026-06-30T14:05:06.232Z"}
{"level":"info","message":"GET /api/location-types 200 24.649 ms","timestamp":"2026-06-30T14:05:06.253Z"}
{"duration":71,"level":"info","message":"db-query","rows":26,"text":"SELECT * FROM location_types","timestamp":"2026-06-30T14:05:06.295Z"}
{"level":"info","message":"GET /api/location-types 200 72.593 ms","timestamp":"2026-06-30T14:05:06.296Z"}
{"duration":12,"level":"info","message":"db-query","rows":26,"text":"SELECT * FROM location_types","timestamp":"2026-06-30T14:05:13.293Z"}
{"level":"info","message":"GET /api/location-types 200 28.088 ms","timestamp":"2026-06-30T14:05:13.308Z"}
{"duration":73,"level":"info","message":"db-query","rows":26,"text":"SELECT * FROM location_types","timestamp":"2026-06-30T14:05:13.357Z"}
{"level":"info","message":"GET /api/location-types 200 73.786 ms","timestamp":"2026-06-30T14:05:13.358Z"}
{"duration":5,"level":"info","message":"db-query","rows":26,"text":"SELECT * FROM location_types","timestamp":"2026-06-30T14:05:16.669Z"}
{"level":"info","message":"GET /api/location-types 200 12.120 ms","timestamp":"2026-06-30T14:05:16.676Z"}
{"duration":69,"level":"info","message":"db-query","rows":26,"text":"SELECT * FROM location_types","timestamp":"2026-06-30T14:05:16.734Z"}
{"level":"info","message":"GET /api/location-types 200 69.959 ms","timestamp":"2026-06-30T14:05:16.735Z"}
{"duration":15,"level":"info","message":"db-query","rows":26,"text":"SELECT * FROM location_types","timestamp":"2026-06-30T14:05:20.439Z"}
{"level":"info","message":"GET /api/location-types 200 31.263 ms","timestamp":"2026-06-30T14:05:20.454Z"}
{"duration":69,"level":"info","message":"db-query","rows":26,"text":"SELECT * FROM location_types","timestamp":"2026-06-30T14:05:20.499Z"}
{"level":"info","message":"GET /api/location-types 200 71.200 ms","timestamp":"2026-06-30T14:05:20.501Z"}
{"duration":5,"level":"info","message":"db-query","rows":26,"text":"SELECT * FROM location_types","timestamp":"2026-06-30T14:05:58.285Z"}
{"level":"info","message":"GET /api/location-types 200 10.919 ms","timestamp":"2026-06-30T14:05:58.291Z"}
{"duration":48,"level":"info","message":"db-query","rows":26,"text":"SELECT * FROM location_types","timestamp":"2026-06-30T14:05:58.329Z"}
{"level":"info","message":"GET /api/location-types 200 49.231 ms","timestamp":"2026-06-30T14:05:58.330Z"}
{"duration":5,"level":"info","message":"db-query","rows":26,"text":"SELECT * FROM location_types","timestamp":"2026-06-30T14:06:02.053Z"}
{"level":"info","message":"GET /api/location-types 200 12.608 ms","timestamp":"2026-06-30T14:06:02.061Z"}
{"duration":48,"level":"info","message":"db-query","rows":26,"text":"SELECT * FROM location_types","timestamp":"2026-06-30T14:06:02.097Z"}
{"level":"info","message":"GET /api/location-types 200 49.148 ms","timestamp":"2026-06-30T14:06:02.098Z"}
{"duration":12,"level":"info","message":"db-query","rows":26,"text":"SELECT * FROM location_types","timestamp":"2026-06-30T14:06:07.864Z"}
{"level":"info","message":"GET /api/location-types 200 27.914 ms","timestamp":"2026-06-30T14:06:07.878Z"}
{"duration":75,"level":"info","message":"db-query","rows":26,"text":"SELECT * FROM location_types","timestamp":"2026-06-30T14:06:07.932Z"}
{"level":"info","message":"GET /api/location-types 200 76.962 ms","timestamp":"2026-06-30T14:06:07.933Z"}
{"duration":8,"level":"info","message":"db-query","rows":26,"text":"SELECT * FROM location_types","timestamp":"2026-06-30T14:06:16.384Z"}
{"level":"info","message":"GET /api/location-types 200 15.768 ms","timestamp":"2026-06-30T14:06:16.393Z"}
{"duration":182,"level":"info","message":"db-query","rows":26,"text":"SELECT * FROM location_types","timestamp":"2026-06-30T14:06:16.562Z"}
{"level":"info","message":"GET /api/location-types 200 183.701 ms","timestamp":"2026-06-30T14:06:16.563Z"}
{"duration":10,"level":"info","message":"db-query","rows":26,"text":"SELECT * FROM location_types","timestamp":"2026-06-30T14:06:23.567Z"}
{"level":"info","message":"GET /api/location-types 200 18.162 ms","timestamp":"2026-06-30T14:06:23.574Z"}
{"duration":53,"level":"info","message":"db-query","rows":26,"text":"SELECT * FROM location_types","timestamp":"2026-06-30T14:06:23.614Z"}
{"level":"info","message":"GET /api/location-types 200 54.715 ms","timestamp":"2026-06-30T14:06:23.616Z"}
{"duration":6,"level":"info","message":"db-query","rows":26,"text":"SELECT * FROM location_types","timestamp":"2026-06-30T14:06:35.328Z"}
{"level":"info","message":"GET /api/location-types 200 14.119 ms","timestamp":"2026-06-30T14:06:35.335Z"}
{"duration":50,"level":"info","message":"db-query","rows":26,"text":"SELECT * FROM location_types","timestamp":"2026-06-30T14:06:35.375Z"}
{"level":"info","message":"GET /api/location-types 200 51.423 ms","timestamp":"2026-06-30T14:06:35.376Z"}
{"duration":7,"level":"info","message":"db-query","rows":26,"text":"SELECT * FROM location_types","timestamp":"2026-06-30T14:06:42.848Z"}
{"level":"info","message":"GET /api/location-types 200 17.379 ms","timestamp":"2026-06-30T14:06:42.857Z"}
{"duration":65,"level":"info","message":"db-query","rows":26,"text":"SELECT * FROM location_types","timestamp":"2026-06-30T14:06:42.909Z"}
{"level":"info","message":"GET /api/location-types 200 66.663 ms","timestamp":"2026-06-30T14:06:42.911Z"}
{"level":"info","message":"GET /api/customer-invoice/invoice-number 500 1.683 ms","timestamp":"2026-06-30T14:08:35.692Z"}
{"duration":13,"level":"info","message":"db-query","rows":0,"text":"SELECT invoice_number FROM customer_invoices WHERE invoice_number = $1 LIMIT 1","timestamp":"2026-06-30T14:09:00.519Z"}
{"level":"info","message":"GET /api/customer-invoice/invoice-number 200 20.128 ms","timestamp":"2026-06-30T14:09:00.526Z"}
{"duration":3,"level":"info","message":"db-query","rows":26,"text":"SELECT * FROM location_types","timestamp":"2026-06-30T14:09:00.933Z"}
{"level":"info","message":"GET /api/location-types 200 4.332 ms","timestamp":"2026-06-30T14:09:00.935Z"}
{"duration":56,"level":"info","message":"db-query","rows":26,"text":"SELECT * FROM location_types","timestamp":"2026-06-30T14:09:00.987Z"}
{"level":"info","message":"GET /api/location-types 200 56.214 ms","timestamp":"2026-06-30T14:09:00.988Z"}
{"duration":3,"level":"info","message":"db-query","rows":0,"text":"SELECT invoice_number FROM customer_invoices WHERE invoice_number = $1 LIMIT 1","timestamp":"2026-06-30T14:09:03.056Z"}
{"level":"info","message":"GET /api/customer-invoice/invoice-number 200 4.809 ms","timestamp":"2026-06-30T14:09:03.057Z"}
{"duration":1,"level":"info","message":"db-query","rows":0,"text":"SELECT invoice_number FROM customer_invoices WHERE invoice_number = $1 LIMIT 1","timestamp":"2026-06-30T14:09:04.337Z"}
{"level":"info","message":"GET /api/customer-invoice/invoice-number 200 1.966 ms","timestamp":"2026-06-30T14:09:04.338Z"}
{"duration":1,"level":"info","message":"db-query","rows":0,"text":"SELECT invoice_number FROM customer_invoices WHERE invoice_number = $1 LIMIT 1","timestamp":"2026-06-30T14:09:05.525Z"}
{"level":"info","message":"GET /api/customer-invoice/invoice-number 200 1.649 ms","timestamp":"2026-06-30T14:09:05.526Z"}
{"duration":8,"level":"info","message":"db-query","rows":26,"text":"SELECT * FROM location_types","timestamp":"2026-06-30T14:17:06.597Z"}
{"level":"info","message":"GET /api/location-types 200 15.170 ms","timestamp":"2026-06-30T14:17:06.605Z"}
{"duration":57,"level":"info","message":"db-query","rows":26,"text":"SELECT * FROM location_types","timestamp":"2026-06-30T14:17:06.648Z"}
{"level":"info","message":"GET /api/location-types 200 58.915 ms","timestamp":"2026-06-30T14:17:06.650Z"}
{"duration":6,"level":"info","message":"db-query","rows":26,"text":"SELECT * FROM location_types","timestamp":"2026-06-30T14:17:12.539Z"}
{"level":"info","message":"GET /api/location-types 200 14.054 ms","timestamp":"2026-06-30T14:17:12.548Z"}
{"duration":63,"level":"info","message":"db-query","rows":26,"text":"SELECT * FROM location_types","timestamp":"2026-06-30T14:17:12.599Z"}
{"level":"info","message":"GET /api/location-types 200 64.705 ms","timestamp":"2026-06-30T14:17:12.601Z"}
{"duration":5,"level":"info","message":"db-query","rows":26,"text":"SELECT * FROM location_types","timestamp":"2026-06-30T14:17:21.552Z"}
{"level":"info","message":"GET /api/location-types 200 10.881 ms","timestamp":"2026-06-30T14:17:21.559Z"}
{"duration":1,"level":"info","message":"db-query","rows":26,"text":"SELECT * FROM location_types","timestamp":"2026-06-30T14:17:21.566Z"}
{"level":"info","message":"GET /api/location-types 200 2.058 ms","timestamp":"2026-06-30T14:17:21.567Z"}
{"duration":5,"level":"info","message":"db-query","rows":26,"text":"SELECT * FROM location_types","timestamp":"2026-06-30T14:28:41.017Z"}
{"level":"info","message":"GET /api/location-types 200 12.799 ms","timestamp":"2026-06-30T14:28:41.024Z"}
{"duration":51,"level":"info","message":"db-query","rows":26,"text":"SELECT * FROM location_types","timestamp":"2026-06-30T14:28:41.064Z"}
{"level":"info","message":"GET /api/location-types 200 52.109 ms","timestamp":"2026-06-30T14:28:41.066Z"}
{"duration":16,"level":"info","message":"db-query","rows":26,"text":"SELECT * FROM location_types","timestamp":"2026-06-30T17:24:15.160Z"}
{"level":"info","message":"GET /api/location-types 200 27.470 ms","timestamp":"2026-06-30T17:24:15.172Z"}
{"duration":66,"level":"info","message":"db-query","rows":26,"text":"SELECT * FROM location_types","timestamp":"2026-06-30T17:24:15.216Z"}
{"level":"info","message":"GET /api/location-types 200 68.105 ms","timestamp":"2026-06-30T17:24:15.218Z"}
{"duration":6,"level":"info","message":"db-query","rows":26,"text":"SELECT * FROM location_types","timestamp":"2026-06-30T17:27:30.147Z"}
{"level":"info","message":"GET /api/location-types 200 13.072 ms","timestamp":"2026-06-30T17:27:30.155Z"}
{"duration":71,"level":"info","message":"db-query","rows":26,"text":"SELECT * FROM location_types","timestamp":"2026-06-30T17:27:30.214Z"}
{"level":"info","message":"GET /api/location-types 200 72.020 ms","timestamp":"2026-06-30T17:27:30.216Z"}
{"duration":7,"level":"info","message":"db-query","rows":26,"text":"SELECT * FROM location_types","timestamp":"2026-06-30T17:27:42.391Z"}
{"level":"info","message":"GET /api/location-types 200 14.468 ms","timestamp":"2026-06-30T17:27:42.398Z"}
{"duration":86,"level":"info","message":"db-query","rows":26,"text":"SELECT * FROM location_types","timestamp":"2026-06-30T17:27:42.473Z"}
{"level":"info","message":"GET /api/location-types 200 87.886 ms","timestamp":"2026-06-30T17:27:42.475Z"}
{"duration":6,"level":"info","message":"db-query","rows":26,"text":"SELECT * FROM location_types","timestamp":"2026-06-30T17:27:53.278Z"}
{"level":"info","message":"GET /api/location-types 200 11.549 ms","timestamp":"2026-06-30T17:27:53.285Z"}
{"duration":53,"level":"info","message":"db-query","rows":26,"text":"SELECT * FROM location_types","timestamp":"2026-06-30T17:27:53.328Z"}
{"level":"info","message":"GET /api/location-types 200 54.855 ms","timestamp":"2026-06-30T17:27:53.330Z"}
{"duration":5,"level":"info","message":"db-query","rows":26,"text":"SELECT * FROM location_types","timestamp":"2026-06-30T17:48:24.877Z"}
{"level":"info","message":"GET /api/location-types 200 12.073 ms","timestamp":"2026-06-30T17:48:24.885Z"}
{"duration":1,"level":"info","message":"db-query","rows":26,"text":"SELECT * FROM location_types","timestamp":"2026-06-30T17:48:24.898Z"}
{"level":"info","message":"GET /api/location-types 200 4.401 ms","timestamp":"2026-06-30T17:48:24.902Z"}
{"duration":9,"level":"info","message":"db-query","rows":26,"text":"SELECT * FROM location_types","timestamp":"2026-06-30T17:48:52.356Z"}
{"level":"info","message":"GET /api/location-types 200 18.223 ms","timestamp":"2026-06-30T17:48:52.365Z"}
{"duration":58,"level":"info","message":"db-query","rows":26,"text":"SELECT * FROM location_types","timestamp":"2026-06-30T17:48:52.408Z"}
{"level":"info","message":"GET /api/location-types 200 60.731 ms","timestamp":"2026-06-30T17:48:52.410Z"}
{"duration":6,"level":"info","message":"db-query","rows":26,"text":"SELECT * FROM location_types","timestamp":"2026-06-30T17:49:05.801Z"}
{"level":"info","message":"GET /api/location-types 200 12.562 ms","timestamp":"2026-06-30T17:49:05.808Z"}
{"duration":151,"level":"info","message":"db-query","rows":26,"text":"SELECT * FROM location_types","timestamp":"2026-06-30T17:49:05.948Z"}
{"level":"info","message":"GET /api/location-types 200 151.552 ms","timestamp":"2026-06-30T17:49:05.949Z"}
{"duration":7,"level":"info","message":"db-query","rows":26,"text":"SELECT * FROM location_types","timestamp":"2026-06-30T17:49:13.261Z"}
{"level":"info","message":"GET /api/location-types 200 14.461 ms","timestamp":"2026-06-30T17:49:13.269Z"}
{"duration":68,"level":"info","message":"db-query","rows":26,"text":"SELECT * FROM location_types","timestamp":"2026-06-30T17:49:13.324Z"}
{"level":"info","message":"GET /api/location-types 200 70.063 ms","timestamp":"2026-06-30T17:49:13.327Z"}
{"duration":8,"level":"info","message":"db-query","rows":26,"text":"SELECT * FROM location_types","timestamp":"2026-06-30T17:49:17.192Z"}
{"level":"info","message":"GET /api/location-types 200 15.839 ms","timestamp":"2026-06-30T17:49:17.200Z"}
{"duration":172,"level":"info","message":"db-query","rows":26,"text":"SELECT * FROM location_types","timestamp":"2026-06-30T17:49:17.361Z"}
{"level":"info","message":"GET /api/location-types 200 174.176 ms","timestamp":"2026-06-30T17:49:17.362Z"}
{"duration":5,"level":"info","message":"db-query","rows":26,"text":"SELECT * FROM location_types","timestamp":"2026-06-30T17:49:21.277Z"}
{"level":"info","message":"GET /api/location-types 200 10.737 ms","timestamp":"2026-06-30T17:49:21.283Z"}
{"duration":173,"level":"info","message":"db-query","rows":26,"text":"SELECT * FROM location_types","timestamp":"2026-06-30T17:49:21.446Z"}
{"level":"info","message":"GET /api/location-types 200 174.514 ms","timestamp":"2026-06-30T17:49:21.448Z"}
{"duration":5,"level":"info","message":"db-query","rows":26,"text":"SELECT * FROM location_types","timestamp":"2026-06-30T17:49:24.214Z"}
{"level":"info","message":"GET /api/location-types 200 11.701 ms","timestamp":"2026-06-30T17:49:24.221Z"}
{"duration":3,"level":"info","message":"db-query","rows":26,"text":"SELECT * FROM location_types","timestamp":"2026-06-30T17:49:24.233Z"}
{"level":"info","message":"GET /api/location-types 200 4.724 ms","timestamp":"2026-06-30T17:49:24.235Z"}
{"duration":6,"level":"info","message":"db-query","rows":26,"text":"SELECT * FROM location_types","timestamp":"2026-06-30T17:49:29.530Z"}
{"level":"info","message":"GET /api/location-types 200 15.394 ms","timestamp":"2026-06-30T17:49:29.540Z"}
{"duration":62,"level":"info","message":"db-query","rows":26,"text":"SELECT * FROM location_types","timestamp":"2026-06-30T17:49:29.588Z"}
{"level":"info","message":"GET /api/location-types 200 63.991 ms","timestamp":"2026-06-30T17:49:29.590Z"}
{"duration":5,"level":"info","message":"db-query","rows":26,"text":"SELECT * FROM location_types","timestamp":"2026-06-30T17:49:33.548Z"}
{"level":"info","message":"GET /api/location-types 200 10.863 ms","timestamp":"2026-06-30T17:49:33.555Z"}
{"duration":173,"level":"info","message":"db-query","rows":26,"text":"SELECT * FROM location_types","timestamp":"2026-06-30T17:49:33.718Z"}
{"level":"info","message":"GET /api/location-types 200 174.152 ms","timestamp":"2026-06-30T17:49:33.719Z"}
{"duration":6,"level":"info","message":"db-query","rows":26,"text":"SELECT * FROM location_types","timestamp":"2026-06-30T17:49:41.277Z"}
{"level":"info","message":"GET /api/location-types 200 12.150 ms","timestamp":"2026-06-30T17:49:41.284Z"}
{"duration":54,"level":"info","message":"db-query","rows":26,"text":"SELECT * FROM location_types","timestamp":"2026-06-30T17:49:41.327Z"}
{"level":"info","message":"GET /api/location-types 200 55.063 ms","timestamp":"2026-06-30T17:49:41.328Z"}
{"duration":5,"level":"info","message":"db-query","rows":26,"text":"SELECT * FROM location_types","timestamp":"2026-06-30T17:49:49.077Z"}
{"level":"info","message":"GET /api/location-types 200 11.379 ms","timestamp":"2026-06-30T17:49:49.084Z"}
{"duration":53,"level":"info","message":"db-query","rows":26,"text":"SELECT * FROM location_types","timestamp":"2026-06-30T17:49:49.127Z"}
{"level":"info","message":"GET /api/location-types 200 54.938 ms","timestamp":"2026-06-30T17:49:49.129Z"}
{"duration":6,"level":"info","message":"db-query","rows":26,"text":"SELECT * FROM location_types","timestamp":"2026-06-30T17:49:52.112Z"}
{"level":"info","message":"GET /api/location-types 200 11.921 ms","timestamp":"2026-06-30T17:49:52.118Z"}
{"duration":59,"level":"info","message":"db-query","rows":26,"text":"SELECT * FROM location_types","timestamp":"2026-06-30T17:49:52.167Z"}
{"level":"info","message":"GET /api/location-types 200 63.580 ms","timestamp":"2026-06-30T17:49:52.172Z"}
{"duration":5,"level":"info","message":"db-query","rows":26,"text":"SELECT * FROM location_types","timestamp":"2026-06-30T17:49:54.945Z"}
{"level":"info","message":"GET /api/location-types 200 12.122 ms","timestamp":"2026-06-30T17:49:54.953Z"}
{"duration":68,"level":"info","message":"db-query","rows":26,"text":"SELECT * FROM location_types","timestamp":"2026-06-30T17:49:55.011Z"}
{"level":"info","message":"GET /api/location-types 200 69.091 ms","timestamp":"2026-06-30T17:49:55.012Z"}
{"duration":5,"level":"info","message":"db-query","rows":26,"text":"SELECT * FROM location_types","timestamp":"2026-06-30T17:50:31.358Z"}
{"level":"info","message":"GET /api/location-types 200 11.203 ms","timestamp":"2026-06-30T17:50:31.364Z"}
{"duration":50,"level":"info","message":"db-query","rows":26,"text":"SELECT * FROM location_types","timestamp":"2026-06-30T17:50:31.404Z"}
{"level":"info","message":"GET /api/location-types 200 52.306 ms","timestamp":"2026-06-30T17:50:31.407Z"}
{"level":"info","message":"POST /api/fares/calculate-fare-all-vehicles 500 72.929 ms","timestamp":"2026-06-30T17:54:16.805Z"}
{"duration":7,"level":"info","message":"db-query","rows":26,"text":"SELECT * FROM location_types","timestamp":"2026-06-30T17:55:04.128Z"}
{"level":"info","message":"GET /api/location-types 200 18.709 ms","timestamp":"2026-06-30T17:55:04.142Z"}
{"duration":66,"level":"info","message":"db-query","rows":26,"text":"SELECT * FROM location_types","timestamp":"2026-06-30T17:55:04.190Z"}
{"level":"info","message":"GET /api/location-types 200 68.154 ms","timestamp":"2026-06-30T17:55:04.192Z"}
{"duration":6,"level":"info","message":"db-query","rows":10,"text":"\n      SELECT id, name\n      FROM vehicle_types\n      ORDER BY id\n    ","timestamp":"2026-06-30T17:55:14.565Z"}
{"duration":9,"level":"info","message":"db-query","rows":2,"text":"SELECT * FROM fixed_fares WHERE vehicle_type_id=$1","timestamp":"2026-06-30T17:55:14.606Z"}
{"duration":4,"level":"info","message":"db-query","rows":3,"text":"SELECT * FROM fare_configurations\n       WHERE vehicle_type_id=$1\n       ORDER BY id ASC","timestamp":"2026-06-30T17:55:14.611Z"}
{"duration":6,"level":"info","message":"db-query","rows":22,"text":"SELECT * FROM locations WHERE location_type_id=2","timestamp":"2026-06-30T17:55:14.618Z"}
{"duration":5,"level":"info","message":"db-query","rows":3,"text":"SELECT * FROM fare_by_vehicles WHERE vehicle_type_id=$1","timestamp":"2026-06-30T17:55:14.625Z"}
{"duration":1,"level":"info","message":"db-query","rows":1,"text":"SELECT * FROM fixed_fares WHERE vehicle_type_id=$1","timestamp":"2026-06-30T17:55:14.628Z"}
{"duration":1,"level":"info","message":"db-query","rows":2,"text":"SELECT * FROM fare_configurations\n       WHERE vehicle_type_id=$1\n       ORDER BY id ASC","timestamp":"2026-06-30T17:55:14.629Z"}
{"duration":1,"level":"info","message":"db-query","rows":22,"text":"SELECT * FROM locations WHERE location_type_id=2","timestamp":"2026-06-30T17:55:14.631Z"}
{"duration":1,"level":"info","message":"db-query","rows":1,"text":"SELECT * FROM fare_by_vehicles WHERE vehicle_type_id=$1","timestamp":"2026-06-30T17:55:14.636Z"}
{"duration":1,"level":"info","message":"db-query","rows":2,"text":"SELECT * FROM fixed_fares WHERE vehicle_type_id=$1","timestamp":"2026-06-30T17:55:14.640Z"}
{"duration":0,"level":"info","message":"db-query","rows":1,"text":"SELECT * FROM fare_configurations\n       WHERE vehicle_type_id=$1\n       ORDER BY id ASC","timestamp":"2026-06-30T17:55:14.641Z"}
{"duration":1,"level":"info","message":"db-query","rows":22,"text":"SELECT * FROM locations WHERE location_type_id=2","timestamp":"2026-06-30T17:55:14.643Z"}
{"duration":1,"level":"info","message":"db-query","rows":1,"text":"SELECT * FROM fare_by_vehicles WHERE vehicle_type_id=$1","timestamp":"2026-06-30T17:55:14.644Z"}
{"duration":1,"level":"info","message":"db-query","rows":0,"text":"SELECT * FROM fixed_fares WHERE vehicle_type_id=$1","timestamp":"2026-06-30T17:55:14.646Z"}
{"duration":1,"level":"info","message":"db-query","rows":0,"text":"SELECT * FROM fare_configurations\n       WHERE vehicle_type_id=$1\n       ORDER BY id ASC","timestamp":"2026-06-30T17:55:14.647Z"}
{"duration":5,"level":"info","message":"db-query","rows":22,"text":"SELECT * FROM locations WHERE location_type_id=2","timestamp":"2026-06-30T17:55:14.652Z"}
{"duration":1,"level":"info","message":"db-query","rows":1,"text":"SELECT * FROM fare_by_vehicles WHERE vehicle_type_id=$1","timestamp":"2026-06-30T17:55:14.657Z"}
{"duration":1,"level":"info","message":"db-query","rows":0,"text":"SELECT * FROM fixed_fares WHERE vehicle_type_id=$1","timestamp":"2026-06-30T17:55:14.660Z"}
{"duration":1,"level":"info","message":"db-query","rows":0,"text":"SELECT * FROM fare_configurations\n       WHERE vehicle_type_id=$1\n       ORDER BY id ASC","timestamp":"2026-06-30T17:55:14.661Z"}
{"duration":1,"level":"info","message":"db-query","rows":22,"text":"SELECT * FROM locations WHERE location_type_id=2","timestamp":"2026-06-30T17:55:14.663Z"}
{"duration":1,"level":"info","message":"db-query","rows":1,"text":"SELECT * FROM fare_by_vehicles WHERE vehicle_type_id=$1","timestamp":"2026-06-30T17:55:14.664Z"}
{"duration":1,"level":"info","message":"db-query","rows":0,"text":"SELECT * FROM fixed_fares WHERE vehicle_type_id=$1","timestamp":"2026-06-30T17:55:14.673Z"}
{"duration":1,"level":"info","message":"db-query","rows":0,"text":"SELECT * FROM fare_configurations\n       WHERE vehicle_type_id=$1\n       ORDER BY id ASC","timestamp":"2026-06-30T17:55:14.674Z"}
{"duration":1,"level":"info","message":"db-query","rows":22,"text":"SELECT * FROM locations WHERE location_type_id=2","timestamp":"2026-06-30T17:55:14.675Z"}
{"duration":0,"level":"info","message":"db-query","rows":0,"text":"SELECT * FROM fare_by_vehicles WHERE vehicle_type_id=$1","timestamp":"2026-06-30T17:55:14.676Z"}
{"duration":0,"level":"info","message":"db-query","rows":0,"text":"SELECT * FROM fixed_fares WHERE vehicle_type_id=$1","timestamp":"2026-06-30T17:55:14.678Z"}
{"duration":0,"level":"info","message":"db-query","rows":0,"text":"SELECT * FROM fare_configurations\n       WHERE vehicle_type_id=$1\n       ORDER BY id ASC","timestamp":"2026-06-30T17:55:14.679Z"}
{"duration":0,"level":"info","message":"db-query","rows":22,"text":"SELECT * FROM locations WHERE location_type_id=2","timestamp":"2026-06-30T17:55:14.680Z"}
{"duration":2,"level":"info","message":"db-query","rows":0,"text":"SELECT * FROM fare_by_vehicles WHERE vehicle_type_id=$1","timestamp":"2026-06-30T17:55:14.684Z"}
{"duration":1,"level":"info","message":"db-query","rows":0,"text":"SELECT * FROM fixed_fares WHERE vehicle_type_id=$1","timestamp":"2026-06-30T17:55:14.691Z"}
{"duration":1,"level":"info","message":"db-query","rows":0,"text":"SELECT * FROM fare_configurations\n       WHERE vehicle_type_id=$1\n       ORDER BY id ASC","timestamp":"2026-06-30T17:55:14.692Z"}
{"duration":1,"level":"info","message":"db-query","rows":22,"text":"SELECT * FROM locations WHERE location_type_id=2","timestamp":"2026-06-30T17:55:14.693Z"}
{"duration":1,"level":"info","message":"db-query","rows":0,"text":"SELECT * FROM fare_by_vehicles WHERE vehicle_type_id=$1","timestamp":"2026-06-30T17:55:14.694Z"}
{"duration":11,"level":"info","message":"db-query","rows":0,"text":"SELECT * FROM fixed_fares WHERE vehicle_type_id=$1","timestamp":"2026-06-30T17:55:14.706Z"}
{"duration":5,"level":"info","message":"db-query","rows":0,"text":"SELECT * FROM fare_configurations\n       WHERE vehicle_type_id=$1\n       ORDER BY id ASC","timestamp":"2026-06-30T17:55:14.711Z"}
{"duration":1,"level":"info","message":"db-query","rows":22,"text":"SELECT * FROM locations WHERE location_type_id=2","timestamp":"2026-06-30T17:55:14.713Z"}
{"duration":1,"level":"info","message":"db-query","rows":0,"text":"SELECT * FROM fare_by_vehicles WHERE vehicle_type_id=$1","timestamp":"2026-06-30T17:55:14.714Z"}
{"duration":1,"level":"info","message":"db-query","rows":0,"text":"SELECT * FROM fixed_fares WHERE vehicle_type_id=$1","timestamp":"2026-06-30T17:55:14.726Z"}
{"duration":1,"level":"info","message":"db-query","rows":0,"text":"SELECT * FROM fare_configurations\n       WHERE vehicle_type_id=$1\n       ORDER BY id ASC","timestamp":"2026-06-30T17:55:14.743Z"}
{"duration":1,"level":"info","message":"db-query","rows":22,"text":"SELECT * FROM locations WHERE location_type_id=2","timestamp":"2026-06-30T17:55:14.744Z"}
{"duration":0,"level":"info","message":"db-query","rows":0,"text":"SELECT * FROM fare_by_vehicles WHERE vehicle_type_id=$1","timestamp":"2026-06-30T17:55:14.747Z"}
{"level":"info","message":"POST /api/fares/calculate-fare-all-vehicles 200 205.595 ms","timestamp":"2026-06-30T17:55:14.764Z"}
{"duration":92,"level":"info","message":"db-query","rows":26,"text":"SELECT * FROM location_types","timestamp":"2026-06-30T17:55:14.803Z"}
{"level":"info","message":"GET /api/location-types 200 165.521 ms","timestamp":"2026-06-30T17:55:14.876Z"}
{"duration":278,"level":"info","message":"db-query","rows":26,"text":"SELECT * FROM location_types","timestamp":"2026-06-30T17:55:14.987Z"}
{"level":"info","message":"GET /api/location-types 200 280.980 ms","timestamp":"2026-06-30T17:55:14.991Z"}
{"duration":6,"level":"info","message":"db-query","rows":26,"text":"SELECT * FROM location_types","timestamp":"2026-06-30T18:01:43.254Z"}
{"level":"info","message":"GET /api/location-types 200 12.020 ms","timestamp":"2026-06-30T18:01:43.261Z"}
{"duration":55,"level":"info","message":"db-query","rows":26,"text":"SELECT * FROM location_types","timestamp":"2026-06-30T18:01:43.306Z"}
{"level":"info","message":"GET /api/location-types 200 60.974 ms","timestamp":"2026-06-30T18:01:43.312Z"}
{"duration":19,"level":"info","message":"db-query","rows":26,"text":"SELECT * FROM location_types","timestamp":"2026-06-30T18:01:54.455Z"}
{"level":"info","message":"GET /api/location-types 200 49.096 ms","timestamp":"2026-06-30T18:01:54.489Z"}
{"duration":120,"level":"info","message":"db-query","rows":26,"text":"SELECT * FROM location_types","timestamp":"2026-06-30T18:01:54.558Z"}
{"level":"info","message":"GET /api/location-types 200 121.424 ms","timestamp":"2026-06-30T18:01:54.560Z"}
{"duration":6,"level":"info","message":"db-query","rows":26,"text":"SELECT * FROM location_types","timestamp":"2026-06-30T18:01:58.479Z"}
{"level":"info","message":"GET /api/location-types 200 12.197 ms","timestamp":"2026-06-30T18:01:58.487Z"}
{"duration":52,"level":"info","message":"db-query","rows":26,"text":"SELECT * FROM location_types","timestamp":"2026-06-30T18:01:58.528Z"}
{"level":"info","message":"GET /api/location-types 200 53.887 ms","timestamp":"2026-06-30T18:01:58.530Z"}
{"duration":6,"level":"info","message":"db-query","rows":26,"text":"SELECT * FROM location_types","timestamp":"2026-06-30T18:02:02.286Z"}
{"level":"info","message":"GET /api/location-types 200 11.296 ms","timestamp":"2026-06-30T18:02:02.293Z"}
{"duration":51,"level":"info","message":"db-query","rows":26,"text":"SELECT * FROM location_types","timestamp":"2026-06-30T18:02:02.333Z"}
{"level":"info","message":"GET /api/location-types 200 52.401 ms","timestamp":"2026-06-30T18:02:02.335Z"}
{"duration":5,"level":"info","message":"db-query","rows":26,"text":"SELECT * FROM location_types","timestamp":"2026-06-30T18:02:49.211Z"}
{"level":"info","message":"GET /api/location-types 200 14.842 ms","timestamp":"2026-06-30T18:02:49.222Z"}
{"duration":55,"level":"info","message":"db-query","rows":26,"text":"SELECT * FROM location_types","timestamp":"2026-06-30T18:02:49.262Z"}
{"level":"info","message":"GET /api/location-types 200 56.226 ms","timestamp":"2026-06-30T18:02:49.264Z"}
{"duration":6,"level":"info","message":"db-query","rows":26,"text":"SELECT * FROM location_types","timestamp":"2026-06-30T18:02:53.680Z"}
{"level":"info","message":"GET /api/location-types 200 12.614 ms","timestamp":"2026-06-30T18:02:53.688Z"}
{"duration":57,"level":"info","message":"db-query","rows":26,"text":"SELECT * FROM location_types","timestamp":"2026-06-30T18:02:53.734Z"}
{"level":"info","message":"GET /api/location-types 200 59.485 ms","timestamp":"2026-06-30T18:02:53.737Z"}
{"duration":7,"level":"info","message":"db-query","rows":26,"text":"SELECT * FROM location_types","timestamp":"2026-06-30T18:02:57.670Z"}
{"level":"info","message":"GET /api/location-types 200 12.794 ms","timestamp":"2026-06-30T18:02:57.677Z"}
{"duration":70,"level":"info","message":"db-query","rows":26,"text":"SELECT * FROM location_types","timestamp":"2026-06-30T18:02:57.734Z"}
{"level":"info","message":"GET /api/location-types 200 70.801 ms","timestamp":"2026-06-30T18:02:57.735Z"}
{"duration":8,"level":"info","message":"db-query","rows":26,"text":"SELECT * FROM location_types","timestamp":"2026-06-30T18:03:01.018Z"}
{"level":"info","message":"GET /api/location-types 200 14.630 ms","timestamp":"2026-06-30T18:03:01.025Z"}
{"duration":58,"level":"info","message":"db-query","rows":26,"text":"SELECT * FROM location_types","timestamp":"2026-06-30T18:03:01.069Z"}
{"level":"info","message":"GET /api/location-types 200 58.789 ms","timestamp":"2026-06-30T18:03:01.070Z"}
{"duration":5,"level":"info","message":"db-query","rows":26,"text":"SELECT * FROM location_types","timestamp":"2026-06-30T18:03:12.055Z"}
{"level":"info","message":"GET /api/location-types 200 13.633 ms","timestamp":"2026-06-30T18:03:12.061Z"}
{"duration":136,"level":"info","message":"db-query","rows":26,"text":"SELECT * FROM location_types","timestamp":"2026-06-30T18:03:12.186Z"}
{"level":"info","message":"GET /api/location-types 200 138.470 ms","timestamp":"2026-06-30T18:03:12.189Z"}
{"duration":5,"level":"info","message":"db-query","rows":26,"text":"SELECT * FROM location_types","timestamp":"2026-06-30T18:03:16.204Z"}
{"level":"info","message":"GET /api/location-types 200 13.607 ms","timestamp":"2026-06-30T18:03:16.212Z"}
{"duration":59,"level":"info","message":"db-query","rows":26,"text":"SELECT * FROM location_types","timestamp":"2026-06-30T18:03:16.260Z"}
{"level":"info","message":"GET /api/location-types 200 60.332 ms","timestamp":"2026-06-30T18:03:16.261Z"}
{"duration":5,"level":"info","message":"db-query","rows":26,"text":"SELECT * FROM location_types","timestamp":"2026-06-30T18:03:22.766Z"}
{"level":"info","message":"GET /api/location-types 200 11.839 ms","timestamp":"2026-06-30T18:03:22.772Z"}
{"duration":61,"level":"info","message":"db-query","rows":26,"text":"SELECT * FROM location_types","timestamp":"2026-06-30T18:03:22.822Z"}
{"level":"info","message":"GET /api/location-types 200 62.222 ms","timestamp":"2026-06-30T18:03:22.824Z"}
{"duration":5,"level":"info","message":"db-query","rows":26,"text":"SELECT * FROM location_types","timestamp":"2026-06-30T18:03:26.409Z"}
{"level":"info","message":"GET /api/location-types 200 11.010 ms","timestamp":"2026-06-30T18:03:26.416Z"}
{"duration":49,"level":"info","message":"db-query","rows":26,"text":"SELECT * FROM location_types","timestamp":"2026-06-30T18:03:26.454Z"}
{"level":"info","message":"GET /api/location-types 200 49.947 ms","timestamp":"2026-06-30T18:03:26.455Z"}
{"duration":5,"level":"info","message":"db-query","rows":26,"text":"SELECT * FROM location_types","timestamp":"2026-06-30T18:09:04.593Z"}
{"level":"info","message":"GET /api/location-types 200 10.710 ms","timestamp":"2026-06-30T18:09:04.599Z"}
{"duration":153,"level":"info","message":"db-query","rows":26,"text":"SELECT * FROM location_types","timestamp":"2026-06-30T18:09:04.742Z"}
{"level":"info","message":"GET /api/location-types 200 154.625 ms","timestamp":"2026-06-30T18:09:04.744Z"}
{"duration":5,"level":"info","message":"db-query","rows":26,"text":"SELECT * FROM location_types","timestamp":"2026-06-30T18:09:31.423Z"}
{"level":"info","message":"GET /api/location-types 200 11.037 ms","timestamp":"2026-06-30T18:09:31.429Z"}
{"duration":48,"level":"info","message":"db-query","rows":26,"text":"SELECT * FROM location_types","timestamp":"2026-06-30T18:09:31.467Z"}
{"level":"info","message":"GET /api/location-types 200 49.826 ms","timestamp":"2026-06-30T18:09:31.469Z"}
{"duration":10,"level":"info","message":"db-query","rows":26,"text":"SELECT * FROM location_types","timestamp":"2026-06-30T18:09:40.913Z"}
{"level":"info","message":"GET /api/location-types 200 21.888 ms","timestamp":"2026-06-30T18:09:40.925Z"}
{"duration":65,"level":"info","message":"db-query","rows":26,"text":"SELECT * FROM location_types","timestamp":"2026-06-30T18:09:40.971Z"}
{"level":"info","message":"GET /api/location-types 200 66.554 ms","timestamp":"2026-06-30T18:09:40.972Z"}
{"duration":5,"level":"info","message":"db-query","rows":26,"text":"SELECT * FROM location_types","timestamp":"2026-06-30T18:09:49.748Z"}
{"level":"info","message":"GET /api/location-types 200 13.106 ms","timestamp":"2026-06-30T18:09:49.756Z"}
{"duration":53,"level":"info","message":"db-query","rows":26,"text":"SELECT * FROM location_types","timestamp":"2026-06-30T18:09:49.798Z"}
{"level":"info","message":"GET /api/location-types 200 57.362 ms","timestamp":"2026-06-30T18:09:49.802Z"}
{"duration":5,"level":"info","message":"db-query","rows":26,"text":"SELECT * FROM location_types","timestamp":"2026-06-30T18:09:53.123Z"}
{"level":"info","message":"GET /api/location-types 200 11.288 ms","timestamp":"2026-06-30T18:09:53.129Z"}
{"duration":46,"level":"info","message":"db-query","rows":26,"text":"SELECT * FROM location_types","timestamp":"2026-06-30T18:09:53.165Z"}
{"level":"info","message":"GET /api/location-types 200 47.575 ms","timestamp":"2026-06-30T18:09:53.167Z"}
{"duration":6,"level":"info","message":"db-query","rows":26,"text":"SELECT * FROM location_types","timestamp":"2026-06-30T18:09:56.403Z"}
{"level":"info","message":"GET /api/location-types 200 11.968 ms","timestamp":"2026-06-30T18:09:56.410Z"}
{"duration":50,"level":"info","message":"db-query","rows":26,"text":"SELECT * FROM location_types","timestamp":"2026-06-30T18:09:56.450Z"}
{"level":"info","message":"GET /api/location-types 200 51.993 ms","timestamp":"2026-06-30T18:09:56.452Z"}
{"duration":5,"level":"info","message":"db-query","rows":26,"text":"SELECT * FROM location_types","timestamp":"2026-06-30T18:10:06.225Z"}
{"level":"info","message":"GET /api/location-types 200 11.133 ms","timestamp":"2026-06-30T18:10:06.232Z"}
{"duration":53,"level":"info","message":"db-query","rows":26,"text":"SELECT * FROM location_types","timestamp":"2026-06-30T18:10:06.275Z"}
{"level":"info","message":"GET /api/location-types 200 54.616 ms","timestamp":"2026-06-30T18:10:06.277Z"}
{"level":"info","message":"GET /metrics 200 8.957 ms","timestamp":"2026-06-30T18:10:21.841Z"}
{"level":"info","message":"GET /favicon.ico 404 2.615 ms","timestamp":"2026-06-30T18:10:22.730Z"}
{"duration":7,"level":"info","message":"db-query","rows":26,"text":"SELECT * FROM location_types","timestamp":"2026-06-30T18:14:18.085Z"}
{"level":"info","message":"GET /api/location-types 200 15.587 ms","timestamp":"2026-06-30T18:14:18.093Z"}
{"duration":90,"level":"info","message":"db-query","rows":26,"text":"SELECT * FROM location_types","timestamp":"2026-06-30T18:14:18.169Z"}
{"level":"info","message":"GET /api/location-types 200 93.037 ms","timestamp":"2026-06-30T18:14:18.173Z"}
{"level":"info","message":"GET /metrics 200 8.309 ms","timestamp":"2026-06-30T18:17:57.388Z"}
