{"duration":7,"level":"info","message":"db-query","rows":26,"text":"SELECT * FROM location_types","timestamp":"2026-07-23T10:59:54.943Z"}
{"level":"info","message":"GET /api/location-types 200 14.130 ms","timestamp":"2026-07-23T10:59:54.951Z"}
{"duration":54,"level":"info","message":"db-query","rows":26,"text":"SELECT * FROM location_types","timestamp":"2026-07-23T10:59:54.993Z"}
{"level":"info","message":"GET /api/location-types 200 56.110 ms","timestamp":"2026-07-23T10:59:54.995Z"}
{"duration":20,"level":"info","message":"db-query","rows":26,"text":"SELECT * FROM location_types","timestamp":"2026-07-23T11:04:07.187Z"}
{"level":"info","message":"GET /api/location-types 200 30.018 ms","timestamp":"2026-07-23T11:04:07.197Z"}
{"duration":162,"level":"info","message":"db-query","rows":26,"text":"SELECT * FROM location_types","timestamp":"2026-07-23T11:04:07.333Z"}
{"level":"info","message":"GET /api/location-types 200 163.395 ms","timestamp":"2026-07-23T11:04:07.335Z"}
{"duration":5,"level":"info","message":"db-query","rows":26,"text":"SELECT * FROM location_types","timestamp":"2026-07-23T11:04:13.710Z"}
{"level":"info","message":"GET /api/location-types 200 11.056 ms","timestamp":"2026-07-23T11:04:13.717Z"}
{"duration":56,"level":"info","message":"db-query","rows":26,"text":"SELECT * FROM location_types","timestamp":"2026-07-23T11:04:13.763Z"}
{"level":"info","message":"GET /api/location-types 200 57.002 ms","timestamp":"2026-07-23T11:04:13.764Z"}
{"duration":14,"level":"info","message":"db-query","rows":26,"text":"SELECT * FROM location_types","timestamp":"2026-07-23T11:04:28.518Z"}
{"level":"info","message":"GET /api/location-types 200 27.535 ms","timestamp":"2026-07-23T11:04:28.530Z"}
{"duration":67,"level":"info","message":"db-query","rows":26,"text":"SELECT * FROM location_types","timestamp":"2026-07-23T11:04:28.575Z"}
{"level":"info","message":"GET /api/location-types 200 69.163 ms","timestamp":"2026-07-23T11:04:28.577Z"}
{"duration":4,"level":"info","message":"db-query","rows":26,"text":"SELECT * FROM location_types","timestamp":"2026-07-23T11:04:37.432Z"}
{"level":"info","message":"GET /api/location-types 200 10.143 ms","timestamp":"2026-07-23T11:04:37.438Z"}
{"duration":54,"level":"info","message":"db-query","rows":26,"text":"SELECT * FROM location_types","timestamp":"2026-07-23T11:04:37.483Z"}
{"level":"info","message":"GET /api/location-types 200 54.783 ms","timestamp":"2026-07-23T11:04:37.484Z"}
{"duration":6,"level":"info","message":"db-query","rows":26,"text":"SELECT * FROM location_types","timestamp":"2026-07-23T11:04:44.762Z"}
{"level":"info","message":"GET /api/location-types 200 12.099 ms","timestamp":"2026-07-23T11:04:44.768Z"}
{"duration":50,"level":"info","message":"db-query","rows":26,"text":"SELECT * FROM location_types","timestamp":"2026-07-23T11:04:44.808Z"}
{"level":"info","message":"GET /api/location-types 200 51.370 ms","timestamp":"2026-07-23T11:04:44.810Z"}
{"duration":6,"level":"info","message":"db-query","rows":26,"text":"SELECT * FROM location_types","timestamp":"2026-07-23T11:05:07.425Z"}
{"level":"info","message":"GET /api/location-types 200 15.660 ms","timestamp":"2026-07-23T11:05:07.434Z"}
{"duration":60,"level":"info","message":"db-query","rows":26,"text":"SELECT * FROM location_types","timestamp":"2026-07-23T11:05:07.480Z"}
{"level":"info","message":"GET /api/location-types 200 61.782 ms","timestamp":"2026-07-23T11:05:07.482Z"}
{"duration":15,"level":"info","message":"db-query","rows":26,"text":"SELECT * FROM location_types","timestamp":"2026-07-23T11:05:35.545Z"}
{"level":"info","message":"GET /api/location-types 200 25.505 ms","timestamp":"2026-07-23T11:05:35.555Z"}
{"duration":170,"level":"info","message":"db-query","rows":26,"text":"SELECT * FROM location_types","timestamp":"2026-07-23T11:05:35.705Z"}
{"level":"info","message":"GET /api/location-types 200 171.690 ms","timestamp":"2026-07-23T11:05:35.706Z"}
{"duration":9,"level":"info","message":"db-query","rows":26,"text":"SELECT * FROM location_types","timestamp":"2026-07-23T11:23:13.082Z"}
{"level":"info","message":"GET /api/location-types 200 43.092 ms","timestamp":"2026-07-23T11:23:13.114Z"}
{"duration":102,"level":"info","message":"db-query","rows":26,"text":"SELECT * FROM location_types","timestamp":"2026-07-23T11:23:13.178Z"}
{"level":"info","message":"GET /api/location-types 200 106.015 ms","timestamp":"2026-07-23T11:23:13.182Z"}
{"duration":12,"level":"info","message":"db-query","rows":26,"text":"SELECT * FROM location_types","timestamp":"2026-07-23T11:23:42.138Z"}
{"level":"info","message":"GET /api/location-types 200 23.572 ms","timestamp":"2026-07-23T11:23:42.149Z"}
{"duration":181,"level":"info","message":"db-query","rows":26,"text":"SELECT * FROM location_types","timestamp":"2026-07-23T11:23:42.313Z"}
{"level":"info","message":"GET /api/location-types 200 183.154 ms","timestamp":"2026-07-23T11:23:42.314Z"}
{"duration":8,"level":"info","message":"db-query","rows":26,"text":"SELECT * FROM location_types","timestamp":"2026-07-23T11:23:55.731Z"}
{"level":"info","message":"GET /api/location-types 200 17.529 ms","timestamp":"2026-07-23T11:23:55.739Z"}
{"duration":54,"level":"info","message":"db-query","rows":26,"text":"SELECT * FROM location_types","timestamp":"2026-07-23T11:23:55.781Z"}
{"level":"info","message":"GET /api/location-types 200 55.761 ms","timestamp":"2026-07-23T11:23:55.782Z"}
{"duration":10,"level":"info","message":"db-query","rows":26,"text":"SELECT * FROM location_types","timestamp":"2026-07-23T11:24:00.487Z"}
{"level":"info","message":"GET /api/location-types 200 22.376 ms","timestamp":"2026-07-23T11:24:00.498Z"}
{"duration":177,"level":"info","message":"db-query","rows":26,"text":"SELECT * FROM location_types","timestamp":"2026-07-23T11:24:00.657Z"}
{"level":"info","message":"GET /api/location-types 200 179.488 ms","timestamp":"2026-07-23T11:24:00.659Z"}
{"duration":12,"level":"info","message":"db-query","rows":26,"text":"SELECT * FROM location_types","timestamp":"2026-07-23T11:24:48.048Z"}
{"level":"info","message":"GET /api/location-types 200 19.562 ms","timestamp":"2026-07-23T11:24:48.054Z"}
{"duration":66,"level":"info","message":"db-query","rows":26,"text":"SELECT * FROM location_types","timestamp":"2026-07-23T11:24:48.111Z"}
{"level":"info","message":"GET /api/location-types 200 73.349 ms","timestamp":"2026-07-23T11:24:48.113Z"}
{"duration":5,"level":"info","message":"db-query","rows":26,"text":"SELECT * FROM location_types","timestamp":"2026-07-23T11:25:41.945Z"}
{"level":"info","message":"GET /api/location-types 200 11.144 ms","timestamp":"2026-07-23T11:25:41.951Z"}
{"duration":60,"level":"info","message":"db-query","rows":26,"text":"SELECT * FROM location_types","timestamp":"2026-07-23T11:25:42.002Z"}
{"level":"info","message":"GET /api/location-types 200 61.716 ms","timestamp":"2026-07-23T11:25:42.004Z"}
{"duration":4,"level":"info","message":"db-query","rows":26,"text":"SELECT * FROM location_types","timestamp":"2026-07-23T11:26:06.349Z"}
{"level":"info","message":"GET /api/location-types 200 9.772 ms","timestamp":"2026-07-23T11:26:06.355Z"}
{"duration":1,"level":"info","message":"db-query","rows":26,"text":"SELECT * FROM location_types","timestamp":"2026-07-23T11:26:06.363Z"}
{"level":"info","message":"GET /api/location-types 200 2.339 ms","timestamp":"2026-07-23T11:26:06.364Z"}
{"duration":164,"level":"info","message":"db-query","rows":1,"text":"\n    SELECT *\n    FROM vehicle_types\n    WHERE LOWER(name)=LOWER($1)\n      AND company_id=$2\n    LIMIT 1\n    ","timestamp":"2026-07-23T11:27:53.022Z"}
{"level":"info","message":"POST /api/vehicle-type/add 400 178.367 ms","timestamp":"2026-07-23T11:27:53.025Z"}
{"duration":1,"level":"info","message":"db-query","rows":0,"text":"\n    SELECT *\n    FROM vehicle_types\n    WHERE LOWER(name)=LOWER($1)\n      AND company_id=$2\n    LIMIT 1\n    ","timestamp":"2026-07-23T11:28:02.659Z"}
{"duration":8,"level":"info","message":"db-query","rows":1,"text":"INSERT INTO vehicle_types (\n    name, passengers, luggages, hand_luggages,\n    minimum_fares, minimum_miles, background_color, foreground_color,\n    driver_waiting_charges, account_waiting_charges,\n    waiting_time, waiting_time_duration,\n    default_vehicle, vehicle_type_minimum_fares, image, company_id\n  )\n  VALUES ($1,$2,$3,$4,$5,$6,$7,$8,$9,$10,$11,$12,$13,$14,$15, $16)\n  RETURNING \n    id,\n    name,\n    passengers,\n    luggages,\n    hand_luggages,\n    minimum_fares,\n    minimum_miles,\n    waiting_time,\n    waiting_time_duration,\n    default_vehicle,\n    vehicle_type_minimum_fares,\n    image,\n    created_at,\n    updated_at,\n    background_color,\n    foreground_color,\n    driver_waiting_charges,\n    account_waiting_charges","timestamp":"2026-07-23T11:28:02.668Z"}
{"duration":10,"level":"info","message":"db-query","rows":1,"text":"INSERT INTO fare_meters (\n        vehicle_type_id, has_meter, autostart_wait,\n        autostart_waiting_speed_limit, autostart_waiting_time,\n        autostop_waiting_speed_limit, waiting_charges, waiting_intervals, company_id\n      )\n      VALUES ($1,$2,$3,$4,$5,$6,$7,$8,$9)","timestamp":"2026-07-23T11:28:02.679Z"}
{"level":"info","message":"POST /api/vehicle-type/add 200 25.923 ms","timestamp":"2026-07-23T11:28:02.682Z"}
{"duration":62,"level":"info","message":"db-query","rows":1,"text":"\n    SELECT *\n    FROM vehicle_types\n    WHERE LOWER(name)=LOWER($1)\n      AND company_id=$2\n    LIMIT 1\n    ","timestamp":"2026-07-23T11:28:57.364Z"}
{"level":"info","message":"POST /api/vehicle-type/add 400 63.758 ms","timestamp":"2026-07-23T11:28:57.365Z"}
{"duration":7,"level":"info","message":"db-query","rows":1,"text":"\n    SELECT *\n    FROM vehicle_types\n    WHERE LOWER(name)=LOWER($1)\n      AND company_id=$2\n    LIMIT 1\n    ","timestamp":"2026-07-23T11:29:21.869Z"}
{"level":"info","message":"POST /api/vehicle-type/add 400 20.920 ms","timestamp":"2026-07-23T11:29:21.877Z"}
{"duration":2,"level":"info","message":"db-query","rows":26,"text":"SELECT * FROM location_types","timestamp":"2026-07-23T11:29:22.027Z"}
{"level":"info","message":"GET /api/location-types 200 4.368 ms","timestamp":"2026-07-23T11:29:22.029Z"}
{"duration":83,"level":"info","message":"db-query","rows":26,"text":"SELECT * FROM location_types","timestamp":"2026-07-23T11:29:22.109Z"}
{"level":"info","message":"GET /api/location-types 200 97.919 ms","timestamp":"2026-07-23T11:29:22.124Z"}
{"duration":6,"level":"info","message":"db-query","rows":26,"text":"SELECT * FROM location_types","timestamp":"2026-07-23T11:29:34.263Z"}
{"level":"info","message":"GET /api/location-types 200 11.637 ms","timestamp":"2026-07-23T11:29:34.270Z"}
{"duration":60,"level":"info","message":"db-query","rows":26,"text":"SELECT * FROM location_types","timestamp":"2026-07-23T11:29:34.320Z"}
{"level":"info","message":"GET /api/location-types 200 60.763 ms","timestamp":"2026-07-23T11:29:34.321Z"}
{"level":"info","message":"GET /api/bookings/reject-recover-driver/887 404 3.749 ms","timestamp":"2026-07-23T11:39:12.562Z"}
{"duration":6,"level":"info","message":"db-query","rows":26,"text":"SELECT * FROM location_types","timestamp":"2026-07-23T11:40:15.819Z"}
{"level":"info","message":"GET /api/location-types 200 14.926 ms","timestamp":"2026-07-23T11:40:15.828Z"}
{"duration":56,"level":"info","message":"db-query","rows":26,"text":"SELECT * FROM location_types","timestamp":"2026-07-23T11:40:15.870Z"}
{"level":"info","message":"GET /api/location-types 200 57.315 ms","timestamp":"2026-07-23T11:40:15.872Z"}
{"duration":24,"level":"info","message":"db-query","rows":1,"text":"\n    SELECT \n      b.*,\n      vt.name as vehicle_type_name,\n      d.name as driver_name,\n      v.color,\n      v.make,\n      v.model,\n      v.vehicle_number\n    FROM bookings b\n    LEFT JOIN vehicle_types vt ON b.vehicle_type_id = vt.id\n    LEFT JOIN drivers d ON b.driver_id = d.id\n    LEFT JOIN vehicles v ON d.vehicle_id = v.id\n    WHERE b.id = $1 AND trash = false\n  ","timestamp":"2026-07-23T11:40:17.281Z"}
{"duration":1,"level":"info","message":"db-query","rows":1,"text":"SELECT fcm_token FROM drivers WHERE id = $1","timestamp":"2026-07-23T11:40:17.284Z"}
{"level":"info","message":"GET /api/bookings/reject-recover-driver/887 200 29.080 ms","timestamp":"2026-07-23T11:40:17.285Z"}
{"duration":9,"level":"info","message":"db-query","rows":26,"text":"SELECT * FROM location_types","timestamp":"2026-07-23T11:40:35.715Z"}
{"level":"info","message":"GET /api/location-types 200 21.964 ms","timestamp":"2026-07-23T11:40:35.726Z"}
{"duration":72,"level":"info","message":"db-query","rows":26,"text":"SELECT * FROM location_types","timestamp":"2026-07-23T11:40:35.781Z"}
{"level":"info","message":"GET /api/location-types 200 73.739 ms","timestamp":"2026-07-23T11:40:35.782Z"}
{"duration":5,"level":"info","message":"db-query","rows":26,"text":"SELECT * FROM location_types","timestamp":"2026-07-23T11:40:40.157Z"}
{"level":"info","message":"GET /api/location-types 200 11.784 ms","timestamp":"2026-07-23T11:40:40.163Z"}
{"duration":1,"level":"info","message":"db-query","rows":26,"text":"SELECT * FROM location_types","timestamp":"2026-07-23T11:40:40.170Z"}
{"level":"info","message":"GET /api/location-types 200 2.147 ms","timestamp":"2026-07-23T11:40:40.171Z"}
{"level":"info","message":"GET /api/bookings/reject-no-pickup-driver/887 404 4.278 ms","timestamp":"2026-07-23T11:45:30.477Z"}
{"duration":5,"level":"info","message":"db-query","rows":26,"text":"SELECT * FROM location_types","timestamp":"2026-07-23T11:45:43.586Z"}
{"level":"info","message":"GET /api/location-types 200 9.975 ms","timestamp":"2026-07-23T11:45:43.592Z"}
{"duration":1,"level":"info","message":"db-query","rows":26,"text":"SELECT * FROM location_types","timestamp":"2026-07-23T11:45:43.599Z"}
{"level":"info","message":"GET /api/location-types 200 2.587 ms","timestamp":"2026-07-23T11:45:43.601Z"}
{"duration":16,"level":"info","message":"db-query","rows":26,"text":"SELECT * FROM location_types","timestamp":"2026-07-23T11:45:51.373Z"}
{"level":"info","message":"GET /api/location-types 200 25.541 ms","timestamp":"2026-07-23T11:45:51.382Z"}
{"duration":63,"level":"info","message":"db-query","rows":26,"text":"SELECT * FROM location_types","timestamp":"2026-07-23T11:45:51.426Z"}
{"level":"info","message":"GET /api/location-types 200 65.083 ms","timestamp":"2026-07-23T11:45:51.428Z"}
{"duration":16,"level":"info","message":"db-query","rows":26,"text":"SELECT * FROM location_types","timestamp":"2026-07-23T11:46:03.547Z"}
{"level":"info","message":"GET /api/location-types 200 29.554 ms","timestamp":"2026-07-23T11:46:03.558Z"}
{"duration":76,"level":"info","message":"db-query","rows":26,"text":"SELECT * FROM location_types","timestamp":"2026-07-23T11:46:03.612Z"}
{"level":"info","message":"GET /api/location-types 200 78.201 ms","timestamp":"2026-07-23T11:46:03.614Z"}
{"duration":65,"level":"info","message":"db-query","rows":1,"text":"\n    SELECT \n      b.*,\n      vt.name as vehicle_type_name,\n      d.name as driver_name,\n      v.color,\n      v.make,\n      v.model,\n      v.vehicle_number\n    FROM bookings b\n    LEFT JOIN vehicle_types vt ON b.vehicle_type_id = vt.id\n    LEFT JOIN drivers d ON b.driver_id = d.id\n    LEFT JOIN vehicles v ON d.vehicle_id = v.id\n    WHERE b.id = $1 AND trash = false\n  ","timestamp":"2026-07-23T11:48:05.791Z"}
{"duration":0,"level":"info","message":"db-query","rows":1,"text":"SELECT fcm_token FROM drivers WHERE id = $1","timestamp":"2026-07-23T11:48:05.795Z"}
{"level":"info","message":"GET /api/bookings/reject-no-pickup-driver/887 200 72.076 ms","timestamp":"2026-07-23T11:48:05.797Z"}
{"duration":13,"level":"info","message":"db-query","rows":26,"text":"SELECT * FROM location_types","timestamp":"2026-07-23T11:58:05.906Z"}
{"level":"info","message":"GET /api/location-types 200 22.458 ms","timestamp":"2026-07-23T11:58:05.914Z"}
{"duration":68,"level":"info","message":"db-query","rows":26,"text":"SELECT * FROM location_types","timestamp":"2026-07-23T11:58:05.969Z"}
{"level":"info","message":"GET /api/location-types 200 70.253 ms","timestamp":"2026-07-23T11:58:05.970Z"}
{"duration":9,"level":"info","message":"db-query","rows":26,"text":"SELECT * FROM location_types","timestamp":"2026-07-23T11:58:19.825Z"}
{"level":"info","message":"GET /api/location-types 200 16.625 ms","timestamp":"2026-07-23T11:58:19.832Z"}
{"duration":64,"level":"info","message":"db-query","rows":26,"text":"SELECT * FROM location_types","timestamp":"2026-07-23T11:58:19.886Z"}
{"level":"info","message":"GET /api/location-types 200 65.844 ms","timestamp":"2026-07-23T11:58:19.887Z"}
{"duration":9,"level":"info","message":"db-query","rows":26,"text":"SELECT * FROM location_types","timestamp":"2026-07-23T11:58:27.830Z"}
{"level":"info","message":"GET /api/location-types 200 18.483 ms","timestamp":"2026-07-23T11:58:27.838Z"}
{"duration":162,"level":"info","message":"db-query","rows":26,"text":"SELECT * FROM location_types","timestamp":"2026-07-23T11:58:27.985Z"}
{"level":"info","message":"GET /api/location-types 200 163.565 ms","timestamp":"2026-07-23T11:58:27.987Z"}
{"duration":4,"level":"info","message":"db-query","rows":26,"text":"SELECT * FROM location_types","timestamp":"2026-07-23T11:58:38.971Z"}
{"level":"info","message":"GET /api/location-types 200 10.237 ms","timestamp":"2026-07-23T11:58:38.977Z"}
{"duration":57,"level":"info","message":"db-query","rows":26,"text":"SELECT * FROM location_types","timestamp":"2026-07-23T11:58:39.025Z"}
{"level":"info","message":"GET /api/location-types 200 58.264 ms","timestamp":"2026-07-23T11:58:39.027Z"}
{"duration":9,"level":"info","message":"db-query","rows":26,"text":"SELECT * FROM location_types","timestamp":"2026-07-23T11:59:07.404Z"}
{"level":"info","message":"GET /api/location-types 200 15.115 ms","timestamp":"2026-07-23T11:59:07.411Z"}
{"duration":50,"level":"info","message":"db-query","rows":26,"text":"SELECT * FROM location_types","timestamp":"2026-07-23T11:59:07.449Z"}
{"level":"info","message":"GET /api/location-types 200 51.809 ms","timestamp":"2026-07-23T11:59:07.451Z"}
{"duration":5,"level":"info","message":"db-query","rows":26,"text":"SELECT * FROM location_types","timestamp":"2026-07-23T11:59:20.791Z"}
{"level":"info","message":"GET /api/location-types 200 11.875 ms","timestamp":"2026-07-23T11:59:20.798Z"}
{"duration":55,"level":"info","message":"db-query","rows":26,"text":"SELECT * FROM location_types","timestamp":"2026-07-23T11:59:20.842Z"}
{"level":"info","message":"GET /api/location-types 200 57.081 ms","timestamp":"2026-07-23T11:59:20.844Z"}
{"duration":5,"level":"info","message":"db-query","rows":26,"text":"SELECT * FROM location_types","timestamp":"2026-07-23T12:07:37.322Z"}
{"level":"info","message":"GET /api/location-types 200 13.724 ms","timestamp":"2026-07-23T12:07:37.330Z"}
{"duration":61,"level":"info","message":"db-query","rows":26,"text":"SELECT * FROM location_types","timestamp":"2026-07-23T12:07:37.379Z"}
{"level":"info","message":"GET /api/location-types 200 67.535 ms","timestamp":"2026-07-23T12:07:37.386Z"}
{"duration":11,"level":"info","message":"db-query","rows":26,"text":"SELECT * FROM location_types","timestamp":"2026-07-23T12:07:40.191Z"}
{"level":"info","message":"GET /api/location-types 200 19.249 ms","timestamp":"2026-07-23T12:07:40.199Z"}
{"duration":188,"level":"info","message":"db-query","rows":26,"text":"SELECT * FROM location_types","timestamp":"2026-07-23T12:07:40.373Z"}
{"level":"info","message":"GET /api/location-types 200 189.951 ms","timestamp":"2026-07-23T12:07:40.375Z"}
{"duration":9,"level":"info","message":"db-query","rows":26,"text":"SELECT * FROM location_types","timestamp":"2026-07-23T12:08:07.921Z"}
{"level":"info","message":"GET /api/location-types 200 21.736 ms","timestamp":"2026-07-23T12:08:07.933Z"}
{"duration":75,"level":"info","message":"db-query","rows":26,"text":"SELECT * FROM location_types","timestamp":"2026-07-23T12:08:07.991Z"}
{"level":"info","message":"GET /api/location-types 200 77.017 ms","timestamp":"2026-07-23T12:08:07.993Z"}
{"duration":13,"level":"info","message":"db-query","rows":26,"text":"SELECT * FROM location_types","timestamp":"2026-07-23T12:08:29.306Z"}
{"level":"info","message":"GET /api/location-types 200 26.550 ms","timestamp":"2026-07-23T12:08:29.316Z"}
{"duration":75,"level":"info","message":"db-query","rows":26,"text":"SELECT * FROM location_types","timestamp":"2026-07-23T12:08:29.375Z"}
{"level":"info","message":"GET /api/location-types 200 98.635 ms","timestamp":"2026-07-23T12:08:29.397Z"}
{"duration":5,"level":"info","message":"db-query","rows":26,"text":"SELECT * FROM location_types","timestamp":"2026-07-23T12:08:37.849Z"}
{"level":"info","message":"GET /api/location-types 200 11.740 ms","timestamp":"2026-07-23T12:08:37.857Z"}
{"duration":49,"level":"info","message":"db-query","rows":26,"text":"SELECT * FROM location_types","timestamp":"2026-07-23T12:08:37.896Z"}
{"level":"info","message":"GET /api/location-types 200 50.871 ms","timestamp":"2026-07-23T12:08:37.897Z"}
{"duration":8,"level":"info","message":"db-query","rows":26,"text":"SELECT * FROM location_types","timestamp":"2026-07-23T12:08:50.763Z"}
{"level":"info","message":"GET /api/location-types 200 19.192 ms","timestamp":"2026-07-23T12:08:50.775Z"}
{"duration":70,"level":"info","message":"db-query","rows":26,"text":"SELECT * FROM location_types","timestamp":"2026-07-23T12:08:50.828Z"}
{"level":"info","message":"GET /api/location-types 200 71.829 ms","timestamp":"2026-07-23T12:08:50.830Z"}
{"duration":5,"level":"info","message":"db-query","rows":26,"text":"SELECT * FROM location_types","timestamp":"2026-07-23T12:09:13.666Z"}
{"level":"info","message":"GET /api/location-types 200 13.428 ms","timestamp":"2026-07-23T12:09:13.676Z"}
{"duration":50,"level":"info","message":"db-query","rows":26,"text":"SELECT * FROM location_types","timestamp":"2026-07-23T12:09:13.712Z"}
{"level":"info","message":"GET /api/location-types 200 50.658 ms","timestamp":"2026-07-23T12:09:13.713Z"}
{"duration":15,"level":"info","message":"db-query","rows":26,"text":"SELECT * FROM location_types","timestamp":"2026-07-23T12:09:19.102Z"}
{"level":"info","message":"GET /api/location-types 200 32.650 ms","timestamp":"2026-07-23T12:09:19.116Z"}
{"duration":66,"level":"info","message":"db-query","rows":26,"text":"SELECT * FROM location_types","timestamp":"2026-07-23T12:09:19.156Z"}
{"level":"info","message":"GET /api/location-types 200 67.990 ms","timestamp":"2026-07-23T12:09:19.158Z"}
{"duration":6,"level":"info","message":"db-query","rows":26,"text":"SELECT * FROM location_types","timestamp":"2026-07-23T12:09:22.059Z"}
{"level":"info","message":"GET /api/location-types 200 13.121 ms","timestamp":"2026-07-23T12:09:22.067Z"}
{"duration":57,"level":"info","message":"db-query","rows":26,"text":"SELECT * FROM location_types","timestamp":"2026-07-23T12:09:22.113Z"}
{"level":"info","message":"GET /api/location-types 200 59.199 ms","timestamp":"2026-07-23T12:09:22.115Z"}
{"duration":6,"level":"info","message":"db-query","rows":26,"text":"SELECT * FROM location_types","timestamp":"2026-07-23T12:09:35.622Z"}
{"level":"info","message":"GET /api/location-types 200 11.486 ms","timestamp":"2026-07-23T12:09:35.629Z"}
{"duration":47,"level":"info","message":"db-query","rows":26,"text":"SELECT * FROM location_types","timestamp":"2026-07-23T12:09:35.665Z"}
{"level":"info","message":"GET /api/location-types 200 48.275 ms","timestamp":"2026-07-23T12:09:35.667Z"}
{"duration":6,"level":"info","message":"db-query","rows":26,"text":"SELECT * FROM location_types","timestamp":"2026-07-23T12:09:54.260Z"}
{"level":"info","message":"GET /api/location-types 200 12.039 ms","timestamp":"2026-07-23T12:09:54.267Z"}
{"duration":50,"level":"info","message":"db-query","rows":26,"text":"SELECT * FROM location_types","timestamp":"2026-07-23T12:09:54.306Z"}
{"level":"info","message":"GET /api/location-types 200 51.219 ms","timestamp":"2026-07-23T12:09:54.308Z"}
{"duration":12,"level":"info","message":"db-query","rows":26,"text":"SELECT * FROM location_types","timestamp":"2026-07-23T12:10:03.343Z"}
{"level":"info","message":"GET /api/location-types 200 27.991 ms","timestamp":"2026-07-23T12:10:03.356Z"}
{"duration":181,"level":"info","message":"db-query","rows":26,"text":"SELECT * FROM location_types","timestamp":"2026-07-23T12:10:03.516Z"}
{"level":"info","message":"GET /api/location-types 200 182.633 ms","timestamp":"2026-07-23T12:10:03.517Z"}
{"duration":12,"level":"info","message":"db-query","rows":26,"text":"SELECT * FROM location_types","timestamp":"2026-07-23T12:10:14.378Z"}
{"level":"info","message":"GET /api/location-types 200 20.840 ms","timestamp":"2026-07-23T12:10:14.387Z"}
{"duration":59,"level":"info","message":"db-query","rows":26,"text":"SELECT * FROM location_types","timestamp":"2026-07-23T12:10:14.430Z"}
{"level":"info","message":"GET /api/location-types 200 61.529 ms","timestamp":"2026-07-23T12:10:14.432Z"}
{"duration":9,"level":"info","message":"db-query","rows":26,"text":"SELECT * FROM location_types","timestamp":"2026-07-23T12:10:39.016Z"}
{"level":"info","message":"GET /api/location-types 200 21.625 ms","timestamp":"2026-07-23T12:10:39.029Z"}
{"duration":65,"level":"info","message":"db-query","rows":26,"text":"SELECT * FROM location_types","timestamp":"2026-07-23T12:10:39.076Z"}
{"level":"info","message":"GET /api/location-types 200 67.260 ms","timestamp":"2026-07-23T12:10:39.078Z"}
{"duration":6,"level":"info","message":"db-query","rows":26,"text":"SELECT * FROM location_types","timestamp":"2026-07-23T12:10:50.977Z"}
{"level":"info","message":"GET /api/location-types 200 12.017 ms","timestamp":"2026-07-23T12:10:50.983Z"}
{"duration":1,"level":"info","message":"db-query","rows":26,"text":"SELECT * FROM location_types","timestamp":"2026-07-23T12:10:50.990Z"}
{"level":"info","message":"GET /api/location-types 200 2.375 ms","timestamp":"2026-07-23T12:10:50.992Z"}
{"duration":6,"level":"info","message":"db-query","rows":26,"text":"SELECT * FROM location_types","timestamp":"2026-07-23T12:11:37.205Z"}
{"level":"info","message":"GET /api/location-types 200 13.666 ms","timestamp":"2026-07-23T12:11:37.213Z"}
{"duration":153,"level":"info","message":"db-query","rows":26,"text":"SELECT * FROM location_types","timestamp":"2026-07-23T12:11:37.353Z"}
{"level":"info","message":"GET /api/location-types 200 154.191 ms","timestamp":"2026-07-23T12:11:37.355Z"}
{"duration":5,"level":"info","message":"db-query","rows":26,"text":"SELECT * FROM location_types","timestamp":"2026-07-23T12:11:50.662Z"}
{"level":"info","message":"GET /api/location-types 200 10.749 ms","timestamp":"2026-07-23T12:11:50.668Z"}
{"duration":1,"level":"info","message":"db-query","rows":26,"text":"SELECT * FROM location_types","timestamp":"2026-07-23T12:11:50.675Z"}
{"level":"info","message":"GET /api/location-types 200 2.467 ms","timestamp":"2026-07-23T12:11:50.677Z"}
{"duration":7,"level":"info","message":"db-query","rows":26,"text":"SELECT * FROM location_types","timestamp":"2026-07-23T12:11:58.426Z"}
{"level":"info","message":"GET /api/location-types 200 25.199 ms","timestamp":"2026-07-23T12:11:58.444Z"}
{"duration":75,"level":"info","message":"db-query","rows":26,"text":"SELECT * FROM location_types","timestamp":"2026-07-23T12:11:58.495Z"}
{"level":"info","message":"GET /api/location-types 200 76.320 ms","timestamp":"2026-07-23T12:11:58.497Z"}
{"duration":5,"level":"info","message":"db-query","rows":26,"text":"SELECT * FROM location_types","timestamp":"2026-07-23T12:12:04.619Z"}
{"level":"info","message":"GET /api/location-types 200 11.457 ms","timestamp":"2026-07-23T12:12:04.626Z"}
{"duration":158,"level":"info","message":"db-query","rows":26,"text":"SELECT * FROM location_types","timestamp":"2026-07-23T12:12:04.773Z"}
{"level":"info","message":"GET /api/location-types 200 159.331 ms","timestamp":"2026-07-23T12:12:04.775Z"}
{"duration":14,"level":"info","message":"db-query","rows":1,"text":"\n    SELECT \n      b.*,\n      vt.name as vehicle_type_name,\n      d.name as driver_name,\n      v.color,\n      v.make,\n      v.model,\n      v.vehicle_number\n    FROM bookings b\n    LEFT JOIN vehicle_types vt ON b.vehicle_type_id = vt.id\n    LEFT JOIN drivers d ON b.driver_id = d.id\n    LEFT JOIN vehicles v ON d.vehicle_id = v.id\n    WHERE b.id = $1 AND trash = false\n  ","timestamp":"2026-07-23T12:12:12.315Z"}
{"duration":1,"level":"info","message":"db-query","rows":1,"text":"SELECT fcm_token FROM drivers WHERE id = $1","timestamp":"2026-07-23T12:12:12.318Z"}
{"level":"info","message":"POST /api/bookings/reject-no-pickup-driver/887 200 19.646 ms","timestamp":"2026-07-23T12:12:12.319Z"}
{"duration":3,"level":"info","message":"db-query","rows":1,"text":"\n    SELECT \n      b.*,\n      vt.name as vehicle_type_name,\n      d.name as driver_name,\n      v.color,\n      v.make,\n      v.model,\n      v.vehicle_number\n    FROM bookings b\n    LEFT JOIN vehicle_types vt ON b.vehicle_type_id = vt.id\n    LEFT JOIN drivers d ON b.driver_id = d.id\n    LEFT JOIN vehicles v ON d.vehicle_id = v.id\n    WHERE b.id = $1 AND trash = false\n  ","timestamp":"2026-07-23T12:12:19.824Z"}
{"duration":1,"level":"info","message":"db-query","rows":1,"text":"SELECT fcm_token FROM drivers WHERE id = $1","timestamp":"2026-07-23T12:12:19.828Z"}
{"level":"info","message":"POST /api/bookings/reject-recover-driver/887 200 10.035 ms","timestamp":"2026-07-23T12:12:19.830Z"}
{"duration":62,"level":"info","message":"db-query","rows":1,"text":"\n    SELECT \n      b.*,\n      vt.name as vehicle_type_name,\n      d.name as driver_name,\n      v.color,\n      v.make,\n      v.model,\n      v.vehicle_number\n    FROM bookings b\n    LEFT JOIN vehicle_types vt ON b.vehicle_type_id = vt.id\n    LEFT JOIN drivers d ON b.driver_id = d.id\n    LEFT JOIN vehicles v ON d.vehicle_id = v.id\n    WHERE b.id = $1 AND trash = false\n  ","timestamp":"2026-07-23T12:16:11.928Z"}
{"duration":1,"level":"info","message":"db-query","rows":1,"text":"SELECT fcm_token FROM drivers WHERE id = $1","timestamp":"2026-07-23T12:16:11.931Z"}
{"duration":5,"level":"info","message":"db-query","rows":1,"text":"\n    UPDATE bookings\n    SET booking_status_id = 8,\n        driver_id = NULL\n    WHERE id = $1\n  ","timestamp":"2026-07-23T12:16:11.936Z"}
{"duration":2,"level":"info","message":"db-query","rows":1,"text":"\n    UPDATE drivers\n    SET \n      booking_status = $1,\n      driver_status = $2\n    WHERE id = $3\n  ","timestamp":"2026-07-23T12:16:11.938Z"}
{"duration":2,"level":"info","message":"db-query","rows":1,"text":"SELECT \n      d.id,\n      d.name,\n      d.username,\n      d.zone,\n      d.driver_status,\n      d.booking_status,\n      d.session_status,\n      d.latitude,\n      d.longitude,\n      d.last_login_at,\n      vt.name AS vehicle_type\n      FROM drivers d\n      LEFT JOIN vehicles v ON d.vehicle_id = v.id\n      LEFT JOIN vehicle_types vt ON v.vehicle_type_id = vt.id\n      WHERE d.id = $1","timestamp":"2026-07-23T12:16:11.942Z"}
{"driverId":167,"level":"info","message":"ws:booking-status-broadcast","timestamp":"2026-07-23T12:16:11.943Z"}
{"duration":2,"level":"info","message":"db-query","rows":1,"text":"\n      SELECT\n        d.id,\n        d.name,\n        d.username,\n        d.zone,\n        d.latitude,\n        d.longitude,\n        d.booking_status,\n        d.session_status,\n        d.driver_status,\n        d.last_login_at,\n        d.company_id,\n        vt.name AS vehicle_type\n      FROM drivers d\n      LEFT JOIN vehicles v\n        ON d.vehicle_id=v.id\n      LEFT JOIN vehicle_types vt\n        ON v.vehicle_type_id=vt.id\n      WHERE d.id=$1\n      ","timestamp":"2026-07-23T12:16:11.946Z"}
{"duration":1,"level":"info","message":"db-query","rows":null,"text":"BEGIN","timestamp":"2026-07-23T12:16:11.948Z"}
{"duration":6,"level":"info","message":"db-query","rows":1,"text":"SELECT d.*, s.name AS subsidiary_name\n          FROM drivers d\n          LEFT JOIN subsidiaries s ON s.id = d.subsidiary_id\n          WHERE d.id = $1","timestamp":"2026-07-23T12:16:11.955Z"}
{"duration":7,"level":"info","message":"db-query","rows":1,"text":"SELECT id, note, created_at, created_by\n          FROM driver_notes\n          WHERE driver_id = $1\n          ORDER BY created_at DESC","timestamp":"2026-07-23T12:16:11.964Z"}
{"duration":4,"level":"info","message":"db-query","rows":1,"text":"SELECT id, name, start_time, end_time\n          FROM driver_shifts\n          WHERE driver_id = $1\n          ORDER BY id ASC","timestamp":"2026-07-23T12:16:11.968Z"}
{"duration":3,"level":"info","message":"db-query","rows":1,"text":"SELECT \n            v.*,\n            json_build_object(\n              'id', vt.id,\n              'name', vt.name,\n              'driver_waiting_charges', vt.driver_waiting_charges,\n              'account_waiting_charges', vt.account_waiting_charges,\n              'waiting_time', vt.waiting_time\n            ) AS vehicle_type\n            FROM vehicles v\n            LEFT JOIN vehicle_types vt ON vt.id = v.vehicle_type_id\n            WHERE v.id = $1\n            LIMIT 1","timestamp":"2026-07-23T12:16:11.972Z"}
{"duration":1,"level":"info","message":"db-query","rows":null,"text":"COMMIT","timestamp":"2026-07-23T12:16:11.973Z"}
{"level":"info","message":"POST /api/bookings/no-pickup-booking/887 200 110.757 ms","timestamp":"2026-07-23T12:16:11.976Z"}
{"duration":179,"level":"info","message":"db-query","rows":1,"text":"\n    SELECT \n      b.*,\n      vt.name as vehicle_type_name,\n      d.name as driver_name,\n      v.color,\n      v.make,\n      v.model,\n      v.vehicle_number\n    FROM bookings b\n    LEFT JOIN vehicle_types vt ON b.vehicle_type_id = vt.id\n    LEFT JOIN drivers d ON b.driver_id = d.id\n    LEFT JOIN vehicles v ON d.vehicle_id = v.id\n    WHERE b.id = $1 AND trash = false\n  ","timestamp":"2026-07-23T12:17:10.091Z"}
{"duration":1,"level":"info","message":"db-query","rows":1,"text":"SELECT fcm_token FROM drivers WHERE id = $1","timestamp":"2026-07-23T12:17:10.094Z"}
{"level":"info","message":"POST /api/bookings/reject-no-pickup-driver/887 200 183.182 ms","timestamp":"2026-07-23T12:17:10.095Z"}
{"duration":60,"level":"info","message":"db-query","rows":1,"text":"\n    SELECT \n      b.*,\n      vt.name as vehicle_type_name,\n      d.name as driver_name,\n      v.color,\n      v.make,\n      v.model,\n      v.vehicle_number\n    FROM bookings b\n    LEFT JOIN vehicle_types vt ON b.vehicle_type_id = vt.id\n    LEFT JOIN drivers d ON b.driver_id = d.id\n    LEFT JOIN vehicles v ON d.vehicle_id = v.id\n    WHERE b.id = $1 AND trash = false\n  ","timestamp":"2026-07-23T12:17:20.443Z"}
{"duration":1,"level":"info","message":"db-query","rows":1,"text":"SELECT fcm_token FROM drivers WHERE id = $1","timestamp":"2026-07-23T12:17:20.445Z"}
{"level":"info","message":"POST /api/bookings/reject-recover-driver/887 200 62.726 ms","timestamp":"2026-07-23T12:17:20.446Z"}
{"duration":61,"level":"info","message":"db-query","rows":1,"text":"\n    SELECT \n      b.*,\n      vt.name as vehicle_type_name,\n      d.name as driver_name,\n      v.color,\n      v.make,\n      v.model,\n      v.vehicle_number\n    FROM bookings b\n    LEFT JOIN vehicle_types vt ON b.vehicle_type_id = vt.id\n    LEFT JOIN drivers d ON b.driver_id = d.id\n    LEFT JOIN vehicles v ON d.vehicle_id = v.id\n    WHERE b.id = $1 AND trash = false\n  ","timestamp":"2026-07-23T12:18:17.961Z"}
{"duration":1,"level":"info","message":"db-query","rows":1,"text":"SELECT fcm_token FROM drivers WHERE id = $1","timestamp":"2026-07-23T12:18:17.963Z"}
{"level":"info","message":"POST /api/bookings/reject-recover-driver/887 200 1054.764 ms","timestamp":"2026-07-23T12:18:18.955Z"}
{"duration":172,"level":"info","message":"db-query","rows":1,"text":"\n    SELECT \n      b.*,\n      vt.name as vehicle_type_name,\n      d.name as driver_name,\n      v.color,\n      v.make,\n      v.model,\n      v.vehicle_number\n    FROM bookings b\n    LEFT JOIN vehicle_types vt ON b.vehicle_type_id = vt.id\n    LEFT JOIN drivers d ON b.driver_id = d.id\n    LEFT JOIN vehicles v ON d.vehicle_id = v.id\n    WHERE b.id = $1 AND trash = false\n  ","timestamp":"2026-07-23T12:26:58.347Z"}
{"duration":1,"level":"info","message":"db-query","rows":1,"text":"SELECT fcm_token FROM drivers WHERE id = $1","timestamp":"2026-07-23T12:26:58.349Z"}
{"level":"info","message":"POST /api/bookings/reject-recover-driver/887 200 498.133 ms","timestamp":"2026-07-23T12:26:58.674Z"}
{"duration":75,"level":"info","message":"db-query","rows":1,"text":"\n    SELECT \n      b.*,\n      vt.name as vehicle_type_name,\n      d.name as driver_name,\n      v.color,\n      v.make,\n      v.model,\n      v.vehicle_number\n    FROM bookings b\n    LEFT JOIN vehicle_types vt ON b.vehicle_type_id = vt.id\n    LEFT JOIN drivers d ON b.driver_id = d.id\n    LEFT JOIN vehicles v ON d.vehicle_id = v.id\n    WHERE b.id = $1 AND trash = false\n  ","timestamp":"2026-07-23T12:29:17.746Z"}
{"duration":1,"level":"info","message":"db-query","rows":1,"text":"SELECT fcm_token FROM drivers WHERE id = $1","timestamp":"2026-07-23T12:29:17.784Z"}
{"level":"info","message":"POST /api/bookings/reject-recover-driver/887 200 447.620 ms","timestamp":"2026-07-23T12:29:18.119Z"}
{"duration":59,"level":"info","message":"db-query","rows":1,"text":"\n    SELECT \n      b.*,\n      vt.name as vehicle_type_name,\n      d.name as driver_name,\n      v.color,\n      v.make,\n      v.model,\n      v.vehicle_number\n    FROM bookings b\n    LEFT JOIN vehicle_types vt ON b.vehicle_type_id = vt.id\n    LEFT JOIN drivers d ON b.driver_id = d.id\n    LEFT JOIN vehicles v ON d.vehicle_id = v.id\n    WHERE b.id = $1 AND trash = false\n  ","timestamp":"2026-07-23T12:37:24.113Z"}
{"duration":1,"level":"info","message":"db-query","rows":1,"text":"SELECT fcm_token FROM drivers WHERE id = $1","timestamp":"2026-07-23T12:37:24.115Z"}
{"level":"info","message":"POST /api/bookings/reject-recover-driver/887 200 437.674 ms","timestamp":"2026-07-23T12:37:24.492Z"}
{"duration":61,"level":"info","message":"db-query","rows":1,"text":"\n    SELECT \n      b.*,\n      vt.name as vehicle_type_name,\n      d.name as driver_name,\n      v.color,\n      v.make,\n      v.model,\n      v.vehicle_number\n    FROM bookings b\n    LEFT JOIN vehicle_types vt ON b.vehicle_type_id = vt.id\n    LEFT JOIN drivers d ON b.driver_id = d.id\n    LEFT JOIN vehicles v ON d.vehicle_id = v.id\n    WHERE b.id = $1 AND trash = false\n  ","timestamp":"2026-07-23T12:37:44.015Z"}
{"duration":1,"level":"info","message":"db-query","rows":1,"text":"SELECT fcm_token FROM drivers WHERE id = $1","timestamp":"2026-07-23T12:37:44.017Z"}
{"level":"info","message":"POST /api/bookings/reject-no-pickup-driver/887 200 467.141 ms","timestamp":"2026-07-23T12:37:44.421Z"}
