{"duration":999,"level":"info","message":"db-query","rows":26,"text":"SELECT * FROM location_types","timestamp":"2026-05-07T10:27:16.372Z"}
{"level":"info","message":"GET /api/location-types 200 1043.493 ms","timestamp":"2026-05-07T10:27:16.418Z"}
{"duration":1105,"level":"info","message":"db-query","rows":26,"text":"SELECT * FROM location_types","timestamp":"2026-05-07T10:27:16.454Z"}
{"level":"info","message":"GET /api/location-types 200 1218.112 ms","timestamp":"2026-05-07T10:27:16.567Z"}
{"duration":6,"level":"info","message":"db-query","rows":26,"text":"SELECT * FROM location_types","timestamp":"2026-05-07T10:27:29.615Z"}
{"level":"info","message":"GET /api/location-types 200 15.712 ms","timestamp":"2026-05-07T10:27:29.624Z"}
{"duration":97,"level":"info","message":"db-query","rows":26,"text":"SELECT * FROM location_types","timestamp":"2026-05-07T10:27:29.707Z"}
{"level":"info","message":"GET /api/location-types 200 98.654 ms","timestamp":"2026-05-07T10:27:29.709Z"}
{"duration":174,"level":"info","message":"db-query","rows":1,"text":"\n    SELECT COUNT(*) AS total\n    FROM drivers d\n    LEFT JOIN subsidiaries s ON s.id = d.subsidiary_id\n    LEFT JOIN vehicles v ON v.id = d.vehicle_id\n    LEFT JOIN vehicle_types vt_v ON vt_v.id = v.vehicle_type_id\n    LEFT JOIN company_vehicles cv ON cv.id = d.company_vehicle_id\n    LEFT JOIN vehicle_types vt_cv ON vt_cv.id = cv.vehicle_type_id\n    WHERE d.active = $1 AND d.driver_type = $2;\n  ","timestamp":"2026-05-07T10:44:13.099Z"}
{"duration":13,"level":"info","message":"db-query","rows":1,"text":"\n    SELECT \n      d.*,\n      s.name AS subsidiary_name,\n      CASE \n        WHEN d.use_company_vehicle = true THEN\n          json_build_object(\n            'vehicle_number', cv.vehicle_number,\n            'make', cv.make,\n            'model', cv.model,\n            'color', cv.color,\n            'end_date', cv.end_date,\n            'vehicle_type', json_build_object(\n              'id', vt_cv.id,\n              'name', vt_cv.name,\n              'passengers', vt_cv.passengers,\n              'luggages', vt_cv.luggages,\n              'driver_waiting_charges', vt_cv.driver_waiting_charges\n            )\n          )\n        ELSE\n          json_build_object(\n            'vehicle_number', v.vehicle_number,\n            'make', v.make,\n            'model', v.model,\n            'color', v.color,\n            'end_date', v.end_date,\n            'vehicle_type', json_build_object(\n              'id', vt_v.id,\n              'name', vt_v.name,\n              'passengers', vt_v.passengers,\n              'luggages', vt_v.luggages,\n              'driver_waiting_charges', vt_v.driver_waiting_charges\n            )\n          )\n      END AS vehicle\n    FROM drivers d\n    LEFT JOIN subsidiaries s ON s.id = d.subsidiary_id\n    LEFT JOIN vehicles v ON v.id = d.vehicle_id\n    LEFT JOIN vehicle_types vt_v ON vt_v.id = v.vehicle_type_id\n    LEFT JOIN company_vehicles cv ON cv.id = d.company_vehicle_id\n    LEFT JOIN vehicle_types vt_cv ON vt_cv.id = cv.vehicle_type_id\n    WHERE d.active = $1 AND d.driver_type = $2\n    ORDER BY d.id DESC;\n  ","timestamp":"2026-05-07T10:44:13.113Z"}
{"level":"info","message":"GET /api/drivers/commission?active=true&driver_type=Rent/Week 200 190.609 ms","timestamp":"2026-05-07T10:44:13.115Z"}
{"duration":2,"level":"info","message":"db-query","rows":1,"text":"\n    SELECT COUNT(*) AS total\n    FROM drivers d\n    LEFT JOIN subsidiaries s ON s.id = d.subsidiary_id\n    LEFT JOIN vehicles v ON v.id = d.vehicle_id\n    LEFT JOIN vehicle_types vt_v ON vt_v.id = v.vehicle_type_id\n    LEFT JOIN company_vehicles cv ON cv.id = d.company_vehicle_id\n    LEFT JOIN vehicle_types vt_cv ON vt_cv.id = cv.vehicle_type_id\n    WHERE d.active = $1 AND d.driver_type = $2 AND d.company_id = $3;\n  ","timestamp":"2026-05-07T10:44:22.611Z"}
{"duration":3,"level":"info","message":"db-query","rows":0,"text":"\n    SELECT \n      d.*,\n      s.name AS subsidiary_name,\n      CASE \n        WHEN d.use_company_vehicle = true THEN\n          json_build_object(\n            'vehicle_number', cv.vehicle_number,\n            'make', cv.make,\n            'model', cv.model,\n            'color', cv.color,\n            'end_date', cv.end_date,\n            'vehicle_type', json_build_object(\n              'id', vt_cv.id,\n              'name', vt_cv.name,\n              'passengers', vt_cv.passengers,\n              'luggages', vt_cv.luggages,\n              'driver_waiting_charges', vt_cv.driver_waiting_charges\n            )\n          )\n        ELSE\n          json_build_object(\n            'vehicle_number', v.vehicle_number,\n            'make', v.make,\n            'model', v.model,\n            'color', v.color,\n            'end_date', v.end_date,\n            'vehicle_type', json_build_object(\n              'id', vt_v.id,\n              'name', vt_v.name,\n              'passengers', vt_v.passengers,\n              'luggages', vt_v.luggages,\n              'driver_waiting_charges', vt_v.driver_waiting_charges\n            )\n          )\n      END AS vehicle\n    FROM drivers d\n    LEFT JOIN subsidiaries s ON s.id = d.subsidiary_id\n    LEFT JOIN vehicles v ON v.id = d.vehicle_id\n    LEFT JOIN vehicle_types vt_v ON vt_v.id = v.vehicle_type_id\n    LEFT JOIN company_vehicles cv ON cv.id = d.company_vehicle_id\n    LEFT JOIN vehicle_types vt_cv ON vt_cv.id = cv.vehicle_type_id\n    WHERE d.active = $1 AND d.driver_type = $2 AND d.company_id = $3\n    ORDER BY d.id DESC;\n  ","timestamp":"2026-05-07T10:44:22.615Z"}
{"level":"info","message":"GET /api/drivers/commission?active=true&driver_type=Rent/Week&company_id=2 200 10.485 ms","timestamp":"2026-05-07T10:44:22.620Z"}
{"duration":2,"level":"info","message":"db-query","rows":1,"text":"\n    SELECT COUNT(*) AS total\n    FROM drivers d\n    LEFT JOIN subsidiaries s ON s.id = d.subsidiary_id\n    LEFT JOIN vehicles v ON v.id = d.vehicle_id\n    LEFT JOIN vehicle_types vt_v ON vt_v.id = v.vehicle_type_id\n    LEFT JOIN company_vehicles cv ON cv.id = d.company_vehicle_id\n    LEFT JOIN vehicle_types vt_cv ON vt_cv.id = cv.vehicle_type_id\n    WHERE d.active = $1 AND d.driver_type = $2 AND d.company_id = $3;\n  ","timestamp":"2026-05-07T10:44:28.432Z"}
{"duration":4,"level":"info","message":"db-query","rows":1,"text":"\n    SELECT \n      d.*,\n      s.name AS subsidiary_name,\n      CASE \n        WHEN d.use_company_vehicle = true THEN\n          json_build_object(\n            'vehicle_number', cv.vehicle_number,\n            'make', cv.make,\n            'model', cv.model,\n            'color', cv.color,\n            'end_date', cv.end_date,\n            'vehicle_type', json_build_object(\n              'id', vt_cv.id,\n              'name', vt_cv.name,\n              'passengers', vt_cv.passengers,\n              'luggages', vt_cv.luggages,\n              'driver_waiting_charges', vt_cv.driver_waiting_charges\n            )\n          )\n        ELSE\n          json_build_object(\n            'vehicle_number', v.vehicle_number,\n            'make', v.make,\n            'model', v.model,\n            'color', v.color,\n            'end_date', v.end_date,\n            'vehicle_type', json_build_object(\n              'id', vt_v.id,\n              'name', vt_v.name,\n              'passengers', vt_v.passengers,\n              'luggages', vt_v.luggages,\n              'driver_waiting_charges', vt_v.driver_waiting_charges\n            )\n          )\n      END AS vehicle\n    FROM drivers d\n    LEFT JOIN subsidiaries s ON s.id = d.subsidiary_id\n    LEFT JOIN vehicles v ON v.id = d.vehicle_id\n    LEFT JOIN vehicle_types vt_v ON vt_v.id = v.vehicle_type_id\n    LEFT JOIN company_vehicles cv ON cv.id = d.company_vehicle_id\n    LEFT JOIN vehicle_types vt_cv ON vt_cv.id = cv.vehicle_type_id\n    WHERE d.active = $1 AND d.driver_type = $2 AND d.company_id = $3\n    ORDER BY d.id DESC;\n  ","timestamp":"2026-05-07T10:44:28.436Z"}
{"level":"info","message":"GET /api/drivers/commission?active=true&driver_type=Rent/Week&company_id=1 200 6.959 ms","timestamp":"2026-05-07T10:44:28.438Z"}
{"duration":56,"level":"info","message":"db-query","rows":1,"text":"\n    SELECT \n      dc.driver_id,\n      COUNT(dc.id) AS count,\n      MAX(dc.last_modified) AS last_modified,\n      json_build_object(\n        'name', d.name,\n        'username', d.username,\n        'driver_type', d.driver_type,\n        'driver_rent', d.driver_commission,\n        'pda_rent', d.pda_rent,\n        'balance', d.balance,\n        'active', d.active,\n        'subsidiary_id', d.subsidiary_id\n      ) AS driver\n    FROM driver_rents dc\n    JOIN drivers d ON dc.driver_id = d.id\n    GROUP BY dc.driver_id, d.id\n    ORDER BY MAX(dc.last_modified) DESC\n    LIMIT $1 OFFSET $2\n  ","timestamp":"2026-05-07T10:45:07.505Z"}
{"level":"info","message":"GET /api/driver_rent/distinct 200 58.149 ms","timestamp":"2026-05-07T10:45:07.506Z"}
{"duration":5,"level":"info","message":"db-query","rows":26,"text":"SELECT * FROM location_types","timestamp":"2026-05-07T10:45:32.437Z"}
{"level":"info","message":"GET /api/location-types 200 42.627 ms","timestamp":"2026-05-07T10:45:32.476Z"}
{"duration":3,"level":"info","message":"db-query","rows":26,"text":"SELECT * FROM location_types","timestamp":"2026-05-07T10:45:32.499Z"}
{"level":"info","message":"GET /api/location-types 200 5.162 ms","timestamp":"2026-05-07T10:45:32.501Z"}
{"duration":5,"level":"info","message":"db-query","rows":26,"text":"SELECT * FROM location_types","timestamp":"2026-05-07T10:45:37.093Z"}
{"level":"info","message":"GET /api/location-types 200 11.503 ms","timestamp":"2026-05-07T10:45:37.100Z"}
{"duration":52,"level":"info","message":"db-query","rows":26,"text":"SELECT * FROM location_types","timestamp":"2026-05-07T10:45:37.142Z"}
{"level":"info","message":"GET /api/location-types 200 53.538 ms","timestamp":"2026-05-07T10:45:37.143Z"}
{"duration":5,"level":"info","message":"db-query","rows":26,"text":"SELECT * FROM location_types","timestamp":"2026-05-07T10:45:43.474Z"}
{"level":"info","message":"GET /api/location-types 200 11.969 ms","timestamp":"2026-05-07T10:45:43.482Z"}
{"duration":143,"level":"info","message":"db-query","rows":26,"text":"SELECT * FROM location_types","timestamp":"2026-05-07T10:45:43.614Z"}
{"level":"info","message":"GET /api/location-types 200 144.339 ms","timestamp":"2026-05-07T10:45:43.616Z"}
{"duration":12,"level":"info","message":"db-query","rows":26,"text":"SELECT * FROM location_types","timestamp":"2026-05-07T10:45:46.865Z"}
{"level":"info","message":"GET /api/location-types 200 23.714 ms","timestamp":"2026-05-07T10:45:46.875Z"}
{"duration":167,"level":"info","message":"db-query","rows":26,"text":"SELECT * FROM location_types","timestamp":"2026-05-07T10:45:47.025Z"}
{"level":"info","message":"GET /api/location-types 200 168.469 ms","timestamp":"2026-05-07T10:45:47.027Z"}
{"duration":11,"level":"info","message":"db-query","rows":26,"text":"SELECT * FROM location_types","timestamp":"2026-05-07T10:45:51.117Z"}
{"level":"info","message":"GET /api/location-types 200 22.119 ms","timestamp":"2026-05-07T10:45:51.126Z"}
{"duration":198,"level":"info","message":"db-query","rows":26,"text":"SELECT * FROM location_types","timestamp":"2026-05-07T10:45:51.308Z"}
{"level":"info","message":"GET /api/location-types 200 200.345 ms","timestamp":"2026-05-07T10:45:51.310Z"}
{"duration":9,"level":"info","message":"db-query","rows":26,"text":"SELECT * FROM location_types","timestamp":"2026-05-07T10:50:54.994Z"}
{"level":"info","message":"GET /api/location-types 200 20.913 ms","timestamp":"2026-05-07T10:50:55.007Z"}
{"duration":64,"level":"info","message":"db-query","rows":26,"text":"SELECT * FROM location_types","timestamp":"2026-05-07T10:50:55.052Z"}
{"level":"info","message":"GET /api/location-types 200 65.555 ms","timestamp":"2026-05-07T10:50:55.053Z"}
{"duration":12,"level":"info","message":"db-query","rows":26,"text":"SELECT * FROM location_types","timestamp":"2026-05-07T10:51:02.880Z"}
{"level":"info","message":"GET /api/location-types 200 23.312 ms","timestamp":"2026-05-07T10:51:02.890Z"}
{"duration":61,"level":"info","message":"db-query","rows":26,"text":"SELECT * FROM location_types","timestamp":"2026-05-07T10:51:02.934Z"}
{"level":"info","message":"GET /api/location-types 200 63.631 ms","timestamp":"2026-05-07T10:51:02.935Z"}
{"duration":12,"level":"info","message":"db-query","rows":26,"text":"SELECT * FROM location_types","timestamp":"2026-05-07T10:51:12.674Z"}
{"level":"info","message":"GET /api/location-types 200 28.669 ms","timestamp":"2026-05-07T10:51:12.691Z"}
{"duration":78,"level":"info","message":"db-query","rows":26,"text":"SELECT * FROM location_types","timestamp":"2026-05-07T10:51:12.744Z"}
{"level":"info","message":"GET /api/location-types 200 79.492 ms","timestamp":"2026-05-07T10:51:12.745Z"}
{"duration":7,"level":"info","message":"db-query","rows":1,"text":"\n    SELECT \n      dc.driver_id,\n      COUNT(dc.id) AS count,\n      MAX(dc.last_modified) AS last_modified,\n      json_build_object(\n        'name', d.name,\n        'username', d.username,\n        'driver_type', d.driver_type,\n        'driver_rent', d.driver_commission,\n        'pda_rent', d.pda_rent,\n        'balance', d.balance,\n        'active', d.active,\n        'subsidiary_id', d.subsidiary_id\n      ) AS driver\n    FROM driver_rents dc\n    JOIN drivers d ON dc.driver_id = d.id\n    GROUP BY dc.driver_id, d.id\n    ORDER BY MAX(dc.last_modified) DESC\n    LIMIT $1 OFFSET $2\n  ","timestamp":"2026-05-07T10:51:21.401Z"}
{"level":"info","message":"GET /api/driver_rent/distinct 200 22.015 ms","timestamp":"2026-05-07T10:51:21.416Z"}
{"duration":6,"level":"info","message":"db-query","rows":26,"text":"SELECT * FROM location_types","timestamp":"2026-05-07T10:51:48.257Z"}
{"level":"info","message":"GET /api/location-types 200 11.803 ms","timestamp":"2026-05-07T10:51:48.264Z"}
{"duration":48,"level":"info","message":"db-query","rows":26,"text":"SELECT * FROM location_types","timestamp":"2026-05-07T10:51:48.302Z"}
{"level":"info","message":"GET /api/location-types 200 49.378 ms","timestamp":"2026-05-07T10:51:48.303Z"}
{"duration":4,"level":"info","message":"db-query","rows":26,"text":"SELECT * FROM location_types","timestamp":"2026-05-07T10:51:51.446Z"}
{"level":"info","message":"GET /api/location-types 200 16.154 ms","timestamp":"2026-05-07T10:51:51.458Z"}
{"duration":52,"level":"info","message":"db-query","rows":26,"text":"SELECT * FROM location_types","timestamp":"2026-05-07T10:51:51.495Z"}
{"level":"info","message":"GET /api/location-types 200 54.075 ms","timestamp":"2026-05-07T10:51:51.497Z"}
{"level":"info","message":"GET /api/driver_rent/distinct 500 31.085 ms","timestamp":"2026-05-07T10:51:57.095Z"}
{"duration":62,"level":"info","message":"db-query","rows":26,"text":"SELECT * FROM location_types","timestamp":"2026-05-07T10:51:57.301Z"}
{"level":"info","message":"GET /api/location-types 200 83.095 ms","timestamp":"2026-05-07T10:51:57.321Z"}
{"duration":102,"level":"info","message":"db-query","rows":26,"text":"SELECT * FROM location_types","timestamp":"2026-05-07T10:51:57.342Z"}
{"level":"info","message":"GET /api/location-types 200 111.242 ms","timestamp":"2026-05-07T10:51:57.352Z"}
{"duration":13,"level":"info","message":"db-query","rows":26,"text":"SELECT * FROM location_types","timestamp":"2026-05-07T10:52:12.001Z"}
{"level":"info","message":"GET /api/location-types 200 32.579 ms","timestamp":"2026-05-07T10:52:12.022Z"}
{"duration":74,"level":"info","message":"db-query","rows":26,"text":"SELECT * FROM location_types","timestamp":"2026-05-07T10:52:12.066Z"}
{"level":"info","message":"GET /api/location-types 200 76.632 ms","timestamp":"2026-05-07T10:52:12.068Z"}
{"duration":7,"level":"info","message":"db-query","rows":0,"text":"\n    SELECT \n      dc.driver_id,\n      COUNT(dc.id) AS count,\n      MAX(dc.last_modified) AS last_modified,\n      json_build_object(\n        'name', d.name,\n        'username', d.username,\n        'driver_type', d.driver_type,\n        'driver_rent', d.driver_commission,\n        'pda_rent', d.pda_rent,\n        'balance', d.balance,\n        'active', d.active,\n        'subsidiary_id', d.subsidiary_id\n      ) AS driver\n    FROM driver_rents dc\n    JOIN drivers d ON dc.driver_id = d.id\n    WHERE dc.company_id = $3\n    GROUP BY dc.driver_id, d.id\n    ORDER BY MAX(dc.last_modified) DESC\n    LIMIT $1 OFFSET $2\n  ","timestamp":"2026-05-07T10:52:14.207Z"}
{"level":"info","message":"GET /api/driver_rent/distinct?company_id=2 200 8.755 ms","timestamp":"2026-05-07T10:52:14.208Z"}
{"duration":2,"level":"info","message":"db-query","rows":1,"text":"\n    SELECT \n      dc.driver_id,\n      COUNT(dc.id) AS count,\n      MAX(dc.last_modified) AS last_modified,\n      json_build_object(\n        'name', d.name,\n        'username', d.username,\n        'driver_type', d.driver_type,\n        'driver_rent', d.driver_commission,\n        'pda_rent', d.pda_rent,\n        'balance', d.balance,\n        'active', d.active,\n        'subsidiary_id', d.subsidiary_id\n      ) AS driver\n    FROM driver_rents dc\n    JOIN drivers d ON dc.driver_id = d.id\n    WHERE dc.company_id = $3\n    GROUP BY dc.driver_id, d.id\n    ORDER BY MAX(dc.last_modified) DESC\n    LIMIT $1 OFFSET $2\n  ","timestamp":"2026-05-07T10:52:19.327Z"}
{"level":"info","message":"GET /api/driver_rent/distinct?company_id=1 200 3.669 ms","timestamp":"2026-05-07T10:52:19.329Z"}
{"duration":6,"level":"info","message":"db-query","rows":26,"text":"SELECT * FROM location_types","timestamp":"2026-05-07T10:54:50.022Z"}
{"level":"info","message":"GET /api/location-types 200 14.555 ms","timestamp":"2026-05-07T10:54:50.032Z"}
{"duration":54,"level":"info","message":"db-query","rows":26,"text":"SELECT * FROM location_types","timestamp":"2026-05-07T10:54:50.073Z"}
{"level":"info","message":"GET /api/location-types 200 56.523 ms","timestamp":"2026-05-07T10:54:50.075Z"}
{"duration":11,"level":"info","message":"db-query","rows":26,"text":"SELECT * FROM location_types","timestamp":"2026-05-07T10:54:58.246Z"}
{"level":"info","message":"GET /api/location-types 200 25.785 ms","timestamp":"2026-05-07T10:54:58.261Z"}
{"duration":67,"level":"info","message":"db-query","rows":26,"text":"SELECT * FROM location_types","timestamp":"2026-05-07T10:54:58.305Z"}
{"level":"info","message":"GET /api/location-types 200 67.993 ms","timestamp":"2026-05-07T10:54:58.306Z"}
{"duration":6,"level":"info","message":"db-query","rows":26,"text":"SELECT * FROM location_types","timestamp":"2026-05-07T10:55:03.769Z"}
{"level":"info","message":"GET /api/location-types 200 12.759 ms","timestamp":"2026-05-07T10:55:03.777Z"}
{"duration":52,"level":"info","message":"db-query","rows":26,"text":"SELECT * FROM location_types","timestamp":"2026-05-07T10:55:03.818Z"}
{"level":"info","message":"GET /api/location-types 200 54.124 ms","timestamp":"2026-05-07T10:55:03.820Z"}
{"duration":13,"level":"info","message":"db-query","rows":26,"text":"SELECT * FROM location_types","timestamp":"2026-05-07T10:55:08.519Z"}
{"level":"info","message":"GET /api/location-types 200 21.775 ms","timestamp":"2026-05-07T10:55:08.527Z"}
{"duration":58,"level":"info","message":"db-query","rows":26,"text":"SELECT * FROM location_types","timestamp":"2026-05-07T10:55:08.568Z"}
{"level":"info","message":"GET /api/location-types 200 59.330 ms","timestamp":"2026-05-07T10:55:08.570Z"}
{"duration":155,"level":"info","message":"db-query","rows":null,"text":"BEGIN","timestamp":"2026-05-07T10:56:12.676Z"}
{"duration":14,"level":"info","message":"db-query","rows":1,"text":"\n        INSERT INTO driver_rents (\n          transaction_number,\n          transaction_date,\n          driver_id,\n          jobs_total,\n          rent_total,\n          cash_jobs_total,\n          account_jobs_total,\n          owed,\n          old_balance,\n          current_balance,\n          from_date,\n          to_date,\n          payment_type,\n          last_modified,\n          company_id\n        )\n        VALUES (\n          $1,$2,$3,$4,$5,$6,$7,$8,$9,$10,$11,$12,$13,$14,$15\n        )\n        RETURNING *;\n      ","timestamp":"2026-05-07T10:56:12.690Z"}
{"duration":17,"level":"info","message":"db-query","rows":1,"text":"INSERT INTO driver_rent_lineitems\n           (driver_rent_id, booking_id)\n           VALUES ($1,$2)\n           RETURNING *","timestamp":"2026-05-07T10:56:12.708Z"}
{"duration":1,"level":"info","message":"db-query","rows":1,"text":"INSERT INTO driver_rent_lineitems\n           (driver_rent_id, booking_id)\n           VALUES ($1,$2)\n           RETURNING *","timestamp":"2026-05-07T10:56:12.709Z"}
{"duration":1,"level":"info","message":"db-query","rows":1,"text":"INSERT INTO driver_rent_lineitems\n           (driver_rent_id, booking_id)\n           VALUES ($1,$2)\n           RETURNING *","timestamp":"2026-05-07T10:56:12.711Z"}
{"duration":1,"level":"info","message":"db-query","rows":1,"text":"UPDATE drivers\n          SET balance = $1\n          WHERE id = $2","timestamp":"2026-05-07T10:56:12.713Z"}
{"duration":3,"level":"info","message":"db-query","rows":null,"text":"COMMIT","timestamp":"2026-05-07T10:56:12.717Z"}
{"level":"info","message":"POST /api/driver_rent/add 200 198.122 ms","timestamp":"2026-05-07T10:56:12.719Z"}
{"duration":11,"level":"info","message":"db-query","rows":26,"text":"SELECT * FROM location_types","timestamp":"2026-05-07T10:56:25.624Z"}
{"level":"info","message":"GET /api/location-types 200 21.727 ms","timestamp":"2026-05-07T10:56:25.633Z"}
{"duration":56,"level":"info","message":"db-query","rows":26,"text":"SELECT * FROM location_types","timestamp":"2026-05-07T10:56:25.675Z"}
{"level":"info","message":"GET /api/location-types 200 58.351 ms","timestamp":"2026-05-07T10:56:25.677Z"}
{"duration":6,"level":"info","message":"db-query","rows":26,"text":"SELECT * FROM location_types","timestamp":"2026-05-07T10:56:48.923Z"}
{"level":"info","message":"GET /api/location-types 200 12.835 ms","timestamp":"2026-05-07T10:56:48.930Z"}
{"duration":67,"level":"info","message":"db-query","rows":26,"text":"SELECT * FROM location_types","timestamp":"2026-05-07T10:56:48.986Z"}
{"level":"info","message":"GET /api/location-types 200 69.166 ms","timestamp":"2026-05-07T10:56:48.988Z"}
{"duration":162,"level":"info","message":"db-query","rows":null,"text":"BEGIN","timestamp":"2026-05-07T10:57:02.997Z"}
{"duration":8,"level":"info","message":"db-query","rows":1,"text":"\n        INSERT INTO driver_rents (\n          transaction_number,\n          transaction_date,\n          driver_id,\n          jobs_total,\n          rent_total,\n          cash_jobs_total,\n          account_jobs_total,\n          owed,\n          old_balance,\n          current_balance,\n          from_date,\n          to_date,\n          payment_type,\n          last_modified,\n          company_id\n        )\n        VALUES (\n          $1,$2,$3,$4,$5,$6,$7,$8,$9,$10,$11,$12,$13,$14,$15\n        )\n        RETURNING \n        id,\n  transaction_number,\n  transaction_date,\n  driver_id,\n  jobs_total,\n  rent_total,\n  cash_jobs_total,\n  account_jobs_total,\n  owed,\n  old_balance,\n  current_balance,\n  from_date,\n  to_date,\n  payment_type,\n  last_modified;;\n      ","timestamp":"2026-05-07T10:57:03.006Z"}
{"duration":4,"level":"info","message":"db-query","rows":1,"text":"INSERT INTO driver_rent_lineitems\n           (driver_rent_id, booking_id)\n           VALUES ($1,$2)\n           RETURNING *","timestamp":"2026-05-07T10:57:03.010Z"}
{"duration":1,"level":"info","message":"db-query","rows":1,"text":"INSERT INTO driver_rent_lineitems\n           (driver_rent_id, booking_id)\n           VALUES ($1,$2)\n           RETURNING *","timestamp":"2026-05-07T10:57:03.012Z"}
{"duration":2,"level":"info","message":"db-query","rows":1,"text":"INSERT INTO driver_rent_lineitems\n           (driver_rent_id, booking_id)\n           VALUES ($1,$2)\n           RETURNING *","timestamp":"2026-05-07T10:57:03.015Z"}
{"duration":1,"level":"info","message":"db-query","rows":1,"text":"UPDATE drivers\n          SET balance = $1\n          WHERE id = $2","timestamp":"2026-05-07T10:57:03.017Z"}
{"duration":1,"level":"info","message":"db-query","rows":null,"text":"COMMIT","timestamp":"2026-05-07T10:57:03.019Z"}
{"level":"info","message":"POST /api/driver_rent/add 200 187.400 ms","timestamp":"2026-05-07T10:57:03.021Z"}
{"duration":2,"level":"info","message":"db-query","rows":1,"text":"\n    SELECT \n      dc.driver_id,\n      COUNT(dc.id) AS count,\n      MAX(dc.last_modified) AS last_modified,\n      json_build_object(\n        'name', d.name,\n        'username', d.username,\n        'driver_type', d.driver_type,\n        'driver_rent', d.driver_commission,\n        'pda_rent', d.pda_rent,\n        'balance', d.balance,\n        'active', d.active,\n        'subsidiary_id', d.subsidiary_id\n      ) AS driver\n    FROM driver_rents dc\n    JOIN drivers d ON dc.driver_id = d.id\n    WHERE dc.company_id = $3\n    GROUP BY dc.driver_id, d.id\n    ORDER BY MAX(dc.last_modified) DESC\n    LIMIT $1 OFFSET $2\n  ","timestamp":"2026-05-07T10:57:09.460Z"}
{"level":"info","message":"GET /api/driver_rent/distinct?company_id=2 200 4.396 ms","timestamp":"2026-05-07T10:57:09.461Z"}
{"duration":52,"level":"info","message":"db-query","rows":0,"text":"\n      SELECT dc.*,\n      json_build_object(\n        'username', d.username,\n        'email', d.email,\n        'subsidiary_id', d.subsidiary_id\n      ) AS driver\n      FROM driver_rents dc\n      JOIN drivers d ON dc.driver_id = d.id\n      WHERE dc.driver_id = $1\n      ORDER BY dc.id DESC\n    ","timestamp":"2026-05-07T10:58:32.010Z"}
{"level":"info","message":"GET /api/driver_rent/driverid?driver_id=173 200 53.525 ms","timestamp":"2026-05-07T10:58:32.011Z"}
{"duration":1,"level":"info","message":"db-query","rows":0,"text":"\n      SELECT dc.*,\n      json_build_object(\n        'username', d.username,\n        'email', d.email,\n        'subsidiary_id', d.subsidiary_id\n      ) AS driver\n      FROM driver_rents dc\n      JOIN drivers d ON dc.driver_id = d.id\n      WHERE dc.driver_id = $1\n      ORDER BY dc.id DESC\n    ","timestamp":"2026-05-07T10:58:37.843Z"}
{"level":"info","message":"GET /api/driver_rent/driverid?driver_id=167 200 2.105 ms","timestamp":"2026-05-07T10:58:37.844Z"}
{"duration":2,"level":"info","message":"db-query","rows":4,"text":"\n      SELECT dc.*,\n      json_build_object(\n        'username', d.username,\n        'email', d.email,\n        'subsidiary_id', d.subsidiary_id\n      ) AS driver\n      FROM driver_rents dc\n      JOIN drivers d ON dc.driver_id = d.id\n      WHERE dc.driver_id = $1\n      ORDER BY dc.id DESC\n    ","timestamp":"2026-05-07T10:58:41.482Z"}
{"level":"info","message":"GET /api/driver_rent/driverid?driver_id=169 200 2.346 ms","timestamp":"2026-05-07T10:58:41.483Z"}
{"duration":12,"level":"info","message":"db-query","rows":26,"text":"SELECT * FROM location_types","timestamp":"2026-05-07T10:59:09.877Z"}
{"level":"info","message":"GET /api/location-types 200 27.836 ms","timestamp":"2026-05-07T10:59:09.895Z"}
{"duration":63,"level":"info","message":"db-query","rows":26,"text":"SELECT * FROM location_types","timestamp":"2026-05-07T10:59:09.933Z"}
{"level":"info","message":"GET /api/location-types 200 64.392 ms","timestamp":"2026-05-07T10:59:09.935Z"}
{"duration":5,"level":"info","message":"db-query","rows":26,"text":"SELECT * FROM location_types","timestamp":"2026-05-07T10:59:12.578Z"}
{"level":"info","message":"GET /api/location-types 200 12.265 ms","timestamp":"2026-05-07T10:59:12.585Z"}
{"duration":50,"level":"info","message":"db-query","rows":26,"text":"SELECT * FROM location_types","timestamp":"2026-05-07T10:59:12.624Z"}
{"level":"info","message":"GET /api/location-types 200 50.587 ms","timestamp":"2026-05-07T10:59:12.625Z"}
{"duration":6,"level":"info","message":"db-query","rows":26,"text":"SELECT * FROM location_types","timestamp":"2026-05-07T10:59:20.725Z"}
{"level":"info","message":"GET /api/location-types 200 14.304 ms","timestamp":"2026-05-07T10:59:20.733Z"}
{"duration":53,"level":"info","message":"db-query","rows":26,"text":"SELECT * FROM location_types","timestamp":"2026-05-07T10:59:20.773Z"}
{"level":"info","message":"GET /api/location-types 200 53.764 ms","timestamp":"2026-05-07T10:59:20.774Z"}
{"duration":5,"level":"info","message":"db-query","rows":26,"text":"SELECT * FROM location_types","timestamp":"2026-05-07T10:59:27.158Z"}
{"level":"info","message":"GET /api/location-types 200 13.617 ms","timestamp":"2026-05-07T10:59:27.166Z"}
{"duration":52,"level":"info","message":"db-query","rows":26,"text":"SELECT * FROM location_types","timestamp":"2026-05-07T10:59:27.206Z"}
{"level":"info","message":"GET /api/location-types 200 53.952 ms","timestamp":"2026-05-07T10:59:27.208Z"}
{"duration":6,"level":"info","message":"db-query","rows":26,"text":"SELECT * FROM location_types","timestamp":"2026-05-07T10:59:33.876Z"}
{"level":"info","message":"GET /api/location-types 200 11.130 ms","timestamp":"2026-05-07T10:59:33.883Z"}
{"duration":51,"level":"info","message":"db-query","rows":26,"text":"SELECT * FROM location_types","timestamp":"2026-05-07T10:59:33.923Z"}
{"level":"info","message":"GET /api/location-types 200 51.810 ms","timestamp":"2026-05-07T10:59:33.925Z"}
{"duration":6,"level":"info","message":"db-query","rows":26,"text":"SELECT * FROM location_types","timestamp":"2026-05-07T10:59:38.171Z"}
{"level":"info","message":"GET /api/location-types 200 13.067 ms","timestamp":"2026-05-07T10:59:38.178Z"}
{"duration":53,"level":"info","message":"db-query","rows":26,"text":"SELECT * FROM location_types","timestamp":"2026-05-07T10:59:38.220Z"}
{"level":"info","message":"GET /api/location-types 200 54.245 ms","timestamp":"2026-05-07T10:59:38.221Z"}
{"duration":17,"level":"info","message":"db-query","rows":26,"text":"SELECT * FROM location_types","timestamp":"2026-05-07T10:59:43.952Z"}
{"level":"info","message":"GET /api/location-types 200 26.709 ms","timestamp":"2026-05-07T10:59:43.960Z"}
{"duration":72,"level":"info","message":"db-query","rows":26,"text":"SELECT * FROM location_types","timestamp":"2026-05-07T10:59:44.013Z"}
{"level":"info","message":"GET /api/location-types 200 74.443 ms","timestamp":"2026-05-07T10:59:44.015Z"}
{"duration":14,"level":"info","message":"db-query","rows":26,"text":"SELECT * FROM location_types","timestamp":"2026-05-07T10:59:49.516Z"}
{"level":"info","message":"GET /api/location-types 200 31.181 ms","timestamp":"2026-05-07T10:59:49.532Z"}
{"duration":71,"level":"info","message":"db-query","rows":26,"text":"SELECT * FROM location_types","timestamp":"2026-05-07T10:59:49.577Z"}
{"level":"info","message":"GET /api/location-types 200 72.921 ms","timestamp":"2026-05-07T10:59:49.579Z"}
{"duration":9,"level":"info","message":"db-query","rows":26,"text":"SELECT * FROM location_types","timestamp":"2026-05-07T10:59:54.487Z"}
{"level":"info","message":"GET /api/location-types 200 19.079 ms","timestamp":"2026-05-07T10:59:54.497Z"}
{"duration":57,"level":"info","message":"db-query","rows":26,"text":"SELECT * FROM location_types","timestamp":"2026-05-07T10:59:54.538Z"}
{"level":"info","message":"GET /api/location-types 200 58.475 ms","timestamp":"2026-05-07T10:59:54.540Z"}
{"duration":6,"level":"info","message":"db-query","rows":26,"text":"SELECT * FROM location_types","timestamp":"2026-05-07T11:00:42.586Z"}
{"level":"info","message":"GET /api/location-types 200 12.543 ms","timestamp":"2026-05-07T11:00:42.592Z"}
{"duration":54,"level":"info","message":"db-query","rows":26,"text":"SELECT * FROM location_types","timestamp":"2026-05-07T11:00:42.636Z"}
{"level":"info","message":"GET /api/location-types 200 55.570 ms","timestamp":"2026-05-07T11:00:42.637Z"}
{"duration":14,"level":"info","message":"db-query","rows":26,"text":"SELECT * FROM location_types","timestamp":"2026-05-07T11:01:03.449Z"}
{"level":"info","message":"GET /api/location-types 200 27.519 ms","timestamp":"2026-05-07T11:01:03.460Z"}
{"duration":199,"level":"info","message":"db-query","rows":26,"text":"SELECT * FROM location_types","timestamp":"2026-05-07T11:01:03.638Z"}
{"level":"info","message":"GET /api/location-types 200 201.687 ms","timestamp":"2026-05-07T11:01:03.640Z"}
{"duration":50,"level":"info","message":"db-query","rows":0,"text":"\n      SELECT dc.id,\n  dc.transaction_number,\n  dc.transaction_date,\n  dc.driver_id,\n  dc.jobs_total,\n  dc.rent_total,\n  dc.cash_jobs_total,\n  dc.account_jobs_total,\n  dc.owed,\n  dc.old_balance,\n  dc.current_balance,\n  dc.from_date,\n  dc.to_date,\n  dc.payment_type,\n  dc.last_modified,\n      json_build_object(\n        'username', d.username,\n        'email', d.email,\n        'subsidiary_id', d.subsidiary_id\n      ) AS driver\n      FROM driver_rents dc\n      JOIN drivers d ON dc.driver_id = d.id\n      WHERE dc.driver_id = $1 AND dc.company_id = $2\n      ORDER BY dc.id DESC\n    ","timestamp":"2026-05-07T11:01:33.374Z"}
{"level":"info","message":"GET /api/driver_rent/driverid?driver_id=169&company_id=2 200 51.954 ms","timestamp":"2026-05-07T11:01:33.376Z"}
{"duration":2,"level":"info","message":"db-query","rows":4,"text":"\n      SELECT dc.id,\n  dc.transaction_number,\n  dc.transaction_date,\n  dc.driver_id,\n  dc.jobs_total,\n  dc.rent_total,\n  dc.cash_jobs_total,\n  dc.account_jobs_total,\n  dc.owed,\n  dc.old_balance,\n  dc.current_balance,\n  dc.from_date,\n  dc.to_date,\n  dc.payment_type,\n  dc.last_modified,\n      json_build_object(\n        'username', d.username,\n        'email', d.email,\n        'subsidiary_id', d.subsidiary_id\n      ) AS driver\n      FROM driver_rents dc\n      JOIN drivers d ON dc.driver_id = d.id\n      WHERE dc.driver_id = $1 AND dc.company_id = $2\n      ORDER BY dc.id DESC\n    ","timestamp":"2026-05-07T11:01:37.423Z"}
{"level":"info","message":"GET /api/driver_rent/driverid?driver_id=169&company_id=1 200 3.688 ms","timestamp":"2026-05-07T11:01:37.424Z"}
