{"duration":76,"level":"info","message":"db-query","rows":26,"text":"SELECT * FROM location_types","timestamp":"2026-08-06T10:55:09.282Z"}
{"level":"info","message":"GET /api/location-types 200 195.578 ms","timestamp":"2026-08-06T10:55:09.403Z"}
{"duration":211,"level":"info","message":"db-query","rows":26,"text":"SELECT * FROM location_types","timestamp":"2026-08-06T10:55:09.420Z"}
{"level":"info","message":"GET /api/location-types 200 227.991 ms","timestamp":"2026-08-06T10:55:09.438Z"}
{"duration":6,"level":"info","message":"db-query","rows":26,"text":"SELECT * FROM location_types","timestamp":"2026-08-06T11:10:38.234Z"}
{"level":"info","message":"GET /api/location-types 200 11.100 ms","timestamp":"2026-08-06T11:10:38.240Z"}
{"duration":60,"level":"info","message":"db-query","rows":26,"text":"SELECT * FROM location_types","timestamp":"2026-08-06T11:10:38.290Z"}
{"level":"info","message":"GET /api/location-types 200 60.965 ms","timestamp":"2026-08-06T11:10:38.292Z"}
{"duration":7,"level":"info","message":"db-query","rows":26,"text":"SELECT * FROM location_types","timestamp":"2026-08-06T11:10:43.930Z"}
{"level":"info","message":"GET /api/location-types 200 15.623 ms","timestamp":"2026-08-06T11:10:43.938Z"}
{"duration":167,"level":"info","message":"db-query","rows":26,"text":"SELECT * FROM location_types","timestamp":"2026-08-06T11:10:44.091Z"}
{"level":"info","message":"GET /api/location-types 200 168.789 ms","timestamp":"2026-08-06T11:10:44.094Z"}
{"duration":66,"level":"info","message":"db-query","rows":0,"text":"SELECT * FROM fixed_fares WHERE vehicle_type_id=$1 AND company_id = $2","timestamp":"2026-08-06T11:35:02.909Z"}
{"duration":5,"level":"info","message":"db-query","rows":0,"text":"SELECT * FROM fare_configurations\n       WHERE vehicle_type_id=$1 AND company_id = $2\n       ORDER BY id ASC","timestamp":"2026-08-06T11:35:02.915Z"}
{"duration":3,"level":"info","message":"db-query","rows":0,"text":"SELECT * FROM fare_by_vehicles WHERE vehicle_type_id=$1 AND company_id=$2","timestamp":"2026-08-06T11:35:02.918Z"}
{"duration":2,"level":"info","message":"db-query","rows":0,"text":"\n      SELECT *\n      FROM fare_increments\n      WHERE company_id=$1\n      ORDER BY id DESC\n    ","timestamp":"2026-08-06T11:35:02.922Z"}
{"duration":2,"level":"info","message":"db-query","rows":0,"text":"\n      SELECT *\n      FROM surcharges\n      WHERE company_id=$1\n      AND active=true\n    ","timestamp":"2026-08-06T11:35:02.924Z"}
{"duration":4,"level":"info","message":"db-query","rows":0,"text":"SELECT * FROM locations WHERE location_type_id=2 AND company_id =$1","timestamp":"2026-08-06T11:35:02.929Z"}
{"level":"info","message":"POST /api/fares/calculate-fare 200 123.373 ms","timestamp":"2026-08-06T11:35:02.935Z"}
{"duration":79,"level":"info","message":"db-query","rows":0,"text":"SELECT * FROM fixed_fares WHERE vehicle_type_id=$1 AND company_id = $2","timestamp":"2026-08-06T11:35:48.189Z"}
{"duration":3,"level":"info","message":"db-query","rows":0,"text":"SELECT * FROM fare_configurations\n       WHERE vehicle_type_id=$1 AND company_id = $2\n       ORDER BY id ASC","timestamp":"2026-08-06T11:35:48.210Z"}
{"duration":3,"level":"info","message":"db-query","rows":0,"text":"\n      SELECT *\n      FROM fare_increments\n      WHERE company_id=$1\n      ORDER BY id DESC\n    ","timestamp":"2026-08-06T11:35:48.225Z"}
{"duration":2,"level":"info","message":"db-query","rows":0,"text":"\n      SELECT *\n      FROM surcharges\n      WHERE company_id=$1\n      AND active=true\n    ","timestamp":"2026-08-06T11:35:48.232Z"}
{"duration":3,"level":"info","message":"db-query","rows":0,"text":"SELECT * FROM locations WHERE location_type_id=2 AND company_id =$1","timestamp":"2026-08-06T11:35:48.266Z"}
{"level":"info","message":"POST /api/fares/calculate-fare 200 168.987 ms","timestamp":"2026-08-06T11:35:48.278Z"}
{"duration":59,"level":"info","message":"db-query","rows":0,"text":"SELECT * FROM fixed_fares WHERE vehicle_type_id=$1 AND company_id = $2","timestamp":"2026-08-06T11:37:10.514Z"}
{"duration":3,"level":"info","message":"db-query","rows":0,"text":"SELECT * FROM fare_configurations\n       WHERE vehicle_type_id=$1 AND company_id = $2\n       ORDER BY id ASC","timestamp":"2026-08-06T11:37:10.517Z"}
{"duration":2,"level":"info","message":"db-query","rows":0,"text":"SELECT * FROM fare_by_vehicles WHERE vehicle_type_id=$1 AND company_id=$2","timestamp":"2026-08-06T11:37:10.519Z"}
{"duration":2,"level":"info","message":"db-query","rows":0,"text":"\n      SELECT *\n      FROM fare_increments\n      WHERE company_id=$1\n      ORDER BY id DESC\n    ","timestamp":"2026-08-06T11:37:10.522Z"}
{"duration":3,"level":"info","message":"db-query","rows":1,"text":"\n      SELECT *\n      FROM surcharges\n      WHERE company_id=$1\n      AND active=true\n    ","timestamp":"2026-08-06T11:37:10.526Z"}
{"duration":3,"level":"info","message":"db-query","rows":0,"text":"SELECT * FROM locations WHERE location_type_id=2 AND company_id =$1","timestamp":"2026-08-06T11:37:10.530Z"}
{"level":"info","message":"POST /api/fares/calculate-fare 200 96.457 ms","timestamp":"2026-08-06T11:37:10.535Z"}
{"duration":160,"level":"info","message":"db-query","rows":26,"text":"SELECT * FROM location_types","timestamp":"2026-08-06T12:30:43.068Z"}
{"level":"info","message":"GET /api/location-types 200 161.437 ms","timestamp":"2026-08-06T12:30:43.070Z"}
{"duration":5,"level":"info","message":"db-query","rows":26,"text":"SELECT * FROM location_types","timestamp":"2026-08-06T12:40:27.716Z"}
{"level":"info","message":"GET /api/location-types 200 11.747 ms","timestamp":"2026-08-06T12:40:27.723Z"}
{"duration":63,"level":"info","message":"db-query","rows":26,"text":"SELECT * FROM location_types","timestamp":"2026-08-06T12:40:27.775Z"}
{"level":"info","message":"GET /api/location-types 200 64.840 ms","timestamp":"2026-08-06T12:40:27.777Z"}
{"duration":7,"level":"info","message":"db-query","rows":26,"text":"SELECT * FROM location_types","timestamp":"2026-08-06T12:40:31.571Z"}
{"level":"info","message":"GET /api/location-types 200 15.426 ms","timestamp":"2026-08-06T12:40:31.579Z"}
{"duration":78,"level":"info","message":"db-query","rows":26,"text":"SELECT * FROM location_types","timestamp":"2026-08-06T12:40:31.644Z"}
{"level":"info","message":"GET /api/location-types 200 96.316 ms","timestamp":"2026-08-06T12:40:31.663Z"}
{"duration":7,"level":"info","message":"db-query","rows":26,"text":"SELECT * FROM location_types","timestamp":"2026-08-06T12:40:54.137Z"}
{"level":"info","message":"GET /api/location-types 200 15.042 ms","timestamp":"2026-08-06T12:40:54.145Z"}
{"duration":98,"level":"info","message":"db-query","rows":26,"text":"SELECT * FROM location_types","timestamp":"2026-08-06T12:40:54.231Z"}
{"level":"info","message":"GET /api/location-types 200 99.563 ms","timestamp":"2026-08-06T12:40:54.232Z"}
{"duration":11,"level":"info","message":"db-query","rows":26,"text":"SELECT * FROM location_types","timestamp":"2026-08-06T12:41:36.364Z"}
{"level":"info","message":"GET /api/location-types 200 22.164 ms","timestamp":"2026-08-06T12:41:36.374Z"}
{"duration":59,"level":"info","message":"db-query","rows":26,"text":"SELECT * FROM location_types","timestamp":"2026-08-06T12:41:36.418Z"}
{"level":"info","message":"GET /api/location-types 200 60.603 ms","timestamp":"2026-08-06T12:41:36.419Z"}
{"duration":6,"level":"info","message":"db-query","rows":26,"text":"SELECT * FROM location_types","timestamp":"2026-08-06T12:41:55.210Z"}
{"level":"info","message":"GET /api/location-types 200 12.359 ms","timestamp":"2026-08-06T12:41:55.218Z"}
{"duration":65,"level":"info","message":"db-query","rows":26,"text":"SELECT * FROM location_types","timestamp":"2026-08-06T12:41:55.271Z"}
{"level":"info","message":"GET /api/location-types 200 66.412 ms","timestamp":"2026-08-06T12:41:55.273Z"}
{"duration":12,"level":"info","message":"db-query","rows":26,"text":"SELECT * FROM location_types","timestamp":"2026-08-06T12:42:11.114Z"}
{"level":"info","message":"GET /api/location-types 200 21.349 ms","timestamp":"2026-08-06T12:42:11.123Z"}
{"duration":69,"level":"info","message":"db-query","rows":26,"text":"SELECT * FROM location_types","timestamp":"2026-08-06T12:42:11.174Z"}
{"level":"info","message":"GET /api/location-types 200 71.103 ms","timestamp":"2026-08-06T12:42:11.176Z"}
{"duration":58,"level":"info","message":"db-query","rows":0,"text":"SELECT * FROM fixed_fares WHERE vehicle_type_id=$1 AND company_id = $2","timestamp":"2026-08-06T12:57:22.095Z"}
{"duration":3,"level":"info","message":"db-query","rows":0,"text":"SELECT * FROM fare_configurations\n       WHERE vehicle_type_id=$1 AND company_id = $2\n       ORDER BY id ASC","timestamp":"2026-08-06T12:57:22.099Z"}
{"duration":3,"level":"info","message":"db-query","rows":0,"text":"SELECT * FROM fare_by_vehicles WHERE vehicle_type_id=$1 AND company_id=$2","timestamp":"2026-08-06T12:57:22.103Z"}
{"duration":3,"level":"info","message":"db-query","rows":0,"text":"\n      SELECT *\n      FROM fare_increments\n      WHERE company_id=$1\n      ORDER BY id DESC\n    ","timestamp":"2026-08-06T12:57:22.107Z"}
{"duration":3,"level":"info","message":"db-query","rows":1,"text":"\n      SELECT *\n      FROM surcharges\n      WHERE company_id=$1\n      AND active=true\n    ","timestamp":"2026-08-06T12:57:22.111Z"}
{"duration":4,"level":"info","message":"db-query","rows":0,"text":"SELECT * FROM locations WHERE location_type_id=2 AND company_id =$1","timestamp":"2026-08-06T12:57:22.117Z"}
{"level":"info","message":"POST /api/fares/calculate-fare 200 116.155 ms","timestamp":"2026-08-06T12:57:22.123Z"}
{"duration":5,"level":"info","message":"db-query","rows":26,"text":"SELECT * FROM location_types","timestamp":"2026-08-06T13:16:51.028Z"}
{"level":"info","message":"GET /api/location-types 200 11.795 ms","timestamp":"2026-08-06T13:16:51.035Z"}
{"duration":51,"level":"info","message":"db-query","rows":26,"text":"SELECT * FROM location_types","timestamp":"2026-08-06T13:16:51.075Z"}
{"level":"info","message":"GET /api/location-types 200 52.167 ms","timestamp":"2026-08-06T13:16:51.077Z"}
{"duration":6,"level":"info","message":"db-query","rows":26,"text":"SELECT * FROM location_types","timestamp":"2026-08-06T13:17:00.769Z"}
{"level":"info","message":"GET /api/location-types 200 11.419 ms","timestamp":"2026-08-06T13:17:00.775Z"}
{"duration":62,"level":"info","message":"db-query","rows":26,"text":"SELECT * FROM location_types","timestamp":"2026-08-06T13:17:00.827Z"}
{"level":"info","message":"GET /api/location-types 200 63.128 ms","timestamp":"2026-08-06T13:17:00.829Z"}
{"duration":10,"level":"info","message":"db-query","rows":26,"text":"SELECT * FROM location_types","timestamp":"2026-08-06T13:17:08.575Z"}
{"level":"info","message":"GET /api/location-types 200 18.254 ms","timestamp":"2026-08-06T13:17:08.582Z"}
{"duration":57,"level":"info","message":"db-query","rows":26,"text":"SELECT * FROM location_types","timestamp":"2026-08-06T13:17:08.626Z"}
{"level":"info","message":"GET /api/location-types 200 58.681 ms","timestamp":"2026-08-06T13:17:08.627Z"}
{"duration":8,"level":"info","message":"db-query","rows":26,"text":"SELECT * FROM location_types","timestamp":"2026-08-06T13:17:17.606Z"}
{"level":"info","message":"GET /api/location-types 200 14.245 ms","timestamp":"2026-08-06T13:17:17.612Z"}
{"duration":54,"level":"info","message":"db-query","rows":26,"text":"SELECT * FROM location_types","timestamp":"2026-08-06T13:17:17.655Z"}
{"level":"info","message":"GET /api/location-types 200 55.016 ms","timestamp":"2026-08-06T13:17:17.657Z"}
{"duration":5,"level":"info","message":"db-query","rows":26,"text":"SELECT * FROM location_types","timestamp":"2026-08-06T13:18:43.824Z"}
{"level":"info","message":"GET /api/location-types 200 10.287 ms","timestamp":"2026-08-06T13:18:43.830Z"}
{"duration":1,"level":"info","message":"db-query","rows":26,"text":"SELECT * FROM location_types","timestamp":"2026-08-06T13:18:43.836Z"}
{"level":"info","message":"GET /api/location-types 200 1.923 ms","timestamp":"2026-08-06T13:18:43.838Z"}
{"duration":6,"level":"info","message":"db-query","rows":26,"text":"SELECT * FROM location_types","timestamp":"2026-08-06T13:18:52.408Z"}
{"level":"info","message":"GET /api/location-types 200 30.288 ms","timestamp":"2026-08-06T13:18:52.432Z"}
{"duration":69,"level":"info","message":"db-query","rows":26,"text":"SELECT * FROM location_types","timestamp":"2026-08-06T13:18:52.473Z"}
{"level":"info","message":"GET /api/location-types 200 70.201 ms","timestamp":"2026-08-06T13:18:52.475Z"}
{"duration":17,"level":"info","message":"db-query","rows":26,"text":"SELECT * FROM location_types","timestamp":"2026-08-06T13:18:57.342Z"}
{"level":"info","message":"GET /api/location-types 200 28.714 ms","timestamp":"2026-08-06T13:18:57.353Z"}
{"duration":70,"level":"info","message":"db-query","rows":26,"text":"SELECT * FROM location_types","timestamp":"2026-08-06T13:18:57.402Z"}
{"level":"info","message":"GET /api/location-types 200 72.072 ms","timestamp":"2026-08-06T13:18:57.403Z"}
{"duration":9,"level":"info","message":"db-query","rows":26,"text":"SELECT * FROM location_types","timestamp":"2026-08-06T13:23:58.406Z"}
{"level":"info","message":"GET /api/location-types 200 19.533 ms","timestamp":"2026-08-06T13:23:58.417Z"}
{"duration":63,"level":"info","message":"db-query","rows":26,"text":"SELECT * FROM location_types","timestamp":"2026-08-06T13:23:58.462Z"}
{"level":"info","message":"GET /api/location-types 200 64.217 ms","timestamp":"2026-08-06T13:23:58.464Z"}
{"duration":5,"level":"info","message":"db-query","rows":26,"text":"SELECT * FROM location_types","timestamp":"2026-08-06T13:24:16.496Z"}
{"level":"info","message":"GET /api/location-types 200 12.309 ms","timestamp":"2026-08-06T13:24:16.504Z"}
{"duration":59,"level":"info","message":"db-query","rows":26,"text":"SELECT * FROM location_types","timestamp":"2026-08-06T13:24:16.551Z"}
{"level":"info","message":"GET /api/location-types 200 60.525 ms","timestamp":"2026-08-06T13:24:16.553Z"}
{"duration":7,"level":"info","message":"db-query","rows":26,"text":"SELECT * FROM location_types","timestamp":"2026-08-06T13:26:08.454Z"}
{"level":"info","message":"GET /api/location-types 200 12.808 ms","timestamp":"2026-08-06T13:26:08.460Z"}
{"duration":125,"level":"info","message":"db-query","rows":26,"text":"SELECT * FROM location_types","timestamp":"2026-08-06T13:26:08.574Z"}
{"level":"info","message":"GET /api/location-types 200 135.751 ms","timestamp":"2026-08-06T13:26:08.585Z"}
{"duration":7,"level":"info","message":"db-query","rows":26,"text":"SELECT * FROM location_types","timestamp":"2026-08-06T13:26:13.358Z"}
{"level":"info","message":"GET /api/location-types 200 14.714 ms","timestamp":"2026-08-06T13:26:13.366Z"}
{"duration":57,"level":"info","message":"db-query","rows":26,"text":"SELECT * FROM location_types","timestamp":"2026-08-06T13:26:13.411Z"}
{"level":"info","message":"GET /api/location-types 200 58.260 ms","timestamp":"2026-08-06T13:26:13.412Z"}
{"duration":10,"level":"info","message":"db-query","rows":26,"text":"SELECT * FROM location_types","timestamp":"2026-08-06T13:40:59.522Z"}
{"level":"info","message":"GET /api/location-types 200 18.166 ms","timestamp":"2026-08-06T13:40:59.529Z"}
{"duration":62,"level":"info","message":"db-query","rows":26,"text":"SELECT * FROM location_types","timestamp":"2026-08-06T13:40:59.580Z"}
{"level":"info","message":"GET /api/location-types 200 63.599 ms","timestamp":"2026-08-06T13:40:59.582Z"}
{"duration":11,"level":"info","message":"db-query","rows":26,"text":"SELECT * FROM location_types","timestamp":"2026-08-06T13:41:37.001Z"}
{"level":"info","message":"GET /api/location-types 200 24.073 ms","timestamp":"2026-08-06T13:41:37.012Z"}
{"duration":62,"level":"info","message":"db-query","rows":26,"text":"SELECT * FROM location_types","timestamp":"2026-08-06T13:41:37.057Z"}
{"level":"info","message":"GET /api/location-types 200 63.779 ms","timestamp":"2026-08-06T13:41:37.059Z"}
{"duration":15,"level":"info","message":"db-query","rows":26,"text":"SELECT * FROM location_types","timestamp":"2026-08-06T13:41:42.333Z"}
{"level":"info","message":"GET /api/location-types 200 26.157 ms","timestamp":"2026-08-06T13:41:42.342Z"}
{"duration":67,"level":"info","message":"db-query","rows":26,"text":"SELECT * FROM location_types","timestamp":"2026-08-06T13:41:42.390Z"}
{"level":"info","message":"GET /api/location-types 200 69.494 ms","timestamp":"2026-08-06T13:41:42.392Z"}
{"duration":6,"level":"info","message":"db-query","rows":26,"text":"SELECT * FROM location_types","timestamp":"2026-08-06T13:41:53.549Z"}
{"level":"info","message":"GET /api/location-types 200 11.636 ms","timestamp":"2026-08-06T13:41:53.556Z"}
{"duration":52,"level":"info","message":"db-query","rows":26,"text":"SELECT * FROM location_types","timestamp":"2026-08-06T13:41:53.598Z"}
{"level":"info","message":"GET /api/location-types 200 53.608 ms","timestamp":"2026-08-06T13:41:53.599Z"}
{"duration":5,"level":"info","message":"db-query","rows":26,"text":"SELECT * FROM location_types","timestamp":"2026-08-06T13:42:00.478Z"}
{"level":"info","message":"GET /api/location-types 200 11.708 ms","timestamp":"2026-08-06T13:42:00.484Z"}
{"duration":52,"level":"info","message":"db-query","rows":26,"text":"SELECT * FROM location_types","timestamp":"2026-08-06T13:42:00.526Z"}
{"level":"info","message":"GET /api/location-types 200 53.484 ms","timestamp":"2026-08-06T13:42:00.527Z"}
{"duration":13,"level":"info","message":"db-query","rows":26,"text":"SELECT * FROM location_types","timestamp":"2026-08-06T13:43:44.756Z"}
{"level":"info","message":"GET /api/location-types 200 32.576 ms","timestamp":"2026-08-06T13:43:44.775Z"}
{"duration":72,"level":"info","message":"db-query","rows":26,"text":"SELECT * FROM location_types","timestamp":"2026-08-06T13:43:44.818Z"}
{"level":"info","message":"GET /api/location-types 200 73.481 ms","timestamp":"2026-08-06T13:43:44.819Z"}
{"duration":12,"level":"info","message":"db-query","rows":26,"text":"SELECT * FROM location_types","timestamp":"2026-08-06T13:44:18.560Z"}
{"level":"info","message":"GET /api/location-types 200 28.089 ms","timestamp":"2026-08-06T13:44:18.575Z"}
{"duration":63,"level":"info","message":"db-query","rows":26,"text":"SELECT * FROM location_types","timestamp":"2026-08-06T13:44:18.614Z"}
{"level":"info","message":"GET /api/location-types 200 65.412 ms","timestamp":"2026-08-06T13:44:18.617Z"}
{"duration":55,"level":"info","message":"db-query","rows":1,"text":"SELECT * FROM vehicle_types WHERE id = $1","timestamp":"2026-08-06T13:49:58.206Z"}
{"duration":5,"level":"info","message":"db-query","rows":3,"text":"\n      SELECT *\n      FROM fare_increments\n      WHERE company_id=$1\n      ORDER BY id DESC\n    ","timestamp":"2026-08-06T13:49:58.235Z"}
{"duration":41,"level":"info","message":"db-query","rows":3,"text":"\n    SELECT \n      f.*, \n      vt.name AS vehicle_type_name, \n      vt.minimum_fares AS vehicle_minimum_fare,\n      a.name AS account_name\n    FROM fare_configurations f\n    LEFT JOIN vehicle_types vt ON vt.id = f.vehicle_type_id\n    LEFT JOIN accounts a ON a.id = f.account_id\n    WHERE f.vehicle_type_id = $1\n    ORDER BY f.id DESC;\n  ","timestamp":"2026-08-06T13:49:58.278Z"}
{"duration":16,"level":"info","message":"db-query","rows":0,"text":"\n    SELECT fm.*, vt.name AS vehicle_type\n    FROM fare_meters fm\n    LEFT JOIN vehicle_types vt ON vt.id = fm.vehicle_type_id\n    WHERE fm.vehicle_type_id = $1\n    ORDER BY fm.id ASC;\n  ","timestamp":"2026-08-06T13:49:58.295Z"}
{"level":"info","message":"GET /api/fare-meter/details?vehicle_type_id=70 200 147.199 ms","timestamp":"2026-08-06T13:49:58.296Z"}
{"duration":52,"level":"info","message":"db-query","rows":1,"text":"SELECT * FROM vehicle_types WHERE id = $1","timestamp":"2026-08-06T13:52:21.793Z"}
{"duration":3,"level":"info","message":"db-query","rows":3,"text":"\n      SELECT *\n      FROM fare_increments\n      WHERE company_id=$1\n      ORDER BY id DESC\n    ","timestamp":"2026-08-06T13:52:21.796Z"}
{"duration":6,"level":"info","message":"db-query","rows":3,"text":"\n    SELECT \n      f.*, \n      vt.name AS vehicle_type_name, \n      vt.minimum_fares AS vehicle_minimum_fare,\n      a.name AS account_name\n    FROM fare_configurations f\n    LEFT JOIN vehicle_types vt ON vt.id = f.vehicle_type_id\n    LEFT JOIN accounts a ON a.id = f.account_id\n    WHERE f.vehicle_type_id = $1\n    ORDER BY f.id DESC;\n  ","timestamp":"2026-08-06T13:52:21.804Z"}
{"duration":3,"level":"info","message":"db-query","rows":0,"text":"\n    SELECT fm.*, vt.name AS vehicle_type\n    FROM fare_meters fm\n    LEFT JOIN vehicle_types vt ON vt.id = fm.vehicle_type_id\n    WHERE fm.vehicle_type_id = $1\n    ORDER BY fm.id ASC;\n  ","timestamp":"2026-08-06T13:52:21.811Z"}
{"level":"info","message":"GET /api/fare-meter/details?vehicle_type_id=70 200 71.571 ms","timestamp":"2026-08-06T13:52:21.812Z"}
{"duration":52,"level":"info","message":"db-query","rows":1,"text":"SELECT * FROM vehicle_types WHERE id = $1","timestamp":"2026-08-06T13:54:01.845Z"}
{"duration":3,"level":"info","message":"db-query","rows":3,"text":"\n      SELECT *\n      FROM fare_increments\n      WHERE company_id=$1\n      ORDER BY id DESC\n    ","timestamp":"2026-08-06T13:54:01.849Z"}
{"duration":6,"level":"info","message":"db-query","rows":3,"text":"\n    SELECT \n      f.*, \n      vt.name AS vehicle_type_name, \n      vt.minimum_fares AS vehicle_minimum_fare,\n      a.name AS account_name\n    FROM fare_configurations f\n    LEFT JOIN vehicle_types vt ON vt.id = f.vehicle_type_id\n    LEFT JOIN accounts a ON a.id = f.account_id\n    WHERE f.vehicle_type_id = $1\n    ORDER BY f.id DESC;\n  ","timestamp":"2026-08-06T13:54:01.856Z"}
{"duration":3,"level":"info","message":"db-query","rows":0,"text":"\n    SELECT fm.*, vt.name AS vehicle_type\n    FROM fare_meters fm\n    LEFT JOIN vehicle_types vt ON vt.id = fm.vehicle_type_id\n    WHERE fm.vehicle_type_id = $1\n    ORDER BY fm.id ASC;\n  ","timestamp":"2026-08-06T13:54:01.860Z"}
{"level":"info","message":"GET /api/fare-meter/details?vehicle_type_id=70 200 68.324 ms","timestamp":"2026-08-06T13:54:01.862Z"}
{"duration":59,"level":"info","message":"db-query","rows":1,"text":"SELECT * FROM vehicle_types WHERE id = $1","timestamp":"2026-08-06T14:09:06.632Z"}
{"duration":3,"level":"info","message":"db-query","rows":3,"text":"\n      SELECT *\n      FROM fare_increments\n      WHERE company_id=$1\n      ORDER BY id DESC\n    ","timestamp":"2026-08-06T14:09:06.636Z"}
{"duration":6,"level":"info","message":"db-query","rows":3,"text":"\n    SELECT \n      f.*, \n      vt.name AS vehicle_type_name, \n      vt.minimum_fares AS vehicle_minimum_fare,\n      a.name AS account_name\n    FROM fare_configurations f\n    LEFT JOIN vehicle_types vt ON vt.id = f.vehicle_type_id\n    LEFT JOIN accounts a ON a.id = f.account_id\n    WHERE f.vehicle_type_id = $1\n    ORDER BY f.id DESC;\n  ","timestamp":"2026-08-06T14:09:06.643Z"}
{"duration":3,"level":"info","message":"db-query","rows":0,"text":"\n    SELECT fm.*, vt.name AS vehicle_type\n    FROM fare_meters fm\n    LEFT JOIN vehicle_types vt ON vt.id = fm.vehicle_type_id\n    WHERE fm.vehicle_type_id = $1\n    ORDER BY fm.id ASC;\n  ","timestamp":"2026-08-06T14:09:06.647Z"}
{"level":"info","message":"GET /api/fare-meter/details?vehicle_type_id=70 200 75.555 ms","timestamp":"2026-08-06T14:09:06.649Z"}
{"duration":11,"level":"info","message":"db-query","rows":26,"text":"SELECT * FROM location_types","timestamp":"2026-08-06T14:14:02.281Z"}
{"level":"info","message":"GET /api/location-types 200 23.489 ms","timestamp":"2026-08-06T14:14:02.292Z"}
{"duration":63,"level":"info","message":"db-query","rows":26,"text":"SELECT * FROM location_types","timestamp":"2026-08-06T14:14:02.336Z"}
{"level":"info","message":"GET /api/location-types 200 65.138 ms","timestamp":"2026-08-06T14:14:02.338Z"}
{"duration":5,"level":"info","message":"db-query","rows":26,"text":"SELECT * FROM location_types","timestamp":"2026-08-06T14:14:07.901Z"}
{"level":"info","message":"GET /api/location-types 200 11.311 ms","timestamp":"2026-08-06T14:14:07.907Z"}
{"duration":52,"level":"info","message":"db-query","rows":26,"text":"SELECT * FROM location_types","timestamp":"2026-08-06T14:14:07.949Z"}
{"level":"info","message":"GET /api/location-types 200 54.144 ms","timestamp":"2026-08-06T14:14:07.951Z"}
{"duration":60,"level":"info","message":"db-query","rows":1,"text":"SELECT * FROM vehicle_types WHERE id = $1","timestamp":"2026-08-06T14:16:42.938Z"}
{"duration":6,"level":"info","message":"db-query","rows":3,"text":"\n      SELECT *\n      FROM fare_increments\n      WHERE company_id=$1\n      ORDER BY id DESC\n    ","timestamp":"2026-08-06T14:16:42.971Z"}
{"duration":5,"level":"info","message":"db-query","rows":3,"text":"\n    SELECT \n      f.*, \n      vt.name AS vehicle_type_name, \n      vt.minimum_fares AS vehicle_minimum_fare,\n      a.name AS account_name\n    FROM fare_configurations f\n    LEFT JOIN vehicle_types vt ON vt.id = f.vehicle_type_id\n    LEFT JOIN accounts a ON a.id = f.account_id\n    WHERE f.vehicle_type_id = $1\n    ORDER BY f.id DESC;\n  ","timestamp":"2026-08-06T14:16:42.979Z"}
{"duration":6,"level":"info","message":"db-query","rows":0,"text":"\n    SELECT fm.*, vt.name AS vehicle_type\n    FROM fare_meters fm\n    LEFT JOIN vehicle_types vt ON vt.id = fm.vehicle_type_id\n    WHERE fm.vehicle_type_id = $1\n    ORDER BY fm.id ASC;\n  ","timestamp":"2026-08-06T14:16:42.987Z"}
{"level":"info","message":"GET /api/fare-meter/details?vehicle_type_id=70 200 111.024 ms","timestamp":"2026-08-06T14:16:42.988Z"}
{"duration":12,"level":"info","message":"db-query","rows":26,"text":"SELECT * FROM location_types","timestamp":"2026-08-06T14:17:46.657Z"}
{"level":"info","message":"GET /api/location-types 200 19.150 ms","timestamp":"2026-08-06T14:17:46.664Z"}
{"duration":90,"level":"info","message":"db-query","rows":26,"text":"SELECT * FROM location_types","timestamp":"2026-08-06T14:17:46.741Z"}
{"level":"info","message":"GET /api/location-types 200 91.327 ms","timestamp":"2026-08-06T14:17:46.742Z"}
{"duration":13,"level":"info","message":"db-query","rows":26,"text":"SELECT * FROM location_types","timestamp":"2026-08-06T14:18:08.015Z"}
{"level":"info","message":"GET /api/location-types 200 27.602 ms","timestamp":"2026-08-06T14:18:08.027Z"}
{"duration":156,"level":"info","message":"db-query","rows":26,"text":"SELECT * FROM location_types","timestamp":"2026-08-06T14:18:08.163Z"}
{"level":"info","message":"GET /api/location-types 200 157.910 ms","timestamp":"2026-08-06T14:18:08.165Z"}
{"duration":6,"level":"info","message":"db-query","rows":26,"text":"SELECT * FROM location_types","timestamp":"2026-08-06T14:18:12.489Z"}
{"level":"info","message":"GET /api/location-types 200 11.444 ms","timestamp":"2026-08-06T14:18:12.495Z"}
{"duration":158,"level":"info","message":"db-query","rows":26,"text":"SELECT * FROM location_types","timestamp":"2026-08-06T14:18:12.643Z"}
{"level":"info","message":"GET /api/location-types 200 165.909 ms","timestamp":"2026-08-06T14:18:12.651Z"}
{"duration":14,"level":"info","message":"db-query","rows":26,"text":"SELECT * FROM location_types","timestamp":"2026-08-06T14:19:52.018Z"}
{"level":"info","message":"GET /api/location-types 200 26.289 ms","timestamp":"2026-08-06T14:19:52.031Z"}
{"duration":70,"level":"info","message":"db-query","rows":26,"text":"SELECT * FROM location_types","timestamp":"2026-08-06T14:19:52.080Z"}
{"level":"info","message":"GET /api/location-types 200 72.937 ms","timestamp":"2026-08-06T14:19:52.082Z"}
{"duration":8,"level":"info","message":"db-query","rows":26,"text":"SELECT * FROM location_types","timestamp":"2026-08-06T14:20:15.240Z"}
{"level":"info","message":"GET /api/location-types 200 16.170 ms","timestamp":"2026-08-06T14:20:15.248Z"}
{"duration":159,"level":"info","message":"db-query","rows":26,"text":"SELECT * FROM location_types","timestamp":"2026-08-06T14:20:15.393Z"}
{"level":"info","message":"GET /api/location-types 200 160.480 ms","timestamp":"2026-08-06T14:20:15.394Z"}
{"duration":6,"level":"info","message":"db-query","rows":26,"text":"SELECT * FROM location_types","timestamp":"2026-08-06T14:20:30.065Z"}
{"level":"info","message":"GET /api/location-types 200 12.989 ms","timestamp":"2026-08-06T14:20:30.072Z"}
{"duration":153,"level":"info","message":"db-query","rows":26,"text":"SELECT * FROM location_types","timestamp":"2026-08-06T14:20:30.214Z"}
{"level":"info","message":"GET /api/location-types 200 155.111 ms","timestamp":"2026-08-06T14:20:30.216Z"}
{"duration":55,"level":"info","message":"db-query","rows":1,"text":"SELECT * FROM vehicle_types WHERE id = $1","timestamp":"2026-08-06T14:20:56.736Z"}
{"duration":4,"level":"info","message":"db-query","rows":3,"text":"\n      SELECT *\n      FROM fare_increments\n      WHERE company_id=$1\n      ORDER BY id DESC\n    ","timestamp":"2026-08-06T14:20:56.768Z"}
{"duration":6,"level":"info","message":"db-query","rows":3,"text":"\n    SELECT \n      f.*, \n      vt.name AS vehicle_type_name, \n      vt.minimum_fares AS vehicle_minimum_fare,\n      a.name AS account_name\n    FROM fare_configurations f\n    LEFT JOIN vehicle_types vt ON vt.id = f.vehicle_type_id\n    LEFT JOIN accounts a ON a.id = f.account_id\n    WHERE f.vehicle_type_id = $1\n    ORDER BY f.id DESC;\n  ","timestamp":"2026-08-06T14:20:56.777Z"}
{"duration":3,"level":"info","message":"db-query","rows":0,"text":"\n    SELECT fm.*, vt.name AS vehicle_type\n    FROM fare_meters fm\n    LEFT JOIN vehicle_types vt ON vt.id = fm.vehicle_type_id\n    WHERE fm.vehicle_type_id = $1\n    ORDER BY fm.id ASC;\n  ","timestamp":"2026-08-06T14:20:56.782Z"}
{"level":"info","message":"GET /api/fare-meter/details?vehicle_type_id=70 200 103.098 ms","timestamp":"2026-08-06T14:20:56.785Z"}
{"duration":6,"level":"info","message":"db-query","rows":26,"text":"SELECT * FROM location_types","timestamp":"2026-08-06T14:23:02.576Z"}
{"level":"info","message":"GET /api/location-types 200 11.454 ms","timestamp":"2026-08-06T14:23:02.583Z"}
{"duration":49,"level":"info","message":"db-query","rows":26,"text":"SELECT * FROM location_types","timestamp":"2026-08-06T14:23:02.622Z"}
{"level":"info","message":"GET /api/location-types 200 50.322 ms","timestamp":"2026-08-06T14:23:02.623Z"}
{"duration":6,"level":"info","message":"db-query","rows":1,"text":"SELECT * FROM vehicle_types WHERE id = $1","timestamp":"2026-08-06T14:23:03.591Z"}
{"duration":3,"level":"info","message":"db-query","rows":3,"text":"\n      SELECT *\n      FROM fare_increments\n      WHERE company_id=$1\n      ORDER BY id DESC\n    ","timestamp":"2026-08-06T14:23:03.624Z"}
{"duration":5,"level":"info","message":"db-query","rows":3,"text":"\n    SELECT \n      f.*, \n      vt.name AS vehicle_type_name, \n      vt.minimum_fares AS vehicle_minimum_fare,\n      a.name AS account_name\n    FROM fare_configurations f\n    LEFT JOIN vehicle_types vt ON vt.id = f.vehicle_type_id\n    LEFT JOIN accounts a ON a.id = f.account_id\n    WHERE f.vehicle_type_id = $1\n    ORDER BY f.id DESC;\n  ","timestamp":"2026-08-06T14:23:03.631Z"}
{"duration":4,"level":"info","message":"db-query","rows":0,"text":"\n    SELECT fm.*, vt.name AS vehicle_type\n    FROM fare_meters fm\n    LEFT JOIN vehicle_types vt ON vt.id = fm.vehicle_type_id\n    WHERE fm.vehicle_type_id = $1\n    ORDER BY fm.id ASC;\n  ","timestamp":"2026-08-06T14:23:03.639Z"}
{"level":"info","message":"GET /api/fare-meter/details?vehicle_type_id=70 200 58.974 ms","timestamp":"2026-08-06T14:23:03.642Z"}
{"duration":10,"level":"info","message":"db-query","rows":26,"text":"SELECT * FROM location_types","timestamp":"2026-08-06T14:23:27.054Z"}
{"level":"info","message":"GET /api/location-types 200 19.603 ms","timestamp":"2026-08-06T14:23:27.063Z"}
{"duration":59,"level":"info","message":"db-query","rows":26,"text":"SELECT * FROM location_types","timestamp":"2026-08-06T14:23:27.107Z"}
{"level":"info","message":"GET /api/location-types 200 61.021 ms","timestamp":"2026-08-06T14:23:27.108Z"}
{"duration":58,"level":"info","message":"db-query","rows":1,"text":"SELECT * FROM vehicle_types WHERE id = $1","timestamp":"2026-08-06T14:23:45.475Z"}
{"duration":4,"level":"info","message":"db-query","rows":3,"text":"\n      SELECT *\n      FROM fare_increments\n      WHERE company_id=$1\n      ORDER BY id DESC\n    ","timestamp":"2026-08-06T14:23:45.505Z"}
{"duration":5,"level":"info","message":"db-query","rows":3,"text":"\n    SELECT \n      f.*, \n      vt.name AS vehicle_type_name, \n      vt.minimum_fares AS vehicle_minimum_fare,\n      a.name AS account_name\n    FROM fare_configurations f\n    LEFT JOIN vehicle_types vt ON vt.id = f.vehicle_type_id\n    LEFT JOIN accounts a ON a.id = f.account_id\n    WHERE f.vehicle_type_id = $1\n    ORDER BY f.id DESC;\n  ","timestamp":"2026-08-06T14:23:45.513Z"}
{"duration":3,"level":"info","message":"db-query","rows":0,"text":"\n    SELECT fm.*, vt.name AS vehicle_type\n    FROM fare_meters fm\n    LEFT JOIN vehicle_types vt ON vt.id = fm.vehicle_type_id\n    WHERE fm.vehicle_type_id = $1\n    ORDER BY fm.id ASC;\n  ","timestamp":"2026-08-06T14:23:45.518Z"}
{"level":"info","message":"GET /api/fare-meter/details?vehicle_type_id=70 200 104.364 ms","timestamp":"2026-08-06T14:23:45.520Z"}
{"duration":52,"level":"info","message":"db-query","rows":26,"text":"SELECT * FROM location_types","timestamp":"2026-08-06T15:43:26.070Z"}
{"level":"info","message":"GET /api/location-types 200 53.160 ms","timestamp":"2026-08-06T15:43:26.071Z"}
{"duration":9,"level":"info","message":"db-query","rows":26,"text":"SELECT * FROM location_types","timestamp":"2026-08-06T16:53:37.614Z"}
{"level":"info","message":"GET /api/location-types 200 16.893 ms","timestamp":"2026-08-06T16:53:37.623Z"}
{"duration":56,"level":"info","message":"db-query","rows":26,"text":"SELECT * FROM location_types","timestamp":"2026-08-06T16:53:37.664Z"}
{"level":"info","message":"GET /api/location-types 200 58.637 ms","timestamp":"2026-08-06T16:53:37.667Z"}
{"duration":5,"level":"info","message":"db-query","rows":26,"text":"SELECT * FROM location_types","timestamp":"2026-08-06T16:53:53.352Z"}
{"level":"info","message":"GET /api/location-types 200 11.400 ms","timestamp":"2026-08-06T16:53:53.359Z"}
{"duration":54,"level":"info","message":"db-query","rows":26,"text":"SELECT * FROM location_types","timestamp":"2026-08-06T16:53:53.402Z"}
{"level":"info","message":"GET /api/location-types 200 55.377 ms","timestamp":"2026-08-06T16:53:53.404Z"}
{"duration":5,"level":"info","message":"db-query","rows":26,"text":"SELECT * FROM location_types","timestamp":"2026-08-06T16:54:41.869Z"}
{"level":"info","message":"GET /api/location-types 200 15.418 ms","timestamp":"2026-08-06T16:54:41.879Z"}
{"duration":63,"level":"info","message":"db-query","rows":26,"text":"SELECT * FROM location_types","timestamp":"2026-08-06T16:54:41.928Z"}
{"level":"info","message":"GET /api/location-types 200 63.757 ms","timestamp":"2026-08-06T16:54:41.929Z"}
{"duration":5,"level":"info","message":"db-query","rows":26,"text":"SELECT * FROM location_types","timestamp":"2026-08-06T16:57:06.986Z"}
{"level":"info","message":"GET /api/location-types 200 11.934 ms","timestamp":"2026-08-06T16:57:06.993Z"}
{"duration":1,"level":"info","message":"db-query","rows":26,"text":"SELECT * FROM location_types","timestamp":"2026-08-06T16:57:07.001Z"}
{"level":"info","message":"GET /api/location-types 200 2.743 ms","timestamp":"2026-08-06T16:57:07.003Z"}
{"duration":10,"level":"info","message":"db-query","rows":26,"text":"SELECT * FROM location_types","timestamp":"2026-08-06T16:57:17.252Z"}
{"level":"info","message":"GET /api/location-types 200 20.690 ms","timestamp":"2026-08-06T16:57:17.262Z"}
{"duration":58,"level":"info","message":"db-query","rows":26,"text":"SELECT * FROM location_types","timestamp":"2026-08-06T16:57:17.304Z"}
{"level":"info","message":"GET /api/location-types 200 59.411 ms","timestamp":"2026-08-06T16:57:17.306Z"}
{"duration":5,"level":"info","message":"db-query","rows":26,"text":"SELECT * FROM location_types","timestamp":"2026-08-06T16:57:26.539Z"}
{"level":"info","message":"GET /api/location-types 200 19.346 ms","timestamp":"2026-08-06T16:57:26.553Z"}
{"duration":9,"level":"info","message":"db-query","rows":26,"text":"SELECT * FROM location_types","timestamp":"2026-08-06T16:57:29.435Z"}
{"level":"info","message":"GET /api/location-types 200 21.831 ms","timestamp":"2026-08-06T16:57:29.446Z"}
{"duration":59,"level":"info","message":"db-query","rows":26,"text":"SELECT * FROM location_types","timestamp":"2026-08-06T16:57:29.487Z"}
{"level":"info","message":"GET /api/location-types 200 60.206 ms","timestamp":"2026-08-06T16:57:29.488Z"}
{"duration":11,"level":"info","message":"db-query","rows":26,"text":"SELECT * FROM location_types","timestamp":"2026-08-06T16:57:36.629Z"}
{"level":"info","message":"GET /api/location-types 200 23.389 ms","timestamp":"2026-08-06T16:57:36.641Z"}
{"duration":60,"level":"info","message":"db-query","rows":26,"text":"SELECT * FROM location_types","timestamp":"2026-08-06T16:57:36.684Z"}
{"level":"info","message":"GET /api/location-types 200 61.746 ms","timestamp":"2026-08-06T16:57:36.686Z"}
{"duration":6,"level":"info","message":"db-query","rows":26,"text":"SELECT * FROM location_types","timestamp":"2026-08-06T17:02:36.248Z"}
{"level":"info","message":"GET /api/location-types 200 12.162 ms","timestamp":"2026-08-06T17:02:36.254Z"}
{"duration":53,"level":"info","message":"db-query","rows":26,"text":"SELECT * FROM location_types","timestamp":"2026-08-06T17:02:36.298Z"}
{"level":"info","message":"GET /api/location-types 200 55.191 ms","timestamp":"2026-08-06T17:02:36.300Z"}
{"duration":7,"level":"info","message":"db-query","rows":26,"text":"SELECT * FROM location_types","timestamp":"2026-08-06T17:02:41.401Z"}
{"level":"info","message":"GET /api/location-types 200 16.942 ms","timestamp":"2026-08-06T17:02:41.411Z"}
{"duration":65,"level":"info","message":"db-query","rows":26,"text":"SELECT * FROM location_types","timestamp":"2026-08-06T17:02:41.461Z"}
{"level":"info","message":"GET /api/location-types 200 66.494 ms","timestamp":"2026-08-06T17:02:41.463Z"}
{"duration":13,"level":"info","message":"db-query","rows":26,"text":"SELECT * FROM location_types","timestamp":"2026-08-06T17:02:46.366Z"}
{"level":"info","message":"GET /api/location-types 200 22.240 ms","timestamp":"2026-08-06T17:02:46.374Z"}
{"duration":72,"level":"info","message":"db-query","rows":26,"text":"SELECT * FROM location_types","timestamp":"2026-08-06T17:02:46.431Z"}
{"level":"info","message":"GET /api/location-types 200 73.959 ms","timestamp":"2026-08-06T17:02:46.433Z"}
{"duration":11,"level":"info","message":"db-query","rows":26,"text":"SELECT * FROM location_types","timestamp":"2026-08-06T17:03:01.698Z"}
{"level":"info","message":"GET /api/location-types 200 44.912 ms","timestamp":"2026-08-06T17:03:01.730Z"}
{"duration":157,"level":"info","message":"db-query","rows":26,"text":"SELECT * FROM location_types","timestamp":"2026-08-06T17:03:01.850Z"}
{"level":"info","message":"GET /api/location-types 200 182.842 ms","timestamp":"2026-08-06T17:03:01.875Z"}
{"duration":6,"level":"info","message":"db-query","rows":26,"text":"SELECT * FROM location_types","timestamp":"2026-08-06T17:09:38.217Z"}
{"level":"info","message":"GET /api/location-types 200 12.382 ms","timestamp":"2026-08-06T17:09:38.224Z"}
{"duration":53,"level":"info","message":"db-query","rows":26,"text":"SELECT * FROM location_types","timestamp":"2026-08-06T17:09:38.265Z"}
{"level":"info","message":"GET /api/location-types 200 56.822 ms","timestamp":"2026-08-06T17:09:38.269Z"}
{"duration":6,"level":"info","message":"db-query","rows":26,"text":"SELECT * FROM location_types","timestamp":"2026-08-06T17:09:53.428Z"}
{"level":"info","message":"GET /api/location-types 200 18.494 ms","timestamp":"2026-08-06T17:09:53.441Z"}
{"duration":91,"level":"info","message":"db-query","rows":26,"text":"SELECT * FROM location_types","timestamp":"2026-08-06T17:09:53.514Z"}
{"level":"info","message":"GET /api/location-types 200 96.657 ms","timestamp":"2026-08-06T17:09:53.520Z"}
{"duration":9,"level":"info","message":"db-query","rows":26,"text":"SELECT * FROM location_types","timestamp":"2026-08-06T17:10:27.671Z"}
{"level":"info","message":"GET /api/location-types 200 19.856 ms","timestamp":"2026-08-06T17:10:27.683Z"}
{"duration":61,"level":"info","message":"db-query","rows":26,"text":"SELECT * FROM location_types","timestamp":"2026-08-06T17:10:27.725Z"}
{"level":"info","message":"GET /api/location-types 200 62.121 ms","timestamp":"2026-08-06T17:10:27.726Z"}
{"duration":8,"level":"info","message":"db-query","rows":26,"text":"SELECT * FROM location_types","timestamp":"2026-08-06T17:10:36.852Z"}
{"level":"info","message":"GET /api/location-types 200 16.619 ms","timestamp":"2026-08-06T17:10:36.861Z"}
{"duration":60,"level":"info","message":"db-query","rows":26,"text":"SELECT * FROM location_types","timestamp":"2026-08-06T17:10:36.906Z"}
{"level":"info","message":"GET /api/location-types 200 61.015 ms","timestamp":"2026-08-06T17:10:36.907Z"}
{"duration":5,"level":"info","message":"db-query","rows":26,"text":"SELECT * FROM location_types","timestamp":"2026-08-06T17:10:44.968Z"}
{"level":"info","message":"GET /api/location-types 200 11.407 ms","timestamp":"2026-08-06T17:10:44.975Z"}
{"duration":49,"level":"info","message":"db-query","rows":26,"text":"SELECT * FROM location_types","timestamp":"2026-08-06T17:10:45.014Z"}
{"level":"info","message":"GET /api/location-types 200 50.689 ms","timestamp":"2026-08-06T17:10:45.015Z"}
{"duration":5,"level":"info","message":"db-query","rows":26,"text":"SELECT * FROM location_types","timestamp":"2026-08-06T17:10:50.055Z"}
{"level":"info","message":"GET /api/location-types 200 11.912 ms","timestamp":"2026-08-06T17:10:50.062Z"}
{"duration":50,"level":"info","message":"db-query","rows":26,"text":"SELECT * FROM location_types","timestamp":"2026-08-06T17:10:50.101Z"}
{"level":"info","message":"GET /api/location-types 200 50.962 ms","timestamp":"2026-08-06T17:10:50.102Z"}
{"duration":15,"level":"info","message":"db-query","rows":26,"text":"SELECT * FROM location_types","timestamp":"2026-08-06T17:10:55.976Z"}
{"level":"info","message":"GET /api/location-types 200 32.816 ms","timestamp":"2026-08-06T17:10:55.995Z"}
{"duration":74,"level":"info","message":"db-query","rows":26,"text":"SELECT * FROM location_types","timestamp":"2026-08-06T17:10:56.039Z"}
{"level":"info","message":"GET /api/location-types 200 75.684 ms","timestamp":"2026-08-06T17:10:56.040Z"}
{"duration":6,"level":"info","message":"db-query","rows":26,"text":"SELECT * FROM location_types","timestamp":"2026-08-06T17:11:05.357Z"}
{"level":"info","message":"GET /api/location-types 200 12.853 ms","timestamp":"2026-08-06T17:11:05.364Z"}
{"duration":154,"level":"info","message":"db-query","rows":26,"text":"SELECT * FROM location_types","timestamp":"2026-08-06T17:11:05.506Z"}
{"level":"info","message":"GET /api/location-types 200 156.125 ms","timestamp":"2026-08-06T17:11:05.509Z"}
{"duration":6,"level":"info","message":"db-query","rows":26,"text":"SELECT * FROM location_types","timestamp":"2026-08-06T17:11:10.303Z"}
{"level":"info","message":"GET /api/location-types 200 12.634 ms","timestamp":"2026-08-06T17:11:10.311Z"}
{"duration":1,"level":"info","message":"db-query","rows":26,"text":"SELECT * FROM location_types","timestamp":"2026-08-06T17:11:10.319Z"}
{"level":"info","message":"GET /api/location-types 200 2.420 ms","timestamp":"2026-08-06T17:11:10.321Z"}
{"duration":6,"level":"info","message":"db-query","rows":26,"text":"SELECT * FROM location_types","timestamp":"2026-08-06T17:11:17.710Z"}
{"level":"info","message":"GET /api/location-types 200 12.184 ms","timestamp":"2026-08-06T17:11:17.717Z"}
{"duration":50,"level":"info","message":"db-query","rows":26,"text":"SELECT * FROM location_types","timestamp":"2026-08-06T17:11:17.756Z"}
{"level":"info","message":"GET /api/location-types 200 51.648 ms","timestamp":"2026-08-06T17:11:17.758Z"}
{"duration":5,"level":"info","message":"db-query","rows":26,"text":"SELECT * FROM location_types","timestamp":"2026-08-06T17:11:46.626Z"}
{"level":"info","message":"GET /api/location-types 200 12.499 ms","timestamp":"2026-08-06T17:11:46.634Z"}
{"duration":55,"level":"info","message":"db-query","rows":26,"text":"SELECT * FROM location_types","timestamp":"2026-08-06T17:11:46.677Z"}
{"level":"info","message":"GET /api/location-types 200 55.742 ms","timestamp":"2026-08-06T17:11:46.678Z"}
{"duration":6,"level":"info","message":"db-query","rows":26,"text":"SELECT * FROM location_types","timestamp":"2026-08-06T17:12:50.687Z"}
{"level":"info","message":"GET /api/location-types 200 13.800 ms","timestamp":"2026-08-06T17:12:50.695Z"}
{"duration":57,"level":"info","message":"db-query","rows":26,"text":"SELECT * FROM location_types","timestamp":"2026-08-06T17:12:50.740Z"}
{"level":"info","message":"GET /api/location-types 200 61.795 ms","timestamp":"2026-08-06T17:12:50.745Z"}
{"duration":8,"level":"info","message":"db-query","rows":26,"text":"SELECT * FROM location_types","timestamp":"2026-08-06T17:13:03.577Z"}
{"level":"info","message":"GET /api/location-types 200 17.250 ms","timestamp":"2026-08-06T17:13:03.587Z"}
{"duration":200,"level":"info","message":"db-query","rows":26,"text":"SELECT * FROM location_types","timestamp":"2026-08-06T17:13:03.771Z"}
{"level":"info","message":"GET /api/location-types 200 201.617 ms","timestamp":"2026-08-06T17:13:03.773Z"}
{"duration":6,"level":"info","message":"db-query","rows":26,"text":"SELECT * FROM location_types","timestamp":"2026-08-06T17:13:08.810Z"}
{"level":"info","message":"GET /api/location-types 200 11.331 ms","timestamp":"2026-08-06T17:13:08.816Z"}
{"duration":60,"level":"info","message":"db-query","rows":26,"text":"SELECT * FROM location_types","timestamp":"2026-08-06T17:13:08.867Z"}
{"level":"info","message":"GET /api/location-types 200 62.206 ms","timestamp":"2026-08-06T17:13:08.869Z"}
{"duration":9,"level":"info","message":"db-query","rows":26,"text":"SELECT * FROM location_types","timestamp":"2026-08-06T17:13:31.984Z"}
{"level":"info","message":"GET /api/location-types 200 19.422 ms","timestamp":"2026-08-06T17:13:31.995Z"}
{"duration":59,"level":"info","message":"db-query","rows":26,"text":"SELECT * FROM location_types","timestamp":"2026-08-06T17:13:32.037Z"}
{"level":"info","message":"GET /api/location-types 200 60.958 ms","timestamp":"2026-08-06T17:13:32.039Z"}
{"duration":5,"level":"info","message":"db-query","rows":26,"text":"SELECT * FROM location_types","timestamp":"2026-08-06T17:13:41.822Z"}
{"level":"info","message":"GET /api/location-types 200 12.795 ms","timestamp":"2026-08-06T17:13:41.830Z"}
{"duration":1,"level":"info","message":"db-query","rows":26,"text":"SELECT * FROM location_types","timestamp":"2026-08-06T17:13:41.837Z"}
{"level":"info","message":"GET /api/location-types 200 2.246 ms","timestamp":"2026-08-06T17:13:41.838Z"}
{"duration":15,"level":"info","message":"db-query","rows":26,"text":"SELECT * FROM location_types","timestamp":"2026-08-06T17:13:58.703Z"}
{"level":"info","message":"GET /api/location-types 200 26.613 ms","timestamp":"2026-08-06T17:13:58.712Z"}
{"duration":67,"level":"info","message":"db-query","rows":26,"text":"SELECT * FROM location_types","timestamp":"2026-08-06T17:13:58.759Z"}
{"level":"info","message":"GET /api/location-types 200 68.855 ms","timestamp":"2026-08-06T17:13:58.760Z"}
{"duration":14,"level":"info","message":"db-query","rows":26,"text":"SELECT * FROM location_types","timestamp":"2026-08-06T17:14:35.838Z"}
{"level":"info","message":"GET /api/location-types 200 28.181 ms","timestamp":"2026-08-06T17:14:35.851Z"}
{"duration":72,"level":"info","message":"db-query","rows":26,"text":"SELECT * FROM location_types","timestamp":"2026-08-06T17:14:35.902Z"}
{"level":"info","message":"GET /api/location-types 200 74.316 ms","timestamp":"2026-08-06T17:14:35.904Z"}
{"duration":7,"level":"info","message":"db-query","rows":26,"text":"SELECT * FROM location_types","timestamp":"2026-08-06T17:14:43.951Z"}
{"level":"info","message":"GET /api/location-types 200 12.984 ms","timestamp":"2026-08-06T17:14:43.959Z"}
{"duration":48,"level":"info","message":"db-query","rows":26,"text":"SELECT * FROM location_types","timestamp":"2026-08-06T17:14:43.995Z"}
{"level":"info","message":"GET /api/location-types 200 49.500 ms","timestamp":"2026-08-06T17:14:43.997Z"}
{"duration":10,"level":"info","message":"db-query","rows":26,"text":"SELECT * FROM location_types","timestamp":"2026-08-06T17:56:02.583Z"}
{"level":"info","message":"GET /api/location-types 200 21.392 ms","timestamp":"2026-08-06T17:56:02.596Z"}
{"duration":61,"level":"info","message":"db-query","rows":26,"text":"SELECT * FROM location_types","timestamp":"2026-08-06T17:56:02.639Z"}
{"level":"info","message":"GET /api/location-types 200 62.824 ms","timestamp":"2026-08-06T17:56:02.640Z"}
{"duration":7,"level":"info","message":"db-query","rows":26,"text":"SELECT * FROM location_types","timestamp":"2026-08-06T17:56:26.029Z"}
{"level":"info","message":"GET /api/location-types 200 13.449 ms","timestamp":"2026-08-06T17:56:26.037Z"}
{"duration":56,"level":"info","message":"db-query","rows":26,"text":"SELECT * FROM location_types","timestamp":"2026-08-06T17:56:26.080Z"}
{"level":"info","message":"GET /api/location-types 200 57.182 ms","timestamp":"2026-08-06T17:56:26.081Z"}
{"duration":6,"level":"info","message":"db-query","rows":26,"text":"SELECT * FROM location_types","timestamp":"2026-08-06T18:22:24.400Z"}
{"level":"info","message":"GET /api/location-types 200 12.942 ms","timestamp":"2026-08-06T18:22:24.408Z"}
{"duration":53,"level":"info","message":"db-query","rows":26,"text":"SELECT * FROM location_types","timestamp":"2026-08-06T18:22:24.449Z"}
{"level":"info","message":"GET /api/location-types 200 54.012 ms","timestamp":"2026-08-06T18:22:24.451Z"}
{"duration":13,"level":"info","message":"db-query","rows":26,"text":"SELECT * FROM location_types","timestamp":"2026-08-06T18:22:34.334Z"}
{"level":"info","message":"GET /api/location-types 200 28.323 ms","timestamp":"2026-08-06T18:22:34.350Z"}
{"duration":71,"level":"info","message":"db-query","rows":26,"text":"SELECT * FROM location_types","timestamp":"2026-08-06T18:22:34.396Z"}
{"level":"info","message":"GET /api/location-types 200 72.771 ms","timestamp":"2026-08-06T18:22:34.397Z"}
{"duration":16,"level":"info","message":"db-query","rows":26,"text":"SELECT * FROM location_types","timestamp":"2026-08-06T18:23:13.374Z"}
{"level":"info","message":"GET /api/location-types 200 30.542 ms","timestamp":"2026-08-06T18:23:13.388Z"}
{"duration":73,"level":"info","message":"db-query","rows":26,"text":"SELECT * FROM location_types","timestamp":"2026-08-06T18:23:13.438Z"}
{"level":"info","message":"GET /api/location-types 200 74.930 ms","timestamp":"2026-08-06T18:23:13.440Z"}
