{"duration":1678,"level":"info","message":"db-query","rows":26,"text":"SELECT * FROM location_types","timestamp":"2026-03-16T09:38:08.799Z"}
{"level":"info","message":"GET /api/location-types 200 1688.478 ms","timestamp":"2026-03-16T09:38:08.810Z"}
{"duration":1705,"level":"info","message":"db-query","rows":26,"text":"SELECT * FROM location_types","timestamp":"2026-03-16T09:38:08.823Z"}
{"level":"info","message":"GET /api/location-types 200 1706.655 ms","timestamp":"2026-03-16T09:38:08.824Z"}
{"level":"info","message":"GET /driver_rent/getbyid/1 404 3.148 ms","timestamp":"2026-03-16T09:49:48.704Z"}
{"level":"info","message":"GET /api/driver_rent/getbyid/3 500 1903.465 ms","timestamp":"2026-03-16T09:51:23.248Z"}
{"duration":151,"level":"info","message":"db-query","rows":0,"text":"\n    SELECT \n      dc.id,\n      dc.transaction_number,\n      dc.transaction_date,\n      dc.driver_id,\n      dc.jobs_total ,\n      dc.rent_total ,\n      dc.cash_jobs_total ,\n      dc.account_jobs_total ,\n      dc.owed ,\n      dc.old_balance ,\n      dc.current_balance ,\n      dc.from_date,\n      dc.to_date,\n      dc.payment_type,\n      dc.last_modified,\n\n      -- Limited Driver Object\n      json_build_object(\n        'id', d.id,\n        'name', d.name,\n        'username', d.username,\n        'email', d.email,\n        'driver_rent', d.driver_commission,\n        'pda_rent', d.pda_rent,\n        'balance', d.balance,\n        'subsidiary_id', d.subsidiary_id\n      ) AS driver\n\n    FROM driver_rents dc\n    JOIN drivers d ON dc.driver_id = d.id\n    WHERE dc.id = $1\n  ","timestamp":"2026-03-16T09:51:39.475Z"}
{"level":"info","message":"GET /api/driver_rent/getbyid/3 404 158.612 ms","timestamp":"2026-03-16T09:51:39.481Z"}
{"duration":3,"level":"info","message":"db-query","rows":26,"text":"SELECT * FROM location_types","timestamp":"2026-03-16T09:51:39.570Z"}
{"level":"info","message":"GET /api/location-types 200 4.405 ms","timestamp":"2026-03-16T09:51:39.571Z"}
{"duration":77,"level":"info","message":"db-query","rows":26,"text":"SELECT * FROM location_types","timestamp":"2026-03-16T09:51:39.645Z"}
{"level":"info","message":"GET /api/location-types 200 79.619 ms","timestamp":"2026-03-16T09:51:39.648Z"}
{"duration":9,"level":"info","message":"db-query","rows":0,"text":"\n    SELECT \n      dc.id,\n      dc.transaction_number,\n      dc.transaction_date,\n      dc.driver_id,\n      dc.jobs_total ,\n      dc.rent_total ,\n      dc.cash_jobs_total ,\n      dc.account_jobs_total ,\n      dc.owed ,\n      dc.old_balance ,\n      dc.current_balance ,\n      dc.from_date,\n      dc.to_date,\n      dc.payment_type,\n      dc.last_modified,\n\n      -- Limited Driver Object\n      json_build_object(\n        'id', d.id,\n        'name', d.name,\n        'username', d.username,\n        'email', d.email,\n        'driver_rent', d.driver_commission,\n        'pda_rent', d.pda_rent,\n        'balance', d.balance,\n        'subsidiary_id', d.subsidiary_id\n      ) AS driver\n\n    FROM driver_rents dc\n    JOIN drivers d ON dc.driver_id = d.id\n    WHERE dc.id = $1\n  ","timestamp":"2026-03-16T09:51:45.656Z"}
{"level":"info","message":"GET /api/driver_rent/getbyid/1 404 12.493 ms","timestamp":"2026-03-16T09:51:45.658Z"}
{"duration":7,"level":"info","message":"db-query","rows":26,"text":"SELECT * FROM location_types","timestamp":"2026-03-16T09:54:31.941Z"}
{"level":"info","message":"GET /api/location-types 200 14.787 ms","timestamp":"2026-03-16T09:54:31.948Z"}
{"duration":68,"level":"info","message":"db-query","rows":26,"text":"SELECT * FROM location_types","timestamp":"2026-03-16T09:54:32.004Z"}
{"level":"info","message":"GET /api/location-types 200 70.523 ms","timestamp":"2026-03-16T09:54:32.007Z"}
{"duration":164,"level":"info","message":"db-query","rows":26,"text":"SELECT * FROM location_types","timestamp":"2026-03-16T11:14:31.046Z"}
{"level":"info","message":"GET /api/location-types 200 169.914 ms","timestamp":"2026-03-16T11:14:31.051Z"}
{"duration":9,"level":"info","message":"db-query","rows":26,"text":"SELECT * FROM location_types","timestamp":"2026-03-16T12:09:32.577Z"}
{"level":"info","message":"GET /api/location-types 200 15.598 ms","timestamp":"2026-03-16T12:09:32.584Z"}
{"duration":184,"level":"info","message":"db-query","rows":26,"text":"SELECT * FROM location_types","timestamp":"2026-03-16T12:09:32.753Z"}
{"level":"info","message":"GET /api/location-types 200 185.500 ms","timestamp":"2026-03-16T12:09:32.754Z"}
{"duration":8,"level":"info","message":"db-query","rows":26,"text":"SELECT * FROM location_types","timestamp":"2026-03-16T12:19:07.455Z"}
{"level":"info","message":"GET /api/location-types 200 38.083 ms","timestamp":"2026-03-16T12:19:07.489Z"}
{"duration":178,"level":"info","message":"db-query","rows":26,"text":"SELECT * FROM location_types","timestamp":"2026-03-16T12:19:07.626Z"}
{"level":"info","message":"GET /api/location-types 200 182.868 ms","timestamp":"2026-03-16T12:19:07.631Z"}
{"duration":6,"level":"info","message":"db-query","rows":26,"text":"SELECT * FROM location_types","timestamp":"2026-03-16T12:19:24.463Z"}
{"level":"info","message":"GET /api/location-types 200 14.604 ms","timestamp":"2026-03-16T12:19:24.473Z"}
{"duration":90,"level":"info","message":"db-query","rows":26,"text":"SELECT * FROM location_types","timestamp":"2026-03-16T12:19:24.550Z"}
{"level":"info","message":"GET /api/location-types 200 99.628 ms","timestamp":"2026-03-16T12:19:24.559Z"}
{"duration":12,"level":"info","message":"db-query","rows":26,"text":"SELECT * FROM location_types","timestamp":"2026-03-16T12:20:12.500Z"}
{"level":"info","message":"GET /api/location-types 200 20.094 ms","timestamp":"2026-03-16T12:20:12.509Z"}
{"duration":68,"level":"info","message":"db-query","rows":26,"text":"SELECT * FROM location_types","timestamp":"2026-03-16T12:20:12.558Z"}
{"level":"info","message":"GET /api/location-types 200 69.450 ms","timestamp":"2026-03-16T12:20:12.560Z"}
{"duration":6,"level":"info","message":"db-query","rows":26,"text":"SELECT * FROM location_types","timestamp":"2026-03-16T12:20:16.527Z"}
{"level":"info","message":"GET /api/location-types 200 12.779 ms","timestamp":"2026-03-16T12:20:16.534Z"}
{"duration":60,"level":"info","message":"db-query","rows":26,"text":"SELECT * FROM location_types","timestamp":"2026-03-16T12:20:16.584Z"}
{"level":"info","message":"GET /api/location-types 200 64.128 ms","timestamp":"2026-03-16T12:20:16.589Z"}
{"duration":85,"level":"info","message":"db-query","rows":1,"text":"\n      INSERT INTO plot_fares (vehicle_type_id, pickup_plot_id, dropoff_plot_id, fares)\n      VALUES ($1, $2, $3, $4)\n      RETURNING id;\n    ","timestamp":"2026-03-16T12:22:54.246Z"}
{"level":"info","message":"POST /api/plotfares/add 500 90.355 ms","timestamp":"2026-03-16T12:22:54.251Z"}
{"duration":5,"level":"info","message":"db-query","rows":26,"text":"SELECT * FROM location_types","timestamp":"2026-03-16T12:23:21.574Z"}
{"level":"info","message":"GET /api/location-types 200 11.122 ms","timestamp":"2026-03-16T12:23:21.580Z"}
{"duration":46,"level":"info","message":"db-query","rows":26,"text":"SELECT * FROM location_types","timestamp":"2026-03-16T12:23:21.616Z"}
{"level":"info","message":"GET /api/location-types 200 47.283 ms","timestamp":"2026-03-16T12:23:21.618Z"}
{"duration":5,"level":"info","message":"db-query","rows":26,"text":"SELECT * FROM location_types","timestamp":"2026-03-16T12:23:24.398Z"}
{"level":"info","message":"GET /api/location-types 200 10.655 ms","timestamp":"2026-03-16T12:23:24.404Z"}
{"duration":1,"level":"info","message":"db-query","rows":26,"text":"SELECT * FROM location_types","timestamp":"2026-03-16T12:23:24.411Z"}
{"level":"info","message":"GET /api/location-types 200 2.006 ms","timestamp":"2026-03-16T12:23:24.412Z"}
