{"duration":555,"level":"info","message":"db-query","rows":26,"text":"SELECT * FROM location_types","timestamp":"2026-05-06T05:58:13.897Z"}
{"level":"info","message":"GET /api/location-types 200 561.728 ms","timestamp":"2026-05-06T05:58:13.904Z"}
{"duration":561,"level":"info","message":"db-query","rows":26,"text":"SELECT * FROM location_types","timestamp":"2026-05-06T05:58:13.906Z"}
{"level":"info","message":"GET /api/location-types 200 562.875 ms","timestamp":"2026-05-06T05:58:13.908Z"}
{"duration":5,"level":"info","message":"db-query","rows":26,"text":"SELECT * FROM location_types","timestamp":"2026-05-06T06:05:37.258Z"}
{"level":"info","message":"GET /api/location-types 200 12.621 ms","timestamp":"2026-05-06T06:05:37.265Z"}
{"duration":51,"level":"info","message":"db-query","rows":26,"text":"SELECT * FROM location_types","timestamp":"2026-05-06T06:05:37.305Z"}
{"level":"info","message":"GET /api/location-types 200 52.697 ms","timestamp":"2026-05-06T06:05:37.307Z"}
{"duration":5,"level":"info","message":"db-query","rows":26,"text":"SELECT * FROM location_types","timestamp":"2026-05-06T06:06:11.299Z"}
{"level":"info","message":"GET /api/location-types 200 10.956 ms","timestamp":"2026-05-06T06:06:11.305Z"}
{"duration":52,"level":"info","message":"db-query","rows":26,"text":"SELECT * FROM location_types","timestamp":"2026-05-06T06:06:11.348Z"}
{"level":"info","message":"GET /api/location-types 200 53.417 ms","timestamp":"2026-05-06T06:06:11.349Z"}
{"duration":7,"level":"info","message":"db-query","rows":26,"text":"SELECT * FROM location_types","timestamp":"2026-05-06T06:06:25.821Z"}
{"level":"info","message":"GET /api/location-types 200 17.372 ms","timestamp":"2026-05-06T06:06:25.831Z"}
{"duration":55,"level":"info","message":"db-query","rows":26,"text":"SELECT * FROM location_types","timestamp":"2026-05-06T06:06:25.871Z"}
{"level":"info","message":"GET /api/location-types 200 56.376 ms","timestamp":"2026-05-06T06:06:25.873Z"}
{"duration":5,"level":"info","message":"db-query","rows":26,"text":"SELECT * FROM location_types","timestamp":"2026-05-06T06:06:55.198Z"}
{"level":"info","message":"GET /api/location-types 200 12.351 ms","timestamp":"2026-05-06T06:06:55.205Z"}
{"duration":64,"level":"info","message":"db-query","rows":26,"text":"SELECT * FROM location_types","timestamp":"2026-05-06T06:06:55.259Z"}
{"level":"info","message":"GET /api/location-types 200 66.366 ms","timestamp":"2026-05-06T06:06:55.262Z"}
{"duration":5,"level":"info","message":"db-query","rows":26,"text":"SELECT * FROM location_types","timestamp":"2026-05-06T06:07:01.570Z"}
{"level":"info","message":"GET /api/location-types 200 11.214 ms","timestamp":"2026-05-06T06:07:01.577Z"}
{"duration":49,"level":"info","message":"db-query","rows":26,"text":"SELECT * FROM location_types","timestamp":"2026-05-06T06:07:01.615Z"}
{"level":"info","message":"GET /api/location-types 200 49.549 ms","timestamp":"2026-05-06T06:07:01.616Z"}
{"duration":6,"level":"info","message":"db-query","rows":26,"text":"SELECT * FROM location_types","timestamp":"2026-05-06T06:07:04.292Z"}
{"level":"info","message":"GET /api/location-types 200 12.969 ms","timestamp":"2026-05-06T06:07:04.300Z"}
{"duration":50,"level":"info","message":"db-query","rows":26,"text":"SELECT * FROM location_types","timestamp":"2026-05-06T06:07:04.338Z"}
{"level":"info","message":"GET /api/location-types 200 50.699 ms","timestamp":"2026-05-06T06:07:04.339Z"}
{"duration":24,"level":"info","message":"db-query","rows":1,"text":"\n    SELECT COUNT(*) AS total\n    FROM drivers d\n    LEFT JOIN subsidiaries s ON s.id = d.subsidiary_id\n    LEFT JOIN vehicles v ON v.id = d.vehicle_id\n    LEFT JOIN vehicle_types vt_v ON vt_v.id = v.vehicle_type_id\n    LEFT JOIN company_vehicles cv ON cv.id = d.company_vehicle_id\n    LEFT JOIN vehicle_types vt_cv ON vt_cv.id = cv.vehicle_type_id\n    WHERE d.active = $1 AND d.driver_type = $2;\n  ","timestamp":"2026-05-06T06:07:11.933Z"}
{"duration":9,"level":"info","message":"db-query","rows":1,"text":"\n    SELECT \n      d.*,\n      s.name AS subsidiary_name,\n      CASE \n        WHEN d.use_company_vehicle = true THEN\n          json_build_object(\n            'vehicle_number', cv.vehicle_number,\n            'make', cv.make,\n            'model', cv.model,\n            'color', cv.color,\n            'end_date', cv.end_date,\n            'vehicle_type', json_build_object(\n              'id', vt_cv.id,\n              'name', vt_cv.name,\n              'passengers', vt_cv.passengers,\n              'luggages', vt_cv.luggages,\n              'driver_waiting_charges', vt_cv.driver_waiting_charges\n            )\n          )\n        ELSE\n          json_build_object(\n            'vehicle_number', v.vehicle_number,\n            'make', v.make,\n            'model', v.model,\n            'color', v.color,\n            'end_date', v.end_date,\n            'vehicle_type', json_build_object(\n              'id', vt_v.id,\n              'name', vt_v.name,\n              'passengers', vt_v.passengers,\n              'luggages', vt_v.luggages,\n              'driver_waiting_charges', vt_v.driver_waiting_charges\n            )\n          )\n      END AS vehicle\n    FROM drivers d\n    LEFT JOIN subsidiaries s ON s.id = d.subsidiary_id\n    LEFT JOIN vehicles v ON v.id = d.vehicle_id\n    LEFT JOIN vehicle_types vt_v ON vt_v.id = v.vehicle_type_id\n    LEFT JOIN company_vehicles cv ON cv.id = d.company_vehicle_id\n    LEFT JOIN vehicle_types vt_cv ON vt_cv.id = cv.vehicle_type_id\n    WHERE d.active = $1 AND d.driver_type = $2\n    ORDER BY d.id DESC;\n  ","timestamp":"2026-05-06T06:07:11.943Z"}
{"level":"info","message":"GET /api/drivers/commission?active=true&driver_type=Commission 200 37.974 ms","timestamp":"2026-05-06T06:07:11.946Z"}
{"duration":158,"level":"info","message":"db-query","rows":1,"text":"\n    SELECT COUNT(*) AS total\n    FROM drivers d\n    LEFT JOIN subsidiaries s ON s.id = d.subsidiary_id\n    LEFT JOIN vehicles v ON v.id = d.vehicle_id\n    LEFT JOIN vehicle_types vt_v ON vt_v.id = v.vehicle_type_id\n    LEFT JOIN company_vehicles cv ON cv.id = d.company_vehicle_id\n    LEFT JOIN vehicle_types vt_cv ON vt_cv.id = cv.vehicle_type_id\n    WHERE d.active = $1 AND d.driver_type = $2 AND d.company_id = $3;\n  ","timestamp":"2026-05-06T06:07:30.527Z"}
{"duration":4,"level":"info","message":"db-query","rows":0,"text":"\n    SELECT \n      d.*,\n      s.name AS subsidiary_name,\n      CASE \n        WHEN d.use_company_vehicle = true THEN\n          json_build_object(\n            'vehicle_number', cv.vehicle_number,\n            'make', cv.make,\n            'model', cv.model,\n            'color', cv.color,\n            'end_date', cv.end_date,\n            'vehicle_type', json_build_object(\n              'id', vt_cv.id,\n              'name', vt_cv.name,\n              'passengers', vt_cv.passengers,\n              'luggages', vt_cv.luggages,\n              'driver_waiting_charges', vt_cv.driver_waiting_charges\n            )\n          )\n        ELSE\n          json_build_object(\n            'vehicle_number', v.vehicle_number,\n            'make', v.make,\n            'model', v.model,\n            'color', v.color,\n            'end_date', v.end_date,\n            'vehicle_type', json_build_object(\n              'id', vt_v.id,\n              'name', vt_v.name,\n              'passengers', vt_v.passengers,\n              'luggages', vt_v.luggages,\n              'driver_waiting_charges', vt_v.driver_waiting_charges\n            )\n          )\n      END AS vehicle\n    FROM drivers d\n    LEFT JOIN subsidiaries s ON s.id = d.subsidiary_id\n    LEFT JOIN vehicles v ON v.id = d.vehicle_id\n    LEFT JOIN vehicle_types vt_v ON vt_v.id = v.vehicle_type_id\n    LEFT JOIN company_vehicles cv ON cv.id = d.company_vehicle_id\n    LEFT JOIN vehicle_types vt_cv ON vt_cv.id = cv.vehicle_type_id\n    WHERE d.active = $1 AND d.driver_type = $2 AND d.company_id = $3\n    ORDER BY d.id DESC;\n  ","timestamp":"2026-05-06T06:07:30.532Z"}
{"level":"info","message":"GET /api/drivers/commission?active=true&driver_type=Commission&company_id=2 200 164.553 ms","timestamp":"2026-05-06T06:07:30.534Z"}
{"duration":1,"level":"info","message":"db-query","rows":1,"text":"\n    SELECT COUNT(*) AS total\n    FROM drivers d\n    LEFT JOIN subsidiaries s ON s.id = d.subsidiary_id\n    LEFT JOIN vehicles v ON v.id = d.vehicle_id\n    LEFT JOIN vehicle_types vt_v ON vt_v.id = v.vehicle_type_id\n    LEFT JOIN company_vehicles cv ON cv.id = d.company_vehicle_id\n    LEFT JOIN vehicle_types vt_cv ON vt_cv.id = cv.vehicle_type_id\n    WHERE d.active = $1 AND d.driver_type = $2 AND d.company_id = $3;\n  ","timestamp":"2026-05-06T06:07:34.486Z"}
{"duration":3,"level":"info","message":"db-query","rows":1,"text":"\n    SELECT \n      d.*,\n      s.name AS subsidiary_name,\n      CASE \n        WHEN d.use_company_vehicle = true THEN\n          json_build_object(\n            'vehicle_number', cv.vehicle_number,\n            'make', cv.make,\n            'model', cv.model,\n            'color', cv.color,\n            'end_date', cv.end_date,\n            'vehicle_type', json_build_object(\n              'id', vt_cv.id,\n              'name', vt_cv.name,\n              'passengers', vt_cv.passengers,\n              'luggages', vt_cv.luggages,\n              'driver_waiting_charges', vt_cv.driver_waiting_charges\n            )\n          )\n        ELSE\n          json_build_object(\n            'vehicle_number', v.vehicle_number,\n            'make', v.make,\n            'model', v.model,\n            'color', v.color,\n            'end_date', v.end_date,\n            'vehicle_type', json_build_object(\n              'id', vt_v.id,\n              'name', vt_v.name,\n              'passengers', vt_v.passengers,\n              'luggages', vt_v.luggages,\n              'driver_waiting_charges', vt_v.driver_waiting_charges\n            )\n          )\n      END AS vehicle\n    FROM drivers d\n    LEFT JOIN subsidiaries s ON s.id = d.subsidiary_id\n    LEFT JOIN vehicles v ON v.id = d.vehicle_id\n    LEFT JOIN vehicle_types vt_v ON vt_v.id = v.vehicle_type_id\n    LEFT JOIN company_vehicles cv ON cv.id = d.company_vehicle_id\n    LEFT JOIN vehicle_types vt_cv ON vt_cv.id = cv.vehicle_type_id\n    WHERE d.active = $1 AND d.driver_type = $2 AND d.company_id = $3\n    ORDER BY d.id DESC;\n  ","timestamp":"2026-05-06T06:07:34.490Z"}
{"level":"info","message":"GET /api/drivers/commission?active=true&driver_type=Commission&company_id=1 200 6.789 ms","timestamp":"2026-05-06T06:07:34.492Z"}
{"duration":54,"level":"info","message":"db-query","rows":1,"text":"\n    SELECT \n      dc.driver_id,\n      COUNT(dc.id) AS count,\n      MAX(dc.last_modified) AS last_modified,\n      json_build_object(\n        'name', d.name,\n        'username', d.username,\n        'driver_type', d.driver_type,\n        'driver_commission', d.driver_commission,\n        'pda_rent', d.pda_rent,\n        'balance', d.balance,\n        'active', d.active,\n        'subsidiary_id', d.subsidiary_id\n      ) AS driver\n    FROM driver_commissions dc\n    JOIN drivers d ON dc.driver_id = d.id\n    GROUP BY dc.driver_id, d.id\n    ORDER BY MAX(dc.last_modified) DESC\n    LIMIT $1 OFFSET $2\n  ","timestamp":"2026-05-06T06:08:17.170Z"}
{"level":"info","message":"GET /api/driver_commission/distinct 200 55.183 ms","timestamp":"2026-05-06T06:08:17.171Z"}
{"duration":4,"level":"info","message":"db-query","rows":26,"text":"SELECT * FROM location_types","timestamp":"2026-05-06T06:09:17.568Z"}
{"level":"info","message":"GET /api/location-types 200 10.483 ms","timestamp":"2026-05-06T06:09:17.575Z"}
{"duration":1,"level":"info","message":"db-query","rows":26,"text":"SELECT * FROM location_types","timestamp":"2026-05-06T06:09:17.583Z"}
{"level":"info","message":"GET /api/location-types 200 2.593 ms","timestamp":"2026-05-06T06:09:17.585Z"}
{"duration":5,"level":"info","message":"db-query","rows":26,"text":"SELECT * FROM location_types","timestamp":"2026-05-06T06:09:38.294Z"}
{"level":"info","message":"GET /api/location-types 200 10.841 ms","timestamp":"2026-05-06T06:09:38.301Z"}
{"duration":48,"level":"info","message":"db-query","rows":26,"text":"SELECT * FROM location_types","timestamp":"2026-05-06T06:09:38.339Z"}
{"level":"info","message":"GET /api/location-types 200 49.743 ms","timestamp":"2026-05-06T06:09:38.341Z"}
{"duration":5,"level":"info","message":"db-query","rows":26,"text":"SELECT * FROM location_types","timestamp":"2026-05-06T06:09:40.845Z"}
{"level":"info","message":"GET /api/location-types 200 11.198 ms","timestamp":"2026-05-06T06:09:40.851Z"}
{"duration":47,"level":"info","message":"db-query","rows":26,"text":"SELECT * FROM location_types","timestamp":"2026-05-06T06:09:40.888Z"}
{"level":"info","message":"GET /api/location-types 200 48.518 ms","timestamp":"2026-05-06T06:09:40.890Z"}
{"duration":8,"level":"info","message":"db-query","rows":26,"text":"SELECT * FROM location_types","timestamp":"2026-05-06T06:09:46.138Z"}
{"level":"info","message":"GET /api/location-types 200 18.534 ms","timestamp":"2026-05-06T06:09:46.149Z"}
{"duration":58,"level":"info","message":"db-query","rows":26,"text":"SELECT * FROM location_types","timestamp":"2026-05-06T06:09:46.189Z"}
{"level":"info","message":"GET /api/location-types 200 59.312 ms","timestamp":"2026-05-06T06:09:46.190Z"}
{"duration":8,"level":"info","message":"db-query","rows":26,"text":"SELECT * FROM location_types","timestamp":"2026-05-06T06:09:57.225Z"}
{"level":"info","message":"GET /api/location-types 200 19.765 ms","timestamp":"2026-05-06T06:09:57.237Z"}
{"duration":69,"level":"info","message":"db-query","rows":26,"text":"SELECT * FROM location_types","timestamp":"2026-05-06T06:09:57.289Z"}
{"level":"info","message":"GET /api/location-types 200 70.943 ms","timestamp":"2026-05-06T06:09:57.291Z"}
{"duration":6,"level":"info","message":"db-query","rows":26,"text":"SELECT * FROM location_types","timestamp":"2026-05-06T06:10:21.600Z"}
{"level":"info","message":"GET /api/location-types 200 12.096 ms","timestamp":"2026-05-06T06:10:21.607Z"}
{"duration":45,"level":"info","message":"db-query","rows":26,"text":"SELECT * FROM location_types","timestamp":"2026-05-06T06:10:21.642Z"}
{"level":"info","message":"GET /api/location-types 200 46.516 ms","timestamp":"2026-05-06T06:10:21.644Z"}
{"duration":7,"level":"info","message":"db-query","rows":26,"text":"SELECT * FROM location_types","timestamp":"2026-05-06T06:10:27.073Z"}
{"level":"info","message":"GET /api/location-types 200 17.320 ms","timestamp":"2026-05-06T06:10:27.084Z"}
{"duration":68,"level":"info","message":"db-query","rows":26,"text":"SELECT * FROM location_types","timestamp":"2026-05-06T06:10:27.137Z"}
{"level":"info","message":"GET /api/location-types 200 69.179 ms","timestamp":"2026-05-06T06:10:27.138Z"}
{"duration":5,"level":"info","message":"db-query","rows":26,"text":"SELECT * FROM location_types","timestamp":"2026-05-06T06:10:32.748Z"}
{"level":"info","message":"GET /api/location-types 200 10.718 ms","timestamp":"2026-05-06T06:10:32.754Z"}
{"duration":48,"level":"info","message":"db-query","rows":26,"text":"SELECT * FROM location_types","timestamp":"2026-05-06T06:10:32.793Z"}
{"level":"info","message":"GET /api/location-types 200 49.672 ms","timestamp":"2026-05-06T06:10:32.795Z"}
{"duration":5,"level":"info","message":"db-query","rows":26,"text":"SELECT * FROM location_types","timestamp":"2026-05-06T06:10:35.243Z"}
{"duration":7,"level":"info","message":"db-query","rows":26,"text":"SELECT * FROM location_types","timestamp":"2026-05-06T06:10:37.294Z"}
{"level":"info","message":"GET /api/location-types 200 15.367 ms","timestamp":"2026-05-06T06:10:37.302Z"}
{"duration":158,"level":"info","message":"db-query","rows":26,"text":"SELECT * FROM location_types","timestamp":"2026-05-06T06:10:37.448Z"}
{"level":"info","message":"GET /api/location-types 200 159.275 ms","timestamp":"2026-05-06T06:10:37.450Z"}
{"duration":9,"level":"info","message":"db-query","rows":26,"text":"SELECT * FROM location_types","timestamp":"2026-05-06T06:10:40.179Z"}
{"level":"info","message":"GET /api/location-types 200 20.788 ms","timestamp":"2026-05-06T06:10:40.190Z"}
{"duration":67,"level":"info","message":"db-query","rows":26,"text":"SELECT * FROM location_types","timestamp":"2026-05-06T06:10:40.240Z"}
{"level":"info","message":"GET /api/location-types 200 68.754 ms","timestamp":"2026-05-06T06:10:40.242Z"}
{"duration":4,"level":"info","message":"db-query","rows":26,"text":"SELECT * FROM location_types","timestamp":"2026-05-06T06:10:46.835Z"}
{"level":"info","message":"GET /api/location-types 200 26.054 ms","timestamp":"2026-05-06T06:10:46.857Z"}
{"duration":133,"level":"info","message":"db-query","rows":26,"text":"SELECT * FROM location_types","timestamp":"2026-05-06T06:10:46.965Z"}
{"level":"info","message":"GET /api/location-types 200 136.979 ms","timestamp":"2026-05-06T06:10:46.969Z"}
{"duration":55,"level":"info","message":"db-query","rows":0,"text":"\n    SELECT \n      dc.driver_id,\n      COUNT(dc.id) AS count,\n      MAX(dc.last_modified) AS last_modified,\n      json_build_object(\n        'name', d.name,\n        'username', d.username,\n        'driver_type', d.driver_type,\n        'driver_commission', d.driver_commission,\n        'pda_rent', d.pda_rent,\n        'balance', d.balance,\n        'active', d.active,\n        'subsidiary_id', d.subsidiary_id\n      ) AS driver\n    FROM driver_commissions dc\n    JOIN drivers d ON dc.driver_id = d.id\n    WHERE dc.company_id = $3\n    GROUP BY dc.driver_id, d.id\n    ORDER BY MAX(dc.last_modified) DESC\n    LIMIT $1 OFFSET $2\n  ","timestamp":"2026-05-06T06:10:57.424Z"}
{"level":"info","message":"GET /api/driver_commission/distinct?company_id=2 200 56.551 ms","timestamp":"2026-05-06T06:10:57.426Z"}
{"duration":2,"level":"info","message":"db-query","rows":1,"text":"\n    SELECT \n      dc.driver_id,\n      COUNT(dc.id) AS count,\n      MAX(dc.last_modified) AS last_modified,\n      json_build_object(\n        'name', d.name,\n        'username', d.username,\n        'driver_type', d.driver_type,\n        'driver_commission', d.driver_commission,\n        'pda_rent', d.pda_rent,\n        'balance', d.balance,\n        'active', d.active,\n        'subsidiary_id', d.subsidiary_id\n      ) AS driver\n    FROM driver_commissions dc\n    JOIN drivers d ON dc.driver_id = d.id\n    WHERE dc.company_id = $3\n    GROUP BY dc.driver_id, d.id\n    ORDER BY MAX(dc.last_modified) DESC\n    LIMIT $1 OFFSET $2\n  ","timestamp":"2026-05-06T06:11:01.656Z"}
{"level":"info","message":"GET /api/driver_commission/distinct?company_id=1 200 3.604 ms","timestamp":"2026-05-06T06:11:01.657Z"}
{"duration":54,"level":"info","message":"db-query","rows":0,"text":"\n    SELECT \n      dc.driver_id,\n      COUNT(dc.id) AS count,\n      MAX(dc.last_modified) AS last_modified,\n      json_build_object(\n        'name', d.name,\n        'username', d.username,\n        'driver_type', d.driver_type,\n        'driver_commission', d.driver_commission,\n        'pda_rent', d.pda_rent,\n        'balance', d.balance,\n        'active', d.active,\n        'subsidiary_id', d.subsidiary_id\n      ) AS driver\n    FROM driver_commissions dc\n    JOIN drivers d ON dc.driver_id = d.id\n    WHERE dc.company_id = $3\n    GROUP BY dc.driver_id, d.id\n    ORDER BY MAX(dc.last_modified) DESC\n    LIMIT $1 OFFSET $2\n  ","timestamp":"2026-05-06T06:11:14.208Z"}
{"level":"info","message":"GET /api/driver_commission/distinct 200 55.348 ms","timestamp":"2026-05-06T06:11:14.210Z"}
{"duration":10,"level":"info","message":"db-query","rows":26,"text":"SELECT * FROM location_types","timestamp":"2026-05-06T06:11:36.373Z"}
{"level":"info","message":"GET /api/location-types 200 23.177 ms","timestamp":"2026-05-06T06:11:36.387Z"}
{"duration":66,"level":"info","message":"db-query","rows":26,"text":"SELECT * FROM location_types","timestamp":"2026-05-06T06:11:36.432Z"}
{"level":"info","message":"GET /api/location-types 200 67.599 ms","timestamp":"2026-05-06T06:11:36.433Z"}
{"duration":7,"level":"info","message":"db-query","rows":1,"text":"\n    SELECT \n      dc.driver_id,\n      COUNT(dc.id) AS count,\n      MAX(dc.last_modified) AS last_modified,\n      json_build_object(\n        'name', d.name,\n        'username', d.username,\n        'driver_type', d.driver_type,\n        'driver_commission', d.driver_commission,\n        'pda_rent', d.pda_rent,\n        'balance', d.balance,\n        'active', d.active,\n        'subsidiary_id', d.subsidiary_id\n      ) AS driver\n    FROM driver_commissions dc\n    JOIN drivers d ON dc.driver_id = d.id\n    \n    GROUP BY dc.driver_id, d.id\n    ORDER BY MAX(dc.last_modified) DESC\n    LIMIT $1 OFFSET $2\n  ","timestamp":"2026-05-06T06:11:36.926Z"}
{"level":"info","message":"GET /api/driver_commission/distinct?company_id=1 200 8.797 ms","timestamp":"2026-05-06T06:11:36.927Z"}
{"duration":2,"level":"info","message":"db-query","rows":1,"text":"\n    SELECT \n      dc.driver_id,\n      COUNT(dc.id) AS count,\n      MAX(dc.last_modified) AS last_modified,\n      json_build_object(\n        'name', d.name,\n        'username', d.username,\n        'driver_type', d.driver_type,\n        'driver_commission', d.driver_commission,\n        'pda_rent', d.pda_rent,\n        'balance', d.balance,\n        'active', d.active,\n        'subsidiary_id', d.subsidiary_id\n      ) AS driver\n    FROM driver_commissions dc\n    JOIN drivers d ON dc.driver_id = d.id\n    \n    GROUP BY dc.driver_id, d.id\n    ORDER BY MAX(dc.last_modified) DESC\n    LIMIT $1 OFFSET $2\n  ","timestamp":"2026-05-06T06:11:42.345Z"}
{"level":"info","message":"GET /api/driver_commission/distinct 200 5.706 ms","timestamp":"2026-05-06T06:11:42.349Z"}
{"duration":12,"level":"info","message":"db-query","rows":26,"text":"SELECT * FROM location_types","timestamp":"2026-05-06T06:11:49.037Z"}
{"level":"info","message":"GET /api/location-types 200 20.290 ms","timestamp":"2026-05-06T06:11:49.045Z"}
{"duration":56,"level":"info","message":"db-query","rows":26,"text":"SELECT * FROM location_types","timestamp":"2026-05-06T06:11:49.086Z"}
{"level":"info","message":"GET /api/location-types 200 57.754 ms","timestamp":"2026-05-06T06:11:49.088Z"}
{"duration":6,"level":"info","message":"db-query","rows":1,"text":"\n    SELECT \n      dc.driver_id,\n      COUNT(dc.id) AS count,\n      MAX(dc.last_modified) AS last_modified,\n      json_build_object(\n        'name', d.name,\n        'username', d.username,\n        'driver_type', d.driver_type,\n        'driver_commission', d.driver_commission,\n        'pda_rent', d.pda_rent,\n        'balance', d.balance,\n        'active', d.active,\n        'subsidiary_id', d.subsidiary_id\n      ) AS driver\n    FROM driver_commissions dc\n    JOIN drivers d ON dc.driver_id = d.id\n    WHERE dc.company_id = $3\n    GROUP BY dc.driver_id, d.id\n    ORDER BY MAX(dc.last_modified) DESC\n    LIMIT $1 OFFSET $2\n  ","timestamp":"2026-05-06T06:11:52.439Z"}
{"level":"info","message":"GET /api/driver_commission/distinct?company_id=1 200 8.091 ms","timestamp":"2026-05-06T06:11:52.441Z"}
{"duration":12,"level":"info","message":"db-query","rows":26,"text":"SELECT * FROM location_types","timestamp":"2026-05-06T06:13:17.749Z"}
{"level":"info","message":"GET /api/location-types 200 21.397 ms","timestamp":"2026-05-06T06:13:17.757Z"}
{"duration":163,"level":"info","message":"db-query","rows":26,"text":"SELECT * FROM location_types","timestamp":"2026-05-06T06:13:17.905Z"}
{"level":"info","message":"GET /api/location-types 200 165.442 ms","timestamp":"2026-05-06T06:13:17.906Z"}
{"duration":5,"level":"info","message":"db-query","rows":26,"text":"SELECT * FROM location_types","timestamp":"2026-05-06T06:13:22.644Z"}
{"level":"info","message":"GET /api/location-types 200 12.058 ms","timestamp":"2026-05-06T06:13:22.653Z"}
{"duration":1,"level":"info","message":"db-query","rows":26,"text":"SELECT * FROM location_types","timestamp":"2026-05-06T06:13:22.660Z"}
{"level":"info","message":"GET /api/location-types 200 2.194 ms","timestamp":"2026-05-06T06:13:22.661Z"}
{"duration":6,"level":"info","message":"db-query","rows":26,"text":"SELECT * FROM location_types","timestamp":"2026-05-06T06:13:28.524Z"}
{"level":"info","message":"GET /api/location-types 200 12.405 ms","timestamp":"2026-05-06T06:13:28.531Z"}
{"duration":59,"level":"info","message":"db-query","rows":26,"text":"SELECT * FROM location_types","timestamp":"2026-05-06T06:13:28.580Z"}
{"level":"info","message":"GET /api/location-types 200 60.878 ms","timestamp":"2026-05-06T06:13:28.582Z"}
{"duration":5,"level":"info","message":"db-query","rows":26,"text":"SELECT * FROM location_types","timestamp":"2026-05-06T06:13:33.318Z"}
{"level":"info","message":"GET /api/location-types 200 10.970 ms","timestamp":"2026-05-06T06:13:33.325Z"}
{"duration":49,"level":"info","message":"db-query","rows":26,"text":"SELECT * FROM location_types","timestamp":"2026-05-06T06:13:33.364Z"}
{"level":"info","message":"GET /api/location-types 200 50.098 ms","timestamp":"2026-05-06T06:13:33.365Z"}
{"duration":5,"level":"info","message":"db-query","rows":26,"text":"SELECT * FROM location_types","timestamp":"2026-05-06T06:13:42.641Z"}
{"level":"info","message":"GET /api/location-types 200 11.516 ms","timestamp":"2026-05-06T06:13:42.648Z"}
{"duration":51,"level":"info","message":"db-query","rows":26,"text":"SELECT * FROM location_types","timestamp":"2026-05-06T06:13:42.689Z"}
{"level":"info","message":"GET /api/location-types 200 53.304 ms","timestamp":"2026-05-06T06:13:42.691Z"}
{"duration":5,"level":"info","message":"db-query","rows":26,"text":"SELECT * FROM location_types","timestamp":"2026-05-06T06:13:49.165Z"}
{"level":"info","message":"GET /api/location-types 200 11.164 ms","timestamp":"2026-05-06T06:13:49.171Z"}
{"duration":53,"level":"info","message":"db-query","rows":26,"text":"SELECT * FROM location_types","timestamp":"2026-05-06T06:13:49.214Z"}
{"level":"info","message":"GET /api/location-types 200 53.588 ms","timestamp":"2026-05-06T06:13:49.215Z"}
{"duration":54,"level":"info","message":"db-query","rows":null,"text":"BEGIN","timestamp":"2026-05-06T06:14:22.855Z"}
{"duration":24,"level":"info","message":"db-query","rows":1,"text":"\n        INSERT INTO driver_commissions (\n          transaction_number,\n          transaction_date,\n          driver_id,\n          jobs_total,\n          commission_total,\n          cash_jobs_total,\n          account_jobs_total,\n          owed,\n          old_balance,\n          current_balance,\n          from_date,\n          to_date,\n          payment_type,\n          last_modified,\n          company_id\n        )\n        VALUES (\n          $1,$2,$3,$4,$5,$6,$7,$8,$9,$10,$11,$12,$13,$14,$15\n        )\n        RETURNING *;\n      ","timestamp":"2026-05-06T06:14:22.880Z"}
{"duration":24,"level":"info","message":"db-query","rows":1,"text":"INSERT INTO driver_commission_lineitems\n           (driver_commission_id, booking_id)\n           VALUES ($1,$2)\n           RETURNING *","timestamp":"2026-05-06T06:14:22.905Z"}
{"duration":1,"level":"info","message":"db-query","rows":1,"text":"INSERT INTO driver_commission_lineitems\n           (driver_commission_id, booking_id)\n           VALUES ($1,$2)\n           RETURNING *","timestamp":"2026-05-06T06:14:22.907Z"}
{"duration":1,"level":"info","message":"db-query","rows":1,"text":"INSERT INTO driver_commission_lineitems\n           (driver_commission_id, booking_id)\n           VALUES ($1,$2)\n           RETURNING *","timestamp":"2026-05-06T06:14:22.909Z"}
{"duration":9,"level":"info","message":"db-query","rows":1,"text":"UPDATE drivers\n          SET balance = $1\n          WHERE id = $2","timestamp":"2026-05-06T06:14:22.919Z"}
{"duration":1,"level":"info","message":"db-query","rows":null,"text":"COMMIT","timestamp":"2026-05-06T06:14:22.921Z"}
{"level":"info","message":"POST /api/driver_commission/add 200 122.335 ms","timestamp":"2026-05-06T06:14:22.923Z"}
{"duration":7,"level":"info","message":"db-query","rows":26,"text":"SELECT * FROM location_types","timestamp":"2026-05-06T06:16:46.089Z"}
{"level":"info","message":"GET /api/location-types 200 16.307 ms","timestamp":"2026-05-06T06:16:46.099Z"}
{"duration":75,"level":"info","message":"db-query","rows":26,"text":"SELECT * FROM location_types","timestamp":"2026-05-06T06:16:46.160Z"}
{"level":"info","message":"GET /api/location-types 200 80.613 ms","timestamp":"2026-05-06T06:16:46.166Z"}
{"duration":0,"level":"info","message":"db-query","rows":null,"text":"BEGIN","timestamp":"2026-05-06T06:16:48.401Z"}
{"duration":7,"level":"info","message":"db-query","rows":1,"text":"\n        INSERT INTO driver_commissions (\n          transaction_number,\n          transaction_date,\n          driver_id,\n          jobs_total,\n          commission_total,\n          cash_jobs_total,\n          account_jobs_total,\n          owed,\n          old_balance,\n          current_balance,\n          from_date,\n          to_date,\n          payment_type,\n          last_modified,\n          company_id\n        )\n        VALUES (\n          $1,$2,$3,$4,$5,$6,$7,$8,$9,$10,$11,$12,$13,$14,$15\n        )\n        RETURNING \n  id,\n  transaction_number,\n  transaction_date,\n  driver_id,\n  jobs_total,\n  commission_total,\n  cash_jobs_total,\n  account_jobs_total,\n  owed,\n  old_balance,\n  current_balance,\n  from_date,\n  to_date,\n  payment_type,\n  last_modified;\n      ","timestamp":"2026-05-06T06:16:48.409Z"}
{"duration":2,"level":"info","message":"db-query","rows":1,"text":"INSERT INTO driver_commission_lineitems\n           (driver_commission_id, booking_id)\n           VALUES ($1,$2)\n           RETURNING *","timestamp":"2026-05-06T06:16:48.412Z"}
{"duration":1,"level":"info","message":"db-query","rows":1,"text":"INSERT INTO driver_commission_lineitems\n           (driver_commission_id, booking_id)\n           VALUES ($1,$2)\n           RETURNING *","timestamp":"2026-05-06T06:16:48.414Z"}
{"duration":1,"level":"info","message":"db-query","rows":1,"text":"INSERT INTO driver_commission_lineitems\n           (driver_commission_id, booking_id)\n           VALUES ($1,$2)\n           RETURNING *","timestamp":"2026-05-06T06:16:48.416Z"}
{"duration":1,"level":"info","message":"db-query","rows":1,"text":"UPDATE drivers\n          SET balance = $1\n          WHERE id = $2","timestamp":"2026-05-06T06:16:48.418Z"}
{"duration":32,"level":"info","message":"db-query","rows":null,"text":"COMMIT","timestamp":"2026-05-06T06:16:48.450Z"}
{"level":"info","message":"POST /api/driver_commission/add 200 51.809 ms","timestamp":"2026-05-06T06:16:48.451Z"}
{"duration":3,"level":"info","message":"db-query","rows":1,"text":"\n    SELECT \n      dc.driver_id,\n      COUNT(dc.id) AS count,\n      MAX(dc.last_modified) AS last_modified,\n      json_build_object(\n        'name', d.name,\n        'username', d.username,\n        'driver_type', d.driver_type,\n        'driver_commission', d.driver_commission,\n        'pda_rent', d.pda_rent,\n        'balance', d.balance,\n        'active', d.active,\n        'subsidiary_id', d.subsidiary_id\n      ) AS driver\n    FROM driver_commissions dc\n    JOIN drivers d ON dc.driver_id = d.id\n    WHERE dc.company_id = $3\n    GROUP BY dc.driver_id, d.id\n    ORDER BY MAX(dc.last_modified) DESC\n    LIMIT $1 OFFSET $2\n  ","timestamp":"2026-05-06T06:16:56.591Z"}
{"level":"info","message":"GET /api/driver_commission/distinct?company_id=2 200 4.823 ms","timestamp":"2026-05-06T06:16:56.593Z"}
{"duration":61,"level":"info","message":"db-query","rows":17,"text":"\n      SELECT dc.*,\n      json_build_object(\n        'username', d.username,\n        'email', d.email,\n        'subsidiary_id', d.subsidiary_id\n      ) AS driver\n      FROM driver_commissions dc\n      JOIN drivers d ON dc.driver_id = d.id\n      WHERE dc.driver_id = $1\n      ORDER BY dc.id DESC\n    ","timestamp":"2026-05-06T06:21:15.318Z"}
{"level":"info","message":"GET /api/driver_commission/driverid?driver_id=167 200 62.644 ms","timestamp":"2026-05-06T06:21:15.319Z"}
{"duration":6,"level":"info","message":"db-query","rows":26,"text":"SELECT * FROM location_types","timestamp":"2026-05-06T06:22:05.512Z"}
{"level":"info","message":"GET /api/location-types 200 15.865 ms","timestamp":"2026-05-06T06:22:05.522Z"}
{"duration":83,"level":"info","message":"db-query","rows":26,"text":"SELECT * FROM location_types","timestamp":"2026-05-06T06:22:05.590Z"}
{"level":"info","message":"GET /api/location-types 200 84.347 ms","timestamp":"2026-05-06T06:22:05.592Z"}
{"duration":6,"level":"info","message":"db-query","rows":26,"text":"SELECT * FROM location_types","timestamp":"2026-05-06T06:22:13.969Z"}
{"level":"info","message":"GET /api/location-types 200 14.371 ms","timestamp":"2026-05-06T06:22:13.978Z"}
{"duration":56,"level":"info","message":"db-query","rows":26,"text":"SELECT * FROM location_types","timestamp":"2026-05-06T06:22:14.022Z"}
{"level":"info","message":"GET /api/location-types 200 57.635 ms","timestamp":"2026-05-06T06:22:14.023Z"}
{"duration":6,"level":"info","message":"db-query","rows":26,"text":"SELECT * FROM location_types","timestamp":"2026-05-06T06:22:22.714Z"}
{"level":"info","message":"GET /api/location-types 200 13.154 ms","timestamp":"2026-05-06T06:22:22.722Z"}
{"duration":69,"level":"info","message":"db-query","rows":26,"text":"SELECT * FROM location_types","timestamp":"2026-05-06T06:22:22.780Z"}
{"level":"info","message":"GET /api/location-types 200 70.516 ms","timestamp":"2026-05-06T06:22:22.782Z"}
{"duration":13,"level":"info","message":"db-query","rows":26,"text":"SELECT * FROM location_types","timestamp":"2026-05-06T06:22:30.554Z"}
{"level":"info","message":"GET /api/location-types 200 26.971 ms","timestamp":"2026-05-06T06:22:30.568Z"}
{"duration":164,"level":"info","message":"db-query","rows":26,"text":"SELECT * FROM location_types","timestamp":"2026-05-06T06:22:30.711Z"}
{"level":"info","message":"GET /api/location-types 200 165.779 ms","timestamp":"2026-05-06T06:22:30.713Z"}
{"duration":7,"level":"info","message":"db-query","rows":26,"text":"SELECT * FROM location_types","timestamp":"2026-05-06T06:22:37.473Z"}
{"level":"info","message":"GET /api/location-types 200 21.398 ms","timestamp":"2026-05-06T06:22:37.487Z"}
{"duration":71,"level":"info","message":"db-query","rows":26,"text":"SELECT * FROM location_types","timestamp":"2026-05-06T06:22:37.539Z"}
{"level":"info","message":"GET /api/location-types 200 75.244 ms","timestamp":"2026-05-06T06:22:37.544Z"}
{"duration":12,"level":"info","message":"db-query","rows":26,"text":"SELECT * FROM location_types","timestamp":"2026-05-06T06:22:39.879Z"}
{"level":"info","message":"GET /api/location-types 200 24.975 ms","timestamp":"2026-05-06T06:22:39.894Z"}
{"duration":60,"level":"info","message":"db-query","rows":26,"text":"SELECT * FROM location_types","timestamp":"2026-05-06T06:22:39.930Z"}
{"level":"info","message":"GET /api/location-types 200 61.169 ms","timestamp":"2026-05-06T06:22:39.931Z"}
{"duration":11,"level":"info","message":"db-query","rows":26,"text":"SELECT * FROM location_types","timestamp":"2026-05-06T06:22:44.363Z"}
{"level":"info","message":"GET /api/location-types 200 18.563 ms","timestamp":"2026-05-06T06:22:44.370Z"}
{"duration":56,"level":"info","message":"db-query","rows":26,"text":"SELECT * FROM location_types","timestamp":"2026-05-06T06:22:44.412Z"}
{"level":"info","message":"GET /api/location-types 200 57.790 ms","timestamp":"2026-05-06T06:22:44.414Z"}
{"duration":5,"level":"info","message":"db-query","rows":26,"text":"SELECT * FROM location_types","timestamp":"2026-05-06T06:22:52.162Z"}
{"level":"info","message":"GET /api/location-types 200 10.319 ms","timestamp":"2026-05-06T06:22:52.169Z"}
{"duration":65,"level":"info","message":"db-query","rows":26,"text":"SELECT * FROM location_types","timestamp":"2026-05-06T06:22:52.224Z"}
{"level":"info","message":"GET /api/location-types 200 67.489 ms","timestamp":"2026-05-06T06:22:52.227Z"}
{"duration":6,"level":"info","message":"db-query","rows":26,"text":"SELECT * FROM location_types","timestamp":"2026-05-06T06:22:55.100Z"}
{"level":"info","message":"GET /api/location-types 200 12.133 ms","timestamp":"2026-05-06T06:22:55.107Z"}
{"duration":57,"level":"info","message":"db-query","rows":26,"text":"SELECT * FROM location_types","timestamp":"2026-05-06T06:22:55.154Z"}
{"level":"info","message":"GET /api/location-types 200 58.683 ms","timestamp":"2026-05-06T06:22:55.156Z"}
{"duration":156,"level":"info","message":"db-query","rows":0,"text":"\n      SELECT dc.*,\n      json_build_object(\n        'username', d.username,\n        'email', d.email,\n        'subsidiary_id', d.subsidiary_id\n      ) AS driver\n      FROM driver_commissions dc\n      JOIN drivers d ON dc.driver_id = d.id\n      WHERE dc.driver_id = $1 AND dc.company_id = $2\n      ORDER BY dc.id DESC\n    ","timestamp":"2026-05-06T06:23:05.332Z"}
{"level":"info","message":"GET /api/driver_commission/driverid?driver_id=167&company_id=2 200 158.166 ms","timestamp":"2026-05-06T06:23:05.334Z"}
{"duration":2,"level":"info","message":"db-query","rows":17,"text":"\n      SELECT dc.*,\n      json_build_object(\n        'username', d.username,\n        'email', d.email,\n        'subsidiary_id', d.subsidiary_id\n      ) AS driver\n      FROM driver_commissions dc\n      JOIN drivers d ON dc.driver_id = d.id\n      WHERE dc.driver_id = $1 AND dc.company_id = $2\n      ORDER BY dc.id DESC\n    ","timestamp":"2026-05-06T06:23:09.708Z"}
{"level":"info","message":"GET /api/driver_commission/driverid?driver_id=167&company_id=1 200 3.633 ms","timestamp":"2026-05-06T06:23:09.710Z"}
{"duration":5,"level":"info","message":"db-query","rows":26,"text":"SELECT * FROM location_types","timestamp":"2026-05-06T06:53:04.728Z"}
{"level":"info","message":"GET /api/location-types 200 11.730 ms","timestamp":"2026-05-06T06:53:04.734Z"}
{"duration":69,"level":"info","message":"db-query","rows":26,"text":"SELECT * FROM location_types","timestamp":"2026-05-06T06:53:04.793Z"}
{"level":"info","message":"GET /api/location-types 200 72.441 ms","timestamp":"2026-05-06T06:53:04.796Z"}
{"level":"info","message":"GET /api/driver_commission/driverid?driver_id=167&company_id=1 500 9.851 ms","timestamp":"2026-05-06T06:53:06.356Z"}
{"duration":9,"level":"info","message":"db-query","rows":17,"text":"\n      SELECT dc.id,\n  dc.transaction_number,\n  dc.transaction_date,\n  dc.driver_id,\n  dc.jobs_total,\n  dc.commission_total,\n  dc.cash_jobs_total,\n  dc.account_jobs_total,\n  dc.owed,\n  dc.old_balance,\n  dc.current_balance,\n  dc.from_date,\n  dc.to_date,\n  dc.payment_type,\n  dc.last_modified,\n      json_build_object(\n        'username', d.username,\n        'email', d.email,\n        'subsidiary_id', d.subsidiary_id\n      ) AS driver\n      FROM driver_commissions dc\n      JOIN drivers d ON dc.driver_id = d.id\n      WHERE dc.driver_id = $1 AND dc.company_id = $2\n      ORDER BY dc.id DESC\n    ","timestamp":"2026-05-06T06:53:21.738Z"}
{"level":"info","message":"GET /api/driver_commission/driverid?driver_id=167&company_id=1 200 15.624 ms","timestamp":"2026-05-06T06:53:21.746Z"}
{"duration":3,"level":"info","message":"db-query","rows":26,"text":"SELECT * FROM location_types","timestamp":"2026-05-06T06:53:21.902Z"}
{"level":"info","message":"GET /api/location-types 200 3.721 ms","timestamp":"2026-05-06T06:53:21.903Z"}
{"duration":180,"level":"info","message":"db-query","rows":26,"text":"SELECT * FROM location_types","timestamp":"2026-05-06T06:53:22.080Z"}
{"level":"info","message":"GET /api/location-types 200 199.018 ms","timestamp":"2026-05-06T06:53:22.100Z"}
{"duration":6,"level":"info","message":"db-query","rows":26,"text":"SELECT * FROM location_types","timestamp":"2026-05-06T07:54:54.197Z"}
{"level":"info","message":"GET /api/location-types 200 15.593 ms","timestamp":"2026-05-06T07:54:54.205Z"}
{"duration":60,"level":"info","message":"db-query","rows":26,"text":"SELECT * FROM location_types","timestamp":"2026-05-06T07:54:54.251Z"}
{"level":"info","message":"GET /api/location-types 200 61.595 ms","timestamp":"2026-05-06T07:54:54.253Z"}
{"duration":5,"level":"info","message":"db-query","rows":26,"text":"SELECT * FROM location_types","timestamp":"2026-05-06T07:56:13.149Z"}
{"level":"info","message":"GET /api/location-types 200 12.197 ms","timestamp":"2026-05-06T07:56:13.156Z"}
{"duration":170,"level":"info","message":"db-query","rows":26,"text":"SELECT * FROM location_types","timestamp":"2026-05-06T07:56:13.315Z"}
{"level":"info","message":"GET /api/location-types 200 171.419 ms","timestamp":"2026-05-06T07:56:13.317Z"}
{"duration":5,"level":"info","message":"db-query","rows":26,"text":"SELECT * FROM location_types","timestamp":"2026-05-06T07:56:19.859Z"}
{"level":"info","message":"GET /api/location-types 200 18.730 ms","timestamp":"2026-05-06T07:56:19.873Z"}
{"duration":1,"level":"info","message":"db-query","rows":26,"text":"SELECT * FROM location_types","timestamp":"2026-05-06T07:56:19.883Z"}
{"level":"info","message":"GET /api/location-types 200 9.727 ms","timestamp":"2026-05-06T07:56:19.892Z"}
{"duration":6,"level":"info","message":"db-query","rows":26,"text":"SELECT * FROM location_types","timestamp":"2026-05-06T07:56:24.585Z"}
{"level":"info","message":"GET /api/location-types 200 12.209 ms","timestamp":"2026-05-06T07:56:24.591Z"}
{"duration":64,"level":"info","message":"db-query","rows":26,"text":"SELECT * FROM location_types","timestamp":"2026-05-06T07:56:24.646Z"}
{"level":"info","message":"GET /api/location-types 200 66.534 ms","timestamp":"2026-05-06T07:56:24.649Z"}
{"duration":6,"level":"info","message":"db-query","rows":26,"text":"SELECT * FROM location_types","timestamp":"2026-05-06T07:56:29.255Z"}
{"level":"info","message":"GET /api/location-types 200 14.353 ms","timestamp":"2026-05-06T07:56:29.262Z"}
{"duration":71,"level":"info","message":"db-query","rows":26,"text":"SELECT * FROM location_types","timestamp":"2026-05-06T07:56:29.324Z"}
{"level":"info","message":"GET /api/location-types 200 72.968 ms","timestamp":"2026-05-06T07:56:29.326Z"}
{"duration":6,"level":"info","message":"db-query","rows":26,"text":"SELECT * FROM location_types","timestamp":"2026-05-06T07:56:36.259Z"}
{"level":"info","message":"GET /api/location-types 200 14.453 ms","timestamp":"2026-05-06T07:56:36.267Z"}
{"duration":53,"level":"info","message":"db-query","rows":26,"text":"SELECT * FROM location_types","timestamp":"2026-05-06T07:56:36.308Z"}
{"level":"info","message":"GET /api/location-types 200 54.258 ms","timestamp":"2026-05-06T07:56:36.309Z"}
{"duration":11,"level":"info","message":"db-query","rows":26,"text":"SELECT * FROM location_types","timestamp":"2026-05-06T07:56:48.099Z"}
{"level":"info","message":"GET /api/location-types 200 21.696 ms","timestamp":"2026-05-06T07:56:48.108Z"}
{"duration":60,"level":"info","message":"db-query","rows":26,"text":"SELECT * FROM location_types","timestamp":"2026-05-06T07:56:48.151Z"}
{"level":"info","message":"GET /api/location-types 200 61.805 ms","timestamp":"2026-05-06T07:56:48.153Z"}
{"duration":13,"level":"info","message":"db-query","rows":26,"text":"SELECT * FROM location_types","timestamp":"2026-05-06T07:56:54.198Z"}
{"level":"info","message":"GET /api/location-types 200 20.024 ms","timestamp":"2026-05-06T07:56:54.204Z"}
{"duration":64,"level":"info","message":"db-query","rows":26,"text":"SELECT * FROM location_types","timestamp":"2026-05-06T07:56:54.258Z"}
{"level":"info","message":"GET /api/location-types 200 65.644 ms","timestamp":"2026-05-06T07:56:54.259Z"}
{"duration":6,"level":"info","message":"db-query","rows":26,"text":"SELECT * FROM location_types","timestamp":"2026-05-06T07:56:58.906Z"}
{"level":"info","message":"GET /api/location-types 200 11.282 ms","timestamp":"2026-05-06T07:56:58.915Z"}
{"duration":53,"level":"info","message":"db-query","rows":26,"text":"SELECT * FROM location_types","timestamp":"2026-05-06T07:56:58.957Z"}
{"level":"info","message":"GET /api/location-types 200 55.585 ms","timestamp":"2026-05-06T07:56:58.959Z"}
{"duration":6,"level":"info","message":"db-query","rows":26,"text":"SELECT * FROM location_types","timestamp":"2026-05-06T07:57:01.932Z"}
{"level":"info","message":"GET /api/location-types 200 12.389 ms","timestamp":"2026-05-06T07:57:01.938Z"}
{"duration":53,"level":"info","message":"db-query","rows":26,"text":"SELECT * FROM location_types","timestamp":"2026-05-06T07:57:01.981Z"}
{"level":"info","message":"GET /api/location-types 200 55.191 ms","timestamp":"2026-05-06T07:57:01.983Z"}
{"duration":5,"level":"info","message":"db-query","rows":26,"text":"SELECT * FROM location_types","timestamp":"2026-05-06T08:01:12.578Z"}
{"level":"info","message":"GET /api/location-types 200 14.049 ms","timestamp":"2026-05-06T08:01:12.587Z"}
{"duration":56,"level":"info","message":"db-query","rows":26,"text":"SELECT * FROM location_types","timestamp":"2026-05-06T08:01:12.630Z"}
{"level":"info","message":"GET /api/location-types 200 59.702 ms","timestamp":"2026-05-06T08:01:12.634Z"}
