{"duration":9,"level":"info","message":"db-query","rows":26,"text":"SELECT * FROM location_types","timestamp":"2026-06-30T19:04:45.246Z"}
{"level":"info","message":"GET /api/location-types 200 20.092 ms","timestamp":"2026-06-30T19:04:45.257Z"}
{"duration":73,"level":"info","message":"db-query","rows":26,"text":"SELECT * FROM location_types","timestamp":"2026-06-30T19:04:45.314Z"}
{"level":"info","message":"GET /api/location-types 200 74.868 ms","timestamp":"2026-06-30T19:04:45.315Z"}
{"duration":10,"level":"info","message":"db-query","rows":26,"text":"SELECT * FROM location_types","timestamp":"2026-06-30T19:05:47.601Z"}
{"level":"info","message":"GET /api/location-types 200 22.469 ms","timestamp":"2026-06-30T19:05:47.617Z"}
{"duration":2,"level":"info","message":"db-query","rows":26,"text":"SELECT * FROM location_types","timestamp":"2026-06-30T19:05:47.633Z"}
{"level":"info","message":"GET /api/location-types 200 3.887 ms","timestamp":"2026-06-30T19:05:47.635Z"}
{"duration":5,"level":"info","message":"db-query","rows":26,"text":"SELECT * FROM location_types","timestamp":"2026-06-30T19:05:53.567Z"}
{"level":"info","message":"GET /api/location-types 200 11.117 ms","timestamp":"2026-06-30T19:05:53.573Z"}
{"duration":49,"level":"info","message":"db-query","rows":26,"text":"SELECT * FROM location_types","timestamp":"2026-06-30T19:05:53.612Z"}
{"level":"info","message":"GET /api/location-types 200 49.979 ms","timestamp":"2026-06-30T19:05:53.614Z"}
{"duration":9,"level":"info","message":"db-query","rows":26,"text":"SELECT * FROM location_types","timestamp":"2026-06-30T19:12:14.804Z"}
{"level":"info","message":"GET /api/location-types 200 17.189 ms","timestamp":"2026-06-30T19:12:14.812Z"}
{"duration":60,"level":"info","message":"db-query","rows":26,"text":"SELECT * FROM location_types","timestamp":"2026-06-30T19:12:14.860Z"}
{"level":"info","message":"GET /api/location-types 200 61.249 ms","timestamp":"2026-06-30T19:12:14.861Z"}
{"duration":5074,"level":"info","message":"db-query","rows":26,"text":"SELECT * FROM location_types","timestamp":"2026-07-01T10:34:58.443Z"}
{"level":"info","message":"GET /api/location-types 200 5336.884 ms","timestamp":"2026-07-01T10:34:58.707Z"}
{"duration":5418,"level":"info","message":"db-query","rows":26,"text":"SELECT * FROM location_types","timestamp":"2026-07-01T10:34:58.788Z"}
{"level":"info","message":"GET /api/location-types 200 5419.126 ms","timestamp":"2026-07-01T10:34:58.790Z"}
{"duration":91,"level":"info","message":"db-query","rows":0,"text":"SELECT invoice_number FROM customer_invoices WHERE invoice_number = $1 LIMIT 1","timestamp":"2026-07-01T10:56:26.999Z"}
{"level":"info","message":"GET /api/customer-invoice/invoice-number 200 94.391 ms","timestamp":"2026-07-01T10:56:27.001Z"}
{"duration":54,"level":"info","message":"db-query","rows":26,"text":"SELECT * FROM location_types","timestamp":"2026-07-01T11:54:51.882Z"}
{"level":"info","message":"GET /api/location-types 200 57.625 ms","timestamp":"2026-07-01T11:54:51.886Z"}
{"duration":50,"level":"info","message":"db-query","rows":26,"text":"SELECT * FROM location_types","timestamp":"2026-07-01T13:14:51.886Z"}
{"level":"info","message":"GET /api/location-types 200 53.696 ms","timestamp":"2026-07-01T13:14:51.890Z"}
{"level":"info","message":"GET /api/customer-invoice/add 404 6.292 ms","timestamp":"2026-07-01T14:09:49.227Z"}
{"duration":150,"level":"info","message":"db-query","rows":null,"text":"BEGIN","timestamp":"2026-07-01T14:09:53.951Z"}
{"duration":43,"level":"info","message":"db-query","rows":1,"text":"\n      INSERT INTO customer_invoices\n      (\n        invoice_number,\n        customer_id,\n        invoice_date,\n        invoice_due_date,\n        from_date,\n        to_date,\n        invoice_type,\n        amount\n      )\n      VALUES\n      ($1,$2,$3,$4,$5,$6,$7,$8)\n      RETURNING *\n      ","timestamp":"2026-07-01T14:09:53.995Z"}
{"duration":53,"level":"info","message":"db-query","rows":null,"text":"ROLLBACK","timestamp":"2026-07-01T14:09:54.062Z"}
{"level":"info","message":"POST /api/customer-invoice/add 500 263.461 ms","timestamp":"2026-07-01T14:09:54.064Z"}
{"duration":4,"level":"info","message":"db-query","rows":26,"text":"SELECT * FROM location_types","timestamp":"2026-07-01T14:12:37.866Z"}
{"level":"info","message":"GET /api/location-types 200 10.700 ms","timestamp":"2026-07-01T14:12:37.872Z"}
{"duration":51,"level":"info","message":"db-query","rows":26,"text":"SELECT * FROM location_types","timestamp":"2026-07-01T14:12:37.914Z"}
{"level":"info","message":"GET /api/location-types 200 53.199 ms","timestamp":"2026-07-01T14:12:37.916Z"}
{"duration":10,"level":"info","message":"db-query","rows":26,"text":"SELECT * FROM location_types","timestamp":"2026-07-01T14:12:48.695Z"}
{"level":"info","message":"GET /api/location-types 200 18.667 ms","timestamp":"2026-07-01T14:12:48.703Z"}
{"duration":156,"level":"info","message":"db-query","rows":26,"text":"SELECT * FROM location_types","timestamp":"2026-07-01T14:12:48.846Z"}
{"level":"info","message":"GET /api/location-types 200 158.039 ms","timestamp":"2026-07-01T14:12:48.848Z"}
{"duration":9,"level":"info","message":"db-query","rows":26,"text":"SELECT * FROM location_types","timestamp":"2026-07-01T14:12:55.149Z"}
{"level":"info","message":"GET /api/location-types 200 20.436 ms","timestamp":"2026-07-01T14:12:55.161Z"}
{"duration":63,"level":"info","message":"db-query","rows":26,"text":"SELECT * FROM location_types","timestamp":"2026-07-01T14:12:55.207Z"}
{"level":"info","message":"GET /api/location-types 200 65.823 ms","timestamp":"2026-07-01T14:12:55.209Z"}
{"duration":5,"level":"info","message":"db-query","rows":26,"text":"SELECT * FROM location_types","timestamp":"2026-07-01T14:13:07.027Z"}
{"level":"info","message":"GET /api/location-types 200 11.214 ms","timestamp":"2026-07-01T14:13:07.033Z"}
{"duration":50,"level":"info","message":"db-query","rows":26,"text":"SELECT * FROM location_types","timestamp":"2026-07-01T14:13:07.074Z"}
{"level":"info","message":"GET /api/location-types 200 52.276 ms","timestamp":"2026-07-01T14:13:07.076Z"}
{"duration":17,"level":"info","message":"db-query","rows":26,"text":"SELECT * FROM location_types","timestamp":"2026-07-01T14:13:10.708Z"}
{"level":"info","message":"GET /api/location-types 200 25.448 ms","timestamp":"2026-07-01T14:13:10.716Z"}
{"duration":80,"level":"info","message":"db-query","rows":null,"text":"BEGIN","timestamp":"2026-07-01T14:13:10.783Z"}
{"duration":94,"level":"info","message":"db-query","rows":26,"text":"SELECT * FROM location_types","timestamp":"2026-07-01T14:13:10.787Z"}
{"level":"info","message":"GET /api/location-types 200 95.198 ms","timestamp":"2026-07-01T14:13:10.788Z"}
{"duration":9,"level":"info","message":"db-query","rows":1,"text":"\n      INSERT INTO customer_invoices\n      (\n        invoice_number,\n        customer_id,\n        invoice_date,\n        invoice_due_date,\n        from_date,\n        to_date,\n        invoice_type,\n        amount\n      )\n      VALUES\n      ($1,$2,$3,$4,$5,$6,$7,$8)\n      RETURNING *\n      ","timestamp":"2026-07-01T14:13:10.792Z"}
{"duration":1,"level":"info","message":"db-query","rows":null,"text":"ROLLBACK","timestamp":"2026-07-01T14:13:10.796Z"}
{"level":"info","message":"POST /api/customer-invoice/add 500 95.384 ms","timestamp":"2026-07-01T14:13:10.798Z"}
{"duration":1,"level":"info","message":"db-query","rows":null,"text":"BEGIN","timestamp":"2026-07-01T14:13:20.049Z"}
{"duration":4,"level":"info","message":"db-query","rows":1,"text":"\n      INSERT INTO customer_invoices\n      (\n        invoice_number,\n        customer_id,\n        invoice_date,\n        invoice_due_date,\n        from_date,\n        to_date,\n        invoice_type,\n        amount\n      )\n      VALUES\n      ($1,$2,$3,$4,$5,$6,$7,$8)\n      RETURNING *\n      ","timestamp":"2026-07-01T14:13:20.054Z"}
{"duration":1,"level":"info","message":"db-query","rows":null,"text":"ROLLBACK","timestamp":"2026-07-01T14:13:20.097Z"}
{"level":"info","message":"POST /api/customer-invoice/add 500 59.127 ms","timestamp":"2026-07-01T14:13:20.099Z"}
{"duration":5,"level":"info","message":"db-query","rows":26,"text":"SELECT * FROM location_types","timestamp":"2026-07-01T14:14:48.371Z"}
{"level":"info","message":"GET /api/location-types 200 11.986 ms","timestamp":"2026-07-01T14:14:48.378Z"}
{"duration":60,"level":"info","message":"db-query","rows":26,"text":"SELECT * FROM location_types","timestamp":"2026-07-01T14:14:48.427Z"}
{"level":"info","message":"GET /api/location-types 200 60.300 ms","timestamp":"2026-07-01T14:14:48.428Z"}
{"duration":6,"level":"info","message":"db-query","rows":26,"text":"SELECT * FROM location_types","timestamp":"2026-07-01T14:14:52.734Z"}
{"level":"info","message":"GET /api/location-types 200 12.278 ms","timestamp":"2026-07-01T14:14:52.741Z"}
{"duration":51,"level":"info","message":"db-query","rows":26,"text":"SELECT * FROM location_types","timestamp":"2026-07-01T14:14:52.782Z"}
{"level":"info","message":"GET /api/location-types 200 52.583 ms","timestamp":"2026-07-01T14:14:52.783Z"}
{"duration":5,"level":"info","message":"db-query","rows":26,"text":"SELECT * FROM location_types","timestamp":"2026-07-01T14:15:03.095Z"}
{"level":"info","message":"GET /api/location-types 200 11.507 ms","timestamp":"2026-07-01T14:15:03.102Z"}
{"duration":1,"level":"info","message":"db-query","rows":26,"text":"SELECT * FROM location_types","timestamp":"2026-07-01T14:15:03.111Z"}
{"level":"info","message":"GET /api/location-types 200 2.667 ms","timestamp":"2026-07-01T14:15:03.112Z"}
{"duration":6,"level":"info","message":"db-query","rows":26,"text":"SELECT * FROM location_types","timestamp":"2026-07-01T14:15:06.767Z"}
{"level":"info","message":"GET /api/location-types 200 14.757 ms","timestamp":"2026-07-01T14:15:06.775Z"}
{"duration":79,"level":"info","message":"db-query","rows":26,"text":"SELECT * FROM location_types","timestamp":"2026-07-01T14:15:06.842Z"}
{"level":"info","message":"GET /api/location-types 200 80.951 ms","timestamp":"2026-07-01T14:15:06.844Z"}
{"duration":5,"level":"info","message":"db-query","rows":26,"text":"SELECT * FROM location_types","timestamp":"2026-07-01T14:15:10.514Z"}
{"level":"info","message":"GET /api/location-types 200 11.116 ms","timestamp":"2026-07-01T14:15:10.520Z"}
{"duration":52,"level":"info","message":"db-query","rows":26,"text":"SELECT * FROM location_types","timestamp":"2026-07-01T14:15:10.562Z"}
{"level":"info","message":"GET /api/location-types 200 53.964 ms","timestamp":"2026-07-01T14:15:10.564Z"}
{"duration":6,"level":"info","message":"db-query","rows":26,"text":"SELECT * FROM location_types","timestamp":"2026-07-01T14:15:21.392Z"}
{"level":"info","message":"GET /api/location-types 200 13.104 ms","timestamp":"2026-07-01T14:15:21.400Z"}
{"duration":80,"level":"info","message":"db-query","rows":26,"text":"SELECT * FROM location_types","timestamp":"2026-07-01T14:15:21.468Z"}
{"level":"info","message":"GET /api/location-types 200 81.933 ms","timestamp":"2026-07-01T14:15:21.470Z"}
{"duration":10,"level":"info","message":"db-query","rows":26,"text":"SELECT * FROM location_types","timestamp":"2026-07-01T14:15:27.390Z"}
{"level":"info","message":"GET /api/location-types 200 18.928 ms","timestamp":"2026-07-01T14:15:27.397Z"}
{"duration":53,"level":"info","message":"db-query","rows":26,"text":"SELECT * FROM location_types","timestamp":"2026-07-01T14:15:27.436Z"}
{"level":"info","message":"GET /api/location-types 200 55.567 ms","timestamp":"2026-07-01T14:15:27.438Z"}
{"duration":0,"level":"info","message":"db-query","rows":null,"text":"BEGIN","timestamp":"2026-07-01T14:15:30.272Z"}
{"duration":8,"level":"info","message":"db-query","rows":1,"text":"\n      INSERT INTO customer_invoices\n      (\n        invoice_number,\n        customer_id,\n        invoice_date,\n        invoice_due_date,\n        from_date,\n        to_date,\n        invoice_type,\n        amount\n      )\n      VALUES\n      ($1,$2,$3,$4,$5,$6,$7,$8)\n      RETURNING *\n      ","timestamp":"2026-07-01T14:15:30.281Z"}
{"duration":15,"level":"info","message":"db-query","rows":1,"text":"\n        INSERT INTO customer_invoice_lineitems\n        (\n          customer_invoice_id,\n          booking_id\n        )\n        VALUES ($1,$2)\n        ","timestamp":"2026-07-01T14:15:30.296Z"}
{"duration":10,"level":"info","message":"db-query","rows":1,"text":"\n        UPDATE bookings\n        SET invoice_number = $1\n        WHERE id = $2\n        ","timestamp":"2026-07-01T14:15:30.307Z"}
{"duration":1,"level":"info","message":"db-query","rows":1,"text":"\n        INSERT INTO customer_invoice_lineitems\n        (\n          customer_invoice_id,\n          booking_id\n        )\n        VALUES ($1,$2)\n        ","timestamp":"2026-07-01T14:15:30.310Z"}
{"duration":1,"level":"info","message":"db-query","rows":1,"text":"\n        UPDATE bookings\n        SET invoice_number = $1\n        WHERE id = $2\n        ","timestamp":"2026-07-01T14:15:30.312Z"}
{"duration":1,"level":"info","message":"db-query","rows":1,"text":"\n        INSERT INTO customer_invoice_lineitems\n        (\n          customer_invoice_id,\n          booking_id\n        )\n        VALUES ($1,$2)\n        ","timestamp":"2026-07-01T14:15:30.313Z"}
{"duration":1,"level":"info","message":"db-query","rows":1,"text":"\n        UPDATE bookings\n        SET invoice_number = $1\n        WHERE id = $2\n        ","timestamp":"2026-07-01T14:15:30.314Z"}
{"duration":1,"level":"info","message":"db-query","rows":1,"text":"\n        INSERT INTO customer_invoice_lineitems\n        (\n          customer_invoice_id,\n          booking_id\n        )\n        VALUES ($1,$2)\n        ","timestamp":"2026-07-01T14:15:30.316Z"}
{"duration":1,"level":"info","message":"db-query","rows":1,"text":"\n        UPDATE bookings\n        SET invoice_number = $1\n        WHERE id = $2\n        ","timestamp":"2026-07-01T14:15:30.317Z"}
{"duration":1,"level":"info","message":"db-query","rows":1,"text":"\n        INSERT INTO customer_invoice_lineitems\n        (\n          customer_invoice_id,\n          booking_id\n        )\n        VALUES ($1,$2)\n        ","timestamp":"2026-07-01T14:15:30.318Z"}
{"duration":13,"level":"info","message":"db-query","rows":1,"text":"\n        UPDATE bookings\n        SET invoice_number = $1\n        WHERE id = $2\n        ","timestamp":"2026-07-01T14:15:30.331Z"}
{"duration":13,"level":"info","message":"db-query","rows":null,"text":"COMMIT","timestamp":"2026-07-01T14:15:30.344Z"}
{"level":"info","message":"POST /api/customer-invoice/add 200 75.359 ms","timestamp":"2026-07-01T14:15:30.345Z"}
{"duration":54,"level":"info","message":"db-query","rows":null,"text":"BEGIN","timestamp":"2026-07-01T14:18:11.198Z"}
{"duration":52,"level":"info","message":"db-query","rows":null,"text":"ROLLBACK","timestamp":"2026-07-01T14:18:11.261Z"}
{"level":"info","message":"POST /api/customer-invoice/add 500 120.447 ms","timestamp":"2026-07-01T14:18:11.262Z"}
{"duration":53,"level":"info","message":"db-query","rows":null,"text":"BEGIN","timestamp":"2026-07-01T14:18:25.018Z"}
{"duration":6,"level":"info","message":"db-query","rows":1,"text":"\n      INSERT INTO customer_invoices\n      (\n        invoice_number,\n        customer_id,\n        invoice_date,\n        invoice_due_date,\n        from_date,\n        to_date,\n        invoice_type,\n        amount\n      )\n      VALUES\n      ($1,$2,$3,$4,$5,$6,$7,$8)\n      RETURNING *\n      ","timestamp":"2026-07-01T14:18:25.024Z"}
{"duration":7,"level":"info","message":"db-query","rows":1,"text":"\n        INSERT INTO customer_invoice_lineitems\n        (\n          customer_invoice_id,\n          booking_id\n        )\n        VALUES ($1,$2)\n        ","timestamp":"2026-07-01T14:18:25.031Z"}
{"duration":1,"level":"info","message":"db-query","rows":1,"text":"\n        UPDATE bookings\n        SET invoice_number = $1\n        WHERE id = $2\n        ","timestamp":"2026-07-01T14:18:25.032Z"}
{"duration":0,"level":"info","message":"db-query","rows":1,"text":"\n        INSERT INTO customer_invoice_lineitems\n        (\n          customer_invoice_id,\n          booking_id\n        )\n        VALUES ($1,$2)\n        ","timestamp":"2026-07-01T14:18:25.033Z"}
{"duration":1,"level":"info","message":"db-query","rows":1,"text":"\n        UPDATE bookings\n        SET invoice_number = $1\n        WHERE id = $2\n        ","timestamp":"2026-07-01T14:18:25.035Z"}
{"duration":1,"level":"info","message":"db-query","rows":1,"text":"\n        INSERT INTO customer_invoice_lineitems\n        (\n          customer_invoice_id,\n          booking_id\n        )\n        VALUES ($1,$2)\n        ","timestamp":"2026-07-01T14:18:25.036Z"}
{"duration":1,"level":"info","message":"db-query","rows":1,"text":"\n        UPDATE bookings\n        SET invoice_number = $1\n        WHERE id = $2\n        ","timestamp":"2026-07-01T14:18:25.037Z"}
{"duration":1,"level":"info","message":"db-query","rows":1,"text":"\n        INSERT INTO customer_invoice_lineitems\n        (\n          customer_invoice_id,\n          booking_id\n        )\n        VALUES ($1,$2)\n        ","timestamp":"2026-07-01T14:18:25.038Z"}
{"duration":2,"level":"info","message":"db-query","rows":1,"text":"\n        UPDATE bookings\n        SET invoice_number = $1\n        WHERE id = $2\n        ","timestamp":"2026-07-01T14:18:25.040Z"}
{"duration":1,"level":"info","message":"db-query","rows":1,"text":"\n        INSERT INTO customer_invoice_lineitems\n        (\n          customer_invoice_id,\n          booking_id\n        )\n        VALUES ($1,$2)\n        ","timestamp":"2026-07-01T14:18:25.041Z"}
{"duration":1,"level":"info","message":"db-query","rows":1,"text":"\n        UPDATE bookings\n        SET invoice_number = $1\n        WHERE id = $2\n        ","timestamp":"2026-07-01T14:18:25.042Z"}
{"duration":5,"level":"info","message":"db-query","rows":null,"text":"COMMIT","timestamp":"2026-07-01T14:18:25.047Z"}
{"level":"info","message":"POST /api/customer-invoice/add 200 83.854 ms","timestamp":"2026-07-01T14:18:25.048Z"}
{"duration":7,"level":"info","message":"db-query","rows":26,"text":"SELECT * FROM location_types","timestamp":"2026-07-01T14:22:19.918Z"}
{"level":"info","message":"GET /api/location-types 200 12.732 ms","timestamp":"2026-07-01T14:22:19.924Z"}
{"duration":61,"level":"info","message":"db-query","rows":26,"text":"SELECT * FROM location_types","timestamp":"2026-07-01T14:22:19.976Z"}
{"level":"info","message":"GET /api/location-types 200 62.450 ms","timestamp":"2026-07-01T14:22:19.977Z"}
{"duration":5,"level":"info","message":"db-query","rows":26,"text":"SELECT * FROM location_types","timestamp":"2026-07-01T14:22:32.127Z"}
{"level":"info","message":"GET /api/location-types 200 10.903 ms","timestamp":"2026-07-01T14:22:32.133Z"}
{"duration":1,"level":"info","message":"db-query","rows":26,"text":"SELECT * FROM location_types","timestamp":"2026-07-01T14:22:32.141Z"}
{"level":"info","message":"GET /api/location-types 200 3.207 ms","timestamp":"2026-07-01T14:22:32.143Z"}
{"duration":7,"level":"info","message":"db-query","rows":26,"text":"SELECT * FROM location_types","timestamp":"2026-07-01T14:22:48.827Z"}
{"level":"info","message":"GET /api/location-types 200 15.206 ms","timestamp":"2026-07-01T14:22:48.836Z"}
{"duration":81,"level":"info","message":"db-query","rows":26,"text":"SELECT * FROM location_types","timestamp":"2026-07-01T14:22:48.906Z"}
{"level":"info","message":"GET /api/location-types 200 83.734 ms","timestamp":"2026-07-01T14:22:48.908Z"}
{"duration":5,"level":"info","message":"db-query","rows":26,"text":"SELECT * FROM location_types","timestamp":"2026-07-01T14:23:39.165Z"}
{"level":"info","message":"GET /api/location-types 200 11.413 ms","timestamp":"2026-07-01T14:23:39.171Z"}
{"duration":1,"level":"info","message":"db-query","rows":26,"text":"SELECT * FROM location_types","timestamp":"2026-07-01T14:23:39.179Z"}
{"level":"info","message":"GET /api/location-types 200 1.997 ms","timestamp":"2026-07-01T14:23:39.180Z"}
{"duration":1,"level":"info","message":"db-query","rows":null,"text":"BEGIN","timestamp":"2026-07-01T14:23:43.046Z"}
{"duration":6,"level":"info","message":"db-query","rows":1,"text":"\n      INSERT INTO customer_invoices\n      (\n        invoice_number,\n        customer_id,\n        invoice_date,\n        invoice_due_date,\n        from_date,\n        to_date,\n        invoice_type,\n        amount\n      )\n      VALUES\n      ($1,$2,$3,$4,$5,$6,$7,$8)\n      RETURNING *\n      ","timestamp":"2026-07-01T14:23:43.052Z"}
{"duration":9,"level":"info","message":"db-query","rows":1,"text":"\n        INSERT INTO customer_invoice_lineitems\n        (\n          customer_invoice_id,\n          booking_id\n        )\n        VALUES ($1,$2)\n        ","timestamp":"2026-07-01T14:23:43.062Z"}
{"duration":1,"level":"info","message":"db-query","rows":1,"text":"\n        UPDATE bookings\n        SET invoice_number = $1\n        WHERE id = $2\n        ","timestamp":"2026-07-01T14:23:43.064Z"}
{"duration":1,"level":"info","message":"db-query","rows":1,"text":"\n        INSERT INTO customer_invoice_lineitems\n        (\n          customer_invoice_id,\n          booking_id\n        )\n        VALUES ($1,$2)\n        ","timestamp":"2026-07-01T14:23:43.066Z"}
{"duration":0,"level":"info","message":"db-query","rows":1,"text":"\n        UPDATE bookings\n        SET invoice_number = $1\n        WHERE id = $2\n        ","timestamp":"2026-07-01T14:23:43.067Z"}
{"duration":1,"level":"info","message":"db-query","rows":1,"text":"\n        INSERT INTO customer_invoice_lineitems\n        (\n          customer_invoice_id,\n          booking_id\n        )\n        VALUES ($1,$2)\n        ","timestamp":"2026-07-01T14:23:43.069Z"}
{"duration":1,"level":"info","message":"db-query","rows":1,"text":"\n        UPDATE bookings\n        SET invoice_number = $1\n        WHERE id = $2\n        ","timestamp":"2026-07-01T14:23:43.070Z"}
{"duration":1,"level":"info","message":"db-query","rows":1,"text":"\n        INSERT INTO customer_invoice_lineitems\n        (\n          customer_invoice_id,\n          booking_id\n        )\n        VALUES ($1,$2)\n        ","timestamp":"2026-07-01T14:23:43.072Z"}
{"duration":1,"level":"info","message":"db-query","rows":1,"text":"\n        UPDATE bookings\n        SET invoice_number = $1\n        WHERE id = $2\n        ","timestamp":"2026-07-01T14:23:43.074Z"}
{"duration":2,"level":"info","message":"db-query","rows":1,"text":"\n        INSERT INTO customer_invoice_lineitems\n        (\n          customer_invoice_id,\n          booking_id\n        )\n        VALUES ($1,$2)\n        ","timestamp":"2026-07-01T14:23:43.076Z"}
{"duration":1,"level":"info","message":"db-query","rows":1,"text":"\n        UPDATE bookings\n        SET invoice_number = $1\n        WHERE id = $2\n        ","timestamp":"2026-07-01T14:23:43.077Z"}
{"duration":4,"level":"info","message":"db-query","rows":5,"text":"\n  SELECT *\n  FROM customer_invoice_lineitems\n  WHERE customer_invoice_id = $1\n  ORDER BY id\n  ","timestamp":"2026-07-01T14:23:43.082Z"}
{"duration":3,"level":"info","message":"db-query","rows":null,"text":"COMMIT","timestamp":"2026-07-01T14:23:43.086Z"}
{"level":"info","message":"POST /api/customer-invoice/add 200 45.196 ms","timestamp":"2026-07-01T14:23:43.088Z"}
{"duration":6,"level":"info","message":"db-query","rows":26,"text":"SELECT * FROM location_types","timestamp":"2026-07-01T14:24:16.178Z"}
{"level":"info","message":"GET /api/location-types 200 16.345 ms","timestamp":"2026-07-01T14:24:16.188Z"}
{"duration":65,"level":"info","message":"db-query","rows":26,"text":"SELECT * FROM location_types","timestamp":"2026-07-01T14:24:16.240Z"}
{"level":"info","message":"GET /api/location-types 200 66.524 ms","timestamp":"2026-07-01T14:24:16.242Z"}
{"duration":5,"level":"info","message":"db-query","rows":26,"text":"SELECT * FROM location_types","timestamp":"2026-07-01T14:24:23.305Z"}
{"level":"info","message":"GET /api/location-types 200 11.438 ms","timestamp":"2026-07-01T14:24:23.312Z"}
{"duration":58,"level":"info","message":"db-query","rows":26,"text":"SELECT * FROM location_types","timestamp":"2026-07-01T14:24:23.361Z"}
{"level":"info","message":"GET /api/location-types 200 59.813 ms","timestamp":"2026-07-01T14:24:23.362Z"}
{"duration":0,"level":"info","message":"db-query","rows":null,"text":"BEGIN","timestamp":"2026-07-01T14:24:27.492Z"}
{"duration":6,"level":"info","message":"db-query","rows":1,"text":"\n      INSERT INTO customer_invoices\n      (\n        invoice_number,\n        customer_id,\n        invoice_date,\n        invoice_due_date,\n        from_date,\n        to_date,\n        invoice_type,\n        amount\n      )\n      VALUES\n      ($1,$2,$3,$4,$5,$6,$7,$8)\n      RETURNING *\n      ","timestamp":"2026-07-01T14:24:27.499Z"}
{"duration":7,"level":"info","message":"db-query","rows":1,"text":"\n        INSERT INTO customer_invoice_lineitems\n        (\n          customer_invoice_id,\n          booking_id\n        )\n        VALUES ($1,$2)\n        ","timestamp":"2026-07-01T14:24:27.508Z"}
{"duration":2,"level":"info","message":"db-query","rows":1,"text":"\n        UPDATE bookings\n        SET invoice_number = $1\n        WHERE id = $2\n        ","timestamp":"2026-07-01T14:24:27.510Z"}
{"duration":1,"level":"info","message":"db-query","rows":1,"text":"\n        INSERT INTO customer_invoice_lineitems\n        (\n          customer_invoice_id,\n          booking_id\n        )\n        VALUES ($1,$2)\n        ","timestamp":"2026-07-01T14:24:27.512Z"}
{"duration":1,"level":"info","message":"db-query","rows":1,"text":"\n        UPDATE bookings\n        SET invoice_number = $1\n        WHERE id = $2\n        ","timestamp":"2026-07-01T14:24:27.514Z"}
{"duration":1,"level":"info","message":"db-query","rows":1,"text":"\n        INSERT INTO customer_invoice_lineitems\n        (\n          customer_invoice_id,\n          booking_id\n        )\n        VALUES ($1,$2)\n        ","timestamp":"2026-07-01T14:24:27.515Z"}
{"duration":1,"level":"info","message":"db-query","rows":1,"text":"\n        UPDATE bookings\n        SET invoice_number = $1\n        WHERE id = $2\n        ","timestamp":"2026-07-01T14:24:27.517Z"}
{"duration":2,"level":"info","message":"db-query","rows":1,"text":"\n        INSERT INTO customer_invoice_lineitems\n        (\n          customer_invoice_id,\n          booking_id\n        )\n        VALUES ($1,$2)\n        ","timestamp":"2026-07-01T14:24:27.519Z"}
{"duration":1,"level":"info","message":"db-query","rows":1,"text":"\n        UPDATE bookings\n        SET invoice_number = $1\n        WHERE id = $2\n        ","timestamp":"2026-07-01T14:24:27.520Z"}
{"duration":1,"level":"info","message":"db-query","rows":1,"text":"\n        INSERT INTO customer_invoice_lineitems\n        (\n          customer_invoice_id,\n          booking_id\n        )\n        VALUES ($1,$2)\n        ","timestamp":"2026-07-01T14:24:27.522Z"}
{"duration":1,"level":"info","message":"db-query","rows":1,"text":"\n        UPDATE bookings\n        SET invoice_number = $1\n        WHERE id = $2\n        ","timestamp":"2026-07-01T14:24:27.523Z"}
{"duration":2,"level":"info","message":"db-query","rows":5,"text":"\n  SELECT *\n  FROM customer_invoice_lineitems\n  WHERE customer_invoice_id = $1\n  ORDER BY id\n  ","timestamp":"2026-07-01T14:24:27.526Z"}
{"duration":3,"level":"info","message":"db-query","rows":null,"text":"COMMIT","timestamp":"2026-07-01T14:24:27.530Z"}
{"level":"info","message":"POST /api/customer-invoice/add 200 42.728 ms","timestamp":"2026-07-01T14:24:27.532Z"}
{"duration":5,"level":"info","message":"db-query","rows":26,"text":"SELECT * FROM location_types","timestamp":"2026-07-01T14:57:02.818Z"}
{"level":"info","message":"GET /api/location-types 200 11.407 ms","timestamp":"2026-07-01T14:57:02.825Z"}
{"duration":53,"level":"info","message":"db-query","rows":26,"text":"SELECT * FROM location_types","timestamp":"2026-07-01T14:57:02.867Z"}
{"level":"info","message":"GET /api/location-types 200 54.633 ms","timestamp":"2026-07-01T14:57:02.869Z"}
{"duration":6,"level":"info","message":"db-query","rows":26,"text":"SELECT * FROM location_types","timestamp":"2026-07-01T15:46:58.340Z"}
{"level":"info","message":"GET /api/location-types 200 18.470 ms","timestamp":"2026-07-01T15:46:58.351Z"}
{"duration":51,"level":"info","message":"db-query","rows":26,"text":"SELECT * FROM location_types","timestamp":"2026-07-01T15:46:58.386Z"}
{"level":"info","message":"GET /api/location-types 200 52.822 ms","timestamp":"2026-07-01T15:46:58.388Z"}
{"duration":6,"level":"info","message":"db-query","rows":26,"text":"SELECT * FROM location_types","timestamp":"2026-07-01T15:47:09.159Z"}
{"level":"info","message":"GET /api/location-types 200 11.684 ms","timestamp":"2026-07-01T15:47:09.166Z"}
{"duration":49,"level":"info","message":"db-query","rows":26,"text":"SELECT * FROM location_types","timestamp":"2026-07-01T15:47:09.205Z"}
{"level":"info","message":"GET /api/location-types 200 51.030 ms","timestamp":"2026-07-01T15:47:09.207Z"}
{"duration":6,"level":"info","message":"db-query","rows":26,"text":"SELECT * FROM location_types","timestamp":"2026-07-01T15:47:17.755Z"}
{"level":"info","message":"GET /api/location-types 200 13.113 ms","timestamp":"2026-07-01T15:47:17.762Z"}
{"duration":307,"level":"info","message":"db-query","rows":26,"text":"SELECT * FROM location_types","timestamp":"2026-07-01T15:47:18.058Z"}
{"level":"info","message":"GET /api/location-types 200 307.985 ms","timestamp":"2026-07-01T15:47:18.060Z"}
{"duration":5,"level":"info","message":"db-query","rows":26,"text":"SELECT * FROM location_types","timestamp":"2026-07-01T15:47:31.086Z"}
{"level":"info","message":"GET /api/location-types 200 9.671 ms","timestamp":"2026-07-01T15:47:31.093Z"}
{"duration":1,"level":"info","message":"db-query","rows":26,"text":"SELECT * FROM location_types","timestamp":"2026-07-01T15:47:31.099Z"}
{"level":"info","message":"GET /api/location-types 200 1.998 ms","timestamp":"2026-07-01T15:47:31.100Z"}
{"duration":9,"level":"info","message":"db-query","rows":26,"text":"SELECT * FROM location_types","timestamp":"2026-07-01T15:48:00.263Z"}
{"level":"info","message":"GET /api/location-types 200 19.561 ms","timestamp":"2026-07-01T15:48:00.275Z"}
{"duration":74,"level":"info","message":"db-query","rows":26,"text":"SELECT * FROM location_types","timestamp":"2026-07-01T15:48:00.332Z"}
{"level":"info","message":"GET /api/location-types 200 75.633 ms","timestamp":"2026-07-01T15:48:00.333Z"}
{"duration":8,"level":"info","message":"db-query","rows":26,"text":"SELECT * FROM location_types","timestamp":"2026-07-01T15:49:17.034Z"}
{"level":"info","message":"GET /api/location-types 200 14.153 ms","timestamp":"2026-07-01T15:49:17.040Z"}
{"duration":149,"level":"info","message":"db-query","rows":26,"text":"SELECT * FROM location_types","timestamp":"2026-07-01T15:49:17.178Z"}
{"level":"info","message":"GET /api/location-types 200 150.382 ms","timestamp":"2026-07-01T15:49:17.179Z"}
{"duration":9,"level":"info","message":"db-query","rows":26,"text":"SELECT * FROM location_types","timestamp":"2026-07-01T15:49:53.963Z"}
{"level":"info","message":"GET /api/location-types 200 19.507 ms","timestamp":"2026-07-01T15:49:53.975Z"}
{"duration":164,"level":"info","message":"db-query","rows":26,"text":"SELECT * FROM location_types","timestamp":"2026-07-01T15:49:54.121Z"}
{"level":"info","message":"GET /api/location-types 200 165.484 ms","timestamp":"2026-07-01T15:49:54.122Z"}
{"duration":5,"level":"info","message":"db-query","rows":26,"text":"SELECT * FROM location_types","timestamp":"2026-07-01T15:50:06.646Z"}
{"level":"info","message":"GET /api/location-types 200 11.264 ms","timestamp":"2026-07-01T15:50:06.653Z"}
{"duration":154,"level":"info","message":"db-query","rows":26,"text":"SELECT * FROM location_types","timestamp":"2026-07-01T15:50:06.796Z"}
{"level":"info","message":"GET /api/location-types 200 154.960 ms","timestamp":"2026-07-01T15:50:06.797Z"}
{"duration":6,"level":"info","message":"db-query","rows":26,"text":"SELECT * FROM location_types","timestamp":"2026-07-01T15:50:12.126Z"}
{"level":"info","message":"GET /api/location-types 200 11.952 ms","timestamp":"2026-07-01T15:50:12.133Z"}
{"duration":50,"level":"info","message":"db-query","rows":26,"text":"SELECT * FROM location_types","timestamp":"2026-07-01T15:50:12.172Z"}
{"level":"info","message":"GET /api/location-types 200 50.995 ms","timestamp":"2026-07-01T15:50:12.174Z"}
{"duration":16,"level":"info","message":"db-query","rows":26,"text":"SELECT * FROM location_types","timestamp":"2026-07-01T15:50:16.939Z"}
{"level":"info","message":"GET /api/location-types 200 29.090 ms","timestamp":"2026-07-01T15:50:16.955Z"}
{"duration":69,"level":"info","message":"db-query","rows":26,"text":"SELECT * FROM location_types","timestamp":"2026-07-01T15:50:16.997Z"}
{"level":"info","message":"GET /api/location-types 200 71.071 ms","timestamp":"2026-07-01T15:50:16.999Z"}
{"duration":5,"level":"info","message":"db-query","rows":26,"text":"SELECT * FROM location_types","timestamp":"2026-07-01T15:50:29.158Z"}
{"level":"info","message":"GET /api/location-types 200 11.184 ms","timestamp":"2026-07-01T15:50:29.165Z"}
{"duration":47,"level":"info","message":"db-query","rows":26,"text":"SELECT * FROM location_types","timestamp":"2026-07-01T15:50:29.203Z"}
{"level":"info","message":"GET /api/location-types 200 48.970 ms","timestamp":"2026-07-01T15:50:29.204Z"}
{"duration":9,"level":"info","message":"db-query","rows":26,"text":"SELECT * FROM location_types","timestamp":"2026-07-01T15:50:34.989Z"}
{"level":"info","message":"GET /api/location-types 200 21.115 ms","timestamp":"2026-07-01T15:50:35.001Z"}
{"duration":202,"level":"info","message":"db-query","rows":26,"text":"SELECT * FROM location_types","timestamp":"2026-07-01T15:50:35.185Z"}
{"level":"info","message":"GET /api/location-types 200 204.669 ms","timestamp":"2026-07-01T15:50:35.187Z"}
{"duration":5,"level":"info","message":"db-query","rows":26,"text":"SELECT * FROM location_types","timestamp":"2026-07-01T15:51:51.303Z"}
{"level":"info","message":"GET /api/location-types 200 11.169 ms","timestamp":"2026-07-01T15:51:51.310Z"}
{"duration":51,"level":"info","message":"db-query","rows":26,"text":"SELECT * FROM location_types","timestamp":"2026-07-01T15:51:51.350Z"}
{"level":"info","message":"GET /api/location-types 200 52.140 ms","timestamp":"2026-07-01T15:51:51.352Z"}
{"duration":10,"level":"info","message":"db-query","rows":26,"text":"SELECT * FROM location_types","timestamp":"2026-07-01T15:52:19.625Z"}
{"level":"info","message":"GET /api/location-types 200 23.463 ms","timestamp":"2026-07-01T15:52:19.639Z"}
{"duration":60,"level":"info","message":"db-query","rows":26,"text":"SELECT * FROM location_types","timestamp":"2026-07-01T15:52:19.678Z"}
{"level":"info","message":"GET /api/location-types 200 62.140 ms","timestamp":"2026-07-01T15:52:19.680Z"}
{"duration":5,"level":"info","message":"db-query","rows":26,"text":"SELECT * FROM location_types","timestamp":"2026-07-01T15:52:53.429Z"}
{"level":"info","message":"GET /api/location-types 200 13.293 ms","timestamp":"2026-07-01T15:52:53.438Z"}
{"duration":51,"level":"info","message":"db-query","rows":26,"text":"SELECT * FROM location_types","timestamp":"2026-07-01T15:52:53.476Z"}
{"level":"info","message":"GET /api/location-types 200 52.252 ms","timestamp":"2026-07-01T15:52:53.478Z"}
{"duration":12,"level":"info","message":"db-query","rows":26,"text":"SELECT * FROM location_types","timestamp":"2026-07-01T15:52:57.025Z"}
{"level":"info","message":"GET /api/location-types 200 23.468 ms","timestamp":"2026-07-01T15:52:57.035Z"}
{"duration":70,"level":"info","message":"db-query","rows":26,"text":"SELECT * FROM location_types","timestamp":"2026-07-01T15:52:57.089Z"}
{"level":"info","message":"GET /api/location-types 200 71.635 ms","timestamp":"2026-07-01T15:52:57.091Z"}
{"duration":13,"level":"info","message":"db-query","rows":26,"text":"SELECT * FROM location_types","timestamp":"2026-07-01T15:53:34.524Z"}
{"level":"info","message":"GET /api/location-types 200 22.743 ms","timestamp":"2026-07-01T15:53:34.533Z"}
{"duration":82,"level":"info","message":"db-query","rows":26,"text":"SELECT * FROM location_types","timestamp":"2026-07-01T15:53:34.599Z"}
{"level":"info","message":"GET /api/location-types 200 83.688 ms","timestamp":"2026-07-01T15:53:34.601Z"}
{"duration":8,"level":"info","message":"db-query","rows":26,"text":"SELECT * FROM location_types","timestamp":"2026-07-01T15:53:39.091Z"}
{"level":"info","message":"GET /api/location-types 200 20.579 ms","timestamp":"2026-07-01T15:53:39.104Z"}
{"duration":64,"level":"info","message":"db-query","rows":26,"text":"SELECT * FROM location_types","timestamp":"2026-07-01T15:53:39.149Z"}
{"level":"info","message":"GET /api/location-types 200 65.203 ms","timestamp":"2026-07-01T15:53:39.150Z"}
{"duration":9,"level":"info","message":"db-query","rows":26,"text":"SELECT * FROM location_types","timestamp":"2026-07-01T15:53:44.065Z"}
{"level":"info","message":"GET /api/location-types 200 17.291 ms","timestamp":"2026-07-01T15:53:44.072Z"}
{"duration":53,"level":"info","message":"db-query","rows":26,"text":"SELECT * FROM location_types","timestamp":"2026-07-01T15:53:44.114Z"}
{"level":"info","message":"GET /api/location-types 200 55.200 ms","timestamp":"2026-07-01T15:53:44.116Z"}
{"duration":5,"level":"info","message":"db-query","rows":26,"text":"SELECT * FROM location_types","timestamp":"2026-07-01T15:55:02.381Z"}
{"level":"info","message":"GET /api/location-types 200 10.784 ms","timestamp":"2026-07-01T15:55:02.387Z"}
{"duration":185,"level":"info","message":"db-query","rows":26,"text":"SELECT * FROM location_types","timestamp":"2026-07-01T15:55:02.562Z"}
{"level":"info","message":"GET /api/location-types 200 185.966 ms","timestamp":"2026-07-01T15:55:02.564Z"}
{"duration":6,"level":"info","message":"db-query","rows":26,"text":"SELECT * FROM location_types","timestamp":"2026-07-01T15:55:05.699Z"}
{"level":"info","message":"GET /api/location-types 200 16.085 ms","timestamp":"2026-07-01T15:55:05.710Z"}
{"duration":62,"level":"info","message":"db-query","rows":26,"text":"SELECT * FROM location_types","timestamp":"2026-07-01T15:55:05.757Z"}
{"level":"info","message":"GET /api/location-types 200 63.900 ms","timestamp":"2026-07-01T15:55:05.759Z"}
{"duration":5,"level":"info","message":"db-query","rows":26,"text":"SELECT * FROM location_types","timestamp":"2026-07-01T15:55:10.122Z"}
{"level":"info","message":"GET /api/location-types 200 11.304 ms","timestamp":"2026-07-01T15:55:10.129Z"}
{"duration":61,"level":"info","message":"db-query","rows":26,"text":"SELECT * FROM location_types","timestamp":"2026-07-01T15:55:10.179Z"}
{"level":"info","message":"GET /api/location-types 200 62.600 ms","timestamp":"2026-07-01T15:55:10.181Z"}
{"duration":5,"level":"info","message":"db-query","rows":26,"text":"SELECT * FROM location_types","timestamp":"2026-07-01T15:55:14.090Z"}
{"level":"info","message":"GET /api/location-types 200 11.150 ms","timestamp":"2026-07-01T15:55:14.096Z"}
{"duration":52,"level":"info","message":"db-query","rows":26,"text":"SELECT * FROM location_types","timestamp":"2026-07-01T15:55:14.138Z"}
{"level":"info","message":"GET /api/location-types 200 53.520 ms","timestamp":"2026-07-01T15:55:14.140Z"}
{"duration":7,"level":"info","message":"db-query","rows":26,"text":"SELECT * FROM location_types","timestamp":"2026-07-01T15:55:18.069Z"}
{"level":"info","message":"GET /api/location-types 200 16.293 ms","timestamp":"2026-07-01T15:55:18.079Z"}
{"duration":56,"level":"info","message":"db-query","rows":26,"text":"SELECT * FROM location_types","timestamp":"2026-07-01T15:55:18.120Z"}
{"level":"info","message":"GET /api/location-types 200 57.343 ms","timestamp":"2026-07-01T15:55:18.122Z"}
{"duration":15,"level":"info","message":"db-query","rows":26,"text":"SELECT * FROM location_types","timestamp":"2026-07-01T15:55:31.945Z"}
{"level":"info","message":"GET /api/location-types 200 26.339 ms","timestamp":"2026-07-01T15:55:31.955Z"}
{"duration":154,"level":"info","message":"db-query","rows":26,"text":"SELECT * FROM location_types","timestamp":"2026-07-01T15:55:32.090Z"}
{"level":"info","message":"GET /api/location-types 200 155.909 ms","timestamp":"2026-07-01T15:55:32.092Z"}
{"duration":8,"level":"info","message":"db-query","rows":26,"text":"SELECT * FROM location_types","timestamp":"2026-07-01T16:03:25.313Z"}
{"level":"info","message":"GET /api/location-types 200 14.003 ms","timestamp":"2026-07-01T16:03:25.319Z"}
{"duration":50,"level":"info","message":"db-query","rows":26,"text":"SELECT * FROM location_types","timestamp":"2026-07-01T16:03:25.357Z"}
{"level":"info","message":"GET /api/location-types 200 51.321 ms","timestamp":"2026-07-01T16:03:25.359Z"}
{"duration":9,"level":"info","message":"db-query","rows":26,"text":"SELECT * FROM location_types","timestamp":"2026-07-01T16:03:45.242Z"}
{"level":"info","message":"GET /api/location-types 200 21.955 ms","timestamp":"2026-07-01T16:03:45.256Z"}
{"duration":78,"level":"info","message":"db-query","rows":26,"text":"SELECT * FROM location_types","timestamp":"2026-07-01T16:03:45.314Z"}
{"level":"info","message":"GET /api/location-types 200 79.767 ms","timestamp":"2026-07-01T16:03:45.316Z"}
{"duration":5,"level":"info","message":"db-query","rows":26,"text":"SELECT * FROM location_types","timestamp":"2026-07-01T16:03:57.742Z"}
{"level":"info","message":"GET /api/location-types 200 11.410 ms","timestamp":"2026-07-01T16:03:57.749Z"}
{"duration":47,"level":"info","message":"db-query","rows":26,"text":"SELECT * FROM location_types","timestamp":"2026-07-01T16:03:57.785Z"}
{"level":"info","message":"GET /api/location-types 200 48.293 ms","timestamp":"2026-07-01T16:03:57.787Z"}
{"duration":14,"level":"info","message":"db-query","rows":26,"text":"SELECT * FROM location_types","timestamp":"2026-07-01T16:04:07.424Z"}
{"level":"info","message":"GET /api/location-types 200 29.923 ms","timestamp":"2026-07-01T16:04:07.437Z"}
{"duration":79,"level":"info","message":"db-query","rows":26,"text":"SELECT * FROM location_types","timestamp":"2026-07-01T16:04:07.495Z"}
{"level":"info","message":"GET /api/location-types 200 80.905 ms","timestamp":"2026-07-01T16:04:07.497Z"}
{"duration":13,"level":"info","message":"db-query","rows":26,"text":"SELECT * FROM location_types","timestamp":"2026-07-01T16:04:34.938Z"}
{"level":"info","message":"GET /api/location-types 200 24.102 ms","timestamp":"2026-07-01T16:04:34.948Z"}
{"duration":60,"level":"info","message":"db-query","rows":26,"text":"SELECT * FROM location_types","timestamp":"2026-07-01T16:04:34.988Z"}
{"level":"info","message":"GET /api/location-types 200 62.103 ms","timestamp":"2026-07-01T16:04:34.990Z"}
{"duration":9,"level":"info","message":"db-query","rows":26,"text":"SELECT * FROM location_types","timestamp":"2026-07-01T16:04:47.443Z"}
{"level":"info","message":"GET /api/location-types 200 22.789 ms","timestamp":"2026-07-01T16:04:47.455Z"}
{"duration":62,"level":"info","message":"db-query","rows":26,"text":"SELECT * FROM location_types","timestamp":"2026-07-01T16:04:47.498Z"}
{"level":"info","message":"GET /api/location-types 200 64.041 ms","timestamp":"2026-07-01T16:04:47.500Z"}
{"duration":5,"level":"info","message":"db-query","rows":26,"text":"SELECT * FROM location_types","timestamp":"2026-07-01T16:04:57.229Z"}
{"level":"info","message":"GET /api/location-types 200 10.854 ms","timestamp":"2026-07-01T16:04:57.235Z"}
{"duration":49,"level":"info","message":"db-query","rows":26,"text":"SELECT * FROM location_types","timestamp":"2026-07-01T16:04:57.274Z"}
{"level":"info","message":"GET /api/location-types 200 49.981 ms","timestamp":"2026-07-01T16:04:57.276Z"}
{"duration":5,"level":"info","message":"db-query","rows":26,"text":"SELECT * FROM location_types","timestamp":"2026-07-01T16:05:54.732Z"}
{"level":"info","message":"GET /api/location-types 200 12.807 ms","timestamp":"2026-07-01T16:05:54.740Z"}
{"duration":52,"level":"info","message":"db-query","rows":26,"text":"SELECT * FROM location_types","timestamp":"2026-07-01T16:05:54.781Z"}
{"level":"info","message":"GET /api/location-types 200 53.322 ms","timestamp":"2026-07-01T16:05:54.782Z"}
{"duration":11,"level":"info","message":"db-query","rows":26,"text":"SELECT * FROM location_types","timestamp":"2026-07-01T16:06:03.036Z"}
{"level":"info","message":"GET /api/location-types 200 25.135 ms","timestamp":"2026-07-01T16:06:03.051Z"}
{"duration":59,"level":"info","message":"db-query","rows":26,"text":"SELECT * FROM location_types","timestamp":"2026-07-01T16:06:03.088Z"}
{"level":"info","message":"GET /api/location-types 200 61.328 ms","timestamp":"2026-07-01T16:06:03.090Z"}
{"duration":6,"level":"info","message":"db-query","rows":26,"text":"SELECT * FROM location_types","timestamp":"2026-07-01T17:11:17.406Z"}
{"level":"info","message":"GET /api/location-types 200 12.209 ms","timestamp":"2026-07-01T17:11:17.413Z"}
{"duration":65,"level":"info","message":"db-query","rows":26,"text":"SELECT * FROM location_types","timestamp":"2026-07-01T17:11:17.468Z"}
{"level":"info","message":"GET /api/location-types 200 65.591 ms","timestamp":"2026-07-01T17:11:17.469Z"}
{"duration":5,"level":"info","message":"db-query","rows":26,"text":"SELECT * FROM location_types","timestamp":"2026-07-01T17:12:16.987Z"}
{"level":"info","message":"GET /api/location-types 200 14.974 ms","timestamp":"2026-07-01T17:12:16.998Z"}
{"duration":6,"level":"info","message":"db-query","rows":26,"text":"SELECT * FROM location_types","timestamp":"2026-07-01T17:12:22.083Z"}
{"level":"info","message":"GET /api/location-types 200 13.321 ms","timestamp":"2026-07-01T17:12:22.090Z"}
{"duration":64,"level":"info","message":"db-query","rows":26,"text":"SELECT * FROM location_types","timestamp":"2026-07-01T17:12:22.143Z"}
{"level":"info","message":"GET /api/location-types 200 65.322 ms","timestamp":"2026-07-01T17:12:22.145Z"}
{"duration":5,"level":"info","message":"db-query","rows":26,"text":"SELECT * FROM location_types","timestamp":"2026-07-01T17:27:20.589Z"}
{"level":"info","message":"GET /api/location-types 200 11.290 ms","timestamp":"2026-07-01T17:27:20.595Z"}
{"duration":51,"level":"info","message":"db-query","rows":26,"text":"SELECT * FROM location_types","timestamp":"2026-07-01T17:27:20.637Z"}
{"level":"info","message":"GET /api/location-types 200 53.219 ms","timestamp":"2026-07-01T17:27:20.639Z"}
{"duration":5,"level":"info","message":"db-query","rows":26,"text":"SELECT * FROM location_types","timestamp":"2026-07-01T17:27:25.299Z"}
{"level":"info","message":"GET /api/location-types 200 45.103 ms","timestamp":"2026-07-01T17:27:25.339Z"}
{"duration":115,"level":"info","message":"db-query","rows":26,"text":"SELECT * FROM location_types","timestamp":"2026-07-01T17:27:25.411Z"}
{"level":"info","message":"GET /api/location-types 200 116.549 ms","timestamp":"2026-07-01T17:27:25.412Z"}
{"duration":5,"level":"info","message":"db-query","rows":26,"text":"SELECT * FROM location_types","timestamp":"2026-07-01T17:29:51.340Z"}
{"level":"info","message":"GET /api/location-types 200 10.526 ms","timestamp":"2026-07-01T17:29:51.346Z"}
{"duration":53,"level":"info","message":"db-query","rows":26,"text":"SELECT * FROM location_types","timestamp":"2026-07-01T17:29:51.390Z"}
{"level":"info","message":"GET /api/location-types 200 54.894 ms","timestamp":"2026-07-01T17:29:51.392Z"}
{"duration":6,"level":"info","message":"db-query","rows":26,"text":"SELECT * FROM location_types","timestamp":"2026-07-01T17:29:58.550Z"}
{"level":"info","message":"GET /api/location-types 200 12.524 ms","timestamp":"2026-07-01T17:29:58.557Z"}
{"duration":152,"level":"info","message":"db-query","rows":26,"text":"SELECT * FROM location_types","timestamp":"2026-07-01T17:29:58.699Z"}
{"level":"info","message":"GET /api/location-types 200 154.292 ms","timestamp":"2026-07-01T17:29:58.700Z"}
{"duration":6,"level":"info","message":"db-query","rows":26,"text":"SELECT * FROM location_types","timestamp":"2026-07-01T17:30:10.070Z"}
{"level":"info","message":"GET /api/location-types 200 14.275 ms","timestamp":"2026-07-01T17:30:10.078Z"}
{"duration":1,"level":"info","message":"db-query","rows":26,"text":"SELECT * FROM location_types","timestamp":"2026-07-01T17:30:10.086Z"}
{"level":"info","message":"GET /api/location-types 200 2.204 ms","timestamp":"2026-07-01T17:30:10.088Z"}
{"duration":6,"level":"info","message":"db-query","rows":26,"text":"SELECT * FROM location_types","timestamp":"2026-07-01T17:30:21.278Z"}
{"level":"info","message":"GET /api/location-types 200 14.422 ms","timestamp":"2026-07-01T17:30:21.286Z"}
{"duration":151,"level":"info","message":"db-query","rows":26,"text":"SELECT * FROM location_types","timestamp":"2026-07-01T17:30:21.424Z"}
{"level":"info","message":"GET /api/location-types 200 152.761 ms","timestamp":"2026-07-01T17:30:21.426Z"}
{"duration":6,"level":"info","message":"db-query","rows":26,"text":"SELECT * FROM location_types","timestamp":"2026-07-01T17:32:27.193Z"}
{"level":"info","message":"GET /api/location-types 200 17.920 ms","timestamp":"2026-07-01T17:32:27.206Z"}
{"duration":61,"level":"info","message":"db-query","rows":26,"text":"SELECT * FROM location_types","timestamp":"2026-07-01T17:32:27.251Z"}
{"level":"info","message":"GET /api/location-types 200 62.833 ms","timestamp":"2026-07-01T17:32:27.253Z"}
{"duration":74,"level":"info","message":"db-query","rows":1,"text":"\n    SELECT \n      b.*,\n      vt.name as vehicle_type_name,\n      d.name as driver_name,\n      v.color,\n      v.make,\n      v.model,\n      v.vehicle_number\n    FROM bookings b\n    LEFT JOIN vehicle_types vt ON b.vehicle_type_id = vt.id\n    LEFT JOIN drivers d ON b.driver_id = d.id\n    LEFT JOIN vehicles v ON d.vehicle_id = v.id\n    WHERE b.id = $1 AND trash = false\n  ","timestamp":"2026-07-01T17:33:03.549Z"}
{"duration":4,"level":"info","message":"db-query","rows":1,"text":"\n      SELECT web_device_id\n      FROM employees\n      WHERE role_id = 1 AND company_id = $1\n      AND web_device_id IS NOT NULL\n      AND web_device_id != ''\n    ","timestamp":"2026-07-01T17:33:03.555Z"}
{"level":"info","message":"GET /api/bookings/recover-driver-booking/887 200 83.943 ms","timestamp":"2026-07-01T17:33:03.558Z"}
{"duration":6,"level":"info","message":"db-query","rows":26,"text":"SELECT * FROM location_types","timestamp":"2026-07-01T17:34:59.035Z"}
{"level":"info","message":"GET /api/location-types 200 12.935 ms","timestamp":"2026-07-01T17:34:59.043Z"}
{"duration":57,"level":"info","message":"db-query","rows":26,"text":"SELECT * FROM location_types","timestamp":"2026-07-01T17:34:59.089Z"}
{"level":"info","message":"GET /api/location-types 200 58.969 ms","timestamp":"2026-07-01T17:34:59.091Z"}
{"duration":6,"level":"info","message":"db-query","rows":26,"text":"SELECT * FROM location_types","timestamp":"2026-07-01T17:35:07.801Z"}
{"level":"info","message":"GET /api/location-types 200 12.899 ms","timestamp":"2026-07-01T17:35:07.808Z"}
{"duration":55,"level":"info","message":"db-query","rows":26,"text":"SELECT * FROM location_types","timestamp":"2026-07-01T17:35:07.851Z"}
{"level":"info","message":"GET /api/location-types 200 56.794 ms","timestamp":"2026-07-01T17:35:07.853Z"}
{"duration":6,"level":"info","message":"db-query","rows":26,"text":"SELECT * FROM location_types","timestamp":"2026-07-01T17:35:23.676Z"}
{"level":"info","message":"GET /api/location-types 200 14.260 ms","timestamp":"2026-07-01T17:35:23.686Z"}
{"duration":76,"level":"info","message":"db-query","rows":26,"text":"SELECT * FROM location_types","timestamp":"2026-07-01T17:35:23.749Z"}
{"level":"info","message":"GET /api/location-types 200 78.121 ms","timestamp":"2026-07-01T17:35:23.752Z"}
{"duration":14,"level":"info","message":"db-query","rows":1,"text":"\n    SELECT \n      b.*,\n      vt.name as vehicle_type_name,\n      d.name as driver_name,\n      v.color,\n      v.make,\n      v.model,\n      v.vehicle_number\n    FROM bookings b\n    LEFT JOIN vehicle_types vt ON b.vehicle_type_id = vt.id\n    LEFT JOIN drivers d ON b.driver_id = d.id\n    LEFT JOIN vehicles v ON d.vehicle_id = v.id\n    WHERE b.id = $1 AND trash = false\n  ","timestamp":"2026-07-01T17:35:24.158Z"}
{"duration":4,"level":"info","message":"db-query","rows":1,"text":"\n      SELECT web_device_id\n      FROM employees\n      WHERE role_id = 1 AND company_id = $1\n      AND web_device_id IS NOT NULL\n      AND web_device_id != ''\n    ","timestamp":"2026-07-01T17:35:24.476Z"}
{"level":"info","message":"GET /api/bookings/recover-driver-booking/887 200 1628.057 ms","timestamp":"2026-07-01T17:35:25.770Z"}
{"duration":6,"level":"info","message":"db-query","rows":26,"text":"SELECT * FROM location_types","timestamp":"2026-07-01T17:35:47.021Z"}
{"level":"info","message":"GET /api/location-types 200 12.654 ms","timestamp":"2026-07-01T17:35:47.027Z"}
{"duration":54,"level":"info","message":"db-query","rows":26,"text":"SELECT * FROM location_types","timestamp":"2026-07-01T17:35:47.072Z"}
{"level":"info","message":"GET /api/location-types 200 56.475 ms","timestamp":"2026-07-01T17:35:47.073Z"}
{"duration":5,"level":"info","message":"db-query","rows":26,"text":"SELECT * FROM location_types","timestamp":"2026-07-01T17:35:58.889Z"}
{"level":"info","message":"GET /api/location-types 200 12.916 ms","timestamp":"2026-07-01T17:35:58.897Z"}
{"duration":54,"level":"info","message":"db-query","rows":26,"text":"SELECT * FROM location_types","timestamp":"2026-07-01T17:35:58.939Z"}
{"level":"info","message":"GET /api/location-types 200 55.656 ms","timestamp":"2026-07-01T17:35:58.941Z"}
{"duration":5,"level":"info","message":"db-query","rows":26,"text":"SELECT * FROM location_types","timestamp":"2026-07-01T17:36:08.565Z"}
{"level":"info","message":"GET /api/location-types 200 12.247 ms","timestamp":"2026-07-01T17:36:08.571Z"}
{"duration":53,"level":"info","message":"db-query","rows":26,"text":"SELECT * FROM location_types","timestamp":"2026-07-01T17:36:08.614Z"}
{"level":"info","message":"GET /api/location-types 200 55.704 ms","timestamp":"2026-07-01T17:36:08.616Z"}
{"duration":5,"level":"info","message":"db-query","rows":26,"text":"SELECT * FROM location_types","timestamp":"2026-07-01T17:38:55.456Z"}
{"level":"info","message":"GET /api/location-types 200 11.545 ms","timestamp":"2026-07-01T17:38:55.462Z"}
{"duration":153,"level":"info","message":"db-query","rows":26,"text":"SELECT * FROM location_types","timestamp":"2026-07-01T17:38:55.605Z"}
{"level":"info","message":"GET /api/location-types 200 154.285 ms","timestamp":"2026-07-01T17:38:55.606Z"}
{"duration":6,"level":"info","message":"db-query","rows":26,"text":"SELECT * FROM location_types","timestamp":"2026-07-01T17:39:04.764Z"}
{"level":"info","message":"GET /api/location-types 200 12.582 ms","timestamp":"2026-07-01T17:39:04.770Z"}
{"duration":155,"level":"info","message":"db-query","rows":26,"text":"SELECT * FROM location_types","timestamp":"2026-07-01T17:39:04.914Z"}
{"level":"info","message":"GET /api/location-types 200 156.566 ms","timestamp":"2026-07-01T17:39:04.916Z"}
{"duration":5,"level":"info","message":"db-query","rows":26,"text":"SELECT * FROM location_types","timestamp":"2026-07-01T17:39:10.923Z"}
{"level":"info","message":"GET /api/location-types 200 11.022 ms","timestamp":"2026-07-01T17:39:10.930Z"}
{"duration":1,"level":"info","message":"db-query","rows":26,"text":"SELECT * FROM location_types","timestamp":"2026-07-01T17:39:10.938Z"}
{"level":"info","message":"GET /api/location-types 200 2.499 ms","timestamp":"2026-07-01T17:39:10.940Z"}
{"duration":6,"level":"info","message":"db-query","rows":26,"text":"SELECT * FROM location_types","timestamp":"2026-07-01T17:39:13.841Z"}
{"level":"info","message":"GET /api/location-types 200 11.784 ms","timestamp":"2026-07-01T17:39:13.848Z"}
{"duration":56,"level":"info","message":"db-query","rows":26,"text":"SELECT * FROM location_types","timestamp":"2026-07-01T17:39:13.893Z"}
{"level":"info","message":"GET /api/location-types 200 56.908 ms","timestamp":"2026-07-01T17:39:13.894Z"}
{"duration":5,"level":"info","message":"db-query","rows":26,"text":"SELECT * FROM location_types","timestamp":"2026-07-01T17:39:36.978Z"}
{"level":"info","message":"GET /api/location-types 200 11.486 ms","timestamp":"2026-07-01T17:39:36.985Z"}
{"duration":52,"level":"info","message":"db-query","rows":26,"text":"SELECT * FROM location_types","timestamp":"2026-07-01T17:39:37.026Z"}
{"level":"info","message":"GET /api/location-types 200 52.683 ms","timestamp":"2026-07-01T17:39:37.027Z"}
{"duration":6,"level":"info","message":"db-query","rows":26,"text":"SELECT * FROM location_types","timestamp":"2026-07-01T17:39:42.954Z"}
{"level":"info","message":"GET /api/location-types 200 12.952 ms","timestamp":"2026-07-01T17:39:42.961Z"}
{"duration":52,"level":"info","message":"db-query","rows":26,"text":"SELECT * FROM location_types","timestamp":"2026-07-01T17:39:43.003Z"}
{"level":"info","message":"GET /api/location-types 200 54.159 ms","timestamp":"2026-07-01T17:39:43.004Z"}
{"duration":5,"level":"info","message":"db-query","rows":26,"text":"SELECT * FROM location_types","timestamp":"2026-07-01T17:39:45.774Z"}
{"level":"info","message":"GET /api/location-types 200 11.893 ms","timestamp":"2026-07-01T17:39:45.781Z"}
{"duration":55,"level":"info","message":"db-query","rows":26,"text":"SELECT * FROM location_types","timestamp":"2026-07-01T17:39:45.825Z"}
{"level":"info","message":"GET /api/location-types 200 56.354 ms","timestamp":"2026-07-01T17:39:45.827Z"}
{"duration":6,"level":"info","message":"db-query","rows":26,"text":"SELECT * FROM location_types","timestamp":"2026-07-01T17:40:30.097Z"}
{"level":"info","message":"GET /api/location-types 200 13.403 ms","timestamp":"2026-07-01T17:40:30.104Z"}
{"duration":59,"level":"info","message":"db-query","rows":26,"text":"SELECT * FROM location_types","timestamp":"2026-07-01T17:40:30.151Z"}
{"level":"info","message":"GET /api/location-types 200 60.359 ms","timestamp":"2026-07-01T17:40:30.153Z"}
{"duration":6,"level":"info","message":"db-query","rows":26,"text":"SELECT * FROM location_types","timestamp":"2026-07-01T17:40:36.090Z"}
{"level":"info","message":"GET /api/location-types 200 12.578 ms","timestamp":"2026-07-01T17:40:36.097Z"}
{"duration":53,"level":"info","message":"db-query","rows":26,"text":"SELECT * FROM location_types","timestamp":"2026-07-01T17:40:36.139Z"}
{"level":"info","message":"GET /api/location-types 200 54.319 ms","timestamp":"2026-07-01T17:40:36.141Z"}
{"duration":5,"level":"info","message":"db-query","rows":26,"text":"SELECT * FROM location_types","timestamp":"2026-07-01T17:40:51.123Z"}
{"level":"info","message":"GET /api/location-types 200 10.915 ms","timestamp":"2026-07-01T17:40:51.130Z"}
{"duration":48,"level":"info","message":"db-query","rows":26,"text":"SELECT * FROM location_types","timestamp":"2026-07-01T17:40:51.168Z"}
{"level":"info","message":"GET /api/location-types 200 51.371 ms","timestamp":"2026-07-01T17:40:51.171Z"}
{"duration":5,"level":"info","message":"db-query","rows":26,"text":"SELECT * FROM location_types","timestamp":"2026-07-01T17:40:57.162Z"}
{"level":"info","message":"GET /api/location-types 200 11.000 ms","timestamp":"2026-07-01T17:40:57.168Z"}
{"duration":138,"level":"info","message":"db-query","rows":26,"text":"SELECT * FROM location_types","timestamp":"2026-07-01T17:40:57.296Z"}
{"level":"info","message":"GET /api/location-types 200 139.070 ms","timestamp":"2026-07-01T17:40:57.298Z"}
{"duration":5,"level":"info","message":"db-query","rows":26,"text":"SELECT * FROM location_types","timestamp":"2026-07-01T17:41:39.598Z"}
{"level":"info","message":"GET /api/location-types 200 11.734 ms","timestamp":"2026-07-01T17:41:39.604Z"}
{"duration":46,"level":"info","message":"db-query","rows":26,"text":"SELECT * FROM location_types","timestamp":"2026-07-01T17:41:39.641Z"}
{"level":"info","message":"GET /api/location-types 200 47.945 ms","timestamp":"2026-07-01T17:41:39.642Z"}
{"duration":5,"level":"info","message":"db-query","rows":26,"text":"SELECT * FROM location_types","timestamp":"2026-07-01T17:41:43.013Z"}
{"level":"info","message":"GET /api/location-types 200 13.338 ms","timestamp":"2026-07-01T17:41:43.022Z"}
{"duration":57,"level":"info","message":"db-query","rows":26,"text":"SELECT * FROM location_types","timestamp":"2026-07-01T17:41:43.067Z"}
{"level":"info","message":"GET /api/location-types 200 59.188 ms","timestamp":"2026-07-01T17:41:43.069Z"}
{"duration":5,"level":"info","message":"db-query","rows":26,"text":"SELECT * FROM location_types","timestamp":"2026-07-01T17:41:49.124Z"}
{"level":"info","message":"GET /api/location-types 200 10.758 ms","timestamp":"2026-07-01T17:41:49.130Z"}
{"duration":51,"level":"info","message":"db-query","rows":26,"text":"SELECT * FROM location_types","timestamp":"2026-07-01T17:41:49.172Z"}
{"level":"info","message":"GET /api/location-types 200 52.408 ms","timestamp":"2026-07-01T17:41:49.173Z"}
{"duration":6,"level":"info","message":"db-query","rows":26,"text":"SELECT * FROM location_types","timestamp":"2026-07-01T17:42:27.020Z"}
{"level":"info","message":"GET /api/location-types 200 12.253 ms","timestamp":"2026-07-01T17:42:27.026Z"}
{"duration":57,"level":"info","message":"db-query","rows":26,"text":"SELECT * FROM location_types","timestamp":"2026-07-01T17:42:27.073Z"}
{"level":"info","message":"GET /api/location-types 200 58.147 ms","timestamp":"2026-07-01T17:42:27.074Z"}
{"duration":6,"level":"info","message":"db-query","rows":26,"text":"SELECT * FROM location_types","timestamp":"2026-07-01T17:42:50.640Z"}
{"level":"info","message":"GET /api/location-types 200 13.760 ms","timestamp":"2026-07-01T17:42:50.648Z"}
{"duration":1,"level":"info","message":"db-query","rows":26,"text":"SELECT * FROM location_types","timestamp":"2026-07-01T17:42:50.658Z"}
{"level":"info","message":"GET /api/location-types 200 2.693 ms","timestamp":"2026-07-01T17:42:50.660Z"}
{"duration":6,"level":"info","message":"db-query","rows":26,"text":"SELECT * FROM location_types","timestamp":"2026-07-01T17:43:00.103Z"}
{"level":"info","message":"GET /api/location-types 200 11.712 ms","timestamp":"2026-07-01T17:43:00.110Z"}
{"duration":52,"level":"info","message":"db-query","rows":26,"text":"SELECT * FROM location_types","timestamp":"2026-07-01T17:43:00.152Z"}
{"level":"info","message":"GET /api/location-types 200 53.613 ms","timestamp":"2026-07-01T17:43:00.154Z"}
{"duration":6,"level":"info","message":"db-query","rows":26,"text":"SELECT * FROM location_types","timestamp":"2026-07-01T17:44:19.414Z"}
{"level":"info","message":"GET /api/location-types 200 12.520 ms","timestamp":"2026-07-01T17:44:19.420Z"}
{"duration":53,"level":"info","message":"db-query","rows":26,"text":"SELECT * FROM location_types","timestamp":"2026-07-01T17:44:19.462Z"}
{"level":"info","message":"GET /api/location-types 200 54.021 ms","timestamp":"2026-07-01T17:44:19.463Z"}
{"duration":5,"level":"info","message":"db-query","rows":26,"text":"SELECT * FROM location_types","timestamp":"2026-07-01T17:44:23.735Z"}
{"level":"info","message":"GET /api/location-types 200 10.303 ms","timestamp":"2026-07-01T17:44:23.741Z"}
{"duration":1,"level":"info","message":"db-query","rows":26,"text":"SELECT * FROM location_types","timestamp":"2026-07-01T17:44:23.748Z"}
{"level":"info","message":"GET /api/location-types 200 2.420 ms","timestamp":"2026-07-01T17:44:23.749Z"}
{"duration":6,"level":"info","message":"db-query","rows":26,"text":"SELECT * FROM location_types","timestamp":"2026-07-01T17:44:33.883Z"}
{"level":"info","message":"GET /api/location-types 200 12.818 ms","timestamp":"2026-07-01T17:44:33.889Z"}
{"duration":54,"level":"info","message":"db-query","rows":26,"text":"SELECT * FROM location_types","timestamp":"2026-07-01T17:44:33.932Z"}
{"level":"info","message":"GET /api/location-types 200 55.200 ms","timestamp":"2026-07-01T17:44:33.933Z"}
{"duration":8,"level":"info","message":"db-query","rows":26,"text":"SELECT * FROM location_types","timestamp":"2026-07-01T17:44:45.781Z"}
{"level":"info","message":"GET /api/location-types 200 16.381 ms","timestamp":"2026-07-01T17:44:45.789Z"}
{"duration":66,"level":"info","message":"db-query","rows":26,"text":"SELECT * FROM location_types","timestamp":"2026-07-01T17:44:45.844Z"}
{"level":"info","message":"GET /api/location-types 200 67.594 ms","timestamp":"2026-07-01T17:44:45.845Z"}
{"duration":5,"level":"info","message":"db-query","rows":26,"text":"SELECT * FROM location_types","timestamp":"2026-07-01T17:44:50.570Z"}
{"level":"info","message":"GET /api/location-types 200 12.073 ms","timestamp":"2026-07-01T17:44:50.578Z"}
{"duration":74,"level":"info","message":"db-query","rows":26,"text":"SELECT * FROM location_types","timestamp":"2026-07-01T17:44:50.641Z"}
{"level":"info","message":"GET /api/location-types 200 75.423 ms","timestamp":"2026-07-01T17:44:50.642Z"}
{"duration":6,"level":"info","message":"db-query","rows":26,"text":"SELECT * FROM location_types","timestamp":"2026-07-01T17:46:18.474Z"}
{"level":"info","message":"GET /api/location-types 200 13.198 ms","timestamp":"2026-07-01T17:46:18.481Z"}
{"duration":56,"level":"info","message":"db-query","rows":26,"text":"SELECT * FROM location_types","timestamp":"2026-07-01T17:46:18.525Z"}
{"level":"info","message":"GET /api/location-types 200 56.663 ms","timestamp":"2026-07-01T17:46:18.526Z"}
{"duration":7,"level":"info","message":"db-query","rows":26,"text":"SELECT * FROM location_types","timestamp":"2026-07-01T17:46:31.542Z"}
{"level":"info","message":"GET /api/location-types 200 28.612 ms","timestamp":"2026-07-01T17:46:31.561Z"}
{"duration":176,"level":"info","message":"db-query","rows":26,"text":"SELECT * FROM location_types","timestamp":"2026-07-01T17:46:31.714Z"}
{"level":"info","message":"GET /api/location-types 200 183.218 ms","timestamp":"2026-07-01T17:46:31.720Z"}
{"duration":7,"level":"info","message":"db-query","rows":26,"text":"SELECT * FROM location_types","timestamp":"2026-07-01T17:47:35.958Z"}
{"level":"info","message":"GET /api/location-types 200 15.121 ms","timestamp":"2026-07-01T17:47:35.966Z"}
{"duration":79,"level":"info","message":"db-query","rows":26,"text":"SELECT * FROM location_types","timestamp":"2026-07-01T17:47:36.032Z"}
{"level":"info","message":"GET /api/location-types 200 81.045 ms","timestamp":"2026-07-01T17:47:36.034Z"}
{"duration":5,"level":"info","message":"db-query","rows":26,"text":"SELECT * FROM location_types","timestamp":"2026-07-01T17:47:40.230Z"}
{"level":"info","message":"GET /api/location-types 200 12.568 ms","timestamp":"2026-07-01T17:47:40.237Z"}
{"duration":2,"level":"info","message":"db-query","rows":26,"text":"SELECT * FROM location_types","timestamp":"2026-07-01T17:47:40.247Z"}
{"level":"info","message":"GET /api/location-types 200 2.884 ms","timestamp":"2026-07-01T17:47:40.249Z"}
{"duration":6,"level":"info","message":"db-query","rows":26,"text":"SELECT * FROM location_types","timestamp":"2026-07-01T17:47:50.446Z"}
{"level":"info","message":"GET /api/location-types 200 11.988 ms","timestamp":"2026-07-01T17:47:50.453Z"}
{"duration":54,"level":"info","message":"db-query","rows":26,"text":"SELECT * FROM location_types","timestamp":"2026-07-01T17:47:50.496Z"}
{"level":"info","message":"GET /api/location-types 200 55.263 ms","timestamp":"2026-07-01T17:47:50.498Z"}
{"duration":5,"level":"info","message":"db-query","rows":26,"text":"SELECT * FROM location_types","timestamp":"2026-07-01T17:48:03.243Z"}
{"level":"info","message":"GET /api/location-types 200 11.616 ms","timestamp":"2026-07-01T17:48:03.251Z"}
{"duration":58,"level":"info","message":"db-query","rows":26,"text":"SELECT * FROM location_types","timestamp":"2026-07-01T17:48:03.298Z"}
{"level":"info","message":"GET /api/location-types 200 59.934 ms","timestamp":"2026-07-01T17:48:03.300Z"}
{"duration":6,"level":"info","message":"db-query","rows":26,"text":"SELECT * FROM location_types","timestamp":"2026-07-01T17:48:38.224Z"}
{"level":"info","message":"GET /api/location-types 200 11.730 ms","timestamp":"2026-07-01T17:48:38.230Z"}
{"duration":53,"level":"info","message":"db-query","rows":26,"text":"SELECT * FROM location_types","timestamp":"2026-07-01T17:48:38.272Z"}
{"level":"info","message":"GET /api/location-types 200 55.738 ms","timestamp":"2026-07-01T17:48:38.276Z"}
{"duration":6,"level":"info","message":"db-query","rows":26,"text":"SELECT * FROM location_types","timestamp":"2026-07-01T17:48:47.969Z"}
{"level":"info","message":"GET /api/location-types 200 12.200 ms","timestamp":"2026-07-01T17:48:47.976Z"}
{"duration":54,"level":"info","message":"db-query","rows":26,"text":"SELECT * FROM location_types","timestamp":"2026-07-01T17:48:48.019Z"}
{"level":"info","message":"GET /api/location-types 200 54.890 ms","timestamp":"2026-07-01T17:48:48.021Z"}
{"duration":6,"level":"info","message":"db-query","rows":26,"text":"SELECT * FROM location_types","timestamp":"2026-07-01T17:48:58.118Z"}
{"level":"info","message":"GET /api/location-types 200 15.333 ms","timestamp":"2026-07-01T17:48:58.128Z"}
{"duration":48,"level":"info","message":"db-query","rows":26,"text":"SELECT * FROM location_types","timestamp":"2026-07-01T17:48:58.161Z"}
{"level":"info","message":"GET /api/location-types 200 49.345 ms","timestamp":"2026-07-01T17:48:58.163Z"}
{"duration":6,"level":"info","message":"db-query","rows":26,"text":"SELECT * FROM location_types","timestamp":"2026-07-01T17:49:04.460Z"}
{"level":"info","message":"GET /api/location-types 200 15.790 ms","timestamp":"2026-07-01T17:49:04.471Z"}
{"duration":55,"level":"info","message":"db-query","rows":26,"text":"SELECT * FROM location_types","timestamp":"2026-07-01T17:49:04.512Z"}
{"level":"info","message":"GET /api/location-types 200 56.636 ms","timestamp":"2026-07-01T17:49:04.513Z"}
{"duration":63,"level":"info","message":"db-query","rows":1,"text":"\n    SELECT \n      b.*,\n      vt.name as vehicle_type_name,\n      d.name as driver_name,\n      v.color,\n      v.make,\n      v.model,\n      v.vehicle_number\n    FROM bookings b\n    LEFT JOIN vehicle_types vt ON b.vehicle_type_id = vt.id\n    LEFT JOIN drivers d ON b.driver_id = d.id\n    LEFT JOIN vehicles v ON d.vehicle_id = v.id\n    WHERE b.id = $1 AND trash = false\n  ","timestamp":"2026-07-01T17:50:13.895Z"}
{"duration":1,"level":"info","message":"db-query","rows":1,"text":"SELECT fcm_token FROM drivers WHERE id = $1","timestamp":"2026-07-01T17:50:13.899Z"}
{"level":"info","message":"GET /api/bookings/reject-recover-driver/887 500 2360.659 ms","timestamp":"2026-07-01T17:50:16.191Z"}
{"duration":6,"level":"info","message":"db-query","rows":26,"text":"SELECT * FROM location_types","timestamp":"2026-07-01T17:50:40.344Z"}
{"level":"info","message":"GET /api/location-types 200 12.710 ms","timestamp":"2026-07-01T17:50:40.353Z"}
{"duration":67,"level":"info","message":"db-query","rows":26,"text":"SELECT * FROM location_types","timestamp":"2026-07-01T17:50:40.408Z"}
{"level":"info","message":"GET /api/location-types 200 69.077 ms","timestamp":"2026-07-01T17:50:40.410Z"}
{"duration":14,"level":"info","message":"db-query","rows":1,"text":"\n    SELECT \n      b.*,\n      vt.name as vehicle_type_name,\n      d.name as driver_name,\n      v.color,\n      v.make,\n      v.model,\n      v.vehicle_number\n    FROM bookings b\n    LEFT JOIN vehicle_types vt ON b.vehicle_type_id = vt.id\n    LEFT JOIN drivers d ON b.driver_id = d.id\n    LEFT JOIN vehicles v ON d.vehicle_id = v.id\n    WHERE b.id = $1 AND trash = false\n  ","timestamp":"2026-07-01T17:50:40.760Z"}
{"duration":1,"level":"info","message":"db-query","rows":1,"text":"SELECT fcm_token FROM drivers WHERE id = $1","timestamp":"2026-07-01T17:50:40.765Z"}
{"level":"info","message":"GET /api/bookings/reject-recover-driver/887 200 22.835 ms","timestamp":"2026-07-01T17:50:40.768Z"}
{"duration":6,"level":"info","message":"db-query","rows":26,"text":"SELECT * FROM location_types","timestamp":"2026-07-01T17:51:06.881Z"}
{"level":"info","message":"GET /api/location-types 200 12.899 ms","timestamp":"2026-07-01T17:51:06.888Z"}
{"duration":56,"level":"info","message":"db-query","rows":26,"text":"SELECT * FROM location_types","timestamp":"2026-07-01T17:51:06.934Z"}
{"level":"info","message":"GET /api/location-types 200 58.476 ms","timestamp":"2026-07-01T17:51:06.935Z"}
{"duration":76,"level":"info","message":"db-query","rows":1,"text":"\n    SELECT \n      b.*,\n      vt.name as vehicle_type_name,\n      d.name as driver_name,\n      v.color,\n      v.make,\n      v.model,\n      v.vehicle_number\n    FROM bookings b\n    LEFT JOIN vehicle_types vt ON b.vehicle_type_id = vt.id\n    LEFT JOIN drivers d ON b.driver_id = d.id\n    LEFT JOIN vehicles v ON d.vehicle_id = v.id\n    WHERE b.id = $1 AND trash = false\n  ","timestamp":"2026-07-01T17:51:18.253Z"}
{"duration":1,"level":"info","message":"db-query","rows":1,"text":"SELECT fcm_token FROM drivers WHERE id = $1","timestamp":"2026-07-01T17:51:18.258Z"}
{"level":"info","message":"GET /api/bookings/reject-recover-driver/887 200 88.014 ms","timestamp":"2026-07-01T17:51:18.264Z"}
{"duration":4,"level":"info","message":"db-query","rows":26,"text":"SELECT * FROM location_types","timestamp":"2026-07-01T17:51:18.657Z"}
{"level":"info","message":"GET /api/location-types 200 4.969 ms","timestamp":"2026-07-01T17:51:18.658Z"}
{"duration":4,"level":"info","message":"db-query","rows":26,"text":"SELECT * FROM location_types","timestamp":"2026-07-01T17:51:18.659Z"}
{"level":"info","message":"GET /api/location-types 200 5.857 ms","timestamp":"2026-07-01T17:51:18.661Z"}
{"duration":17,"level":"info","message":"db-query","rows":1,"text":"\n    SELECT \n      b.*,\n      vt.name as vehicle_type_name,\n      d.name as driver_name,\n      v.color,\n      v.make,\n      v.model,\n      v.vehicle_number\n    FROM bookings b\n    LEFT JOIN vehicle_types vt ON b.vehicle_type_id = vt.id\n    LEFT JOIN drivers d ON b.driver_id = d.id\n    LEFT JOIN vehicles v ON d.vehicle_id = v.id\n    WHERE b.id = $1 AND trash = false\n  ","timestamp":"2026-07-01T18:00:28.827Z"}
{"duration":1,"level":"info","message":"db-query","rows":1,"text":"SELECT fcm_token FROM drivers WHERE id = $1","timestamp":"2026-07-01T18:00:28.834Z"}
{"duration":2,"level":"info","message":"db-query","rows":26,"text":"SELECT * FROM location_types","timestamp":"2026-07-01T18:00:28.993Z"}
{"level":"info","message":"GET /api/location-types 200 4.714 ms","timestamp":"2026-07-01T18:00:28.996Z"}
{"duration":54,"level":"info","message":"db-query","rows":26,"text":"SELECT * FROM location_types","timestamp":"2026-07-01T18:00:29.046Z"}
{"level":"info","message":"GET /api/location-types 200 55.374 ms","timestamp":"2026-07-01T18:00:29.048Z"}
{"level":"info","message":"GET /api/bookings/reject-recover-driver/887 500 1627.714 ms","timestamp":"2026-07-01T18:00:30.436Z"}
{"duration":7,"level":"info","message":"db-query","rows":26,"text":"SELECT * FROM location_types","timestamp":"2026-07-01T18:58:26.720Z"}
{"level":"info","message":"GET /api/location-types 200 11.768 ms","timestamp":"2026-07-01T18:58:26.726Z"}
{"duration":1,"level":"info","message":"db-query","rows":26,"text":"SELECT * FROM location_types","timestamp":"2026-07-01T18:58:26.732Z"}
{"level":"info","message":"GET /api/location-types 200 1.853 ms","timestamp":"2026-07-01T18:58:26.733Z"}
