{"duration":727,"level":"info","message":"db-query","rows":26,"text":"SELECT * FROM location_types","timestamp":"2026-05-11T06:09:38.971Z"}
{"level":"info","message":"GET /api/location-types 200 732.894 ms","timestamp":"2026-05-11T06:09:38.977Z"}
{"duration":732,"level":"info","message":"db-query","rows":26,"text":"SELECT * FROM location_types","timestamp":"2026-05-11T06:09:38.980Z"}
{"level":"info","message":"GET /api/location-types 200 737.380 ms","timestamp":"2026-05-11T06:09:38.985Z"}
{"duration":15,"level":"info","message":"db-query","rows":26,"text":"SELECT * FROM location_types","timestamp":"2026-05-11T08:21:25.452Z"}
{"level":"info","message":"GET /api/location-types 200 22.587 ms","timestamp":"2026-05-11T08:21:25.460Z"}
{"duration":59,"level":"info","message":"db-query","rows":26,"text":"SELECT * FROM location_types","timestamp":"2026-05-11T08:21:25.497Z"}
{"level":"info","message":"GET /api/location-types 200 60.541 ms","timestamp":"2026-05-11T08:21:25.499Z"}
{"level":"info","message":"POST /api/drivers/on-break 200 71.362 ms","timestamp":"2026-05-11T08:25:33.421Z"}
{"level":"info","message":"POST /api/drivers/panic 200 53.050 ms","timestamp":"2026-05-11T08:26:11.719Z"}
{"duration":10,"level":"info","message":"db-query","rows":26,"text":"SELECT * FROM location_types","timestamp":"2026-05-11T08:26:52.092Z"}
{"level":"info","message":"GET /api/location-types 200 22.415 ms","timestamp":"2026-05-11T08:26:52.105Z"}
{"duration":74,"level":"info","message":"db-query","rows":26,"text":"SELECT * FROM location_types","timestamp":"2026-05-11T08:26:52.162Z"}
{"level":"info","message":"GET /api/location-types 200 75.478 ms","timestamp":"2026-05-11T08:26:52.163Z"}
{"duration":6,"level":"info","message":"db-query","rows":26,"text":"SELECT * FROM location_types","timestamp":"2026-05-11T08:26:56.773Z"}
{"level":"info","message":"GET /api/location-types 200 12.812 ms","timestamp":"2026-05-11T08:26:56.781Z"}
{"duration":68,"level":"info","message":"db-query","rows":26,"text":"SELECT * FROM location_types","timestamp":"2026-05-11T08:26:56.837Z"}
{"level":"info","message":"GET /api/location-types 200 69.853 ms","timestamp":"2026-05-11T08:26:56.839Z"}
{"duration":7,"level":"info","message":"db-query","rows":26,"text":"SELECT * FROM location_types","timestamp":"2026-05-11T08:27:10.607Z"}
{"level":"info","message":"GET /api/location-types 200 16.350 ms","timestamp":"2026-05-11T08:27:10.616Z"}
{"duration":74,"level":"info","message":"db-query","rows":26,"text":"SELECT * FROM location_types","timestamp":"2026-05-11T08:27:10.677Z"}
{"level":"info","message":"GET /api/location-types 200 107.643 ms","timestamp":"2026-05-11T08:27:10.711Z"}
{"duration":5,"level":"info","message":"db-query","rows":26,"text":"SELECT * FROM location_types","timestamp":"2026-05-11T08:27:13.781Z"}
{"level":"info","message":"GET /api/location-types 200 11.035 ms","timestamp":"2026-05-11T08:27:13.788Z"}
{"duration":58,"level":"info","message":"db-query","rows":26,"text":"SELECT * FROM location_types","timestamp":"2026-05-11T08:27:13.837Z"}
{"level":"info","message":"GET /api/location-types 200 59.595 ms","timestamp":"2026-05-11T08:27:13.838Z"}
{"duration":10,"level":"info","message":"db-query","rows":26,"text":"SELECT * FROM location_types","timestamp":"2026-05-11T08:27:27.160Z"}
{"level":"info","message":"GET /api/location-types 200 21.865 ms","timestamp":"2026-05-11T08:27:27.171Z"}
{"duration":52,"level":"info","message":"db-query","rows":26,"text":"SELECT * FROM location_types","timestamp":"2026-05-11T08:27:27.206Z"}
{"level":"info","message":"GET /api/location-types 200 53.594 ms","timestamp":"2026-05-11T08:27:27.208Z"}
{"duration":4,"level":"info","message":"db-query","rows":0,"text":"\n      SELECT web_device_id\n      FROM employees\n      WHERE role_id = 1\n      AND web_device_id IS NOT NULL\n      AND web_device_id != ''\n    ","timestamp":"2026-05-11T08:27:34.101Z"}
{"level":"info","message":"POST /api/drivers/panic 200 10.038 ms","timestamp":"2026-05-11T08:27:34.102Z"}
{"duration":9,"level":"info","message":"db-query","rows":26,"text":"SELECT * FROM location_types","timestamp":"2026-05-11T08:30:58.728Z"}
{"level":"info","message":"GET /api/location-types 200 16.540 ms","timestamp":"2026-05-11T08:30:58.735Z"}
{"duration":61,"level":"info","message":"db-query","rows":26,"text":"SELECT * FROM location_types","timestamp":"2026-05-11T08:30:58.786Z"}
{"level":"info","message":"GET /api/location-types 200 62.741 ms","timestamp":"2026-05-11T08:30:58.787Z"}
{"duration":5,"level":"info","message":"db-query","rows":26,"text":"SELECT * FROM location_types","timestamp":"2026-05-11T08:34:39.000Z"}
{"level":"info","message":"GET /api/location-types 200 11.070 ms","timestamp":"2026-05-11T08:34:39.007Z"}
{"duration":1,"level":"info","message":"db-query","rows":26,"text":"SELECT * FROM location_types","timestamp":"2026-05-11T08:34:39.016Z"}
{"level":"info","message":"GET /api/location-types 200 2.797 ms","timestamp":"2026-05-11T08:34:39.018Z"}
{"duration":14,"level":"info","message":"db-query","rows":26,"text":"SELECT * FROM location_types","timestamp":"2026-05-11T08:38:17.933Z"}
{"level":"info","message":"GET /api/location-types 200 29.799 ms","timestamp":"2026-05-11T08:38:17.947Z"}
{"duration":71,"level":"info","message":"db-query","rows":26,"text":"SELECT * FROM location_types","timestamp":"2026-05-11T08:38:17.996Z"}
{"level":"info","message":"GET /api/location-types 200 73.538 ms","timestamp":"2026-05-11T08:38:17.997Z"}
{"duration":8,"level":"info","message":"db-query","rows":26,"text":"SELECT * FROM location_types","timestamp":"2026-05-11T08:38:21.874Z"}
{"level":"info","message":"GET /api/location-types 200 14.753 ms","timestamp":"2026-05-11T08:38:21.880Z"}
{"duration":148,"level":"info","message":"db-query","rows":26,"text":"SELECT * FROM location_types","timestamp":"2026-05-11T08:38:22.017Z"}
{"level":"info","message":"GET /api/location-types 200 149.799 ms","timestamp":"2026-05-11T08:38:22.018Z"}
{"duration":55,"level":"info","message":"db-query","rows":2,"text":"\n      SELECT web_device_id\n      FROM employees\n      WHERE role_id = 1\n      AND web_device_id IS NOT NULL\n      AND web_device_id != ''\n    ","timestamp":"2026-05-11T08:38:38.287Z"}
{"duration":3,"level":"info","message":"db-query","rows":1,"text":"\n  SELECT name, username\n      FROM drivers\n      WHERE id = $1","timestamp":"2026-05-11T08:38:38.290Z"}
{"level":"info","message":"POST /api/drivers/panic 200 1189.615 ms","timestamp":"2026-05-11T08:38:39.416Z"}
{"duration":54,"level":"info","message":"db-query","rows":1,"text":"\n      SELECT web_device_id\n      FROM employees\n      WHERE role_id = 1\n      AND web_device_id IS NOT NULL\n      AND web_device_id != ''\n    ","timestamp":"2026-05-11T08:40:18.889Z"}
{"duration":2,"level":"info","message":"db-query","rows":1,"text":"\n  SELECT name, username\n      FROM drivers\n      WHERE id = $1","timestamp":"2026-05-11T08:40:18.892Z"}
{"level":"info","message":"POST /api/drivers/panic 200 450.262 ms","timestamp":"2026-05-11T08:40:19.283Z"}
{"duration":55,"level":"info","message":"db-query","rows":1,"text":"\n      SELECT web_device_id\n      FROM employees\n      WHERE role_id = 1\n      AND web_device_id IS NOT NULL\n      AND web_device_id != ''\n    ","timestamp":"2026-05-11T08:42:58.437Z"}
{"duration":2,"level":"info","message":"db-query","rows":1,"text":"\n  SELECT name, username\n      FROM drivers\n      WHERE id = $1","timestamp":"2026-05-11T08:42:58.440Z"}
{"level":"info","message":"POST /api/drivers/on-break 200 496.415 ms","timestamp":"2026-05-11T08:42:58.877Z"}
{"duration":74,"level":"info","message":"db-query","rows":1,"text":"\n      SELECT web_device_id\n      FROM employees\n      WHERE role_id = 1\n      AND web_device_id IS NOT NULL\n      AND web_device_id != ''\n    ","timestamp":"2026-05-11T08:43:09.991Z"}
{"duration":3,"level":"info","message":"db-query","rows":1,"text":"\n  SELECT name, username\n      FROM drivers\n      WHERE id = $1","timestamp":"2026-05-11T08:43:09.995Z"}
{"level":"info","message":"POST /api/drivers/on-break 200 467.933 ms","timestamp":"2026-05-11T08:43:10.385Z"}
{"duration":8,"level":"info","message":"db-query","rows":26,"text":"SELECT * FROM location_types","timestamp":"2026-05-11T10:55:45.408Z"}
{"level":"info","message":"GET /api/location-types 200 17.098 ms","timestamp":"2026-05-11T10:55:45.418Z"}
{"duration":51,"level":"info","message":"db-query","rows":26,"text":"SELECT * FROM location_types","timestamp":"2026-05-11T10:55:45.454Z"}
{"level":"info","message":"GET /api/location-types 200 52.379 ms","timestamp":"2026-05-11T10:55:45.456Z"}
{"duration":9,"level":"info","message":"db-query","rows":26,"text":"SELECT * FROM location_types","timestamp":"2026-05-11T10:58:59.513Z"}
{"level":"info","message":"GET /api/location-types 200 18.210 ms","timestamp":"2026-05-11T10:58:59.524Z"}
{"duration":59,"level":"info","message":"db-query","rows":26,"text":"SELECT * FROM location_types","timestamp":"2026-05-11T10:58:59.566Z"}
{"level":"info","message":"GET /api/location-types 200 60.558 ms","timestamp":"2026-05-11T10:58:59.567Z"}
{"duration":9,"level":"info","message":"db-query","rows":26,"text":"SELECT * FROM location_types","timestamp":"2026-05-11T10:59:23.022Z"}
{"level":"info","message":"GET /api/location-types 200 21.682 ms","timestamp":"2026-05-11T10:59:23.035Z"}
{"duration":62,"level":"info","message":"db-query","rows":26,"text":"SELECT * FROM location_types","timestamp":"2026-05-11T10:59:23.078Z"}
{"level":"info","message":"GET /api/location-types 200 64.802 ms","timestamp":"2026-05-11T10:59:23.081Z"}
{"duration":10,"level":"info","message":"db-query","rows":26,"text":"SELECT * FROM location_types","timestamp":"2026-05-11T11:00:09.300Z"}
{"level":"info","message":"GET /api/location-types 200 23.178 ms","timestamp":"2026-05-11T11:00:09.312Z"}
{"duration":64,"level":"info","message":"db-query","rows":26,"text":"SELECT * FROM location_types","timestamp":"2026-05-11T11:00:09.358Z"}
{"level":"info","message":"GET /api/location-types 200 66.124 ms","timestamp":"2026-05-11T11:00:09.360Z"}
{"duration":10,"level":"info","message":"db-query","rows":26,"text":"SELECT * FROM location_types","timestamp":"2026-05-11T11:00:46.296Z"}
{"level":"info","message":"GET /api/location-types 200 22.083 ms","timestamp":"2026-05-11T11:00:46.311Z"}
{"duration":76,"level":"info","message":"db-query","rows":26,"text":"SELECT * FROM location_types","timestamp":"2026-05-11T11:00:46.366Z"}
{"level":"info","message":"GET /api/location-types 200 77.962 ms","timestamp":"2026-05-11T11:00:46.367Z"}
{"duration":5,"level":"info","message":"db-query","rows":26,"text":"SELECT * FROM location_types","timestamp":"2026-05-11T11:01:36.441Z"}
{"level":"info","message":"GET /api/location-types 200 14.753 ms","timestamp":"2026-05-11T11:01:36.450Z"}
{"duration":228,"level":"info","message":"db-query","rows":26,"text":"SELECT * FROM location_types","timestamp":"2026-05-11T11:01:36.665Z"}
{"level":"info","message":"GET /api/location-types 200 230.052 ms","timestamp":"2026-05-11T11:01:36.666Z"}
{"duration":6,"level":"info","message":"db-query","rows":26,"text":"SELECT * FROM location_types","timestamp":"2026-05-11T11:02:13.875Z"}
{"level":"info","message":"GET /api/location-types 200 11.576 ms","timestamp":"2026-05-11T11:02:13.882Z"}
{"duration":46,"level":"info","message":"db-query","rows":26,"text":"SELECT * FROM location_types","timestamp":"2026-05-11T11:02:13.917Z"}
{"level":"info","message":"GET /api/location-types 200 46.792 ms","timestamp":"2026-05-11T11:02:13.918Z"}
{"duration":5,"level":"info","message":"db-query","rows":26,"text":"SELECT * FROM location_types","timestamp":"2026-05-11T11:02:18.098Z"}
{"level":"info","message":"GET /api/location-types 200 10.783 ms","timestamp":"2026-05-11T11:02:18.104Z"}
{"duration":46,"level":"info","message":"db-query","rows":26,"text":"SELECT * FROM location_types","timestamp":"2026-05-11T11:02:18.141Z"}
{"level":"info","message":"GET /api/location-types 200 47.690 ms","timestamp":"2026-05-11T11:02:18.142Z"}
{"duration":5,"level":"info","message":"db-query","rows":26,"text":"SELECT * FROM location_types","timestamp":"2026-05-11T11:04:21.900Z"}
{"level":"info","message":"GET /api/location-types 200 12.559 ms","timestamp":"2026-05-11T11:04:21.909Z"}
{"duration":53,"level":"info","message":"db-query","rows":26,"text":"SELECT * FROM location_types","timestamp":"2026-05-11T11:04:21.949Z"}
{"level":"info","message":"GET /api/location-types 200 54.478 ms","timestamp":"2026-05-11T11:04:21.951Z"}
{"duration":40,"level":"info","message":"db-query","rows":26,"text":"SELECT * FROM location_types","timestamp":"2026-05-11T11:04:29.230Z"}
{"level":"info","message":"GET /api/location-types 200 58.639 ms","timestamp":"2026-05-11T11:04:29.252Z"}
{"duration":114,"level":"info","message":"db-query","rows":26,"text":"SELECT * FROM location_types","timestamp":"2026-05-11T11:04:29.306Z"}
{"level":"info","message":"GET /api/location-types 200 115.991 ms","timestamp":"2026-05-11T11:04:29.308Z"}
{"duration":12,"level":"info","message":"db-query","rows":26,"text":"SELECT * FROM location_types","timestamp":"2026-05-11T11:04:51.479Z"}
{"level":"info","message":"GET /api/location-types 200 25.465 ms","timestamp":"2026-05-11T11:04:51.494Z"}
{"duration":62,"level":"info","message":"db-query","rows":26,"text":"SELECT * FROM location_types","timestamp":"2026-05-11T11:04:51.533Z"}
{"level":"info","message":"GET /api/location-types 200 64.501 ms","timestamp":"2026-05-11T11:04:51.535Z"}
{"duration":9,"level":"info","message":"db-query","rows":26,"text":"SELECT * FROM location_types","timestamp":"2026-05-11T11:05:07.799Z"}
{"level":"info","message":"GET /api/location-types 200 19.799 ms","timestamp":"2026-05-11T11:05:07.810Z"}
{"duration":57,"level":"info","message":"db-query","rows":26,"text":"SELECT * FROM location_types","timestamp":"2026-05-11T11:05:07.851Z"}
{"level":"info","message":"GET /api/location-types 200 58.824 ms","timestamp":"2026-05-11T11:05:07.853Z"}
{"duration":6,"level":"info","message":"db-query","rows":26,"text":"SELECT * FROM location_types","timestamp":"2026-05-11T11:07:11.395Z"}
{"level":"info","message":"GET /api/location-types 200 12.388 ms","timestamp":"2026-05-11T11:07:11.402Z"}
{"duration":54,"level":"info","message":"db-query","rows":26,"text":"SELECT * FROM location_types","timestamp":"2026-05-11T11:07:11.446Z"}
{"level":"info","message":"GET /api/location-types 200 56.987 ms","timestamp":"2026-05-11T11:07:11.448Z"}
{"duration":8,"level":"info","message":"db-query","rows":26,"text":"SELECT * FROM location_types","timestamp":"2026-05-11T11:08:07.646Z"}
{"level":"info","message":"GET /api/location-types 200 17.715 ms","timestamp":"2026-05-11T11:08:07.655Z"}
{"duration":208,"level":"info","message":"db-query","rows":26,"text":"SELECT * FROM location_types","timestamp":"2026-05-11T11:08:07.851Z"}
{"level":"info","message":"GET /api/location-types 200 209.978 ms","timestamp":"2026-05-11T11:08:07.853Z"}
{"duration":115,"level":"info","message":"db-query","rows":1,"text":"\n    SELECT COUNT(*) AS total\n    FROM drivers d\n    LEFT JOIN subsidiaries s ON s.id = d.subsidiary_id\n    LEFT JOIN vehicles v ON v.id = d.vehicle_id\n    LEFT JOIN vehicle_types vt_v ON vt_v.id = v.vehicle_type_id\n    LEFT JOIN company_vehicles cv ON cv.id = d.company_vehicle_id\n    LEFT JOIN vehicle_types vt_cv ON vt_cv.id = cv.vehicle_type_id\n    WHERE d.active = $1;\n  ","timestamp":"2026-05-11T12:04:38.855Z"}
{"duration":13,"level":"info","message":"db-query","rows":3,"text":"\n    SELECT \n      d.*,\n      s.name AS subsidiary_name,\n      CASE \n        WHEN d.use_company_vehicle = true THEN\n          json_build_object(\n            'vehicle_number', cv.vehicle_number,\n            'make', cv.make,\n            'model', cv.model,\n            'color', cv.color,\n            'end_date', cv.end_date,\n            'vehicle_type', json_build_object(\n              'id', vt_cv.id,\n              'name', vt_cv.name,\n              'passengers', vt_cv.passengers,\n              'luggages', vt_cv.luggages,\n              'driver_waiting_charges', vt_cv.driver_waiting_charges\n            )\n          )\n        ELSE\n          json_build_object(\n            'vehicle_number', v.vehicle_number,\n            'make', v.make,\n            'model', v.model,\n            'color', v.color,\n            'end_date', v.end_date,\n            'vehicle_type', json_build_object(\n              'id', vt_v.id,\n              'name', vt_v.name,\n              'passengers', vt_v.passengers,\n              'luggages', vt_v.luggages,\n              'driver_waiting_charges', vt_v.driver_waiting_charges\n            )\n          )\n      END AS vehicle\n    FROM drivers d\n    LEFT JOIN subsidiaries s ON s.id = d.subsidiary_id\n    LEFT JOIN vehicles v ON v.id = d.vehicle_id\n    LEFT JOIN vehicle_types vt_v ON vt_v.id = v.vehicle_type_id\n    LEFT JOIN company_vehicles cv ON cv.id = d.company_vehicle_id\n    LEFT JOIN vehicle_types vt_cv ON vt_cv.id = cv.vehicle_type_id\n    WHERE d.active = $1\n    ORDER BY d.id DESC\n    LIMIT $2 OFFSET $3;\n  ","timestamp":"2026-05-11T12:04:38.869Z"}
{"level":"info","message":"GET /api/drivers/get 200 133.116 ms","timestamp":"2026-05-11T12:04:38.872Z"}
{"duration":159,"level":"info","message":"db-query","rows":26,"text":"SELECT * FROM location_types","timestamp":"2026-05-11T12:28:06.887Z"}
{"level":"info","message":"GET /api/location-types 200 160.111 ms","timestamp":"2026-05-11T12:28:06.888Z"}
{"duration":66,"level":"info","message":"db-query","rows":1,"text":"\n      SELECT web_device_id\n      FROM employees\n      WHERE role_id = 1\n      AND web_device_id IS NOT NULL\n      AND web_device_id != ''\n    ","timestamp":"2026-05-11T12:51:20.218Z"}
{"duration":3,"level":"info","message":"db-query","rows":1,"text":"\n  SELECT name, username\n      FROM drivers\n      WHERE id = $1","timestamp":"2026-05-11T12:51:20.221Z"}
{"level":"info","message":"POST /api/drivers/panic 200 1203.785 ms","timestamp":"2026-05-11T12:51:21.344Z"}
{"duration":58,"level":"info","message":"db-query","rows":1,"text":"\n      SELECT web_device_id\n      FROM employees\n      WHERE role_id = 1\n      AND web_device_id IS NOT NULL\n      AND web_device_id != ''\n    ","timestamp":"2026-05-11T12:53:12.341Z"}
{"duration":3,"level":"info","message":"db-query","rows":1,"text":"\n  SELECT name, username\n      FROM drivers\n      WHERE id = $1","timestamp":"2026-05-11T12:53:12.345Z"}
{"level":"info","message":"POST /api/drivers/panic 200 480.483 ms","timestamp":"2026-05-11T12:53:12.762Z"}
{"duration":23,"level":"info","message":"db-query","rows":26,"text":"SELECT * FROM location_types","timestamp":"2026-05-11T12:56:24.508Z"}
{"level":"info","message":"GET /api/location-types 200 37.486 ms","timestamp":"2026-05-11T12:56:24.520Z"}
{"duration":81,"level":"info","message":"db-query","rows":26,"text":"SELECT * FROM location_types","timestamp":"2026-05-11T12:56:24.581Z"}
{"level":"info","message":"GET /api/location-types 200 83.158 ms","timestamp":"2026-05-11T12:56:24.583Z"}
{"duration":5,"level":"info","message":"db-query","rows":26,"text":"SELECT * FROM location_types","timestamp":"2026-05-11T12:56:27.940Z"}
{"level":"info","message":"GET /api/location-types 200 15.097 ms","timestamp":"2026-05-11T12:56:27.950Z"}
{"duration":64,"level":"info","message":"db-query","rows":26,"text":"SELECT * FROM location_types","timestamp":"2026-05-11T12:56:28.000Z"}
{"level":"info","message":"GET /api/location-types 200 65.272 ms","timestamp":"2026-05-11T12:56:28.002Z"}
{"duration":6,"level":"info","message":"db-query","rows":26,"text":"SELECT * FROM location_types","timestamp":"2026-05-11T12:56:39.233Z"}
{"level":"info","message":"GET /api/location-types 200 30.442 ms","timestamp":"2026-05-11T12:56:39.258Z"}
{"duration":196,"level":"info","message":"db-query","rows":26,"text":"SELECT * FROM location_types","timestamp":"2026-05-11T12:56:39.425Z"}
{"level":"info","message":"GET /api/location-types 200 203.067 ms","timestamp":"2026-05-11T12:56:39.432Z"}
{"duration":7,"level":"info","message":"db-query","rows":26,"text":"SELECT * FROM location_types","timestamp":"2026-05-11T12:56:42.016Z"}
{"duration":5,"level":"info","message":"db-query","rows":26,"text":"SELECT * FROM location_types","timestamp":"2026-05-11T12:56:45.041Z"}
{"level":"info","message":"GET /api/location-types 200 14.637 ms","timestamp":"2026-05-11T12:56:45.051Z"}
{"duration":78,"level":"info","message":"db-query","rows":26,"text":"SELECT * FROM location_types","timestamp":"2026-05-11T12:56:45.117Z"}
{"level":"info","message":"GET /api/location-types 200 80.178 ms","timestamp":"2026-05-11T12:56:45.118Z"}
{"duration":4,"level":"info","message":"db-query","rows":1,"text":"\n      SELECT web_device_id\n      FROM employees\n      WHERE role_id = 1\n      AND web_device_id IS NOT NULL\n      AND web_device_id != ''\n    ","timestamp":"2026-05-11T12:56:45.677Z"}
{"duration":4,"level":"info","message":"db-query","rows":1,"text":"\n  SELECT name, username\n      FROM drivers\n      WHERE id = $1","timestamp":"2026-05-11T12:56:45.684Z"}
{"level":"info","message":"POST /api/drivers/panic 200 19.737 ms","timestamp":"2026-05-11T12:56:45.687Z"}
{"duration":6,"level":"info","message":"db-query","rows":1,"text":"\n      SELECT web_device_id\n      FROM employees\n      WHERE role_id = 1\n      AND web_device_id IS NOT NULL\n      AND web_device_id != ''\n    ","timestamp":"2026-05-11T12:57:00.092Z"}
{"duration":3,"level":"info","message":"db-query","rows":1,"text":"\n  SELECT name, username\n      FROM drivers\n      WHERE id = $1","timestamp":"2026-05-11T12:57:00.101Z"}
{"duration":3,"level":"info","message":"db-query","rows":26,"text":"SELECT * FROM location_types","timestamp":"2026-05-11T12:57:00.401Z"}
{"level":"info","message":"GET /api/location-types 200 5.574 ms","timestamp":"2026-05-11T12:57:00.405Z"}
{"duration":54,"level":"info","message":"db-query","rows":26,"text":"SELECT * FROM location_types","timestamp":"2026-05-11T12:57:00.453Z"}
{"level":"info","message":"GET /api/location-types 200 54.768 ms","timestamp":"2026-05-11T12:57:00.454Z"}
{"level":"info","message":"POST /api/drivers/panic 200 1146.474 ms","timestamp":"2026-05-11T12:57:01.223Z"}
{"duration":66,"level":"info","message":"db-query","rows":1,"text":"\n      SELECT web_device_id\n      FROM employees\n      WHERE role_id = 1\n      AND web_device_id IS NOT NULL\n      AND web_device_id != ''\n    ","timestamp":"2026-05-11T12:57:11.484Z"}
{"duration":3,"level":"info","message":"db-query","rows":1,"text":"\n  SELECT name, username\n      FROM drivers\n      WHERE id = $1","timestamp":"2026-05-11T12:57:11.490Z"}
{"duration":8,"level":"info","message":"db-query","rows":26,"text":"SELECT * FROM location_types","timestamp":"2026-05-11T12:57:11.895Z"}
{"level":"info","message":"GET /api/location-types 200 18.026 ms","timestamp":"2026-05-11T12:57:11.906Z"}
{"duration":22,"level":"info","message":"db-query","rows":26,"text":"SELECT * FROM location_types","timestamp":"2026-05-11T12:57:11.910Z"}
{"level":"info","message":"GET /api/location-types 200 30.345 ms","timestamp":"2026-05-11T12:57:11.919Z"}
{"level":"info","message":"POST /api/drivers/panic 200 1182.926 ms","timestamp":"2026-05-11T12:57:12.589Z"}
{"duration":59,"level":"info","message":"db-query","rows":1,"text":"\n      SELECT web_device_id\n      FROM employees\n      WHERE role_id = 1\n      AND web_device_id IS NOT NULL\n      AND web_device_id != ''\n    ","timestamp":"2026-05-11T13:13:20.846Z"}
{"duration":4,"level":"info","message":"db-query","rows":1,"text":"\n  SELECT name, username\n      FROM drivers\n      WHERE id = $1","timestamp":"2026-05-11T13:13:20.851Z"}
{"level":"info","message":"POST /api/drivers/panic 200 501.020 ms","timestamp":"2026-05-11T13:13:21.284Z"}
{"duration":80,"level":"info","message":"db-query","rows":1,"text":"\n      SELECT web_device_id\n      FROM employees\n      WHERE role_id = 1\n      AND web_device_id IS NOT NULL\n      AND web_device_id != ''\n    ","timestamp":"2026-05-11T13:14:32.706Z"}
{"duration":3,"level":"info","message":"db-query","rows":1,"text":"\n  SELECT name, username\n      FROM drivers\n      WHERE id = $1","timestamp":"2026-05-11T13:14:32.709Z"}
{"level":"info","message":"POST /api/drivers/panic 200 3564.975 ms","timestamp":"2026-05-11T13:14:36.186Z"}
{"duration":73,"level":"info","message":"db-query","rows":1,"text":"\n      SELECT web_device_id\n      FROM employees\n      WHERE role_id = 1\n      AND web_device_id IS NOT NULL\n      AND web_device_id != ''\n    ","timestamp":"2026-05-11T13:14:53.381Z"}
{"duration":3,"level":"info","message":"db-query","rows":1,"text":"\n  SELECT name, username\n      FROM drivers\n      WHERE id = $1","timestamp":"2026-05-11T13:14:53.385Z"}
{"level":"info","message":"POST /api/drivers/panic 200 449.091 ms","timestamp":"2026-05-11T13:14:53.756Z"}
{"duration":59,"level":"info","message":"db-query","rows":1,"text":"\n      SELECT web_device_id\n      FROM employees\n      WHERE role_id = 1\n      AND web_device_id IS NOT NULL\n      AND web_device_id != ''\n    ","timestamp":"2026-05-11T13:20:42.883Z"}
{"duration":3,"level":"info","message":"db-query","rows":1,"text":"\n  SELECT name, username\n      FROM drivers\n      WHERE id = $1","timestamp":"2026-05-11T13:20:42.886Z"}
{"level":"info","message":"POST /api/drivers/panic 200 444.697 ms","timestamp":"2026-05-11T13:20:43.268Z"}
{"duration":57,"level":"info","message":"db-query","rows":1,"text":"\n      SELECT web_device_id\n      FROM employees\n      WHERE role_id = 1\n      AND web_device_id IS NOT NULL\n      AND web_device_id != ''\n    ","timestamp":"2026-05-11T13:29:23.382Z"}
{"duration":3,"level":"info","message":"db-query","rows":1,"text":"\n  SELECT name, username\n      FROM drivers\n      WHERE id = $1","timestamp":"2026-05-11T13:29:23.385Z"}
{"level":"info","message":"POST /api/drivers/panic 200 507.642 ms","timestamp":"2026-05-11T13:29:23.832Z"}
{"duration":54,"level":"info","message":"db-query","rows":1,"text":"\n      SELECT web_device_id\n      FROM employees\n      WHERE role_id = 1\n      AND web_device_id IS NOT NULL\n      AND web_device_id != ''\n    ","timestamp":"2026-05-11T13:33:23.911Z"}
{"duration":2,"level":"info","message":"db-query","rows":1,"text":"\n  SELECT name, username\n      FROM drivers\n      WHERE id = $1","timestamp":"2026-05-11T13:33:23.914Z"}
{"level":"info","message":"POST /api/drivers/panic 200 399.802 ms","timestamp":"2026-05-11T13:33:24.257Z"}
{"duration":164,"level":"info","message":"db-query","rows":1,"text":"\n      SELECT web_device_id\n      FROM employees\n      WHERE role_id = 1\n      AND web_device_id IS NOT NULL\n      AND web_device_id != ''\n    ","timestamp":"2026-05-11T13:35:28.896Z"}
{"duration":4,"level":"info","message":"db-query","rows":1,"text":"\n  SELECT name, username\n      FROM drivers\n      WHERE id = $1","timestamp":"2026-05-11T13:35:28.901Z"}
{"level":"info","message":"POST /api/drivers/panic 200 548.952 ms","timestamp":"2026-05-11T13:35:29.278Z"}
{"duration":77,"level":"info","message":"db-query","rows":1,"text":"\n      SELECT web_device_id\n      FROM employees\n      WHERE role_id = 1\n      AND web_device_id IS NOT NULL\n      AND web_device_id != ''\n    ","timestamp":"2026-05-11T13:39:24.230Z"}
{"duration":3,"level":"info","message":"db-query","rows":1,"text":"\n  SELECT name, username\n      FROM drivers\n      WHERE id = $1","timestamp":"2026-05-11T13:39:24.235Z"}
{"level":"info","message":"POST /api/drivers/panic 200 500.043 ms","timestamp":"2026-05-11T13:39:24.652Z"}
{"duration":73,"level":"info","message":"db-query","rows":1,"text":"\n      SELECT web_device_id\n      FROM employees\n      WHERE role_id = 1\n      AND web_device_id IS NOT NULL\n      AND web_device_id != ''\n    ","timestamp":"2026-05-11T13:45:19.489Z"}
{"duration":3,"level":"info","message":"db-query","rows":1,"text":"\n  SELECT name, username\n      FROM drivers\n      WHERE id = $1","timestamp":"2026-05-11T13:45:19.492Z"}
{"level":"info","message":"POST /api/drivers/panic 200 523.233 ms","timestamp":"2026-05-11T13:45:19.936Z"}
{"duration":56,"level":"info","message":"db-query","rows":1,"text":"\n      SELECT web_device_id\n      FROM employees\n      WHERE role_id = 1\n      AND web_device_id IS NOT NULL\n      AND web_device_id != ''\n    ","timestamp":"2026-05-11T13:45:32.372Z"}
{"duration":35,"level":"info","message":"db-query","rows":1,"text":"\n  SELECT name, username\n      FROM drivers\n      WHERE id = $1","timestamp":"2026-05-11T13:45:32.408Z"}
{"level":"info","message":"POST /api/drivers/panic 200 438.019 ms","timestamp":"2026-05-11T13:45:32.750Z"}
{"duration":54,"level":"info","message":"db-query","rows":1,"text":"\n      SELECT web_device_id\n      FROM employees\n      WHERE role_id = 1\n      AND web_device_id IS NOT NULL\n      AND web_device_id != ''\n    ","timestamp":"2026-05-11T13:48:28.500Z"}
{"duration":3,"level":"info","message":"db-query","rows":1,"text":"\n  SELECT name, username\n      FROM drivers\n      WHERE id = $1","timestamp":"2026-05-11T13:48:28.503Z"}
{"level":"info","message":"POST /api/drivers/panic 200 473.315 ms","timestamp":"2026-05-11T13:48:28.918Z"}
{"duration":63,"level":"info","message":"db-query","rows":1,"text":"\n      SELECT web_device_id\n      FROM employees\n      WHERE role_id = 1\n      AND web_device_id IS NOT NULL\n      AND web_device_id != ''\n    ","timestamp":"2026-05-11T13:55:08.497Z"}
{"duration":3,"level":"info","message":"db-query","rows":1,"text":"\n  SELECT name, username\n      FROM drivers\n      WHERE id = $1","timestamp":"2026-05-11T13:55:08.502Z"}
{"level":"info","message":"POST /api/drivers/panic 200 982.193 ms","timestamp":"2026-05-11T13:55:09.416Z"}
{"duration":58,"level":"info","message":"db-query","rows":1,"text":"\n      SELECT web_device_id\n      FROM employees\n      WHERE role_id = 1\n      AND web_device_id IS NOT NULL\n      AND web_device_id != ''\n    ","timestamp":"2026-05-11T13:56:17.559Z"}
{"duration":2,"level":"info","message":"db-query","rows":1,"text":"\n  SELECT name, username\n      FROM drivers\n      WHERE id = $1","timestamp":"2026-05-11T13:56:17.561Z"}
{"level":"info","message":"POST /api/drivers/panic 200 2643.005 ms","timestamp":"2026-05-11T13:56:20.143Z"}
{"duration":145,"level":"info","message":"db-query","rows":1,"text":"\n      SELECT web_device_id\n      FROM employees\n      WHERE role_id = 1\n      AND web_device_id IS NOT NULL\n      AND web_device_id != ''\n    ","timestamp":"2026-05-11T13:58:12.902Z"}
{"duration":3,"level":"info","message":"db-query","rows":1,"text":"\n  SELECT name, username\n      FROM drivers\n      WHERE id = $1","timestamp":"2026-05-11T13:58:12.906Z"}
{"level":"info","message":"POST /api/drivers/panic 200 525.802 ms","timestamp":"2026-05-11T13:58:13.244Z"}
{"duration":66,"level":"info","message":"db-query","rows":1,"text":"\n      SELECT web_device_id\n      FROM employees\n      WHERE role_id = 1\n      AND web_device_id IS NOT NULL\n      AND web_device_id != ''\n    ","timestamp":"2026-05-11T14:03:20.841Z"}
{"duration":3,"level":"info","message":"db-query","rows":1,"text":"\n  SELECT name, username\n      FROM drivers\n      WHERE id = $1","timestamp":"2026-05-11T14:03:20.845Z"}
{"level":"info","message":"POST /api/drivers/panic 200 521.396 ms","timestamp":"2026-05-11T14:03:21.296Z"}
{"duration":53,"level":"info","message":"db-query","rows":1,"text":"\n      SELECT web_device_id\n      FROM employees\n      WHERE role_id = 1\n      AND web_device_id IS NOT NULL\n      AND web_device_id != ''\n    ","timestamp":"2026-05-11T14:04:18.498Z"}
{"duration":2,"level":"info","message":"db-query","rows":1,"text":"\n  SELECT name, username\n      FROM drivers\n      WHERE id = $1","timestamp":"2026-05-11T14:04:18.501Z"}
{"level":"info","message":"POST /api/drivers/panic 200 463.200 ms","timestamp":"2026-05-11T14:04:18.908Z"}
{"duration":54,"level":"info","message":"db-query","rows":1,"text":"\n      SELECT web_device_id\n      FROM employees\n      WHERE role_id = 1\n      AND web_device_id IS NOT NULL\n      AND web_device_id != ''\n    ","timestamp":"2026-05-11T14:06:08.805Z"}
{"duration":2,"level":"info","message":"db-query","rows":1,"text":"\n  SELECT name, username\n      FROM drivers\n      WHERE id = $1","timestamp":"2026-05-11T14:06:08.808Z"}
{"level":"info","message":"POST /api/drivers/panic 200 430.246 ms","timestamp":"2026-05-11T14:06:09.180Z"}
{"duration":5,"level":"info","message":"db-query","rows":26,"text":"SELECT * FROM location_types","timestamp":"2026-05-11T14:08:45.705Z"}
{"level":"info","message":"GET /api/location-types 200 11.902 ms","timestamp":"2026-05-11T14:08:45.711Z"}
{"duration":47,"level":"info","message":"db-query","rows":26,"text":"SELECT * FROM location_types","timestamp":"2026-05-11T14:08:45.748Z"}
{"level":"info","message":"GET /api/location-types 200 48.758 ms","timestamp":"2026-05-11T14:08:45.751Z"}
{"duration":12,"level":"info","message":"db-query","rows":26,"text":"SELECT * FROM location_types","timestamp":"2026-05-11T14:09:26.307Z"}
{"level":"info","message":"GET /api/location-types 200 20.866 ms","timestamp":"2026-05-11T14:09:26.316Z"}
{"duration":71,"level":"info","message":"db-query","rows":26,"text":"SELECT * FROM location_types","timestamp":"2026-05-11T14:09:26.372Z"}
{"level":"info","message":"GET /api/location-types 200 72.758 ms","timestamp":"2026-05-11T14:09:26.373Z"}
{"duration":17,"level":"info","message":"db-query","rows":26,"text":"SELECT * FROM location_types","timestamp":"2026-05-11T14:09:36.590Z"}
{"level":"info","message":"GET /api/location-types 200 34.609 ms","timestamp":"2026-05-11T14:09:36.605Z"}
{"duration":72,"level":"info","message":"db-query","rows":26,"text":"SELECT * FROM location_types","timestamp":"2026-05-11T14:09:36.649Z"}
{"level":"info","message":"GET /api/location-types 200 77.594 ms","timestamp":"2026-05-11T14:09:36.654Z"}
{"duration":5,"level":"info","message":"db-query","rows":26,"text":"SELECT * FROM location_types","timestamp":"2026-05-11T14:09:41.294Z"}
{"level":"info","message":"GET /api/location-types 200 22.170 ms","timestamp":"2026-05-11T14:09:41.310Z"}
{"duration":145,"level":"info","message":"db-query","rows":26,"text":"SELECT * FROM location_types","timestamp":"2026-05-11T14:09:41.436Z"}
{"level":"info","message":"GET /api/location-types 200 145.711 ms","timestamp":"2026-05-11T14:09:41.437Z"}
{"duration":6,"level":"info","message":"db-query","rows":26,"text":"SELECT * FROM location_types","timestamp":"2026-05-11T14:09:47.589Z"}
{"level":"info","message":"GET /api/location-types 200 46.473 ms","timestamp":"2026-05-11T14:09:47.630Z"}
{"duration":253,"level":"info","message":"db-query","rows":26,"text":"SELECT * FROM location_types","timestamp":"2026-05-11T14:09:47.838Z"}
{"level":"info","message":"GET /api/location-types 200 254.904 ms","timestamp":"2026-05-11T14:09:47.840Z"}
{"duration":3,"level":"info","message":"db-query","rows":1,"text":"\n      SELECT web_device_id\n      FROM employees\n      WHERE role_id = 1\n      AND web_device_id IS NOT NULL\n      AND web_device_id != ''\n    ","timestamp":"2026-05-11T14:09:47.944Z"}
{"duration":3,"level":"info","message":"db-query","rows":1,"text":"\n  SELECT name, username\n      FROM drivers\n      WHERE id = $1","timestamp":"2026-05-11T14:09:47.948Z"}
{"level":"info","message":"POST /api/drivers/panic 200 82.005 ms","timestamp":"2026-05-11T14:09:48.017Z"}
{"duration":8,"level":"info","message":"db-query","rows":26,"text":"SELECT * FROM location_types","timestamp":"2026-05-11T14:10:46.272Z"}
{"level":"info","message":"GET /api/location-types 200 14.549 ms","timestamp":"2026-05-11T14:10:46.279Z"}
{"duration":73,"level":"info","message":"db-query","rows":26,"text":"SELECT * FROM location_types","timestamp":"2026-05-11T14:10:46.341Z"}
{"level":"info","message":"GET /api/location-types 200 74.487 ms","timestamp":"2026-05-11T14:10:46.342Z"}
{"duration":62,"level":"info","message":"db-query","rows":1,"text":"\n      SELECT web_device_id\n      FROM employees\n      WHERE role_id = 1\n      AND web_device_id IS NOT NULL\n      AND web_device_id != ''\n    ","timestamp":"2026-05-11T14:10:59.132Z"}
{"duration":3,"level":"info","message":"db-query","rows":1,"text":"\n  SELECT name, username\n      FROM drivers\n      WHERE id = $1","timestamp":"2026-05-11T14:10:59.137Z"}
{"level":"info","message":"POST /api/drivers/panic 200 76.619 ms","timestamp":"2026-05-11T14:10:59.140Z"}
{"duration":9,"level":"info","message":"db-query","rows":1,"text":"\n      SELECT web_device_id\n      FROM employees\n      WHERE role_id = 1\n      AND web_device_id IS NOT NULL\n      AND web_device_id != ''\n    ","timestamp":"2026-05-11T14:11:18.787Z"}
{"duration":5,"level":"info","message":"db-query","rows":1,"text":"\n  SELECT name, username\n      FROM drivers\n      WHERE id = $1","timestamp":"2026-05-11T14:11:18.799Z"}
{"level":"info","message":"POST /api/drivers/panic 200 151.702 ms","timestamp":"2026-05-11T14:11:18.923Z"}
{"duration":2,"level":"info","message":"db-query","rows":26,"text":"SELECT * FROM location_types","timestamp":"2026-05-11T14:11:18.941Z"}
{"level":"info","message":"GET /api/location-types 200 4.160 ms","timestamp":"2026-05-11T14:11:18.943Z"}
{"duration":88,"level":"info","message":"db-query","rows":26,"text":"SELECT * FROM location_types","timestamp":"2026-05-11T14:11:19.028Z"}
{"level":"info","message":"GET /api/location-types 200 89.071 ms","timestamp":"2026-05-11T14:11:19.029Z"}
{"duration":5,"level":"info","message":"db-query","rows":26,"text":"SELECT * FROM location_types","timestamp":"2026-05-11T14:12:52.203Z"}
{"level":"info","message":"GET /api/location-types 200 11.383 ms","timestamp":"2026-05-11T14:12:52.210Z"}
{"duration":51,"level":"info","message":"db-query","rows":26,"text":"SELECT * FROM location_types","timestamp":"2026-05-11T14:12:52.251Z"}
{"level":"info","message":"GET /api/location-types 200 52.625 ms","timestamp":"2026-05-11T14:12:52.253Z"}
{"duration":5,"level":"info","message":"db-query","rows":26,"text":"SELECT * FROM location_types","timestamp":"2026-05-11T14:13:00.610Z"}
{"level":"info","message":"GET /api/location-types 200 13.300 ms","timestamp":"2026-05-11T14:13:00.619Z"}
{"duration":57,"level":"info","message":"db-query","rows":26,"text":"SELECT * FROM location_types","timestamp":"2026-05-11T14:13:00.664Z"}
{"level":"info","message":"GET /api/location-types 200 58.938 ms","timestamp":"2026-05-11T14:13:00.667Z"}
{"duration":4,"level":"info","message":"db-query","rows":1,"text":"\n      SELECT web_device_id\n      FROM employees\n      WHERE role_id = 1\n      AND web_device_id IS NOT NULL\n      AND web_device_id != ''\n    ","timestamp":"2026-05-11T14:13:01.924Z"}
{"duration":4,"level":"info","message":"db-query","rows":1,"text":"\n  SELECT name, username, mobile\n      FROM drivers\n      WHERE id = $1","timestamp":"2026-05-11T14:13:01.929Z"}
{"level":"info","message":"POST /api/drivers/panic 200 1176.089 ms","timestamp":"2026-05-11T14:13:03.089Z"}
{"duration":8,"level":"info","message":"db-query","rows":26,"text":"SELECT * FROM location_types","timestamp":"2026-05-11T14:17:58.512Z"}
{"level":"info","message":"GET /api/location-types 200 15.349 ms","timestamp":"2026-05-11T14:17:58.519Z"}
{"duration":175,"level":"info","message":"db-query","rows":26,"text":"SELECT * FROM location_types","timestamp":"2026-05-11T14:17:58.682Z"}
{"level":"info","message":"GET /api/location-types 200 176.318 ms","timestamp":"2026-05-11T14:17:58.683Z"}
{"duration":5,"level":"info","message":"db-query","rows":26,"text":"SELECT * FROM location_types","timestamp":"2026-05-11T14:18:17.284Z"}
{"level":"info","message":"GET /api/location-types 200 11.753 ms","timestamp":"2026-05-11T14:18:17.291Z"}
{"duration":47,"level":"info","message":"db-query","rows":26,"text":"SELECT * FROM location_types","timestamp":"2026-05-11T14:18:17.328Z"}
{"level":"info","message":"GET /api/location-types 200 48.206 ms","timestamp":"2026-05-11T14:18:17.329Z"}
{"duration":6,"level":"info","message":"db-query","rows":26,"text":"SELECT * FROM location_types","timestamp":"2026-05-11T14:18:24.740Z"}
{"level":"info","message":"GET /api/location-types 200 13.094 ms","timestamp":"2026-05-11T14:18:24.749Z"}
{"duration":178,"level":"info","message":"db-query","rows":26,"text":"SELECT * FROM location_types","timestamp":"2026-05-11T14:18:24.914Z"}
{"level":"info","message":"GET /api/location-types 200 179.027 ms","timestamp":"2026-05-11T14:18:24.916Z"}
