{"duration":481,"level":"info","message":"db-query","rows":26,"text":"SELECT * FROM location_types","timestamp":"2026-05-13T06:06:52.064Z"}
{"level":"info","message":"GET /api/location-types 200 491.183 ms","timestamp":"2026-05-13T06:06:52.074Z"}
{"duration":447,"level":"info","message":"db-query","rows":26,"text":"SELECT * FROM location_types","timestamp":"2026-05-13T06:06:52.082Z"}
{"level":"info","message":"GET /api/location-types 200 447.875 ms","timestamp":"2026-05-13T06:06:52.083Z"}
{"duration":11,"level":"info","message":"db-query","rows":26,"text":"SELECT * FROM location_types","timestamp":"2026-05-13T07:24:02.269Z"}
{"level":"info","message":"GET /api/location-types 200 25.383 ms","timestamp":"2026-05-13T07:24:02.285Z"}
{"duration":62,"level":"info","message":"db-query","rows":26,"text":"SELECT * FROM location_types","timestamp":"2026-05-13T07:24:02.321Z"}
{"level":"info","message":"GET /api/location-types 200 63.049 ms","timestamp":"2026-05-13T07:24:02.322Z"}
{"duration":7,"level":"info","message":"db-query","rows":26,"text":"SELECT * FROM location_types","timestamp":"2026-05-13T07:28:08.034Z"}
{"level":"info","message":"GET /api/location-types 200 15.938 ms","timestamp":"2026-05-13T07:28:08.042Z"}
{"duration":82,"level":"info","message":"db-query","rows":26,"text":"SELECT * FROM location_types","timestamp":"2026-05-13T07:28:08.112Z"}
{"level":"info","message":"GET /api/location-types 200 82.954 ms","timestamp":"2026-05-13T07:28:08.113Z"}
{"duration":14,"level":"info","message":"db-query","rows":26,"text":"SELECT * FROM location_types","timestamp":"2026-05-13T07:28:47.996Z"}
{"level":"info","message":"GET /api/location-types 200 32.251 ms","timestamp":"2026-05-13T07:28:48.012Z"}
{"duration":71,"level":"info","message":"db-query","rows":26,"text":"SELECT * FROM location_types","timestamp":"2026-05-13T07:28:48.055Z"}
{"level":"info","message":"GET /api/location-types 200 72.671 ms","timestamp":"2026-05-13T07:28:48.057Z"}
{"duration":6,"level":"info","message":"db-query","rows":26,"text":"SELECT * FROM location_types","timestamp":"2026-05-13T07:29:08.894Z"}
{"level":"info","message":"GET /api/location-types 200 12.909 ms","timestamp":"2026-05-13T07:29:08.902Z"}
{"duration":55,"level":"info","message":"db-query","rows":26,"text":"SELECT * FROM location_types","timestamp":"2026-05-13T07:29:08.945Z"}
{"level":"info","message":"GET /api/location-types 200 56.154 ms","timestamp":"2026-05-13T07:29:08.947Z"}
{"duration":5,"level":"info","message":"db-query","rows":26,"text":"SELECT * FROM location_types","timestamp":"2026-05-13T07:29:38.370Z"}
{"level":"info","message":"GET /api/location-types 200 13.790 ms","timestamp":"2026-05-13T07:29:38.380Z"}
{"duration":59,"level":"info","message":"db-query","rows":26,"text":"SELECT * FROM location_types","timestamp":"2026-05-13T07:29:38.426Z"}
{"level":"info","message":"GET /api/location-types 200 60.393 ms","timestamp":"2026-05-13T07:29:38.428Z"}
{"duration":69,"level":"info","message":"db-query","rows":1,"text":"\n        SELECT * FROM drivers \n        WHERE LOWER(username) = LOWER($1)\n        LIMIT 1\n    ","timestamp":"2026-05-13T07:30:55.143Z"}
{"level":"info","message":"POST /api/drivers/login 401 153.978 ms","timestamp":"2026-05-13T07:30:55.222Z"}
{"duration":46,"level":"info","message":"db-query","rows":1,"text":"\n        SELECT * FROM drivers \n        WHERE LOWER(username) = LOWER($1)\n        LIMIT 1\n    ","timestamp":"2026-05-13T07:32:37.997Z"}
{"level":"info","message":"POST /api/drivers/login 401 121.232 ms","timestamp":"2026-05-13T07:32:38.071Z"}
{"duration":1,"level":"info","message":"db-query","rows":1,"text":"\n        SELECT * FROM drivers \n        WHERE LOWER(username) = LOWER($1)\n        LIMIT 1\n    ","timestamp":"2026-05-13T07:32:42.909Z"}
{"duration":14,"level":"info","message":"db-query","rows":1,"text":"\n        UPDATE drivers\n        SET\n          session_status = 'logged_in',\n          driver_status = 'Available',\n          booking_status = 'Available',\n          last_login_at = NOW(),\n          latitude = $1,\n          longitude = $2\n        WHERE id = $3\n      ","timestamp":"2026-05-13T07:32:43.000Z"}
{"duration":11,"level":"info","message":"db-query","rows":1,"text":"\n    INSERT INTO driver_shift_histories (\n      driver_id,\n      login_date,\n      login_time,\n      login_latitude,\n      login_longitude\n    )\n    VALUES (\n      $1,\n\n      TO_CHAR(NOW(), 'YYYY-MM-DD'),\n      TO_CHAR(NOW(), 'HH24:MI'),\n\n      $2,\n      $3\n    )\n\n    RETURNING *;\n  ","timestamp":"2026-05-13T07:32:43.012Z"}
{"duration":1,"level":"info","message":"db-query","rows":1,"text":"\n    UPDATE drivers\n    SET \n      fcm_token = $1,\n      fcm_updated_at = NOW()\n    WHERE id = $2\n  ","timestamp":"2026-05-13T07:32:43.014Z"}
{"duration":2,"level":"info","message":"db-query","rows":1,"text":"SELECT * FROM drivers WHERE id = $1 LIMIT 1","timestamp":"2026-05-13T07:32:43.017Z"}
{"duration":1,"level":"info","message":"db-query","rows":null,"text":"BEGIN","timestamp":"2026-05-13T07:32:43.018Z"}
{"duration":4,"level":"info","message":"db-query","rows":1,"text":"SELECT d.*, s.name AS subsidiary_name\n       FROM drivers d\n       LEFT JOIN subsidiaries s ON s.id = d.subsidiary_id\n       WHERE d.id = $1","timestamp":"2026-05-13T07:32:43.023Z"}
{"duration":11,"level":"info","message":"db-query","rows":0,"text":"SELECT id, note, created_at, created_by\n       FROM driver_notes\n       WHERE driver_id = $1\n       ORDER BY created_at DESC","timestamp":"2026-05-13T07:32:43.034Z"}
{"duration":5,"level":"info","message":"db-query","rows":0,"text":"SELECT id, name, start_time, end_time\n       FROM driver_shifts\n       WHERE driver_id = $1\n       ORDER BY id ASC","timestamp":"2026-05-13T07:32:43.039Z"}
{"duration":14,"level":"info","message":"db-query","rows":1,"text":"SELECT \n            v.*,\n            json_build_object(\n              'id', vt.id,\n              'name', vt.name,\n              'driver_waiting_charges', vt.driver_waiting_charges,\n              'account_waiting_charges', vt.account_waiting_charges,\n              'waiting_time', vt.waiting_time\n            ) AS vehicle_type\n         FROM vehicles v\n         LEFT JOIN vehicle_types vt ON vt.id = v.vehicle_type_id\n         WHERE v.id = $1\n         LIMIT 1","timestamp":"2026-05-13T07:32:43.054Z"}
{"duration":1,"level":"info","message":"db-query","rows":null,"text":"COMMIT","timestamp":"2026-05-13T07:32:43.055Z"}
{"level":"info","message":"POST /api/drivers/login 200 149.572 ms","timestamp":"2026-05-13T07:32:43.057Z"}
{"duration":182,"level":"info","message":"db-query","rows":null,"text":"BEGIN","timestamp":"2026-05-13T07:33:45.533Z"}
{"duration":5,"level":"info","message":"db-query","rows":1,"text":"SELECT d.*, s.name AS subsidiary_name\n       FROM drivers d\n       LEFT JOIN subsidiaries s ON s.id = d.subsidiary_id\n       WHERE d.id = $1","timestamp":"2026-05-13T07:33:45.539Z"}
{"duration":2,"level":"info","message":"db-query","rows":0,"text":"SELECT id, note, created_at, created_by\n       FROM driver_notes\n       WHERE driver_id = $1\n       ORDER BY created_at DESC","timestamp":"2026-05-13T07:33:45.542Z"}
{"duration":2,"level":"info","message":"db-query","rows":0,"text":"SELECT id, name, start_time, end_time\n       FROM driver_shifts\n       WHERE driver_id = $1\n       ORDER BY id ASC","timestamp":"2026-05-13T07:33:45.545Z"}
{"duration":5,"level":"info","message":"db-query","rows":1,"text":"SELECT \n            v.*,\n            json_build_object(\n              'id', vt.id,\n              'name', vt.name,\n              'driver_waiting_charges', vt.driver_waiting_charges,\n              'account_waiting_charges', vt.account_waiting_charges,\n              'waiting_time', vt.waiting_time\n            ) AS vehicle_type\n         FROM vehicles v\n         LEFT JOIN vehicle_types vt ON vt.id = v.vehicle_type_id\n         WHERE v.id = $1\n         LIMIT 1","timestamp":"2026-05-13T07:33:45.551Z"}
{"duration":0,"level":"info","message":"db-query","rows":null,"text":"COMMIT","timestamp":"2026-05-13T07:33:45.552Z"}
{"duration":2,"level":"info","message":"db-query","rows":1,"text":"\n    UPDATE drivers\n    SET \n      session_status = 'logged_out',\n      driver_status = 'Unavailable',\n      booking_status = 'Unavailable',\n      last_login_at = NULL\n    WHERE id = $1\n  ","timestamp":"2026-05-13T07:33:45.555Z"}
{"duration":1,"level":"info","message":"db-query","rows":1,"text":"UPDATE drivers SET fcm_token = NULL WHERE id = $1","timestamp":"2026-05-13T07:33:45.556Z"}
{"duration":2,"level":"info","message":"db-query","rows":1,"text":"\n    SELECT *\n    FROM driver_shift_histories\n    WHERE driver_id = $1\n    AND logout_time IS NULL\n    ORDER BY id DESC\n    LIMIT 1\n  ","timestamp":"2026-05-13T07:33:45.559Z"}
{"duration":2,"level":"info","message":"db-query","rows":1,"text":"\n    UPDATE driver_shift_histories\n    SET\n\n      logout_date = TO_CHAR(NOW(), 'YYYY-MM-DD'),\n      logout_time = TO_CHAR(NOW(), 'HH24:MI'),\n\n      logout_latitude = $1,\n      logout_longitude = $2,\n\n      updated_at = NOW()\n\n    WHERE id = $3\n\n    RETURNING *;\n  ","timestamp":"2026-05-13T07:33:45.562Z"}
{"driverId":172,"level":"info","message":"ws:driver-logout","timestamp":"2026-05-13T07:33:45.563Z"}
{"level":"info","message":"POST /api/drivers/logout/172 200 213.748 ms","timestamp":"2026-05-13T07:33:45.565Z"}
{"duration":1,"level":"info","message":"db-query","rows":null,"text":"BEGIN","timestamp":"2026-05-13T07:33:51.218Z"}
{"duration":1,"level":"info","message":"db-query","rows":1,"text":"SELECT d.*, s.name AS subsidiary_name\n       FROM drivers d\n       LEFT JOIN subsidiaries s ON s.id = d.subsidiary_id\n       WHERE d.id = $1","timestamp":"2026-05-13T07:33:51.219Z"}
{"duration":0,"level":"info","message":"db-query","rows":0,"text":"SELECT id, note, created_at, created_by\n       FROM driver_notes\n       WHERE driver_id = $1\n       ORDER BY created_at DESC","timestamp":"2026-05-13T07:33:51.220Z"}
{"duration":1,"level":"info","message":"db-query","rows":0,"text":"SELECT id, name, start_time, end_time\n       FROM driver_shifts\n       WHERE driver_id = $1\n       ORDER BY id ASC","timestamp":"2026-05-13T07:33:51.221Z"}
{"duration":1,"level":"info","message":"db-query","rows":1,"text":"SELECT \n            v.*,\n            json_build_object(\n              'id', vt.id,\n              'name', vt.name,\n              'driver_waiting_charges', vt.driver_waiting_charges,\n              'account_waiting_charges', vt.account_waiting_charges,\n              'waiting_time', vt.waiting_time\n            ) AS vehicle_type\n         FROM vehicles v\n         LEFT JOIN vehicle_types vt ON vt.id = v.vehicle_type_id\n         WHERE v.id = $1\n         LIMIT 1","timestamp":"2026-05-13T07:33:51.222Z"}
{"duration":0,"level":"info","message":"db-query","rows":null,"text":"COMMIT","timestamp":"2026-05-13T07:33:51.223Z"}
{"duration":1,"level":"info","message":"db-query","rows":1,"text":"\n    UPDATE drivers\n    SET \n      session_status = 'logged_out',\n      driver_status = 'Unavailable',\n      booking_status = 'Unavailable',\n      last_login_at = NULL\n    WHERE id = $1\n  ","timestamp":"2026-05-13T07:33:51.225Z"}
{"duration":1,"level":"info","message":"db-query","rows":1,"text":"UPDATE drivers SET fcm_token = NULL WHERE id = $1","timestamp":"2026-05-13T07:33:51.227Z"}
{"duration":1,"level":"info","message":"db-query","rows":0,"text":"\n    SELECT *\n    FROM driver_shift_histories\n    WHERE driver_id = $1\n    AND logout_time IS NULL\n    ORDER BY id DESC\n    LIMIT 1\n  ","timestamp":"2026-05-13T07:33:51.228Z"}
{"driverId":172,"level":"info","message":"ws:driver-logout","timestamp":"2026-05-13T07:33:51.230Z"}
{"level":"info","message":"POST /api/drivers/logout/172 200 14.581 ms","timestamp":"2026-05-13T07:33:51.232Z"}
{"duration":1,"level":"info","message":"db-query","rows":null,"text":"BEGIN","timestamp":"2026-05-13T07:33:59.899Z"}
{"duration":1,"level":"info","message":"db-query","rows":1,"text":"SELECT d.*, s.name AS subsidiary_name\n       FROM drivers d\n       LEFT JOIN subsidiaries s ON s.id = d.subsidiary_id\n       WHERE d.id = $1","timestamp":"2026-05-13T07:33:59.900Z"}
{"duration":0,"level":"info","message":"db-query","rows":1,"text":"SELECT id, note, created_at, created_by\n       FROM driver_notes\n       WHERE driver_id = $1\n       ORDER BY created_at DESC","timestamp":"2026-05-13T07:33:59.901Z"}
{"duration":0,"level":"info","message":"db-query","rows":1,"text":"SELECT id, name, start_time, end_time\n       FROM driver_shifts\n       WHERE driver_id = $1\n       ORDER BY id ASC","timestamp":"2026-05-13T07:33:59.902Z"}
{"duration":1,"level":"info","message":"db-query","rows":1,"text":"SELECT \n            v.*,\n            json_build_object(\n              'id', vt.id,\n              'name', vt.name,\n              'driver_waiting_charges', vt.driver_waiting_charges,\n              'account_waiting_charges', vt.account_waiting_charges,\n              'waiting_time', vt.waiting_time\n            ) AS vehicle_type\n         FROM vehicles v\n         LEFT JOIN vehicle_types vt ON vt.id = v.vehicle_type_id\n         WHERE v.id = $1\n         LIMIT 1","timestamp":"2026-05-13T07:33:59.904Z"}
{"duration":0,"level":"info","message":"db-query","rows":null,"text":"COMMIT","timestamp":"2026-05-13T07:33:59.904Z"}
{"duration":1,"level":"info","message":"db-query","rows":1,"text":"\n    UPDATE drivers\n    SET \n      session_status = 'logged_out',\n      driver_status = 'Unavailable',\n      booking_status = 'Unavailable',\n      last_login_at = NULL\n    WHERE id = $1\n  ","timestamp":"2026-05-13T07:33:59.906Z"}
{"duration":1,"level":"info","message":"db-query","rows":1,"text":"UPDATE drivers SET fcm_token = NULL WHERE id = $1","timestamp":"2026-05-13T07:33:59.907Z"}
{"duration":2,"level":"info","message":"db-query","rows":0,"text":"\n    SELECT *\n    FROM driver_shift_histories\n    WHERE driver_id = $1\n    AND logout_time IS NULL\n    ORDER BY id DESC\n    LIMIT 1\n  ","timestamp":"2026-05-13T07:33:59.909Z"}
{"driverId":167,"level":"info","message":"ws:driver-logout","timestamp":"2026-05-13T07:33:59.911Z"}
{"level":"info","message":"POST /api/drivers/logout/167 200 13.889 ms","timestamp":"2026-05-13T07:33:59.912Z"}
{"duration":58,"level":"info","message":"db-query","rows":1,"text":"\n        SELECT * FROM drivers \n        WHERE LOWER(username) = LOWER($1)\n        LIMIT 1\n    ","timestamp":"2026-05-13T07:35:43.361Z"}
{"duration":3,"level":"info","message":"db-query","rows":1,"text":"\n        UPDATE drivers\n        SET\n          session_status = 'logged_in',\n          driver_status = 'Available',\n          booking_status = 'Available',\n          last_login_at = NOW(),\n          latitude = $1,\n          longitude = $2\n        WHERE id = $3\n      ","timestamp":"2026-05-13T07:35:43.446Z"}
{"duration":3,"level":"info","message":"db-query","rows":1,"text":"\n    INSERT INTO driver_shift_histories (\n      driver_id,\n      login_date,\n      login_time,\n      login_latitude,\n      login_longitude\n    )\n    VALUES (\n      $1,\n\n      TO_CHAR(NOW(), 'YYYY-MM-DD'),\n      TO_CHAR(NOW(), 'HH24:MI'),\n\n      $2,\n      $3\n    )\n\n    RETURNING *;\n  ","timestamp":"2026-05-13T07:35:43.449Z"}
{"duration":1,"level":"info","message":"db-query","rows":1,"text":"\n    UPDATE drivers\n    SET \n      fcm_token = $1,\n      fcm_updated_at = NOW()\n    WHERE id = $2\n  ","timestamp":"2026-05-13T07:35:43.450Z"}
{"duration":1,"level":"info","message":"db-query","rows":1,"text":"SELECT * FROM drivers WHERE id = $1 LIMIT 1","timestamp":"2026-05-13T07:35:43.451Z"}
{"duration":0,"level":"info","message":"db-query","rows":null,"text":"BEGIN","timestamp":"2026-05-13T07:35:43.452Z"}
{"duration":3,"level":"info","message":"db-query","rows":1,"text":"SELECT d.*, s.name AS subsidiary_name\n       FROM drivers d\n       LEFT JOIN subsidiaries s ON s.id = d.subsidiary_id\n       WHERE d.id = $1","timestamp":"2026-05-13T07:35:43.456Z"}
{"duration":4,"level":"info","message":"db-query","rows":0,"text":"SELECT id, note, created_at, created_by\n       FROM driver_notes\n       WHERE driver_id = $1\n       ORDER BY created_at DESC","timestamp":"2026-05-13T07:35:43.461Z"}
{"duration":2,"level":"info","message":"db-query","rows":0,"text":"SELECT id, name, start_time, end_time\n       FROM driver_shifts\n       WHERE driver_id = $1\n       ORDER BY id ASC","timestamp":"2026-05-13T07:35:43.463Z"}
{"duration":5,"level":"info","message":"db-query","rows":1,"text":"SELECT \n            v.*,\n            json_build_object(\n              'id', vt.id,\n              'name', vt.name,\n              'driver_waiting_charges', vt.driver_waiting_charges,\n              'account_waiting_charges', vt.account_waiting_charges,\n              'waiting_time', vt.waiting_time\n            ) AS vehicle_type\n         FROM vehicles v\n         LEFT JOIN vehicle_types vt ON vt.id = v.vehicle_type_id\n         WHERE v.id = $1\n         LIMIT 1","timestamp":"2026-05-13T07:35:43.468Z"}
{"duration":0,"level":"info","message":"db-query","rows":null,"text":"COMMIT","timestamp":"2026-05-13T07:35:43.469Z"}
{"level":"info","message":"POST /api/drivers/login 200 168.207 ms","timestamp":"2026-05-13T07:35:43.471Z"}
{"duration":0,"level":"info","message":"db-query","rows":null,"text":"BEGIN","timestamp":"2026-05-13T07:35:46.688Z"}
{"duration":2,"level":"info","message":"db-query","rows":1,"text":"SELECT d.*, s.name AS subsidiary_name\n       FROM drivers d\n       LEFT JOIN subsidiaries s ON s.id = d.subsidiary_id\n       WHERE d.id = $1","timestamp":"2026-05-13T07:35:46.691Z"}
{"duration":0,"level":"info","message":"db-query","rows":0,"text":"SELECT id, note, created_at, created_by\n       FROM driver_notes\n       WHERE driver_id = $1\n       ORDER BY created_at DESC","timestamp":"2026-05-13T07:35:46.693Z"}
{"duration":1,"level":"info","message":"db-query","rows":0,"text":"SELECT id, name, start_time, end_time\n       FROM driver_shifts\n       WHERE driver_id = $1\n       ORDER BY id ASC","timestamp":"2026-05-13T07:35:46.694Z"}
{"duration":1,"level":"info","message":"db-query","rows":1,"text":"SELECT \n            v.*,\n            json_build_object(\n              'id', vt.id,\n              'name', vt.name,\n              'driver_waiting_charges', vt.driver_waiting_charges,\n              'account_waiting_charges', vt.account_waiting_charges,\n              'waiting_time', vt.waiting_time\n            ) AS vehicle_type\n         FROM vehicles v\n         LEFT JOIN vehicle_types vt ON vt.id = v.vehicle_type_id\n         WHERE v.id = $1\n         LIMIT 1","timestamp":"2026-05-13T07:35:46.695Z"}
{"duration":1,"level":"info","message":"db-query","rows":null,"text":"COMMIT","timestamp":"2026-05-13T07:35:46.697Z"}
{"duration":1,"level":"info","message":"db-query","rows":1,"text":"\n    UPDATE drivers\n    SET \n      session_status = 'logged_out',\n      driver_status = 'Unavailable',\n      booking_status = 'Unavailable',\n      last_login_at = NULL\n    WHERE id = $1\n  ","timestamp":"2026-05-13T07:35:46.700Z"}
{"duration":1,"level":"info","message":"db-query","rows":1,"text":"UPDATE drivers SET fcm_token = NULL WHERE id = $1","timestamp":"2026-05-13T07:35:46.702Z"}
{"duration":2,"level":"info","message":"db-query","rows":1,"text":"\n    SELECT *\n    FROM driver_shift_histories\n    WHERE driver_id = $1\n    AND logout_time IS NULL\n    ORDER BY id DESC\n    LIMIT 1\n  ","timestamp":"2026-05-13T07:35:46.704Z"}
{"duration":1,"level":"info","message":"db-query","rows":1,"text":"\n    UPDATE driver_shift_histories\n    SET\n\n      logout_date = TO_CHAR(NOW(), 'YYYY-MM-DD'),\n      logout_time = TO_CHAR(NOW(), 'HH24:MI'),\n\n      logout_latitude = $1,\n      logout_longitude = $2,\n\n      updated_at = NOW()\n\n    WHERE id = $3\n\n    RETURNING *;\n  ","timestamp":"2026-05-13T07:35:46.705Z"}
{"driverId":172,"level":"info","message":"ws:driver-logout","timestamp":"2026-05-13T07:35:46.706Z"}
{"level":"info","message":"POST /api/drivers/logout/172 200 18.677 ms","timestamp":"2026-05-13T07:35:46.707Z"}
{"level":"info","message":"GET /api/driver_shift_history/login 500 58.295 ms","timestamp":"2026-05-13T07:36:26.363Z"}
{"duration":5,"level":"info","message":"db-query","rows":26,"text":"SELECT * FROM location_types","timestamp":"2026-05-13T07:36:54.972Z"}
{"level":"info","message":"GET /api/location-types 200 16.063 ms","timestamp":"2026-05-13T07:36:54.983Z"}
{"duration":86,"level":"info","message":"db-query","rows":26,"text":"SELECT * FROM location_types","timestamp":"2026-05-13T07:36:55.055Z"}
{"level":"info","message":"GET /api/location-types 200 87.728 ms","timestamp":"2026-05-13T07:36:55.057Z"}
{"level":"info","message":"GET /api/driver_shift_history/login?driver_id=167 500 51.412 ms","timestamp":"2026-05-13T07:37:21.887Z"}
{"level":"info","message":"GET /api/driver_shift_history/login?driver_id=172 500 43.062 ms","timestamp":"2026-05-13T07:37:26.831Z"}
{"duration":5,"level":"info","message":"db-query","rows":26,"text":"SELECT * FROM location_types","timestamp":"2026-05-13T07:38:16.072Z"}
{"level":"info","message":"GET /api/location-types 200 14.432 ms","timestamp":"2026-05-13T07:38:16.081Z"}
{"duration":56,"level":"info","message":"db-query","rows":26,"text":"SELECT * FROM location_types","timestamp":"2026-05-13T07:38:16.124Z"}
{"level":"info","message":"GET /api/location-types 200 59.170 ms","timestamp":"2026-05-13T07:38:16.128Z"}
{"level":"info","message":"GET /api/driver_shift_history/login?driver_id=172 500 4.677 ms","timestamp":"2026-05-13T07:38:16.248Z"}
{"duration":14,"level":"info","message":"db-query","rows":26,"text":"SELECT * FROM location_types","timestamp":"2026-05-13T07:39:09.273Z"}
{"level":"info","message":"GET /api/location-types 200 24.557 ms","timestamp":"2026-05-13T07:39:09.282Z"}
{"duration":165,"level":"info","message":"db-query","rows":26,"text":"SELECT * FROM location_types","timestamp":"2026-05-13T07:39:09.429Z"}
{"level":"info","message":"GET /api/location-types 200 166.741 ms","timestamp":"2026-05-13T07:39:09.431Z"}
{"duration":14,"level":"info","message":"db-query","rows":26,"text":"SELECT * FROM location_types","timestamp":"2026-05-13T07:39:13.310Z"}
{"level":"info","message":"GET /api/location-types 200 32.585 ms","timestamp":"2026-05-13T07:39:13.327Z"}
{"duration":64,"level":"info","message":"db-query","rows":26,"text":"SELECT * FROM location_types","timestamp":"2026-05-13T07:39:13.365Z"}
{"level":"info","message":"GET /api/location-types 200 66.574 ms","timestamp":"2026-05-13T07:39:13.367Z"}
{"duration":5,"level":"info","message":"db-query","rows":26,"text":"SELECT * FROM location_types","timestamp":"2026-05-13T07:39:18.004Z"}
{"level":"info","message":"GET /api/location-types 200 11.415 ms","timestamp":"2026-05-13T07:39:18.011Z"}
{"duration":152,"level":"info","message":"db-query","rows":26,"text":"SELECT * FROM location_types","timestamp":"2026-05-13T07:39:18.152Z"}
{"level":"info","message":"GET /api/location-types 200 152.681 ms","timestamp":"2026-05-13T07:39:18.153Z"}
{"duration":14,"level":"info","message":"db-query","rows":26,"text":"SELECT * FROM location_types","timestamp":"2026-05-13T07:39:21.871Z"}
{"level":"info","message":"GET /api/location-types 200 29.811 ms","timestamp":"2026-05-13T07:39:21.885Z"}
{"duration":198,"level":"info","message":"db-query","rows":26,"text":"SELECT * FROM location_types","timestamp":"2026-05-13T07:39:22.059Z"}
{"level":"info","message":"GET /api/location-types 200 200.773 ms","timestamp":"2026-05-13T07:39:22.062Z"}
{"duration":5,"level":"info","message":"db-query","rows":26,"text":"SELECT * FROM location_types","timestamp":"2026-05-13T07:39:26.893Z"}
{"level":"info","message":"GET /api/location-types 200 11.173 ms","timestamp":"2026-05-13T07:39:26.900Z"}
{"duration":48,"level":"info","message":"db-query","rows":26,"text":"SELECT * FROM location_types","timestamp":"2026-05-13T07:39:26.938Z"}
{"level":"info","message":"GET /api/location-types 200 49.474 ms","timestamp":"2026-05-13T07:39:26.939Z"}
{"duration":11,"level":"info","message":"db-query","rows":26,"text":"SELECT * FROM location_types","timestamp":"2026-05-13T07:39:30.129Z"}
{"level":"info","message":"GET /api/location-types 200 20.748 ms","timestamp":"2026-05-13T07:39:30.138Z"}
{"duration":165,"level":"info","message":"db-query","rows":26,"text":"SELECT * FROM location_types","timestamp":"2026-05-13T07:39:30.289Z"}
{"level":"info","message":"GET /api/location-types 200 166.298 ms","timestamp":"2026-05-13T07:39:30.291Z"}
{"duration":10,"level":"info","message":"db-query","rows":26,"text":"SELECT * FROM location_types","timestamp":"2026-05-13T07:39:36.791Z"}
{"level":"info","message":"GET /api/location-types 200 24.938 ms","timestamp":"2026-05-13T07:39:36.807Z"}
{"duration":68,"level":"info","message":"db-query","rows":26,"text":"SELECT * FROM location_types","timestamp":"2026-05-13T07:39:36.852Z"}
{"level":"info","message":"GET /api/location-types 200 70.263 ms","timestamp":"2026-05-13T07:39:36.854Z"}
{"duration":6,"level":"info","message":"db-query","rows":2,"text":"\n    SELECT\n      dsh.id,\n      dsh.driver_id,\n\n      dsh.login_date,\n      dsh.login_latitude,\n      dsh.login_longitude,\n\n      dsh.logout_date,\n      dsh.logout_latitude,\n      dsh.logout_longitude,\n\n      dsh.booking,\n\n      dsh.login_time,\n      dsh.logout_time,\n\n      json_build_object(\n        'username',\n        d.username\n      ) AS driver\n\n    FROM driver_shift_histories dsh\n\n    LEFT JOIN drivers d\n    ON d.id = dsh.driver_id\n\n    WHERE 1=1\n  \n      AND dsh.driver_id = $1\n    \n    ORDER BY dsh.id DESC\n  ","timestamp":"2026-05-13T07:39:37.970Z"}
{"level":"info","message":"GET /api/driver_shift_history/login?driver_id=172 200 8.019 ms","timestamp":"2026-05-13T07:39:37.971Z"}
{"duration":1,"level":"info","message":"db-query","rows":2,"text":"\n    SELECT\n      dsh.id,\n      dsh.driver_id,\n\n      dsh.login_date,\n      dsh.login_latitude,\n      dsh.login_longitude,\n\n      dsh.logout_date,\n      dsh.logout_latitude,\n      dsh.logout_longitude,\n\n      dsh.booking,\n\n      dsh.login_time,\n      dsh.logout_time,\n\n      json_build_object(\n        'username',\n        d.username\n      ) AS driver\n\n    FROM driver_shift_histories dsh\n\n    LEFT JOIN drivers d\n    ON d.id = dsh.driver_id\n\n    WHERE 1=1\n  \n    ORDER BY dsh.id DESC\n  ","timestamp":"2026-05-13T07:39:42.378Z"}
{"level":"info","message":"GET /api/driver_shift_history/login 200 4.341 ms","timestamp":"2026-05-13T07:39:42.380Z"}
{"duration":1,"level":"info","message":"db-query","rows":0,"text":"\n    SELECT\n      dsh.id,\n      dsh.driver_id,\n\n      dsh.login_date,\n      dsh.login_latitude,\n      dsh.login_longitude,\n\n      dsh.logout_date,\n      dsh.logout_latitude,\n      dsh.logout_longitude,\n\n      dsh.booking,\n\n      dsh.login_time,\n      dsh.logout_time,\n\n      json_build_object(\n        'username',\n        d.username\n      ) AS driver\n\n    FROM driver_shift_histories dsh\n\n    LEFT JOIN drivers d\n    ON d.id = dsh.driver_id\n\n    WHERE 1=1\n  \n      AND dsh.driver_id = $1\n    \n    ORDER BY dsh.id DESC\n  ","timestamp":"2026-05-13T07:39:49.157Z"}
{"level":"info","message":"GET /api/driver_shift_history/login?driver_id=167 200 2.703 ms","timestamp":"2026-05-13T07:39:49.159Z"}
{"duration":2,"level":"info","message":"db-query","rows":2,"text":"\n    SELECT\n      dsh.id,\n      dsh.driver_id,\n\n      dsh.login_date,\n      dsh.login_latitude,\n      dsh.login_longitude,\n\n      dsh.logout_date,\n      dsh.logout_latitude,\n      dsh.logout_longitude,\n\n      dsh.booking,\n\n      dsh.login_time,\n      dsh.logout_time,\n\n      json_build_object(\n        'username',\n        d.username\n      ) AS driver\n\n    FROM driver_shift_histories dsh\n\n    LEFT JOIN drivers d\n    ON d.id = dsh.driver_id\n\n    WHERE 1=1\n  \n      AND dsh.driver_id = $1\n    \n    ORDER BY dsh.id DESC\n  ","timestamp":"2026-05-13T07:39:54.318Z"}
{"level":"info","message":"GET /api/driver_shift_history/login?driver_id=172 200 2.099 ms","timestamp":"2026-05-13T07:39:54.319Z"}
{"duration":59,"level":"info","message":"db-query","rows":2,"text":"\n    SELECT\n      dsh.id,\n      dsh.driver_id,\n\n      dsh.login_date,\n      dsh.login_latitude,\n      dsh.login_longitude,\n\n      dsh.logout_date,\n      dsh.logout_latitude,\n      dsh.logout_longitude,\n\n      dsh.booking,\n\n      dsh.login_time,\n      dsh.logout_time,\n\n      json_build_object(\n        'username',\n        d.username\n      ) AS driver\n\n    FROM driver_shift_histories dsh\n\n    LEFT JOIN drivers d\n    ON d.id = dsh.driver_id\n\n    WHERE 1=1\n  \n      AND dsh.driver_id = $1\n    \n      AND dsh.login_date\n      BETWEEN $2\n      AND $3\n    \n    ORDER BY dsh.id DESC\n  ","timestamp":"2026-05-13T07:40:31.951Z"}
{"level":"info","message":"GET /api/driver_shift_history/login?driver_id=172&from_date=2026-05-13&to_date=2026-05-13 200 59.481 ms","timestamp":"2026-05-13T07:40:31.952Z"}
{"duration":2,"level":"info","message":"db-query","rows":0,"text":"\n    SELECT\n      dsh.id,\n      dsh.driver_id,\n\n      dsh.login_date,\n      dsh.login_latitude,\n      dsh.login_longitude,\n\n      dsh.logout_date,\n      dsh.logout_latitude,\n      dsh.logout_longitude,\n\n      dsh.booking,\n\n      dsh.login_time,\n      dsh.logout_time,\n\n      json_build_object(\n        'username',\n        d.username\n      ) AS driver\n\n    FROM driver_shift_histories dsh\n\n    LEFT JOIN drivers d\n    ON d.id = dsh.driver_id\n\n    WHERE 1=1\n  \n      AND dsh.driver_id = $1\n    \n      AND dsh.login_date\n      BETWEEN $2\n      AND $3\n    \n    ORDER BY dsh.id DESC\n  ","timestamp":"2026-05-13T07:40:35.545Z"}
{"level":"info","message":"GET /api/driver_shift_history/login?driver_id=172&from_date=2026-05-13&to_date=2026-05-11 200 2.211 ms","timestamp":"2026-05-13T07:40:35.546Z"}
{"duration":1,"level":"info","message":"db-query","rows":2,"text":"\n    SELECT\n      dsh.id,\n      dsh.driver_id,\n\n      dsh.login_date,\n      dsh.login_latitude,\n      dsh.login_longitude,\n\n      dsh.logout_date,\n      dsh.logout_latitude,\n      dsh.logout_longitude,\n\n      dsh.booking,\n\n      dsh.login_time,\n      dsh.logout_time,\n\n      json_build_object(\n        'username',\n        d.username\n      ) AS driver\n\n    FROM driver_shift_histories dsh\n\n    LEFT JOIN drivers d\n    ON d.id = dsh.driver_id\n\n    WHERE 1=1\n  \n      AND dsh.driver_id = $1\n    \n      AND dsh.login_date\n      BETWEEN $2\n      AND $3\n    \n    ORDER BY dsh.id DESC\n  ","timestamp":"2026-05-13T07:40:40.854Z"}
{"level":"info","message":"GET /api/driver_shift_history/login?driver_id=172&from_date=2026-05-13&to_date=2026-05-13 200 2.361 ms","timestamp":"2026-05-13T07:40:40.855Z"}
{"duration":52,"level":"info","message":"db-query","rows":1,"text":"\n    SELECT\n      dsh.id,\n      dsh.driver_id,\n\n      dsh.login_date,\n      dsh.login_latitude,\n      dsh.login_longitude,\n\n      dsh.logout_date,\n      dsh.logout_latitude,\n      dsh.logout_longitude,\n\n      dsh.booking,\n\n      dsh.login_time,\n      dsh.logout_time,\n\n      json_build_object(\n        'username',\n        d.username\n      ) AS driver\n\n    FROM driver_shift_histories dsh\n\n    LEFT JOIN drivers d\n    ON d.id = dsh.driver_id\n\n    WHERE 1=1\n  \n      AND dsh.driver_id = $1\n    \n      AND dsh.login_date\n      BETWEEN $2\n      AND $3\n    \n      AND dsh.login_time\n      BETWEEN $4\n      AND $5\n    \n    ORDER BY dsh.id DESC\n  ","timestamp":"2026-05-13T07:41:11.372Z"}
{"level":"info","message":"GET /api/driver_shift_history/login?driver_id=172&from_date=2026-05-13&to_date=2026-05-13&from_time=12:35&to_time=16:36 200 53.545 ms","timestamp":"2026-05-13T07:41:11.374Z"}
{"duration":10,"level":"info","message":"db-query","rows":26,"text":"SELECT * FROM location_types","timestamp":"2026-05-13T07:45:51.719Z"}
{"level":"info","message":"GET /api/location-types 200 19.733 ms","timestamp":"2026-05-13T07:45:51.728Z"}
{"duration":60,"level":"info","message":"db-query","rows":26,"text":"SELECT * FROM location_types","timestamp":"2026-05-13T07:45:51.772Z"}
{"level":"info","message":"GET /api/location-types 200 61.979 ms","timestamp":"2026-05-13T07:45:51.774Z"}
{"duration":6,"level":"info","message":"db-query","rows":1,"text":"\n    SELECT COUNT(*) AS total\n\n    FROM driver_shift_histories dsh\n\n    LEFT JOIN drivers d\n    ON d.id = dsh.driver_id\n\n    WHERE \n      dsh.driver_id = $1\n    \n  ","timestamp":"2026-05-13T07:45:56.208Z"}
{"duration":1,"level":"info","message":"db-query","rows":2,"text":"\n    SELECT\n\n      dsh.id,\n      dsh.driver_id,\n\n      dsh.login_date,\n      dsh.login_latitude,\n      dsh.login_longitude,\n\n      dsh.logout_date,\n      dsh.logout_latitude,\n      dsh.logout_longitude,\n\n      dsh.booking,\n\n      dsh.login_time,\n      dsh.logout_time,\n\n      json_build_object(\n        'username',\n        d.username\n      ) AS driver\n\n    FROM driver_shift_histories dsh\n\n    LEFT JOIN drivers d\n    ON d.id = dsh.driver_id\n\n    WHERE \n      dsh.driver_id = $1\n    \n\n    ORDER BY dsh.id DESC\n\n    OFFSET $2\n\n    LIMIT $3\n  ","timestamp":"2026-05-13T07:45:56.210Z"}
{"level":"info","message":"GET /api/driver_shift_history/login?driver_id=172&from_date=2026-05-13&to_date=2026-05-13&from_time=12:35&to_time=16:36 200 9.860 ms","timestamp":"2026-05-13T07:45:56.212Z"}
{"duration":8,"level":"info","message":"db-query","rows":26,"text":"SELECT * FROM location_types","timestamp":"2026-05-13T07:46:12.649Z"}
{"level":"info","message":"GET /api/location-types 200 18.511 ms","timestamp":"2026-05-13T07:46:12.661Z"}
{"duration":56,"level":"info","message":"db-query","rows":26,"text":"SELECT * FROM location_types","timestamp":"2026-05-13T07:46:12.700Z"}
{"level":"info","message":"GET /api/location-types 200 57.905 ms","timestamp":"2026-05-13T07:46:12.702Z"}
{"duration":6,"level":"info","message":"db-query","rows":1,"text":"\n    SELECT\n      dsh.id,\n      dsh.driver_id,\n\n      dsh.login_date,\n      dsh.login_latitude,\n      dsh.login_longitude,\n\n      dsh.logout_date,\n      dsh.logout_latitude,\n      dsh.logout_longitude,\n\n      dsh.booking,\n\n      dsh.login_time,\n      dsh.logout_time,\n\n      json_build_object(\n        'username',\n        d.username\n      ) AS driver\n\n    FROM driver_shift_histories dsh\n\n    LEFT JOIN drivers d\n    ON d.id = dsh.driver_id\n\n    WHERE 1=1\n  \n      AND dsh.driver_id = $1\n    \n      AND dsh.login_date\n      BETWEEN $2\n      AND $3\n    \n      AND dsh.login_time\n      BETWEEN $4\n      AND $5\n    \n    ORDER BY dsh.id DESC\n  ","timestamp":"2026-05-13T07:46:16.593Z"}
{"level":"info","message":"GET /api/driver_shift_history/login?driver_id=172&from_date=2026-05-13&to_date=2026-05-13&from_time=12:35&to_time=16:36 200 8.434 ms","timestamp":"2026-05-13T07:46:16.595Z"}
{"duration":8,"level":"info","message":"db-query","rows":1,"text":"\n    SELECT COUNT(*) AS total\n\n    FROM driver_shift_histories dsh\n\n    LEFT JOIN drivers d\n    ON d.id = dsh.driver_id\n\n    WHERE \n      dsh.driver_id = $1\n    \n  ","timestamp":"2026-05-13T07:47:08.632Z"}
{"duration":1,"level":"info","message":"db-query","rows":2,"text":"\n    SELECT\n\n      dsh.id,\n      dsh.driver_id,\n\n      dsh.login_date,\n      dsh.login_latitude,\n      dsh.login_longitude,\n\n      dsh.logout_date,\n      dsh.logout_latitude,\n      dsh.logout_longitude,\n\n      dsh.booking,\n\n      dsh.login_time,\n      dsh.logout_time,\n\n      json_build_object(\n        'username',\n        d.username\n      ) AS driver\n\n    FROM driver_shift_histories dsh\n\n    LEFT JOIN drivers d\n    ON d.id = dsh.driver_id\n\n    WHERE \n      dsh.driver_id = $1\n    \n\n    ORDER BY dsh.id DESC\n\n    OFFSET $2\n\n    LIMIT $3\n  ","timestamp":"2026-05-13T07:47:08.636Z"}
{"level":"info","message":"GET /api/driver_shift_history/login?driver_id=172&from_date=2026-05-13&to_date=2026-05-13&from_time=12:35&to_time=16:36 200 17.402 ms","timestamp":"2026-05-13T07:47:08.641Z"}
{"duration":3,"level":"info","message":"db-query","rows":26,"text":"SELECT * FROM location_types","timestamp":"2026-05-13T07:47:08.820Z"}
{"level":"info","message":"GET /api/location-types 200 3.973 ms","timestamp":"2026-05-13T07:47:08.821Z"}
{"duration":70,"level":"info","message":"db-query","rows":26,"text":"SELECT * FROM location_types","timestamp":"2026-05-13T07:47:08.888Z"}
{"level":"info","message":"GET /api/location-types 200 70.470 ms","timestamp":"2026-05-13T07:47:08.889Z"}
{"duration":6,"level":"info","message":"db-query","rows":26,"text":"SELECT * FROM location_types","timestamp":"2026-05-13T07:50:03.461Z"}
{"level":"info","message":"GET /api/location-types 200 15.374 ms","timestamp":"2026-05-13T07:50:03.471Z"}
{"duration":59,"level":"info","message":"db-query","rows":26,"text":"SELECT * FROM location_types","timestamp":"2026-05-13T07:50:03.515Z"}
{"level":"info","message":"GET /api/location-types 200 60.310 ms","timestamp":"2026-05-13T07:50:03.517Z"}
{"duration":14,"level":"info","message":"db-query","rows":26,"text":"SELECT * FROM location_types","timestamp":"2026-05-13T07:50:07.089Z"}
{"level":"info","message":"GET /api/location-types 200 34.358 ms","timestamp":"2026-05-13T07:50:07.106Z"}
{"duration":83,"level":"info","message":"db-query","rows":26,"text":"SELECT * FROM location_types","timestamp":"2026-05-13T07:50:07.167Z"}
{"level":"info","message":"GET /api/location-types 200 85.777 ms","timestamp":"2026-05-13T07:50:07.169Z"}
{"duration":5,"level":"info","message":"db-query","rows":1,"text":"\n    SELECT COUNT(*) AS total\n\n    FROM driver_shift_histories dsh\n\n    LEFT JOIN drivers d\n    ON d.id = dsh.driver_id\n\n    WHERE \n      dsh.driver_id = $1\n    \n  ","timestamp":"2026-05-13T07:50:10.160Z"}
{"duration":2,"level":"info","message":"db-query","rows":2,"text":"\n    SELECT\n\n      dsh.id,\n      dsh.driver_id,\n\n      dsh.login_date,\n      dsh.login_latitude,\n      dsh.login_longitude,\n\n      dsh.logout_date,\n      dsh.logout_latitude,\n      dsh.logout_longitude,\n\n      dsh.booking,\n\n      dsh.login_time,\n      dsh.logout_time,\n\n      json_build_object(\n        'username',\n        d.username\n      ) AS driver\n\n    FROM driver_shift_histories dsh\n\n    LEFT JOIN drivers d\n    ON d.id = dsh.driver_id\n\n    WHERE \n      dsh.driver_id = $1\n    \n\n    ORDER BY dsh.id DESC\n\n    OFFSET $2\n\n    LIMIT $3\n  ","timestamp":"2026-05-13T07:50:10.162Z"}
{"level":"info","message":"GET /api/driver_shift_history/login?driver_id=172&from_date=2026-05-13&to_date=2026-05-13&from_time=12:35&to_time=16:36 200 8.811 ms","timestamp":"2026-05-13T07:50:10.163Z"}
{"duration":6,"level":"info","message":"db-query","rows":26,"text":"SELECT * FROM location_types","timestamp":"2026-05-13T07:50:23.298Z"}
{"level":"info","message":"GET /api/location-types 200 12.483 ms","timestamp":"2026-05-13T07:50:23.304Z"}
{"duration":56,"level":"info","message":"db-query","rows":26,"text":"SELECT * FROM location_types","timestamp":"2026-05-13T07:50:23.351Z"}
{"level":"info","message":"GET /api/location-types 200 57.854 ms","timestamp":"2026-05-13T07:50:23.352Z"}
{"duration":9,"level":"info","message":"db-query","rows":1,"text":"\n    SELECT\n      dsh.id,\n      dsh.driver_id,\n\n      dsh.login_date,\n      dsh.login_latitude,\n      dsh.login_longitude,\n\n      dsh.logout_date,\n      dsh.logout_latitude,\n      dsh.logout_longitude,\n\n      dsh.booking,\n\n      dsh.login_time,\n      dsh.logout_time,\n\n      json_build_object(\n        'username',\n        d.username\n      ) AS driver\n\n    FROM driver_shift_histories dsh\n\n    LEFT JOIN drivers d\n    ON d.id = dsh.driver_id\n\n    WHERE 1=1\n  \n      AND dsh.driver_id = $1\n    \n      AND dsh.login_date\n      BETWEEN $2\n      AND $3\n    \n      AND dsh.login_time\n      BETWEEN $4\n      AND $5\n    \n    ORDER BY dsh.id DESC\n  ","timestamp":"2026-05-13T07:50:26.745Z"}
{"level":"info","message":"GET /api/driver_shift_history/login?driver_id=172&from_date=2026-05-13&to_date=2026-05-13&from_time=12:35&to_time=16:36 200 15.457 ms","timestamp":"2026-05-13T07:50:26.751Z"}
{"duration":5,"level":"info","message":"db-query","rows":26,"text":"SELECT * FROM location_types","timestamp":"2026-05-13T07:50:27.056Z"}
{"level":"info","message":"GET /api/location-types 200 10.046 ms","timestamp":"2026-05-13T07:50:27.066Z"}
{"duration":81,"level":"info","message":"db-query","rows":26,"text":"SELECT * FROM location_types","timestamp":"2026-05-13T07:50:27.133Z"}
{"level":"info","message":"GET /api/location-types 200 82.199 ms","timestamp":"2026-05-13T07:50:27.134Z"}
{"duration":6,"level":"info","message":"db-query","rows":26,"text":"SELECT * FROM location_types","timestamp":"2026-05-13T07:53:35.230Z"}
{"level":"info","message":"GET /api/location-types 200 13.472 ms","timestamp":"2026-05-13T07:53:35.238Z"}
{"duration":73,"level":"info","message":"db-query","rows":26,"text":"SELECT * FROM location_types","timestamp":"2026-05-13T07:53:35.298Z"}
{"level":"info","message":"GET /api/location-types 200 74.042 ms","timestamp":"2026-05-13T07:53:35.300Z"}
{"duration":19,"level":"info","message":"db-query","rows":26,"text":"SELECT * FROM location_types","timestamp":"2026-05-13T07:53:51.508Z"}
{"level":"info","message":"GET /api/location-types 200 31.855 ms","timestamp":"2026-05-13T07:53:51.519Z"}
{"duration":82,"level":"info","message":"db-query","rows":26,"text":"SELECT * FROM location_types","timestamp":"2026-05-13T07:53:51.574Z"}
{"level":"info","message":"GET /api/location-types 200 83.728 ms","timestamp":"2026-05-13T07:53:51.576Z"}
{"duration":6,"level":"info","message":"db-query","rows":1,"text":"\n    SELECT\n      dsh.id,\n      dsh.driver_id,\n\n      dsh.login_date,\n      dsh.login_latitude,\n      dsh.login_longitude,\n\n      dsh.logout_date,\n      dsh.logout_latitude,\n      dsh.logout_longitude,\n\n      dsh.booking,\n\n      dsh.login_time,\n      dsh.logout_time,\n\n      json_build_object(\n        'username',\n        d.username\n      ) AS driver\n\n    FROM driver_shift_histories dsh\n\n    LEFT JOIN drivers d\n    ON d.id = dsh.driver_id\n\n    WHERE 1=1\n  \n      AND dsh.driver_id = $1\n    \n      AND dsh.login_date\n      BETWEEN $2\n      AND $3\n    \n      AND dsh.login_time\n      BETWEEN $4\n      AND $5\n    \n    ORDER BY dsh.id DESC\n  ","timestamp":"2026-05-13T07:53:56.726Z"}
{"level":"info","message":"GET /api/driver_shift_history/login?driver_id=172&from_date=2026-05-13&to_date=2026-05-13&from_time=12:35&to_time=16:36 200 8.177 ms","timestamp":"2026-05-13T07:53:56.727Z"}
{"duration":151,"level":"info","message":"db-query","rows":2,"text":"\n    SELECT\n      dsh.id,\n      dsh.driver_id,\n\n      dsh.login_date,\n      dsh.login_latitude,\n      dsh.login_longitude,\n\n      dsh.logout_date,\n      dsh.logout_latitude,\n      dsh.logout_longitude,\n\n      dsh.booking,\n\n      dsh.login_time,\n      dsh.logout_time,\n\n      json_build_object(\n        'username',\n        d.username\n      ) AS driver\n\n    FROM driver_shift_histories dsh\n\n    LEFT JOIN drivers d\n    ON d.id = dsh.driver_id\n\n    WHERE 1=1\n  \n      AND dsh.driver_id = $1\n    \n      AND dsh.login_date\n      BETWEEN $2\n      AND $3\n    \n    ORDER BY dsh.id DESC\n  ","timestamp":"2026-05-13T07:54:07.321Z"}
{"level":"info","message":"GET /api/driver_shift_history/login?driver_id=172&from_date=2026-05-13&to_date=2026-05-13&from_time=12:35 200 153.293 ms","timestamp":"2026-05-13T07:54:07.323Z"}
{"duration":50,"level":"info","message":"db-query","rows":1,"text":"\n    SELECT\n      dsh.id,\n      dsh.driver_id,\n\n      dsh.login_date,\n      dsh.login_latitude,\n      dsh.login_longitude,\n\n      dsh.logout_date,\n      dsh.logout_latitude,\n      dsh.logout_longitude,\n\n      dsh.booking,\n\n      dsh.login_time,\n      dsh.logout_time,\n\n      json_build_object(\n        'username',\n        d.username\n      ) AS driver\n\n    FROM driver_shift_histories dsh\n\n    LEFT JOIN drivers d\n    ON d.id = dsh.driver_id\n\n    WHERE 1=1\n  \n      AND dsh.driver_id = $1\n    \n      AND dsh.login_date\n      BETWEEN $2\n      AND $3\n    \n      AND dsh.login_time\n      BETWEEN $4\n      AND $5\n    \n    ORDER BY dsh.id DESC\n  ","timestamp":"2026-05-13T07:54:21.089Z"}
{"level":"info","message":"GET /api/driver_shift_history/login?driver_id=172&from_date=2026-05-13&to_date=2026-05-13&from_time=12:35&to_time=16:36 200 51.318 ms","timestamp":"2026-05-13T07:54:21.091Z"}
{"duration":1,"level":"info","message":"db-query","rows":2,"text":"\n    SELECT\n      dsh.id,\n      dsh.driver_id,\n\n      dsh.login_date,\n      dsh.login_latitude,\n      dsh.login_longitude,\n\n      dsh.logout_date,\n      dsh.logout_latitude,\n      dsh.logout_longitude,\n\n      dsh.booking,\n\n      dsh.login_time,\n      dsh.logout_time,\n\n      json_build_object(\n        'username',\n        d.username\n      ) AS driver\n\n    FROM driver_shift_histories dsh\n\n    LEFT JOIN drivers d\n    ON d.id = dsh.driver_id\n\n    WHERE 1=1\n  \n      AND dsh.driver_id = $1\n    \n      AND dsh.login_date\n      BETWEEN $2\n      AND $3\n    \n    ORDER BY dsh.id DESC\n  ","timestamp":"2026-05-13T07:54:25.818Z"}
{"level":"info","message":"GET /api/driver_shift_history/login?driver_id=172&from_date=2026-05-13&to_date=2026-05-13 200 2.011 ms","timestamp":"2026-05-13T07:54:25.819Z"}
{"duration":1,"level":"info","message":"db-query","rows":2,"text":"\n    SELECT\n      dsh.id,\n      dsh.driver_id,\n\n      dsh.login_date,\n      dsh.login_latitude,\n      dsh.login_longitude,\n\n      dsh.logout_date,\n      dsh.logout_latitude,\n      dsh.logout_longitude,\n\n      dsh.booking,\n\n      dsh.login_time,\n      dsh.logout_time,\n\n      json_build_object(\n        'username',\n        d.username\n      ) AS driver\n\n    FROM driver_shift_histories dsh\n\n    LEFT JOIN drivers d\n    ON d.id = dsh.driver_id\n\n    WHERE 1=1\n  \n      AND dsh.login_date\n      BETWEEN $1\n      AND $2\n    \n    ORDER BY dsh.id DESC\n  ","timestamp":"2026-05-13T07:54:33.940Z"}
{"level":"info","message":"GET /api/driver_shift_history/login?from_date=2026-05-13&to_date=2026-05-13 200 2.232 ms","timestamp":"2026-05-13T07:54:33.941Z"}
{"duration":16,"level":"info","message":"db-query","rows":26,"text":"SELECT * FROM location_types","timestamp":"2026-05-13T07:54:45.130Z"}
{"level":"info","message":"GET /api/location-types 200 24.235 ms","timestamp":"2026-05-13T07:54:45.137Z"}
{"duration":168,"level":"info","message":"db-query","rows":26,"text":"SELECT * FROM location_types","timestamp":"2026-05-13T07:54:45.292Z"}
{"level":"info","message":"GET /api/location-types 200 170.579 ms","timestamp":"2026-05-13T07:54:45.294Z"}
{"duration":10,"level":"info","message":"db-query","rows":26,"text":"SELECT * FROM location_types","timestamp":"2026-05-13T07:54:48.822Z"}
{"level":"info","message":"GET /api/location-types 200 20.330 ms","timestamp":"2026-05-13T07:54:48.832Z"}
{"duration":57,"level":"info","message":"db-query","rows":26,"text":"SELECT * FROM location_types","timestamp":"2026-05-13T07:54:48.873Z"}
{"level":"info","message":"GET /api/location-types 200 59.804 ms","timestamp":"2026-05-13T07:54:48.876Z"}
{"duration":5,"level":"info","message":"db-query","rows":2,"text":"\n    SELECT\n      dsh.id,\n      dsh.driver_id,\n\n      dsh.login_date,\n      dsh.login_latitude,\n      dsh.login_longitude,\n\n      dsh.logout_date,\n      dsh.logout_latitude,\n      dsh.logout_longitude,\n\n      dsh.booking,\n\n      dsh.login_time,\n      dsh.logout_time,\n\n      json_build_object(\n        'username',\n        d.username\n      ) AS driver\n\n    FROM driver_shift_histories dsh\n\n    LEFT JOIN drivers d\n    ON d.id = dsh.driver_id\n\n    WHERE 1=1\n  \n      AND dsh.driver_id = $1\n    \n      AND dsh.login_date\n      BETWEEN $2\n      AND $3\n    \n    ORDER BY dsh.id DESC\n  ","timestamp":"2026-05-13T07:54:49.326Z"}
{"level":"info","message":"GET /api/driver_shift_history/login?driver_id=172&from_date=2026-05-13&to_date=2026-05-13 200 38.090 ms","timestamp":"2026-05-13T07:54:49.358Z"}
{"duration":1,"level":"info","message":"db-query","rows":2,"text":"\n    SELECT\n      dsh.id,\n      dsh.driver_id,\n\n      dsh.login_date,\n      dsh.login_latitude,\n      dsh.login_longitude,\n\n      dsh.logout_date,\n      dsh.logout_latitude,\n      dsh.logout_longitude,\n\n      dsh.booking,\n\n      dsh.login_time,\n      dsh.logout_time,\n\n      json_build_object(\n        'username',\n        d.username\n      ) AS driver\n\n    FROM driver_shift_histories dsh\n\n    LEFT JOIN drivers d\n    ON d.id = dsh.driver_id\n\n    WHERE 1=1\n  \n      AND dsh.driver_id = $1\n    \n      AND dsh.login_date\n      BETWEEN $2\n      AND $3\n    \n    ORDER BY dsh.id DESC\n  ","timestamp":"2026-05-13T07:54:53.960Z"}
{"level":"info","message":"GET /api/driver_shift_history/login?driver_id=172&from_date=2026-05-13&to_date=2026-05-13&from_time=12:35 200 3.586 ms","timestamp":"2026-05-13T07:54:53.962Z"}
{"duration":2,"level":"info","message":"db-query","rows":1,"text":"\n    SELECT\n      dsh.id,\n      dsh.driver_id,\n\n      dsh.login_date,\n      dsh.login_latitude,\n      dsh.login_longitude,\n\n      dsh.logout_date,\n      dsh.logout_latitude,\n      dsh.logout_longitude,\n\n      dsh.booking,\n\n      dsh.login_time,\n      dsh.logout_time,\n\n      json_build_object(\n        'username',\n        d.username\n      ) AS driver\n\n    FROM driver_shift_histories dsh\n\n    LEFT JOIN drivers d\n    ON d.id = dsh.driver_id\n\n    WHERE 1=1\n  \n      AND dsh.driver_id = $1\n    \n      AND dsh.login_date\n      BETWEEN $2\n      AND $3\n    \n      AND dsh.login_time\n      BETWEEN $4\n      AND $5\n    \n    ORDER BY dsh.id DESC\n  ","timestamp":"2026-05-13T07:54:58.342Z"}
{"level":"info","message":"GET /api/driver_shift_history/login?driver_id=172&from_date=2026-05-13&to_date=2026-05-13&from_time=12:35&to_time=16:36 200 3.884 ms","timestamp":"2026-05-13T07:54:58.344Z"}
{"duration":2,"level":"info","message":"db-query","rows":2,"text":"\n    SELECT\n      dsh.id,\n      dsh.driver_id,\n\n      dsh.login_date,\n      dsh.login_latitude,\n      dsh.login_longitude,\n\n      dsh.logout_date,\n      dsh.logout_latitude,\n      dsh.logout_longitude,\n\n      dsh.booking,\n\n      dsh.login_time,\n      dsh.logout_time,\n\n      json_build_object(\n        'username',\n        d.username\n      ) AS driver\n\n    FROM driver_shift_histories dsh\n\n    LEFT JOIN drivers d\n    ON d.id = dsh.driver_id\n\n    WHERE 1=1\n  \n      AND dsh.driver_id = $1\n    \n      AND dsh.login_date\n      BETWEEN $2\n      AND $3\n    \n      AND dsh.login_time\n      BETWEEN $4\n      AND $5\n    \n    ORDER BY dsh.id DESC\n  ","timestamp":"2026-05-13T07:55:06.462Z"}
{"level":"info","message":"GET /api/driver_shift_history/login?driver_id=172&from_date=2026-05-13&to_date=2026-05-13&from_time=12:00&to_time=16:36 200 2.432 ms","timestamp":"2026-05-13T07:55:06.463Z"}
{"duration":9,"level":"info","message":"db-query","rows":26,"text":"SELECT * FROM location_types","timestamp":"2026-05-13T07:55:30.282Z"}
{"level":"info","message":"GET /api/location-types 200 20.578 ms","timestamp":"2026-05-13T07:55:30.295Z"}
{"duration":67,"level":"info","message":"db-query","rows":26,"text":"SELECT * FROM location_types","timestamp":"2026-05-13T07:55:30.343Z"}
{"level":"info","message":"GET /api/location-types 200 68.199 ms","timestamp":"2026-05-13T07:55:30.344Z"}
{"duration":8,"level":"info","message":"db-query","rows":2,"text":"\n    SELECT\n      dsh.id,\n      dsh.driver_id,\n\n      dsh.login_date,\n      dsh.login_latitude,\n      dsh.login_longitude,\n\n      dsh.logout_date,\n      dsh.logout_latitude,\n      dsh.logout_longitude,\n\n      dsh.booking,\n\n      dsh.login_time,\n      dsh.logout_time,\n\n      json_build_object(\n        'username',\n        d.username\n      ) AS driver\n\n    FROM driver_shift_histories dsh\n\n    LEFT JOIN drivers d\n    ON d.id = dsh.driver_id\n\n    WHERE 1=1\n  \n      AND dsh.driver_id = $1\n    \n      AND dsh.login_date\n      BETWEEN $2\n      AND $3\n    \n      AND dsh.login_time\n      BETWEEN $4\n      AND $5\n    \n    ORDER BY dsh.id DESC\n  ","timestamp":"2026-05-13T07:55:49.368Z"}
{"level":"info","message":"GET /api/driver_shift_history/login?driver_id=172&from_date=2026-05-13&to_date=2026-05-13&from_time=12:00&to_time=16:36 200 24.740 ms","timestamp":"2026-05-13T07:55:49.383Z"}
{"duration":3,"level":"info","message":"db-query","rows":26,"text":"SELECT * FROM location_types","timestamp":"2026-05-13T07:55:49.536Z"}
{"level":"info","message":"GET /api/location-types 200 4.771 ms","timestamp":"2026-05-13T07:55:49.537Z"}
{"duration":159,"level":"info","message":"db-query","rows":26,"text":"SELECT * FROM location_types","timestamp":"2026-05-13T07:55:49.693Z"}
{"level":"info","message":"GET /api/location-types 200 160.012 ms","timestamp":"2026-05-13T07:55:49.694Z"}
{"duration":56,"level":"info","message":"db-query","rows":2,"text":"\n    SELECT\n      dsh.id,\n      dsh.driver_id,\n\n      dsh.login_date,\n      dsh.login_latitude,\n      dsh.login_longitude,\n\n      dsh.logout_date,\n      dsh.logout_latitude,\n      dsh.logout_longitude,\n\n      dsh.booking,\n\n      dsh.login_time,\n      dsh.logout_time,\n\n      json_build_object(\n        'username',\n        d.username\n      ) AS driver\n\n    FROM driver_shift_histories dsh\n\n    LEFT JOIN drivers d\n    ON d.id = dsh.driver_id\n\n    WHERE 1=1\n  \n      AND dsh.driver_id = $1\n    \n      AND dsh.login_date\n      BETWEEN $2\n      AND $3\n    \n      AND dsh.login_time\n      BETWEEN $4\n      AND $5\n    \n    ORDER BY dsh.id DESC\n  ","timestamp":"2026-05-13T09:02:14.709Z"}
{"level":"info","message":"GET /api/driver_shift_history/login?driver_id=172&from_date=2026-05-13&to_date=2026-05-13&from_time=12:00&to_time=16:36 200 58.863 ms","timestamp":"2026-05-13T09:02:14.711Z"}
{"duration":55,"level":"info","message":"db-query","rows":2,"text":"\n    SELECT\n      dsh.id,\n      dsh.driver_id,\n\n      dsh.login_date,\n      dsh.login_latitude,\n      dsh.login_longitude,\n\n      dsh.logout_date,\n      dsh.logout_latitude,\n      dsh.logout_longitude,\n\n      dsh.booking,\n\n      dsh.login_time,\n      dsh.logout_time,\n\n      json_build_object(\n        'username',\n        d.username\n      ) AS driver\n\n    FROM driver_shift_histories dsh\n\n    LEFT JOIN drivers d\n    ON d.id = dsh.driver_id\n\n    WHERE 1=1\n  \n      AND dsh.driver_id = $1\n    \n      AND dsh.login_date\n      BETWEEN $2\n      AND $3\n    \n      AND dsh.login_time\n      BETWEEN $4\n      AND $5\n    \n    ORDER BY dsh.id DESC\n  ","timestamp":"2026-05-13T09:09:01.054Z"}
{"level":"info","message":"GET /api/driver_shift_history/login?driver_id=172&from_date=2026-05-13&to_date=2026-05-13&from_time=12:00&to_time=16:36 200 56.764 ms","timestamp":"2026-05-13T09:09:01.056Z"}
{"level":"info","message":"GET /favicon.ico 404 3.626 ms","timestamp":"2026-05-13T09:09:01.117Z"}
{"duration":89,"level":"info","message":"db-query","rows":2,"text":"\n    SELECT\n      dsh.id,\n      dsh.driver_id,\n\n      dsh.login_date,\n      dsh.login_latitude,\n      dsh.login_longitude,\n\n      dsh.logout_date,\n      dsh.logout_latitude,\n      dsh.logout_longitude,\n\n      dsh.booking,\n\n      dsh.login_time,\n      dsh.logout_time,\n\n      json_build_object(\n        'username',\n        d.username\n      ) AS driver\n\n    FROM driver_shift_histories dsh\n\n    LEFT JOIN drivers d\n    ON d.id = dsh.driver_id\n\n    WHERE 1=1\n  \n      AND dsh.driver_id = $1\n    \n      AND dsh.login_date\n      BETWEEN $2\n      AND $3\n    \n      AND dsh.login_time\n      BETWEEN $4\n      AND $5\n    \n    ORDER BY dsh.id DESC\n  ","timestamp":"2026-05-13T09:13:45.062Z"}
{"level":"info","message":"GET /api/driver_shift_history/login?driver_id=172&from_date=2026-05-13&to_date=2026-05-13&from_time=12:00&to_time=16:36 200 117.581 ms","timestamp":"2026-05-13T09:13:45.090Z"}
{"duration":47,"level":"info","message":"db-query","rows":2,"text":"\n    SELECT\n      dsh.id,\n      dsh.driver_id,\n\n      dsh.login_date,\n      dsh.login_latitude,\n      dsh.login_longitude,\n\n      dsh.logout_date,\n      dsh.logout_latitude,\n      dsh.logout_longitude,\n\n      dsh.booking,\n\n      dsh.login_time,\n      dsh.logout_time,\n\n      json_build_object(\n        'username',\n        d.username\n      ) AS driver\n\n    FROM driver_shift_histories dsh\n\n    LEFT JOIN drivers d\n    ON d.id = dsh.driver_id\n\n    WHERE 1=1\n  \n      AND dsh.driver_id = $1\n    \n      AND dsh.login_date\n      BETWEEN $2\n      AND $3\n    \n      AND dsh.login_time\n      BETWEEN $4\n      AND $5\n    \n    ORDER BY dsh.id DESC\n  ","timestamp":"2026-05-13T09:14:02.706Z"}
{"level":"info","message":"GET /api/driver_shift_history/login?driver_id=172&from_date=2026-05-13&to_date=2026-05-13&from_time=12:00&to_time=16:36 200 47.812 ms","timestamp":"2026-05-13T09:14:02.707Z"}
{"duration":59,"level":"info","message":"db-query","rows":26,"text":"SELECT * FROM location_types","timestamp":"2026-05-13T09:15:48.695Z"}
{"level":"info","message":"GET /api/location-types 200 62.334 ms","timestamp":"2026-05-13T09:15:48.696Z"}
