{"duration":69,"level":"info","message":"db-query","rows":26,"text":"SELECT * FROM location_types","timestamp":"2026-06-05T11:33:17.623Z"}
{"level":"info","message":"GET /api/location-types 200 80.162 ms","timestamp":"2026-06-05T11:33:17.632Z"}
{"duration":97,"level":"info","message":"db-query","rows":26,"text":"SELECT * FROM location_types","timestamp":"2026-06-05T11:33:17.656Z"}
{"level":"info","message":"GET /api/location-types 200 98.518 ms","timestamp":"2026-06-05T11:33:17.657Z"}
{"duration":112,"level":"info","message":"db-query","rows":1,"text":"\n    SELECT\n\n      COUNT(*) AS total_trips,\n\n      COALESCE(\n        SUM(b.total_charges),\n        0\n      ) AS total_earnings,\n\n      COALESCE(\n        AVG(b.total_charges),\n        0\n      ) AS average_per_trip,\n\n      COALESCE(\n        SUM(\n          CASE\n            WHEN b.payment_type_id = 1\n            THEN b.total_charges\n            ELSE 0\n          END\n        ),\n        0\n      ) AS cash_collected\n\n    FROM bookings b\n\n    \n    WHERE b.trash = false\n    AND b.booking_status_id = 11\n   AND b.driver_id = $1\n      AND DATE_TRUNC('month', b.pickup_date::date)\n      =\n      DATE_TRUNC('month', $2::date)\n    \n  ","timestamp":"2026-06-05T11:33:58.970Z"}
{"duration":16,"level":"info","message":"db-query","rows":3,"text":"\n    SELECT\n\n      \n      TO_CHAR(\n        b.pickup_date::date,\n        'DD'\n      )\n    \n      AS label,\n\n      COALESCE(\n        SUM(b.total_charges),\n        0\n      ) AS earnings\n\n    FROM bookings b\n\n    \n    WHERE b.trash = false\n    AND b.booking_status_id = 11\n   AND b.driver_id = $1\n      AND DATE_TRUNC('month', b.pickup_date::date)\n      =\n      DATE_TRUNC('month', $2::date)\n    \n\n    GROUP BY label\n\n    ORDER BY label\n  ","timestamp":"2026-06-05T11:33:58.987Z"}
{"level":"info","message":"GET /api/bookings/booking-driver-statistics?driver_id=167&view=monthly&date=2026-06-07 200 131.699 ms","timestamp":"2026-06-05T11:33:58.989Z"}
{"level":"info","message":"GET /favicon.ico 404 4.325 ms","timestamp":"2026-06-05T11:33:59.041Z"}
{"duration":9,"level":"info","message":"db-query","rows":26,"text":"SELECT * FROM location_types","timestamp":"2026-06-05T12:16:21.321Z"}
{"level":"info","message":"GET /api/location-types 200 20.858 ms","timestamp":"2026-06-05T12:16:21.333Z"}
{"duration":182,"level":"info","message":"db-query","rows":26,"text":"SELECT * FROM location_types","timestamp":"2026-06-05T12:16:21.496Z"}
{"level":"info","message":"GET /api/location-types 200 182.785 ms","timestamp":"2026-06-05T12:16:21.497Z"}
{"duration":8,"level":"info","message":"db-query","rows":26,"text":"SELECT * FROM location_types","timestamp":"2026-06-05T12:16:26.478Z"}
{"level":"info","message":"GET /api/location-types 200 17.815 ms","timestamp":"2026-06-05T12:16:26.488Z"}
{"duration":61,"level":"info","message":"db-query","rows":26,"text":"SELECT * FROM location_types","timestamp":"2026-06-05T12:16:26.534Z"}
{"level":"info","message":"GET /api/location-types 200 61.981 ms","timestamp":"2026-06-05T12:16:26.535Z"}
{"duration":51,"level":"info","message":"db-query","rows":26,"text":"SELECT * FROM location_types","timestamp":"2026-06-05T13:36:25.614Z"}
{"level":"info","message":"GET /api/location-types 200 55.359 ms","timestamp":"2026-06-05T13:36:25.617Z"}
{"duration":85,"level":"info","message":"db-query","rows":1,"text":"\n    SELECT\n\n      COUNT(*) AS total_trips,\n\n      COALESCE(\n        SUM(b.total_charges),\n        0\n      ) AS total_earnings,\n\n      COALESCE(\n        AVG(b.total_charges),\n        0\n      ) AS average_per_trip,\n\n      COALESCE(\n        SUM(\n          CASE\n            WHEN b.payment_type_id = 1\n            THEN b.total_charges\n            ELSE 0\n          END\n        ),\n        0\n      ) AS cash_collected\n\n    FROM bookings b\n\n    \n    WHERE b.trash = false\n    AND b.booking_status_id = 11\n   AND b.driver_id = $1\n      AND DATE_TRUNC('month', b.pickup_date::date)\n      =\n      DATE_TRUNC('month', $2::date)\n    \n  ","timestamp":"2026-06-05T13:38:16.376Z"}
{"duration":4,"level":"info","message":"db-query","rows":0,"text":"\n    SELECT\n\n      \n      TO_CHAR(\n        b.pickup_date::date,\n        'DD'\n      )\n    \n      AS label,\n\n      COALESCE(\n        SUM(b.total_charges),\n        0\n      ) AS earnings\n\n    FROM bookings b\n\n    \n    WHERE b.trash = false\n    AND b.booking_status_id = 11\n   AND b.driver_id = $1\n      AND DATE_TRUNC('month', b.pickup_date::date)\n      =\n      DATE_TRUNC('month', $2::date)\n    \n\n    GROUP BY label\n\n    ORDER BY label\n  ","timestamp":"2026-06-05T13:38:16.381Z"}
{"level":"info","message":"GET /api/bookings/booking-driver-statistics?driver_id=167&view=monthly 200 96.700 ms","timestamp":"2026-06-05T13:38:16.382Z"}
{"duration":95,"level":"info","message":"db-query","rows":1,"text":"\n    SELECT\n\n      COUNT(*) AS total_trips,\n\n      COALESCE(\n        SUM(b.total_charges),\n        0\n      ) AS total_earnings,\n\n      COALESCE(\n        AVG(b.total_charges),\n        0\n      ) AS average_per_trip,\n\n      COALESCE(\n        SUM(\n          CASE\n            WHEN b.payment_type_id = 1\n            THEN b.total_charges\n            ELSE 0\n          END\n        ),\n        0\n      ) AS cash_collected\n\n    FROM bookings b\n\n    \n    WHERE b.trash = false\n    AND b.booking_status_id = 11\n  \n  ","timestamp":"2026-06-05T13:38:29.608Z"}
{"duration":10,"level":"info","message":"db-query","rows":17,"text":"\n    SELECT\n\n      \n      TO_CHAR(\n        b.pickup_date::date,\n        'YYYY-MM-DD'\n      )\n    \n      AS label,\n\n      COALESCE(\n        SUM(b.total_charges),\n        0\n      ) AS earnings\n\n    FROM bookings b\n\n    \n    WHERE b.trash = false\n    AND b.booking_status_id = 11\n  \n\n    GROUP BY label\n\n    ORDER BY label\n  ","timestamp":"2026-06-05T13:38:29.619Z"}
{"level":"info","message":"GET /api/bookings/booking-driver-statistics 200 111.668 ms","timestamp":"2026-06-05T13:38:29.621Z"}
{"duration":71,"level":"info","message":"db-query","rows":22,"text":"\n    SELECT \n      l.id,\n      l.name,\n      l.location_type_id,\n      l.address,\n      l.postcode,\n      l.zone_id,\n      l.shortcut,\n      l.background_color,\n      l.foreground_color,\n      l.extra_charges,\n      l.pickup_charges,\n      l.dropoff_charges,\n      l.blacklist,\n      l.latitude,\n      l.longitude,\n      json_build_object(\n        'id', lt.id,\n        'name', lt.name,\n        'shortcut', lt.shortcut,\n        'background_color', lt.background_color,\n        'foreground_color', lt.foreground_color\n      ) AS location_type\n    FROM locations l\n    LEFT JOIN location_types lt\n      ON lt.id = l.location_type_id\n    WHERE l.location_type_id = 2 \n      AND l.company_id = $1\n    ORDER BY l.id ASC\n  ","timestamp":"2026-06-05T14:19:57.369Z"}
{"level":"info","message":"GET /api/airports/get?company_id=1 200 73.889 ms","timestamp":"2026-06-05T14:19:57.371Z"}
{"duration":83,"level":"info","message":"db-query","rows":26,"text":"SELECT * FROM location_types","timestamp":"2026-06-05T14:56:25.615Z"}
{"level":"info","message":"GET /api/location-types 200 84.148 ms","timestamp":"2026-06-05T14:56:25.616Z"}
{"duration":711,"level":"info","message":"db-query","rows":26,"text":"SELECT * FROM location_types","timestamp":"2026-06-05T16:06:14.887Z"}
{"level":"info","message":"GET /api/location-types 200 735.389 ms","timestamp":"2026-06-05T16:06:14.913Z"}
{"duration":767,"level":"info","message":"db-query","rows":26,"text":"SELECT * FROM location_types","timestamp":"2026-06-05T16:06:14.941Z"}
{"level":"info","message":"GET /api/location-types 200 770.046 ms","timestamp":"2026-06-05T16:06:14.944Z"}
{"duration":15,"level":"info","message":"db-query","rows":26,"text":"SELECT * FROM location_types","timestamp":"2026-06-05T17:15:52.192Z"}
{"level":"info","message":"GET /api/location-types 200 26.556 ms","timestamp":"2026-06-05T17:15:52.203Z"}
{"duration":167,"level":"info","message":"db-query","rows":26,"text":"SELECT * FROM location_types","timestamp":"2026-06-05T17:15:52.350Z"}
{"level":"info","message":"GET /api/location-types 200 168.472 ms","timestamp":"2026-06-05T17:15:52.352Z"}
{"duration":5,"level":"info","message":"db-query","rows":26,"text":"SELECT * FROM location_types","timestamp":"2026-06-05T17:17:01.033Z"}
{"level":"info","message":"GET /api/location-types 200 11.790 ms","timestamp":"2026-06-05T17:17:01.040Z"}
{"duration":63,"level":"info","message":"db-query","rows":26,"text":"SELECT * FROM location_types","timestamp":"2026-06-05T17:17:01.093Z"}
{"level":"info","message":"GET /api/location-types 200 64.488 ms","timestamp":"2026-06-05T17:17:01.095Z"}
{"duration":7,"level":"info","message":"db-query","rows":26,"text":"SELECT * FROM location_types","timestamp":"2026-06-05T17:17:16.785Z"}
{"level":"info","message":"GET /api/location-types 200 16.676 ms","timestamp":"2026-06-05T17:17:16.794Z"}
{"duration":63,"level":"info","message":"db-query","rows":26,"text":"SELECT * FROM location_types","timestamp":"2026-06-05T17:17:16.843Z"}
{"level":"info","message":"GET /api/location-types 200 64.919 ms","timestamp":"2026-06-05T17:17:16.845Z"}
{"duration":9,"level":"info","message":"db-query","rows":26,"text":"SELECT * FROM location_types","timestamp":"2026-06-05T17:17:22.892Z"}
{"level":"info","message":"GET /api/location-types 200 19.162 ms","timestamp":"2026-06-05T17:17:22.901Z"}
{"duration":65,"level":"info","message":"db-query","rows":26,"text":"SELECT * FROM location_types","timestamp":"2026-06-05T17:17:22.952Z"}
{"level":"info","message":"GET /api/location-types 200 66.762 ms","timestamp":"2026-06-05T17:17:22.953Z"}
{"duration":10,"level":"info","message":"db-query","rows":26,"text":"SELECT * FROM location_types","timestamp":"2026-06-05T17:17:55.321Z"}
{"level":"info","message":"GET /api/location-types 200 21.977 ms","timestamp":"2026-06-05T17:17:55.332Z"}
{"duration":59,"level":"info","message":"db-query","rows":26,"text":"SELECT * FROM location_types","timestamp":"2026-06-05T17:17:55.373Z"}
{"level":"info","message":"GET /api/location-types 200 60.843 ms","timestamp":"2026-06-05T17:17:55.374Z"}
{"duration":13,"level":"info","message":"db-query","rows":26,"text":"SELECT * FROM location_types","timestamp":"2026-06-05T17:18:00.759Z"}
{"level":"info","message":"GET /api/location-types 200 24.468 ms","timestamp":"2026-06-05T17:18:00.770Z"}
{"duration":63,"level":"info","message":"db-query","rows":26,"text":"SELECT * FROM location_types","timestamp":"2026-06-05T17:18:00.815Z"}
{"level":"info","message":"GET /api/location-types 200 65.614 ms","timestamp":"2026-06-05T17:18:00.817Z"}
{"duration":8,"level":"info","message":"db-query","rows":26,"text":"SELECT * FROM location_types","timestamp":"2026-06-05T17:18:09.629Z"}
{"level":"info","message":"GET /api/location-types 200 21.680 ms","timestamp":"2026-06-05T17:18:09.641Z"}
{"duration":68,"level":"info","message":"db-query","rows":26,"text":"SELECT * FROM location_types","timestamp":"2026-06-05T17:18:09.691Z"}
{"level":"info","message":"GET /api/location-types 200 68.698 ms","timestamp":"2026-06-05T17:18:09.692Z"}
{"duration":10,"level":"info","message":"db-query","rows":26,"text":"SELECT * FROM location_types","timestamp":"2026-06-05T17:18:15.013Z"}
{"level":"info","message":"GET /api/location-types 200 20.776 ms","timestamp":"2026-06-05T17:18:15.022Z"}
{"duration":164,"level":"info","message":"db-query","rows":26,"text":"SELECT * FROM location_types","timestamp":"2026-06-05T17:18:15.173Z"}
{"level":"info","message":"GET /api/location-types 200 166.252 ms","timestamp":"2026-06-05T17:18:15.175Z"}
{"duration":5,"level":"info","message":"db-query","rows":26,"text":"SELECT * FROM location_types","timestamp":"2026-06-05T17:18:30.008Z"}
{"level":"info","message":"GET /api/location-types 200 11.184 ms","timestamp":"2026-06-05T17:18:30.015Z"}
{"duration":177,"level":"info","message":"db-query","rows":26,"text":"SELECT * FROM location_types","timestamp":"2026-06-05T17:18:30.182Z"}
{"level":"info","message":"GET /api/location-types 200 179.394 ms","timestamp":"2026-06-05T17:18:30.184Z"}
{"duration":6,"level":"info","message":"db-query","rows":26,"text":"SELECT * FROM location_types","timestamp":"2026-06-05T17:18:32.874Z"}
{"level":"info","message":"GET /api/location-types 200 12.228 ms","timestamp":"2026-06-05T17:18:32.881Z"}
{"duration":52,"level":"info","message":"db-query","rows":26,"text":"SELECT * FROM location_types","timestamp":"2026-06-05T17:18:32.921Z"}
{"level":"info","message":"GET /api/location-types 200 53.177 ms","timestamp":"2026-06-05T17:18:32.923Z"}
{"duration":57,"level":"info","message":"db-query","rows":26,"text":"SELECT * FROM location_types","timestamp":"2026-06-05T18:38:32.024Z"}
{"level":"info","message":"GET /api/location-types 200 59.120 ms","timestamp":"2026-06-05T18:38:32.026Z"}
