{"duration":404,"level":"info","message":"db-query","rows":26,"text":"SELECT * FROM location_types","timestamp":"2026-06-15T10:48:02.587Z"}
{"level":"info","message":"GET /api/location-types 200 411.063 ms","timestamp":"2026-06-15T10:48:02.595Z"}
{"duration":466,"level":"info","message":"db-query","rows":26,"text":"SELECT * FROM location_types","timestamp":"2026-06-15T10:48:02.598Z"}
{"level":"info","message":"GET /api/location-types 200 475.572 ms","timestamp":"2026-06-15T10:48:02.607Z"}
{"duration":6,"level":"info","message":"db-query","rows":26,"text":"SELECT * FROM location_types","timestamp":"2026-06-15T11:36:14.640Z"}
{"level":"info","message":"GET /api/location-types 200 14.949 ms","timestamp":"2026-06-15T11:36:14.649Z"}
{"duration":74,"level":"info","message":"db-query","rows":26,"text":"SELECT * FROM location_types","timestamp":"2026-06-15T11:36:14.710Z"}
{"level":"info","message":"GET /api/location-types 200 81.247 ms","timestamp":"2026-06-15T11:36:14.718Z"}
{"duration":5,"level":"info","message":"db-query","rows":26,"text":"SELECT * FROM location_types","timestamp":"2026-06-15T11:36:54.613Z"}
{"level":"info","message":"GET /api/location-types 200 18.073 ms","timestamp":"2026-06-15T11:36:54.625Z"}
{"duration":91,"level":"info","message":"db-query","rows":26,"text":"SELECT * FROM location_types","timestamp":"2026-06-15T11:36:54.701Z"}
{"level":"info","message":"GET /api/location-types 200 95.105 ms","timestamp":"2026-06-15T11:36:54.706Z"}
{"duration":164,"level":"info","message":"db-query","rows":39,"text":"\n        SELECT \n            id, sms_flag, name, mobile, email, telephone, address1, address2\n        FROM customers\n        WHERE mobile LIKE $1 AND company_id = $2\n    ","timestamp":"2026-06-15T11:52:10.051Z"}
{"level":"info","message":"GET /api/customers/search-data?mobile=1234&company_id=1 200 166.042 ms","timestamp":"2026-06-15T11:52:10.052Z"}
{"duration":2,"level":"info","message":"db-query","rows":0,"text":"\n        SELECT \n            id, sms_flag, name, mobile, email, telephone, address1, address2\n        FROM customers\n        WHERE mobile LIKE $1 AND company_id = $2\n    ","timestamp":"2026-06-15T11:52:18.652Z"}
{"level":"info","message":"GET /api/customers/search-data?mobile=1234&company_id=2 200 3.223 ms","timestamp":"2026-06-15T11:52:18.653Z"}
{"duration":2,"level":"info","message":"db-query","rows":39,"text":"\n        SELECT \n            id, sms_flag, name, mobile, email, telephone, address1, address2\n        FROM customers\n        WHERE mobile LIKE $1 AND company_id = $2\n    ","timestamp":"2026-06-15T11:52:24.447Z"}
{"level":"info","message":"GET /api/customers/search-data?mobile=1234&company_id=1 200 2.769 ms","timestamp":"2026-06-15T11:52:24.449Z"}
{"duration":67,"level":"info","message":"db-query","rows":26,"text":"SELECT * FROM location_types","timestamp":"2026-06-15T12:56:53.674Z"}
{"level":"info","message":"GET /api/location-types 200 74.813 ms","timestamp":"2026-06-15T12:56:53.679Z"}
{"duration":111,"level":"info","message":"db-query","rows":39,"text":"\n        SELECT \n            id, sms_flag, name, mobile, email, telephone, address1, address2\n        FROM customers\n        WHERE mobile LIKE $1 AND company_id = $2\n    ","timestamp":"2026-06-15T13:21:45.835Z"}
{"level":"info","message":"GET /api/customers/search-data?mobile=1234&company_id=1 200 112.300 ms","timestamp":"2026-06-15T13:21:45.837Z"}
{"duration":6,"level":"info","message":"db-query","rows":26,"text":"SELECT * FROM location_types","timestamp":"2026-06-15T13:22:21.043Z"}
{"level":"info","message":"GET /api/location-types 200 12.736 ms","timestamp":"2026-06-15T13:22:21.051Z"}
{"duration":152,"level":"info","message":"db-query","rows":26,"text":"SELECT * FROM location_types","timestamp":"2026-06-15T13:22:21.191Z"}
{"level":"info","message":"GET /api/location-types 200 153.335 ms","timestamp":"2026-06-15T13:22:21.192Z"}
{"duration":5,"level":"info","message":"db-query","rows":26,"text":"SELECT * FROM location_types","timestamp":"2026-06-15T13:22:32.532Z"}
{"level":"info","message":"GET /api/location-types 200 13.658 ms","timestamp":"2026-06-15T13:22:32.541Z"}
{"duration":1,"level":"info","message":"db-query","rows":26,"text":"SELECT * FROM location_types","timestamp":"2026-06-15T13:22:32.548Z"}
{"level":"info","message":"GET /api/location-types 200 2.343 ms","timestamp":"2026-06-15T13:22:32.549Z"}
{"duration":6,"level":"info","message":"db-query","rows":26,"text":"SELECT * FROM location_types","timestamp":"2026-06-15T13:22:40.452Z"}
{"level":"info","message":"GET /api/location-types 200 13.707 ms","timestamp":"2026-06-15T13:22:40.460Z"}
{"duration":1,"level":"info","message":"db-query","rows":26,"text":"SELECT * FROM location_types","timestamp":"2026-06-15T13:22:40.468Z"}
{"level":"info","message":"GET /api/location-types 200 3.855 ms","timestamp":"2026-06-15T13:22:40.470Z"}
{"duration":7,"level":"info","message":"db-query","rows":26,"text":"SELECT * FROM location_types","timestamp":"2026-06-15T13:23:12.291Z"}
{"level":"info","message":"GET /api/location-types 200 15.399 ms","timestamp":"2026-06-15T13:23:12.299Z"}
{"duration":59,"level":"info","message":"db-query","rows":26,"text":"SELECT * FROM location_types","timestamp":"2026-06-15T13:23:12.346Z"}
{"level":"info","message":"GET /api/location-types 200 61.120 ms","timestamp":"2026-06-15T13:23:12.349Z"}
{"duration":6,"level":"info","message":"db-query","rows":26,"text":"SELECT * FROM location_types","timestamp":"2026-06-15T13:23:28.315Z"}
{"level":"info","message":"GET /api/location-types 200 14.512 ms","timestamp":"2026-06-15T13:23:28.324Z"}
{"duration":66,"level":"info","message":"db-query","rows":26,"text":"SELECT * FROM location_types","timestamp":"2026-06-15T13:23:28.377Z"}
{"level":"info","message":"GET /api/location-types 200 67.007 ms","timestamp":"2026-06-15T13:23:28.379Z"}
{"duration":5,"level":"info","message":"db-query","rows":26,"text":"SELECT * FROM location_types","timestamp":"2026-06-15T13:23:44.813Z"}
{"level":"info","message":"GET /api/location-types 200 11.636 ms","timestamp":"2026-06-15T13:23:44.822Z"}
{"duration":63,"level":"info","message":"db-query","rows":26,"text":"SELECT * FROM location_types","timestamp":"2026-06-15T13:23:44.873Z"}
{"level":"info","message":"GET /api/location-types 200 64.395 ms","timestamp":"2026-06-15T13:23:44.875Z"}
{"duration":5,"level":"info","message":"db-query","rows":26,"text":"SELECT * FROM location_types","timestamp":"2026-06-15T13:23:56.665Z"}
{"level":"info","message":"GET /api/location-types 200 12.634 ms","timestamp":"2026-06-15T13:23:56.673Z"}
{"duration":53,"level":"info","message":"db-query","rows":26,"text":"SELECT * FROM location_types","timestamp":"2026-06-15T13:23:56.714Z"}
{"level":"info","message":"GET /api/location-types 200 53.513 ms","timestamp":"2026-06-15T13:23:56.715Z"}
{"duration":6,"level":"info","message":"db-query","rows":26,"text":"SELECT * FROM location_types","timestamp":"2026-06-15T13:24:05.038Z"}
{"level":"info","message":"GET /api/location-types 200 12.580 ms","timestamp":"2026-06-15T13:24:05.044Z"}
{"duration":49,"level":"info","message":"db-query","rows":26,"text":"SELECT * FROM location_types","timestamp":"2026-06-15T13:24:05.082Z"}
{"level":"info","message":"GET /api/location-types 200 51.268 ms","timestamp":"2026-06-15T13:24:05.085Z"}
{"duration":4,"level":"info","message":"db-query","rows":26,"text":"SELECT * FROM location_types","timestamp":"2026-06-15T13:24:09.231Z"}
{"level":"info","message":"GET /api/location-types 200 11.600 ms","timestamp":"2026-06-15T13:24:09.238Z"}
{"duration":154,"level":"info","message":"db-query","rows":26,"text":"SELECT * FROM location_types","timestamp":"2026-06-15T13:24:09.382Z"}
{"level":"info","message":"GET /api/location-types 200 156.229 ms","timestamp":"2026-06-15T13:24:09.385Z"}
{"duration":10,"level":"info","message":"db-query","rows":26,"text":"SELECT * FROM location_types","timestamp":"2026-06-15T13:24:20.061Z"}
{"level":"info","message":"GET /api/location-types 200 22.624 ms","timestamp":"2026-06-15T13:24:20.074Z"}
{"duration":61,"level":"info","message":"db-query","rows":26,"text":"SELECT * FROM location_types","timestamp":"2026-06-15T13:24:20.115Z"}
{"level":"info","message":"GET /api/location-types 200 61.969 ms","timestamp":"2026-06-15T13:24:20.116Z"}
{"duration":6,"level":"info","message":"db-query","rows":26,"text":"SELECT * FROM location_types","timestamp":"2026-06-15T13:24:30.704Z"}
{"level":"info","message":"GET /api/location-types 200 12.358 ms","timestamp":"2026-06-15T13:24:30.710Z"}
{"duration":52,"level":"info","message":"db-query","rows":26,"text":"SELECT * FROM location_types","timestamp":"2026-06-15T13:24:30.751Z"}
{"level":"info","message":"GET /api/location-types 200 54.325 ms","timestamp":"2026-06-15T13:24:30.754Z"}
{"duration":5,"level":"info","message":"db-query","rows":26,"text":"SELECT * FROM location_types","timestamp":"2026-06-15T13:24:35.496Z"}
{"level":"info","message":"GET /api/location-types 200 10.786 ms","timestamp":"2026-06-15T13:24:35.504Z"}
{"duration":50,"level":"info","message":"db-query","rows":26,"text":"SELECT * FROM location_types","timestamp":"2026-06-15T13:24:35.542Z"}
{"level":"info","message":"GET /api/location-types 200 51.453 ms","timestamp":"2026-06-15T13:24:35.544Z"}
{"duration":9,"level":"info","message":"db-query","rows":26,"text":"SELECT * FROM location_types","timestamp":"2026-06-15T13:24:45.697Z"}
{"level":"info","message":"GET /api/location-types 200 18.923 ms","timestamp":"2026-06-15T13:24:45.707Z"}
{"duration":55,"level":"info","message":"db-query","rows":26,"text":"SELECT * FROM location_types","timestamp":"2026-06-15T13:24:45.746Z"}
{"level":"info","message":"GET /api/location-types 200 56.577 ms","timestamp":"2026-06-15T13:24:45.748Z"}
{"duration":9,"level":"info","message":"db-query","rows":26,"text":"SELECT * FROM location_types","timestamp":"2026-06-15T13:25:14.087Z"}
{"level":"info","message":"GET /api/location-types 200 17.369 ms","timestamp":"2026-06-15T13:25:14.096Z"}
{"duration":136,"level":"info","message":"db-query","rows":26,"text":"SELECT * FROM location_types","timestamp":"2026-06-15T13:25:14.216Z"}
{"level":"info","message":"GET /api/location-types 200 136.818 ms","timestamp":"2026-06-15T13:25:14.218Z"}
{"duration":5,"level":"info","message":"db-query","rows":26,"text":"SELECT * FROM location_types","timestamp":"2026-06-15T13:25:18.067Z"}
{"level":"info","message":"GET /api/location-types 200 12.650 ms","timestamp":"2026-06-15T13:25:18.075Z"}
{"duration":68,"level":"info","message":"db-query","rows":26,"text":"SELECT * FROM location_types","timestamp":"2026-06-15T13:25:18.132Z"}
{"level":"info","message":"GET /api/location-types 200 69.080 ms","timestamp":"2026-06-15T13:25:18.133Z"}
{"duration":7,"level":"info","message":"db-query","rows":26,"text":"SELECT * FROM location_types","timestamp":"2026-06-15T13:25:27.304Z"}
{"level":"info","message":"GET /api/location-types 200 14.087 ms","timestamp":"2026-06-15T13:25:27.312Z"}
{"duration":164,"level":"info","message":"db-query","rows":26,"text":"SELECT * FROM location_types","timestamp":"2026-06-15T13:25:27.463Z"}
{"level":"info","message":"GET /api/location-types 200 165.754 ms","timestamp":"2026-06-15T13:25:27.465Z"}
{"duration":6,"level":"info","message":"db-query","rows":26,"text":"SELECT * FROM location_types","timestamp":"2026-06-15T13:58:21.127Z"}
{"level":"info","message":"GET /api/location-types 200 12.618 ms","timestamp":"2026-06-15T13:58:21.133Z"}
{"duration":49,"level":"info","message":"db-query","rows":26,"text":"SELECT * FROM location_types","timestamp":"2026-06-15T13:58:21.173Z"}
{"level":"info","message":"GET /api/location-types 200 51.401 ms","timestamp":"2026-06-15T13:58:21.175Z"}
{"duration":14,"level":"info","message":"db-query","rows":26,"text":"SELECT * FROM location_types","timestamp":"2026-06-15T14:10:44.800Z"}
{"level":"info","message":"GET /api/location-types 200 37.226 ms","timestamp":"2026-06-15T14:10:44.823Z"}
{"duration":72,"level":"info","message":"db-query","rows":26,"text":"SELECT * FROM location_types","timestamp":"2026-06-15T14:10:44.863Z"}
{"level":"info","message":"GET /api/location-types 200 73.300 ms","timestamp":"2026-06-15T14:10:44.864Z"}
{"duration":16,"level":"info","message":"db-query","rows":26,"text":"SELECT * FROM location_types","timestamp":"2026-06-15T14:10:50.275Z"}
{"level":"info","message":"GET /api/location-types 200 24.680 ms","timestamp":"2026-06-15T14:10:50.283Z"}
{"duration":64,"level":"info","message":"db-query","rows":26,"text":"SELECT * FROM location_types","timestamp":"2026-06-15T14:10:50.328Z"}
{"level":"info","message":"GET /api/location-types 200 65.651 ms","timestamp":"2026-06-15T14:10:50.329Z"}
{"duration":8,"level":"info","message":"db-query","rows":26,"text":"SELECT * FROM location_types","timestamp":"2026-06-15T14:10:58.798Z"}
{"level":"info","message":"GET /api/location-types 200 17.598 ms","timestamp":"2026-06-15T14:10:58.807Z"}
{"duration":157,"level":"info","message":"db-query","rows":26,"text":"SELECT * FROM location_types","timestamp":"2026-06-15T14:10:58.951Z"}
{"level":"info","message":"GET /api/location-types 200 158.826 ms","timestamp":"2026-06-15T14:10:58.953Z"}
{"duration":76,"level":"info","message":"db-query","rows":1,"text":"SELECT * FROM employees WHERE LOWER(username) = LOWER($1)","timestamp":"2026-06-15T14:22:09.504Z"}
{"duration":7,"level":"info","message":"db-query","rows":1,"text":"\n    SELECT *\n    FROM employee_shift_history\n    WHERE employee_id = $1\n    AND logout_datetime IS NULL\n    ORDER BY id DESC\n    LIMIT 1;\n  ","timestamp":"2026-06-15T14:22:09.587Z"}
{"duration":24,"level":"info","message":"db-query","rows":1,"text":"UPDATE employees \n         SET web_device_id = $1 \n         WHERE id = $2","timestamp":"2026-06-15T14:22:09.613Z"}
{"duration":6,"level":"info","message":"db-query","rows":1,"text":"SELECT name FROM roles WHERE id = $1","timestamp":"2026-06-15T14:22:09.619Z"}
{"duration":4,"level":"info","message":"db-query","rows":1,"text":"SELECT name FROM subsidiaries WHERE id = $1","timestamp":"2026-06-15T14:22:09.623Z"}
{"duration":5,"level":"info","message":"db-query","rows":1,"text":"\n      SELECT ee.*, \n        json_build_object(\n          'id', e.id,\n          'username', e.username\n        ) AS employee\n      FROM employee_extensions ee\n      LEFT JOIN employees e ON e.id = ee.employee_id\n      WHERE ee.employee_id = $1\n    ","timestamp":"2026-06-15T14:22:09.629Z"}
{"level":"info","message":"POST /api/employees/login 200 209.579 ms","timestamp":"2026-06-15T14:22:09.638Z"}
{"duration":15,"level":"info","message":"db-query","rows":1,"text":"SELECT \n            a.*, \n            r.id as role_id,\n            r.name as role_name\n        FROM authorizations a\n        JOIN roles r ON r.id = a.role_id\n        WHERE a.role_id = $1","timestamp":"2026-06-15T14:22:09.729Z"}
{"level":"info","message":"GET /api/authorizations/role/-1 200 17.099 ms","timestamp":"2026-06-15T14:22:09.730Z"}
{"level":"info","message":"ws:upgrade","timestamp":"2026-06-15T14:22:09.786Z","url":"/websocket/driver-login"}
{"level":"info","message":"ws:dashboard-connected","socketId":"98014801-e96d-4db2-87fc-7103cddf5ace","timestamp":"2026-06-15T14:22:09.789Z"}
{"level":"info","message":"ws:upgrade","timestamp":"2026-06-15T14:22:09.811Z","url":"/websocket/driver-busy"}
{"level":"info","message":"ws:busy-dashboard-connected","socketId":"f836a458-44b4-47d5-bf5a-349925980d4f","timestamp":"2026-06-15T14:22:09.812Z"}
{"level":"info","message":"POST /api/employees/login 400 2.869 ms","timestamp":"2026-06-15T14:22:10.354Z"}
{"duration":25,"level":"info","message":"db-query","rows":1,"text":"\n    SELECT COUNT(*) AS total\n    FROM drivers d\n    LEFT JOIN subsidiaries s ON s.id = d.subsidiary_id\n    LEFT JOIN vehicles v ON v.id = d.vehicle_id\n    LEFT JOIN vehicle_types vt_v ON vt_v.id = v.vehicle_type_id\n    LEFT JOIN company_vehicles cv ON cv.id = d.company_vehicle_id\n    LEFT JOIN vehicle_types vt_cv ON vt_cv.id = cv.vehicle_type_id\n    WHERE d.active = $1;\n  ","timestamp":"2026-06-15T14:22:10.358Z"}
{"duration":10,"level":"info","message":"db-query","rows":3,"text":"\n    SELECT \n      d.*,\n      s.name AS subsidiary_name,\n      CASE \n        WHEN d.use_company_vehicle = true THEN\n          json_build_object(\n            'vehicle_number', cv.vehicle_number,\n            'make', cv.make,\n            'model', cv.model,\n            'color', cv.color,\n            'end_date', cv.end_date,\n            'vehicle_type', json_build_object(\n              'id', vt_cv.id,\n              'name', vt_cv.name,\n              'passengers', vt_cv.passengers,\n              'luggages', vt_cv.luggages,\n              'driver_waiting_charges', vt_cv.driver_waiting_charges\n            )\n          )\n        ELSE\n          json_build_object(\n            'vehicle_number', v.vehicle_number,\n            'make', v.make,\n            'model', v.model,\n            'color', v.color,\n            'end_date', v.end_date,\n            'vehicle_type', json_build_object(\n              'id', vt_v.id,\n              'name', vt_v.name,\n              'passengers', vt_v.passengers,\n              'luggages', vt_v.luggages,\n              'driver_waiting_charges', vt_v.driver_waiting_charges\n            )\n          )\n      END AS vehicle\n    FROM drivers d\n    LEFT JOIN subsidiaries s ON s.id = d.subsidiary_id\n    LEFT JOIN vehicles v ON v.id = d.vehicle_id\n    LEFT JOIN vehicle_types vt_v ON vt_v.id = v.vehicle_type_id\n    LEFT JOIN company_vehicles cv ON cv.id = d.company_vehicle_id\n    LEFT JOIN vehicle_types vt_cv ON vt_cv.id = cv.vehicle_type_id\n    WHERE d.active = $1\n    ORDER BY d.id DESC\n    LIMIT $2 OFFSET $3;\n  ","timestamp":"2026-06-15T14:22:10.392Z"}
{"level":"info","message":"GET /api/drivers/get 200 67.570 ms","timestamp":"2026-06-15T14:22:10.400Z"}
{"duration":86,"level":"info","message":"db-query","rows":1,"text":"\n    SELECT COUNT(*) AS total\n    FROM zones z\n    ;\n  ","timestamp":"2026-06-15T14:22:10.431Z"}
{"duration":11,"level":"info","message":"db-query","rows":15,"text":"\n    SELECT \n      z.id,\n      z.name,\n      z.secondary_name,\n      z.type,\n      z.category,\n      z.vertices,\n      z.base,\n      z.overlay,\n      z.created_at,\n      z.updated_at\n    FROM zones z\n    \n    ORDER BY z.id ASC\n    LIMIT $1 OFFSET $2;\n  ","timestamp":"2026-06-15T14:22:10.448Z"}
{"level":"info","message":"GET /api/zones/get 200 118.533 ms","timestamp":"2026-06-15T14:22:10.463Z"}
{"duration":117,"level":"info","message":"db-query","rows":26,"text":"SELECT * FROM location_types","timestamp":"2026-06-15T14:22:10.464Z"}
{"level":"info","message":"GET /api/location-types 200 117.761 ms","timestamp":"2026-06-15T14:22:10.465Z"}
{"duration":129,"level":"info","message":"db-query","rows":15,"text":"SELECT * FROM booking_statuses ORDER BY id ASC","timestamp":"2026-06-15T14:22:10.466Z"}
{"duration":7,"level":"info","message":"db-query","rows":2,"text":"SELECT * FROM booking_types ORDER BY id ASC","timestamp":"2026-06-15T14:22:10.474Z"}
{"duration":4,"level":"info","message":"db-query","rows":3,"text":"SELECT * FROM journey_types ORDER BY id ASC","timestamp":"2026-06-15T14:22:10.479Z"}
{"duration":4,"level":"info","message":"db-query","rows":3,"text":"SELECT * FROM payment_statuses ORDER BY id ASC","timestamp":"2026-06-15T14:22:10.483Z"}
{"duration":138,"level":"info","message":"db-query","rows":1,"text":"\n    SELECT COUNT(*) AS total\n    FROM zones z\n    ;\n  ","timestamp":"2026-06-15T14:22:10.488Z"}
{"duration":6,"level":"info","message":"db-query","rows":4,"text":"SELECT * FROM payment_types ORDER BY id ASC","timestamp":"2026-06-15T14:22:10.490Z"}
{"duration":3,"level":"info","message":"db-query","rows":15,"text":"\n    SELECT \n      z.id,\n      z.name,\n      z.secondary_name,\n      z.type,\n      z.category,\n      z.vertices,\n      z.base,\n      z.overlay,\n      z.created_at,\n      z.updated_at\n    FROM zones z\n    \n    ORDER BY z.id ASC\n    LIMIT $1 OFFSET $2;\n  ","timestamp":"2026-06-15T14:22:10.491Z"}
{"level":"info","message":"GET /api/zones/get 200 143.637 ms","timestamp":"2026-06-15T14:22:10.493Z"}
{"duration":159,"level":"info","message":"db-query","rows":1,"text":"\n    SELECT \n      d.id,\n      d.name,\n      d.username,\n      d.zone,\n      d.latitude,\n      d.longitude,\n      d.booking_status,\n      d.session_status,\n      d.driver_status,\n      d.last_login_at,\n      \n      -- vehicle type name (dynamic)\n      CASE \n        WHEN d.use_company_vehicle = true THEN vt_cv.name\n        ELSE vt_v.name\n      END AS vehicle_type\n\n    FROM drivers d\n\n    -- company vehicle\n    LEFT JOIN company_vehicles cv \n      ON cv.id = d.company_vehicle_id\n\n    LEFT JOIN vehicle_types vt_cv \n      ON vt_cv.id = cv.vehicle_type_id\n\n    -- personal vehicle\n    LEFT JOIN vehicles v \n      ON v.id = d.vehicle_id\n\n    LEFT JOIN vehicle_types vt_v \n      ON vt_v.id = v.vehicle_type_id\n\n    WHERE \n      d.session_status = 'logged_in'\n      AND d.driver_status = 'Available'\n      AND d.booking_status = 'Available'\n  ","timestamp":"2026-06-15T14:22:10.494Z"}
{"level":"info","message":"GET /api/locationtype/zone 200 158.071 ms","timestamp":"2026-06-15T14:22:10.497Z"}
{"duration":6,"level":"info","message":"db-query","rows":0,"text":"SELECT * FROM vehicle_types WHERE company_id = $1 ORDER BY id ASC","timestamp":"2026-06-15T14:22:10.497Z"}
{"duration":4,"level":"info","message":"db-query","rows":0,"text":"\n    SELECT \n      d.id,\n      d.name,\n      d.username,\n      d.zone,\n      d.latitude,\n      d.longitude,\n      d.booking_status,\n      d.session_status,\n      d.driver_status,\n      d.last_login_at,\n      \n      -- vehicle type name (dynamic)\n      CASE \n        WHEN d.use_company_vehicle = true THEN vt_cv.name\n        ELSE vt_v.name\n      END AS vehicle_type\n\n    FROM drivers d\n\n    -- company vehicle\n    LEFT JOIN company_vehicles cv \n      ON cv.id = d.company_vehicle_id\n\n    LEFT JOIN vehicle_types vt_cv \n      ON vt_cv.id = cv.vehicle_type_id\n\n    -- personal vehicle\n    LEFT JOIN vehicles v \n      ON v.id = d.vehicle_id\n\n    LEFT JOIN vehicle_types vt_v \n      ON vt_v.id = v.vehicle_type_id\n\n    WHERE \n      d.session_status = 'logged_in'\n      AND d.driver_status = 'Unavailable'\n      AND d.booking_status IS DISTINCT FROM 'Available'\n  ","timestamp":"2026-06-15T14:22:10.499Z"}
{"level":"info","message":"GET /api/drivers/login-busy 200 166.406 ms","timestamp":"2026-06-15T14:22:10.501Z"}
{"duration":4,"level":"info","message":"db-query","rows":0,"text":"SELECT id, background_color, foreground_color, name FROM subsidiaries WHERE company_id = $1 ORDER BY id ASC","timestamp":"2026-06-15T14:22:10.502Z"}
{"duration":8,"level":"info","message":"db-query","rows":0,"text":"\n        SELECT \n          d.id,\n          d.name AS username,\n          d.username AS name,\n          d.zone,\n          d.last_login_at,\n          \n          -- vehicle type name (dynamic)\n          CASE \n            WHEN d.use_company_vehicle = true THEN vt_cv.name\n            ELSE vt_v.name\n          END AS vehicle_type\n    \n        FROM drivers d\n    \n        -- company vehicle\n        LEFT JOIN company_vehicles cv \n          ON cv.id = d.company_vehicle_id\n    \n        LEFT JOIN vehicle_types vt_cv \n          ON vt_cv.id = cv.vehicle_type_id\n    \n        -- personal vehicle\n        LEFT JOIN vehicles v \n          ON v.id = d.vehicle_id\n    \n        LEFT JOIN vehicle_types vt_v \n          ON vt_v.id = v.vehicle_type_id\n    \n        WHERE \n          d.session_status = 'logged_in'\n          AND d.driver_status = 'Available'\n          AND d.booking_status = 'Available'\n          AND d.company_id = $1\n      ","timestamp":"2026-06-15T14:22:10.511Z"}
{"duration":20,"level":"info","message":"db-query","rows":8,"text":"\n      SELECT\n        bt.id,\n        bt.booking_tabs,\n        CASE bt.id\n          WHEN 1 THEN (\n            SELECT COUNT(*) FROM bookings \n            WHERE DATE(pickup_date) = CURRENT_DATE \n            AND booking_status_id = 1 AND trash = false\n          )\n          WHEN 2 THEN (\n            SELECT COUNT(*) FROM bookings \n            WHERE DATE(pickup_date) > CURRENT_DATE AND trash = false\n          )\n          WHEN 3 THEN (\n            SELECT COUNT(*) FROM bookings \n            WHERE booking_status_id != 11 AND booking_status_id != 1 AND trash = false\n          )\n          WHEN 4 THEN (\n            SELECT COUNT(*) FROM bookings \n            WHERE booking_status_id = 11 AND trash = false\n          )\n          WHEN 5 THEN (\n            SELECT COUNT(*) FROM bookings \n            WHERE quoted = true AND trash = false\n          )\n          WHEN 6 THEN (\n            SELECT COUNT(*) FROM bookings \n            WHERE booking_source = 'ivr' AND trash = false\n          )\n          WHEN 7 THEN (\n            SELECT COUNT(*) FROM bookings \n            WHERE booking_source = 'web' AND trash = false\n          )\n          WHEN 8 THEN (\n            SELECT COUNT(*) FROM bookings \n            WHERE booking_source = 'app' AND trash = false\n          )\n        END::int AS booking_count\n      FROM booking_tabs bt\n      ORDER BY bt.id ASC\n    ","timestamp":"2026-06-15T14:22:10.531Z"}
{"duration":3,"level":"info","message":"db-query","rows":0,"text":"SELECT \n      f.*, \n      vt.name AS vehicle_type_name, \n      vt.minimum_fares AS vehicle_minimum_fare\n        FROM fare_configurations f\n          LEFT JOIN vehicle_types vt ON vt.id = f.vehicle_type_id\n          WHERE f.company_id = $1\n        ORDER BY id ASC","timestamp":"2026-06-15T14:22:10.534Z"}
{"duration":6,"level":"info","message":"db-query","rows":0,"text":"SELECT \n    f.*,\n    vt.name AS vehicle_type_name,\n    lf.name AS from_location_name,\n    lt.name AS to_location_name\n      FROM fixed_fares f\n        JOIN vehicle_types vt \n          ON f.vehicle_type_id = vt.id\n        JOIN location_types lf \n           ON f.from_location_id = lf.id\n        JOIN location_types lt \n          ON f.to_location_id = lt.id\n          WHERE f.company_id = $1\n      ORDER BY f.id ASC","timestamp":"2026-06-15T14:22:10.541Z"}
{"duration":4,"level":"info","message":"db-query","rows":0,"text":"SELECT \n        pf.*, \n        vt.name AS vehicle_type_name,\n        p1.id AS pickup_plot_id, p1.name AS pickup_plot_name,\n        p2.id AS dropoff_plot_id, p2.name AS dropoff_plot_name\n      FROM plot_fares pf\n      JOIN vehicle_types vt ON vt.id = pf.vehicle_type_id\n      JOIN zones p1 ON p1.id = pf.pickup_plot_id\n      JOIN zones p2 ON p2.id = pf.dropoff_plot_id\n      WHERE pf.company_id = $1\n      ORDER BY pf.id ASC","timestamp":"2026-06-15T14:22:10.545Z"}
{"duration":4,"level":"info","message":"db-query","rows":0,"text":" SELECT fbv.*, row_to_json(vt) as vehicle_type\n    FROM fare_by_vehicles fbv\n    LEFT JOIN vehicle_types vt ON fbv.vehicle_type_id = vt.id\n    WHERE fbv.company_id = $1\n    ORDER BY fbv.id ASC","timestamp":"2026-06-15T14:22:10.549Z"}
{"duration":5,"level":"info","message":"db-query","rows":0,"text":" SELECT l.*,\n                   to_json(lt) AS location_type\n            FROM locations l\n            LEFT JOIN location_types lt\n              ON lt.id = l.location_type_id\n            WHERE l.location_type_id = 2 AND l.company_id = $1\n            ORDER BY l.id ASC","timestamp":"2026-06-15T14:22:10.554Z"}
{"level":"info","message":"GET /api/enumerations/get 200 219.008 ms","timestamp":"2026-06-15T14:22:10.556Z"}
{"level":"info","message":"ws:upgrade","timestamp":"2026-06-15T14:22:10.804Z","url":"/websocket/cli?extension=200"}
{"extension":"200","level":"info","message":"ws:cli-connected","socketId":"c2fc7a7d-0463-4896-8af4-ff6a645bf8c2","timestamp":"2026-06-15T14:22:10.805Z"}
{"duration":54,"level":"info","message":"db-query","rows":1,"text":"\n    SELECT COUNT(*) AS total\n    FROM locations l\n    LEFT JOIN location_types lt ON l.location_type_id = lt.id\n    LEFT JOIN zones z ON l.zone_id = z.id\n    ;\n  ","timestamp":"2026-06-15T14:22:24.856Z"}
{"duration":5,"level":"info","message":"db-query","rows":22,"text":"\n    SELECT \n      l.id,\nl.name,\nl.location_type_id,\nl.address,\nl.postcode,\nl.zone_id,\nl.shortcut,\nl.background_color,\nl.foreground_color,\nl.extra_charges,\nl.pickup_charges,\nl.dropoff_charges,\nl.blacklist,\nl.latitude,\nl.longitude, \n      jsonb_build_object(\n        'id', lt.id,\n        'name', lt.name,\n        'shortcut', lt.shortcut,\n        'background_color', lt.background_color,\n        'foreground_color', lt.foreground_color\n      ) AS location_type,\n      z.name AS zone\n    FROM locations l\n    LEFT JOIN location_types lt ON l.location_type_id = lt.id\n    LEFT JOIN zones z ON l.zone_id = z.id\n    \n    ORDER BY l.id ASC\n    LIMIT $1 OFFSET $2;\n  ","timestamp":"2026-06-15T14:22:24.861Z"}
{"level":"info","message":"GET /api/locations/get 200 59.822 ms","timestamp":"2026-06-15T14:22:24.862Z"}
{"level":"info","message":"GET /api/addresses/search?search=tn 200 750.170 ms","timestamp":"2026-06-15T14:22:25.618Z"}
{"level":"info","message":"GET /api/services/search?search=TN 200 820.784 ms","timestamp":"2026-06-15T14:22:25.620Z"}
{"duration":1,"level":"info","message":"db-query","rows":1,"text":"\n    SELECT COUNT(*) AS total\n    FROM locations l\n    LEFT JOIN location_types lt ON l.location_type_id = lt.id\n    LEFT JOIN zones z ON l.zone_id = z.id\n    ;\n  ","timestamp":"2026-06-15T14:22:25.832Z"}
{"duration":1,"level":"info","message":"db-query","rows":22,"text":"\n    SELECT \n      l.id,\nl.name,\nl.location_type_id,\nl.address,\nl.postcode,\nl.zone_id,\nl.shortcut,\nl.background_color,\nl.foreground_color,\nl.extra_charges,\nl.pickup_charges,\nl.dropoff_charges,\nl.blacklist,\nl.latitude,\nl.longitude, \n      jsonb_build_object(\n        'id', lt.id,\n        'name', lt.name,\n        'shortcut', lt.shortcut,\n        'background_color', lt.background_color,\n        'foreground_color', lt.foreground_color\n      ) AS location_type,\n      z.name AS zone\n    FROM locations l\n    LEFT JOIN location_types lt ON l.location_type_id = lt.id\n    LEFT JOIN zones z ON l.zone_id = z.id\n    \n    ORDER BY l.id ASC\n    LIMIT $1 OFFSET $2;\n  ","timestamp":"2026-06-15T14:22:25.834Z"}
{"level":"info","message":"GET /api/locations/get 200 3.603 ms","timestamp":"2026-06-15T14:22:25.835Z"}
{"level":"info","message":"GET /api/addresses/search?search=tn37 200 44.765 ms","timestamp":"2026-06-15T14:22:25.882Z"}
{"level":"info","message":"GET /api/services/search?search=TN37 200 55.773 ms","timestamp":"2026-06-15T14:22:25.886Z"}
{"duration":1,"level":"info","message":"db-query","rows":1,"text":"\n    SELECT COUNT(*) AS total\n    FROM locations l\n    LEFT JOIN location_types lt ON l.location_type_id = lt.id\n    LEFT JOIN zones z ON l.zone_id = z.id\n    ;\n  ","timestamp":"2026-06-15T14:22:32.247Z"}
{"duration":2,"level":"info","message":"db-query","rows":22,"text":"\n    SELECT \n      l.id,\nl.name,\nl.location_type_id,\nl.address,\nl.postcode,\nl.zone_id,\nl.shortcut,\nl.background_color,\nl.foreground_color,\nl.extra_charges,\nl.pickup_charges,\nl.dropoff_charges,\nl.blacklist,\nl.latitude,\nl.longitude, \n      jsonb_build_object(\n        'id', lt.id,\n        'name', lt.name,\n        'shortcut', lt.shortcut,\n        'background_color', lt.background_color,\n        'foreground_color', lt.foreground_color\n      ) AS location_type,\n      z.name AS zone\n    FROM locations l\n    LEFT JOIN location_types lt ON l.location_type_id = lt.id\n    LEFT JOIN zones z ON l.zone_id = z.id\n    \n    ORDER BY l.id ASC\n    LIMIT $1 OFFSET $2;\n  ","timestamp":"2026-06-15T14:22:32.250Z"}
{"level":"info","message":"GET /api/locations/get 200 4.621 ms","timestamp":"2026-06-15T14:22:32.251Z"}
{"level":"info","message":"GET /api/addresses/search?search=tn37 200 27.650 ms","timestamp":"2026-06-15T14:22:32.282Z"}
{"level":"info","message":"GET /api/services/search?search=TN37%20 200 42.444 ms","timestamp":"2026-06-15T14:22:32.285Z"}
{"duration":1,"level":"info","message":"db-query","rows":1,"text":"\n    SELECT COUNT(*) AS total\n    FROM locations l\n    LEFT JOIN location_types lt ON l.location_type_id = lt.id\n    LEFT JOIN zones z ON l.zone_id = z.id\n    ;\n  ","timestamp":"2026-06-15T14:22:40.496Z"}
{"duration":1,"level":"info","message":"db-query","rows":22,"text":"\n    SELECT \n      l.id,\nl.name,\nl.location_type_id,\nl.address,\nl.postcode,\nl.zone_id,\nl.shortcut,\nl.background_color,\nl.foreground_color,\nl.extra_charges,\nl.pickup_charges,\nl.dropoff_charges,\nl.blacklist,\nl.latitude,\nl.longitude, \n      jsonb_build_object(\n        'id', lt.id,\n        'name', lt.name,\n        'shortcut', lt.shortcut,\n        'background_color', lt.background_color,\n        'foreground_color', lt.foreground_color\n      ) AS location_type,\n      z.name AS zone\n    FROM locations l\n    LEFT JOIN location_types lt ON l.location_type_id = lt.id\n    LEFT JOIN zones z ON l.zone_id = z.id\n    \n    ORDER BY l.id ASC\n    LIMIT $1 OFFSET $2;\n  ","timestamp":"2026-06-15T14:22:40.498Z"}
{"level":"info","message":"GET /api/locations/get 200 3.514 ms","timestamp":"2026-06-15T14:22:40.499Z"}
{"level":"info","message":"GET /api/addresses/search?search=nw2 200 42.018 ms","timestamp":"2026-06-15T14:22:40.544Z"}
{"level":"info","message":"GET /api/services/search?search=NW2 200 52.312 ms","timestamp":"2026-06-15T14:22:40.546Z"}
{"duration":50,"level":"info","message":"db-query","rows":1,"text":"\n    SELECT COUNT(*) AS total\n    FROM locations l\n    LEFT JOIN location_types lt ON l.location_type_id = lt.id\n    LEFT JOIN zones z ON l.zone_id = z.id\n    ;\n  ","timestamp":"2026-06-15T14:23:41.590Z"}
{"duration":2,"level":"info","message":"db-query","rows":22,"text":"\n    SELECT \n      l.id,\nl.name,\nl.location_type_id,\nl.address,\nl.postcode,\nl.zone_id,\nl.shortcut,\nl.background_color,\nl.foreground_color,\nl.extra_charges,\nl.pickup_charges,\nl.dropoff_charges,\nl.blacklist,\nl.latitude,\nl.longitude, \n      jsonb_build_object(\n        'id', lt.id,\n        'name', lt.name,\n        'shortcut', lt.shortcut,\n        'background_color', lt.background_color,\n        'foreground_color', lt.foreground_color\n      ) AS location_type,\n      z.name AS zone\n    FROM locations l\n    LEFT JOIN location_types lt ON l.location_type_id = lt.id\n    LEFT JOIN zones z ON l.zone_id = z.id\n    \n    ORDER BY l.id ASC\n    LIMIT $1 OFFSET $2;\n  ","timestamp":"2026-06-15T14:23:41.593Z"}
{"level":"info","message":"GET /api/locations/get 200 53.382 ms","timestamp":"2026-06-15T14:23:41.594Z"}
{"level":"info","message":"GET /api/addresses/search?search=tn 200 19.252 ms","timestamp":"2026-06-15T14:23:41.618Z"}
{"level":"info","message":"GET /api/services/search?search=TN 200 82.628 ms","timestamp":"2026-06-15T14:23:41.621Z"}
{"duration":52,"level":"info","message":"db-query","rows":1,"text":"\n    SELECT COUNT(*) AS total\n    FROM locations l\n    LEFT JOIN location_types lt ON l.location_type_id = lt.id\n    LEFT JOIN zones z ON l.zone_id = z.id\n    ;\n  ","timestamp":"2026-06-15T14:23:52.027Z"}
{"duration":2,"level":"info","message":"db-query","rows":22,"text":"\n    SELECT \n      l.id,\nl.name,\nl.location_type_id,\nl.address,\nl.postcode,\nl.zone_id,\nl.shortcut,\nl.background_color,\nl.foreground_color,\nl.extra_charges,\nl.pickup_charges,\nl.dropoff_charges,\nl.blacklist,\nl.latitude,\nl.longitude, \n      jsonb_build_object(\n        'id', lt.id,\n        'name', lt.name,\n        'shortcut', lt.shortcut,\n        'background_color', lt.background_color,\n        'foreground_color', lt.foreground_color\n      ) AS location_type,\n      z.name AS zone\n    FROM locations l\n    LEFT JOIN location_types lt ON l.location_type_id = lt.id\n    LEFT JOIN zones z ON l.zone_id = z.id\n    \n    ORDER BY l.id ASC\n    LIMIT $1 OFFSET $2;\n  ","timestamp":"2026-06-15T14:23:52.030Z"}
{"level":"info","message":"GET /api/locations/get 200 55.159 ms","timestamp":"2026-06-15T14:23:52.031Z"}
{"level":"info","message":"GET /api/addresses/search?search=tn31 200 22.620 ms","timestamp":"2026-06-15T14:23:52.056Z"}
{"level":"info","message":"GET /api/services/search?search=TN31 200 85.128 ms","timestamp":"2026-06-15T14:23:52.058Z"}
{"duration":60,"level":"info","message":"db-query","rows":1,"text":"\n    SELECT COUNT(*) AS total\n    FROM locations l\n    LEFT JOIN location_types lt ON l.location_type_id = lt.id\n    LEFT JOIN zones z ON l.zone_id = z.id\n    ;\n  ","timestamp":"2026-06-15T14:25:00.080Z"}
{"duration":2,"level":"info","message":"db-query","rows":22,"text":"\n    SELECT \n      l.id,\nl.name,\nl.location_type_id,\nl.address,\nl.postcode,\nl.zone_id,\nl.shortcut,\nl.background_color,\nl.foreground_color,\nl.extra_charges,\nl.pickup_charges,\nl.dropoff_charges,\nl.blacklist,\nl.latitude,\nl.longitude, \n      jsonb_build_object(\n        'id', lt.id,\n        'name', lt.name,\n        'shortcut', lt.shortcut,\n        'background_color', lt.background_color,\n        'foreground_color', lt.foreground_color\n      ) AS location_type,\n      z.name AS zone\n    FROM locations l\n    LEFT JOIN location_types lt ON l.location_type_id = lt.id\n    LEFT JOIN zones z ON l.zone_id = z.id\n    \n    ORDER BY l.id ASC\n    LIMIT $1 OFFSET $2;\n  ","timestamp":"2026-06-15T14:25:00.082Z"}
{"level":"info","message":"GET /api/locations/get 200 62.680 ms","timestamp":"2026-06-15T14:25:00.083Z"}
{"level":"info","message":"GET /api/addresses/search?search=nw1 200 25.551 ms","timestamp":"2026-06-15T14:25:00.111Z"}
{"level":"info","message":"GET /api/services/search?search=NW1 200 99.090 ms","timestamp":"2026-06-15T14:25:00.112Z"}
{"duration":209,"level":"info","message":"db-query","rows":1,"text":"\n    SELECT COUNT(*) AS total\n    FROM locations l\n    LEFT JOIN location_types lt ON l.location_type_id = lt.id\n    LEFT JOIN zones z ON l.zone_id = z.id\n    ;\n  ","timestamp":"2026-06-15T14:25:27.748Z"}
{"duration":2,"level":"info","message":"db-query","rows":22,"text":"\n    SELECT \n      l.id,\nl.name,\nl.location_type_id,\nl.address,\nl.postcode,\nl.zone_id,\nl.shortcut,\nl.background_color,\nl.foreground_color,\nl.extra_charges,\nl.pickup_charges,\nl.dropoff_charges,\nl.blacklist,\nl.latitude,\nl.longitude, \n      jsonb_build_object(\n        'id', lt.id,\n        'name', lt.name,\n        'shortcut', lt.shortcut,\n        'background_color', lt.background_color,\n        'foreground_color', lt.foreground_color\n      ) AS location_type,\n      z.name AS zone\n    FROM locations l\n    LEFT JOIN location_types lt ON l.location_type_id = lt.id\n    LEFT JOIN zones z ON l.zone_id = z.id\n    \n    ORDER BY l.id ASC\n    LIMIT $1 OFFSET $2;\n  ","timestamp":"2026-06-15T14:25:27.750Z"}
{"level":"info","message":"GET /api/locations/get 200 211.802 ms","timestamp":"2026-06-15T14:25:27.751Z"}
{"level":"info","message":"GET /api/addresses/search?search=nw1 200 21.269 ms","timestamp":"2026-06-15T14:25:27.774Z"}
{"level":"info","message":"GET /api/services/search?search=NW1 304 241.732 ms","timestamp":"2026-06-15T14:25:27.777Z"}
{"id":"98014801-e96d-4db2-87fc-7103cddf5ace","level":"info","message":"ws:closed","timestamp":"2026-06-15T14:32:14.339Z"}
{"level":"info","message":"ws:dashboard-disconnect","socketId":"98014801-e96d-4db2-87fc-7103cddf5ace","timestamp":"2026-06-15T14:32:14.340Z"}
{"id":"c2fc7a7d-0463-4896-8af4-ff6a645bf8c2","level":"info","message":"ws:closed","timestamp":"2026-06-15T14:32:14.340Z"}
{"extension":"200","level":"info","message":"ws:cli-disconnected","socketId":"c2fc7a7d-0463-4896-8af4-ff6a645bf8c2","timestamp":"2026-06-15T14:32:14.341Z"}
{"id":"f836a458-44b4-47d5-bf5a-349925980d4f","level":"info","message":"ws:closed","timestamp":"2026-06-15T14:32:14.342Z"}
{"duration":5,"level":"info","message":"db-query","rows":26,"text":"SELECT * FROM location_types","timestamp":"2026-06-15T15:04:40.225Z"}
{"level":"info","message":"GET /api/location-types 200 13.292 ms","timestamp":"2026-06-15T15:04:40.234Z"}
{"duration":53,"level":"info","message":"db-query","rows":26,"text":"SELECT * FROM location_types","timestamp":"2026-06-15T15:04:40.274Z"}
{"level":"info","message":"GET /api/location-types 200 54.077 ms","timestamp":"2026-06-15T15:04:40.276Z"}
{"duration":56,"level":"info","message":"db-query","rows":26,"text":"SELECT * FROM location_types","timestamp":"2026-06-15T16:24:38.787Z"}
{"level":"info","message":"GET /api/location-types 200 60.695 ms","timestamp":"2026-06-15T16:24:38.792Z"}
{"duration":52,"level":"info","message":"db-query","rows":26,"text":"SELECT * FROM location_types","timestamp":"2026-06-15T17:44:38.824Z"}
{"level":"info","message":"GET /api/location-types 200 56.838 ms","timestamp":"2026-06-15T17:44:38.827Z"}
