{"duration":7,"level":"info","message":"db-query","rows":26,"text":"SELECT * FROM location_types","timestamp":"2026-05-07T19:06:18.179Z"}
{"level":"info","message":"GET /api/location-types 200 15.178 ms","timestamp":"2026-05-07T19:06:18.188Z"}
{"duration":47,"level":"info","message":"db-query","rows":26,"text":"SELECT * FROM location_types","timestamp":"2026-05-07T19:06:18.221Z"}
{"level":"info","message":"GET /api/location-types 200 48.258 ms","timestamp":"2026-05-07T19:06:18.223Z"}
{"duration":94,"level":"info","message":"db-query","rows":26,"text":"SELECT * FROM location_types","timestamp":"2026-05-08T10:27:45.181Z"}
{"level":"info","message":"GET /api/location-types 200 102.387 ms","timestamp":"2026-05-08T10:27:45.190Z"}
{"duration":121,"level":"info","message":"db-query","rows":26,"text":"SELECT * FROM location_types","timestamp":"2026-05-08T10:27:45.210Z"}
{"level":"info","message":"GET /api/location-types 200 128.941 ms","timestamp":"2026-05-08T10:27:45.218Z"}
{"duration":5,"level":"info","message":"db-query","rows":26,"text":"SELECT * FROM location_types","timestamp":"2026-05-08T10:40:48.954Z"}
{"level":"info","message":"GET /api/location-types 200 11.253 ms","timestamp":"2026-05-08T10:40:48.961Z"}
{"duration":51,"level":"info","message":"db-query","rows":26,"text":"SELECT * FROM location_types","timestamp":"2026-05-08T10:40:49.002Z"}
{"level":"info","message":"GET /api/location-types 200 52.425 ms","timestamp":"2026-05-08T10:40:49.003Z"}
{"duration":244,"level":"info","message":"db-query","rows":0,"text":"SELECT * FROM employees WHERE LOWER(username) = LOWER($1)","timestamp":"2026-05-08T10:41:52.839Z"}
{"level":"info","message":"POST /api/employees/login 401 250.836 ms","timestamp":"2026-05-08T10:41:52.840Z"}
{"duration":2,"level":"info","message":"db-query","rows":1,"text":"SELECT * FROM employees WHERE LOWER(username) = LOWER($1)","timestamp":"2026-05-08T10:42:02.041Z"}
{"duration":21,"level":"info","message":"db-query","rows":1,"text":"UPDATE employees \n         SET web_device_id = $1 \n         WHERE id = $2","timestamp":"2026-05-08T10:42:02.144Z"}
{"duration":6,"level":"info","message":"db-query","rows":1,"text":"SELECT name FROM roles WHERE id = $1","timestamp":"2026-05-08T10:42:02.151Z"}
{"duration":3,"level":"info","message":"db-query","rows":1,"text":"SELECT name FROM subsidiaries WHERE id = $1","timestamp":"2026-05-08T10:42:02.155Z"}
{"duration":6,"level":"info","message":"db-query","rows":1,"text":"\n      SELECT ee.*, \n        json_build_object(\n          'id', e.id,\n          'username', e.username\n        ) AS employee\n      FROM employee_extensions ee\n      LEFT JOIN employees e ON e.id = ee.employee_id\n      WHERE ee.employee_id = $1\n    ","timestamp":"2026-05-08T10:42:02.161Z"}
{"level":"info","message":"POST /api/employees/login 200 129.028 ms","timestamp":"2026-05-08T10:42:02.167Z"}
