{"duration":79,"level":"info","message":"db-query","rows":26,"text":"SELECT * FROM location_types","timestamp":"2026-08-17T11:55:45.725Z"}
{"level":"info","message":"GET /api/location-types 200 88.301 ms","timestamp":"2026-08-17T11:55:45.734Z"}
{"duration":156,"level":"info","message":"db-query","rows":26,"text":"SELECT * FROM location_types","timestamp":"2026-08-17T11:55:45.808Z"}
{"level":"info","message":"GET /api/location-types 200 157.933 ms","timestamp":"2026-08-17T11:55:45.809Z"}
{"duration":6,"level":"info","message":"db-query","rows":26,"text":"SELECT * FROM location_types","timestamp":"2026-08-17T12:43:45.397Z"}
{"level":"info","message":"GET /api/location-types 200 12.601 ms","timestamp":"2026-08-17T12:43:45.404Z"}
{"duration":57,"level":"info","message":"db-query","rows":26,"text":"SELECT * FROM location_types","timestamp":"2026-08-17T12:43:45.450Z"}
{"level":"info","message":"GET /api/location-types 200 58.212 ms","timestamp":"2026-08-17T12:43:45.451Z"}
{"duration":6,"level":"info","message":"db-query","rows":26,"text":"SELECT * FROM location_types","timestamp":"2026-08-17T12:43:51.867Z"}
{"level":"info","message":"GET /api/location-types 200 29.480 ms","timestamp":"2026-08-17T12:43:51.890Z"}
{"duration":96,"level":"info","message":"db-query","rows":26,"text":"SELECT * FROM location_types","timestamp":"2026-08-17T12:43:51.959Z"}
{"level":"info","message":"GET /api/location-types 200 113.552 ms","timestamp":"2026-08-17T12:43:51.976Z"}
{"duration":20,"level":"info","message":"db-query","rows":26,"text":"SELECT * FROM location_types","timestamp":"2026-08-17T12:44:00.063Z"}
{"level":"info","message":"GET /api/location-types 200 66.101 ms","timestamp":"2026-08-17T12:44:00.111Z"}
{"duration":139,"level":"info","message":"db-query","rows":26,"text":"SELECT * FROM location_types","timestamp":"2026-08-17T12:44:00.188Z"}
{"level":"info","message":"GET /api/location-types 200 143.717 ms","timestamp":"2026-08-17T12:44:00.192Z"}
{"duration":8,"level":"info","message":"db-query","rows":26,"text":"SELECT * FROM location_types","timestamp":"2026-08-17T12:44:27.059Z"}
{"level":"info","message":"GET /api/location-types 200 13.336 ms","timestamp":"2026-08-17T12:44:27.065Z"}
{"duration":60,"level":"info","message":"db-query","rows":26,"text":"SELECT * FROM location_types","timestamp":"2026-08-17T12:44:27.114Z"}
{"level":"info","message":"GET /api/location-types 200 61.028 ms","timestamp":"2026-08-17T12:44:27.115Z"}
{"duration":6,"level":"info","message":"db-query","rows":26,"text":"SELECT * FROM location_types","timestamp":"2026-08-17T12:44:45.733Z"}
{"level":"info","message":"GET /api/location-types 200 14.931 ms","timestamp":"2026-08-17T12:44:45.743Z"}
{"duration":64,"level":"info","message":"db-query","rows":26,"text":"SELECT * FROM location_types","timestamp":"2026-08-17T12:44:45.794Z"}
{"level":"info","message":"GET /api/location-types 200 66.064 ms","timestamp":"2026-08-17T12:44:45.796Z"}
{"duration":5,"level":"info","message":"db-query","rows":26,"text":"SELECT * FROM location_types","timestamp":"2026-08-17T12:48:03.611Z"}
{"level":"info","message":"GET /api/location-types 200 11.016 ms","timestamp":"2026-08-17T12:48:03.616Z"}
{"duration":53,"level":"info","message":"db-query","rows":26,"text":"SELECT * FROM location_types","timestamp":"2026-08-17T12:48:03.661Z"}
{"level":"info","message":"GET /api/location-types 200 55.493 ms","timestamp":"2026-08-17T12:48:03.662Z"}
{"duration":6,"level":"info","message":"db-query","rows":26,"text":"SELECT * FROM location_types","timestamp":"2026-08-17T12:48:10.743Z"}
{"level":"info","message":"GET /api/location-types 200 11.156 ms","timestamp":"2026-08-17T12:48:10.749Z"}
{"duration":160,"level":"info","message":"db-query","rows":26,"text":"SELECT * FROM location_types","timestamp":"2026-08-17T12:48:10.900Z"}
{"level":"info","message":"GET /api/location-types 200 161.575 ms","timestamp":"2026-08-17T12:48:10.902Z"}
{"duration":6,"level":"info","message":"db-query","rows":26,"text":"SELECT * FROM location_types","timestamp":"2026-08-17T13:31:50.585Z"}
{"level":"info","message":"GET /api/location-types 200 18.369 ms","timestamp":"2026-08-17T13:31:50.599Z"}
{"duration":93,"level":"info","message":"db-query","rows":26,"text":"SELECT * FROM location_types","timestamp":"2026-08-17T13:31:50.674Z"}
{"level":"info","message":"GET /api/location-types 200 93.305 ms","timestamp":"2026-08-17T13:31:50.675Z"}
{"duration":5,"level":"info","message":"db-query","rows":26,"text":"SELECT * FROM location_types","timestamp":"2026-08-17T13:32:05.982Z"}
{"level":"info","message":"GET /api/location-types 200 12.117 ms","timestamp":"2026-08-17T13:32:05.989Z"}
{"duration":54,"level":"info","message":"db-query","rows":26,"text":"SELECT * FROM location_types","timestamp":"2026-08-17T13:32:06.032Z"}
{"level":"info","message":"GET /api/location-types 200 55.310 ms","timestamp":"2026-08-17T13:32:06.033Z"}
{"duration":5,"level":"info","message":"db-query","rows":26,"text":"SELECT * FROM location_types","timestamp":"2026-08-17T13:32:22.135Z"}
{"level":"info","message":"GET /api/location-types 200 12.021 ms","timestamp":"2026-08-17T13:32:22.143Z"}
{"duration":1,"level":"info","message":"db-query","rows":26,"text":"SELECT * FROM location_types","timestamp":"2026-08-17T13:32:22.150Z"}
{"level":"info","message":"GET /api/location-types 200 2.020 ms","timestamp":"2026-08-17T13:32:22.151Z"}
{"duration":6,"level":"info","message":"db-query","rows":26,"text":"SELECT * FROM location_types","timestamp":"2026-08-17T13:32:42.827Z"}
{"level":"info","message":"GET /api/location-types 200 11.564 ms","timestamp":"2026-08-17T13:32:42.834Z"}
{"duration":62,"level":"info","message":"db-query","rows":26,"text":"SELECT * FROM location_types","timestamp":"2026-08-17T13:32:42.886Z"}
{"level":"info","message":"GET /api/location-types 200 66.096 ms","timestamp":"2026-08-17T13:32:42.890Z"}
{"duration":6,"level":"info","message":"db-query","rows":26,"text":"SELECT * FROM location_types","timestamp":"2026-08-17T13:32:48.042Z"}
{"level":"info","message":"GET /api/location-types 200 11.690 ms","timestamp":"2026-08-17T13:32:48.048Z"}
{"duration":154,"level":"info","message":"db-query","rows":26,"text":"SELECT * FROM location_types","timestamp":"2026-08-17T13:32:48.192Z"}
{"level":"info","message":"GET /api/location-types 200 155.067 ms","timestamp":"2026-08-17T13:32:48.193Z"}
{"duration":5,"level":"info","message":"db-query","rows":26,"text":"SELECT * FROM location_types","timestamp":"2026-08-17T13:34:33.450Z"}
{"level":"info","message":"GET /api/location-types 200 12.573 ms","timestamp":"2026-08-17T13:34:33.458Z"}
{"duration":1,"level":"info","message":"db-query","rows":26,"text":"SELECT * FROM location_types","timestamp":"2026-08-17T13:34:33.465Z"}
{"level":"info","message":"GET /api/location-types 200 2.982 ms","timestamp":"2026-08-17T13:34:33.467Z"}
{"duration":79,"level":"info","message":"db-query","rows":26,"text":"SELECT * FROM location_types","timestamp":"2026-08-17T14:54:32.493Z"}
{"level":"info","message":"GET /api/location-types 200 80.215 ms","timestamp":"2026-08-17T14:54:32.495Z"}
{"duration":7,"level":"info","message":"db-query","rows":26,"text":"SELECT * FROM location_types","timestamp":"2026-08-17T15:08:39.467Z"}
{"level":"info","message":"GET /api/location-types 200 12.882 ms","timestamp":"2026-08-17T15:08:39.474Z"}
{"duration":56,"level":"info","message":"db-query","rows":26,"text":"SELECT * FROM location_types","timestamp":"2026-08-17T15:08:39.520Z"}
{"level":"info","message":"GET /api/location-types 200 58.196 ms","timestamp":"2026-08-17T15:08:39.522Z"}
{"duration":71,"level":"info","message":"db-query","rows":26,"text":"SELECT * FROM location_types","timestamp":"2026-08-17T16:28:33.457Z"}
{"level":"info","message":"GET /api/location-types 200 77.287 ms","timestamp":"2026-08-17T16:28:33.462Z"}
{"duration":7,"level":"info","message":"db-query","rows":26,"text":"SELECT * FROM location_types","timestamp":"2026-08-17T16:34:26.312Z"}
{"level":"info","message":"GET /api/location-types 200 12.428 ms","timestamp":"2026-08-17T16:34:26.319Z"}
{"duration":144,"level":"info","message":"db-query","rows":26,"text":"SELECT * FROM location_types","timestamp":"2026-08-17T16:34:26.452Z"}
{"level":"info","message":"GET /api/location-types 200 144.857 ms","timestamp":"2026-08-17T16:34:26.453Z"}
{"duration":5,"level":"info","message":"db-query","rows":26,"text":"SELECT * FROM location_types","timestamp":"2026-08-17T16:34:44.070Z"}
{"level":"info","message":"GET /api/location-types 200 11.189 ms","timestamp":"2026-08-17T16:34:44.077Z"}
{"duration":55,"level":"info","message":"db-query","rows":26,"text":"SELECT * FROM location_types","timestamp":"2026-08-17T16:34:44.121Z"}
{"level":"info","message":"GET /api/location-types 200 55.675 ms","timestamp":"2026-08-17T16:34:44.122Z"}
{"duration":6,"level":"info","message":"db-query","rows":26,"text":"SELECT * FROM location_types","timestamp":"2026-08-17T16:38:30.060Z"}
{"level":"info","message":"GET /api/location-types 200 12.167 ms","timestamp":"2026-08-17T16:38:30.066Z"}
{"duration":57,"level":"info","message":"db-query","rows":26,"text":"SELECT * FROM location_types","timestamp":"2026-08-17T16:38:30.112Z"}
{"level":"info","message":"GET /api/location-types 200 58.026 ms","timestamp":"2026-08-17T16:38:30.113Z"}
{"duration":5,"level":"info","message":"db-query","rows":26,"text":"SELECT * FROM location_types","timestamp":"2026-08-17T16:39:34.264Z"}
{"level":"info","message":"GET /api/location-types 200 11.401 ms","timestamp":"2026-08-17T16:39:34.270Z"}
{"duration":49,"level":"info","message":"db-query","rows":26,"text":"SELECT * FROM location_types","timestamp":"2026-08-17T16:39:34.309Z"}
{"level":"info","message":"GET /api/location-types 200 50.999 ms","timestamp":"2026-08-17T16:39:34.311Z"}
{"level":"error","message":"Unexpected end of form","method":"POST","route":"/api/call-recordings/webhook","stack":"Error: Unexpected end of form\n    at Multipart._final (D:\\NEXUS_BACKEND_POSTGRESQL\\node_modules\\busboy\\lib\\types\\multipart.js:588:17)\n    at prefinish (node:internal/streams/writable:916:14)\n    at finishMaybe (node:internal/streams/writable:930:5)\n    at Writable.end (node:internal/streams/writable:845:5)\n    at onend (node:internal/streams/readable:948:10)\n    at process.processTicksAndRejections (node:internal/process/task_queues:85:11)","status":500,"timestamp":"2026-08-17T16:39:42.380Z"}
{"level":"info","message":"POST /api/call-recordings/webhook 500 3.560 ms","timestamp":"2026-08-17T16:39:42.382Z"}
{"duration":8,"level":"info","message":"db-query","rows":26,"text":"SELECT * FROM location_types","timestamp":"2026-08-17T16:39:59.592Z"}
{"level":"info","message":"GET /api/location-types 200 16.572 ms","timestamp":"2026-08-17T16:39:59.600Z"}
{"duration":64,"level":"info","message":"db-query","rows":26,"text":"SELECT * FROM location_types","timestamp":"2026-08-17T16:39:59.654Z"}
{"level":"info","message":"GET /api/location-types 200 66.190 ms","timestamp":"2026-08-17T16:39:59.655Z"}
{"duration":5,"level":"info","message":"db-query","rows":26,"text":"SELECT * FROM location_types","timestamp":"2026-08-17T16:40:17.114Z"}
{"level":"info","message":"GET /api/location-types 200 10.651 ms","timestamp":"2026-08-17T16:40:17.120Z"}
{"duration":57,"level":"info","message":"db-query","rows":26,"text":"SELECT * FROM location_types","timestamp":"2026-08-17T16:40:17.167Z"}
{"level":"info","message":"GET /api/location-types 200 58.781 ms","timestamp":"2026-08-17T16:40:17.169Z"}
{"duration":5,"level":"info","message":"db-query","rows":26,"text":"SELECT * FROM location_types","timestamp":"2026-08-17T16:40:26.237Z"}
{"level":"info","message":"GET /api/location-types 200 11.057 ms","timestamp":"2026-08-17T16:40:26.244Z"}
{"duration":52,"level":"info","message":"db-query","rows":26,"text":"SELECT * FROM location_types","timestamp":"2026-08-17T16:40:26.286Z"}
{"level":"info","message":"GET /api/location-types 200 53.246 ms","timestamp":"2026-08-17T16:40:26.287Z"}
{"level":"error","message":"Unexpected field","method":"POST","route":"/api/call-recordings/webhook","stack":"MulterError: Unexpected field\n    at wrappedFileFilter (D:\\NEXUS_BACKEND_POSTGRESQL\\node_modules\\multer\\index.js:41:19)\n    at Multipart.<anonymous> (D:\\NEXUS_BACKEND_POSTGRESQL\\node_modules\\multer\\lib\\make-middleware.js:193:7)\n    at Multipart.emit (node:events:518:28)\n    at HeaderParser.cb (D:\\NEXUS_BACKEND_POSTGRESQL\\node_modules\\busboy\\lib\\types\\multipart.js:358:14)\n    at HeaderParser.push (D:\\NEXUS_BACKEND_POSTGRESQL\\node_modules\\busboy\\lib\\types\\multipart.js:162:20)\n    at SBMH.ssCb [as _cb] (D:\\NEXUS_BACKEND_POSTGRESQL\\node_modules\\busboy\\lib\\types\\multipart.js:394:37)\n    at feed (D:\\NEXUS_BACKEND_POSTGRESQL\\node_modules\\streamsearch\\lib\\sbmh.js:248:10)\n    at SBMH.push (D:\\NEXUS_BACKEND_POSTGRESQL\\node_modules\\streamsearch\\lib\\sbmh.js:104:16)\n    at Multipart._write (D:\\NEXUS_BACKEND_POSTGRESQL\\node_modules\\busboy\\lib\\types\\multipart.js:567:19)\n    at writeOrBuffer (node:internal/streams/writable:572:12)","status":500,"timestamp":"2026-08-17T16:43:00.951Z"}
{"level":"error","message":"Unexpected field","method":"POST","route":"/api/call-recordings/webhook","stack":"MulterError: Unexpected field\n    at wrappedFileFilter (D:\\NEXUS_BACKEND_POSTGRESQL\\node_modules\\multer\\index.js:41:19)\n    at Multipart.<anonymous> (D:\\NEXUS_BACKEND_POSTGRESQL\\node_modules\\multer\\lib\\make-middleware.js:193:7)\n    at Multipart.emit (node:events:518:28)\n    at HeaderParser.cb (D:\\NEXUS_BACKEND_POSTGRESQL\\node_modules\\busboy\\lib\\types\\multipart.js:358:14)\n    at HeaderParser.push (D:\\NEXUS_BACKEND_POSTGRESQL\\node_modules\\busboy\\lib\\types\\multipart.js:162:20)\n    at SBMH.ssCb [as _cb] (D:\\NEXUS_BACKEND_POSTGRESQL\\node_modules\\busboy\\lib\\types\\multipart.js:394:37)\n    at feed (D:\\NEXUS_BACKEND_POSTGRESQL\\node_modules\\streamsearch\\lib\\sbmh.js:219:14)\n    at SBMH.push (D:\\NEXUS_BACKEND_POSTGRESQL\\node_modules\\streamsearch\\lib\\sbmh.js:104:16)\n    at Multipart._write (D:\\NEXUS_BACKEND_POSTGRESQL\\node_modules\\busboy\\lib\\types\\multipart.js:567:19)\n    at writeOrBuffer (node:internal/streams/writable:572:12)","status":500,"timestamp":"2026-08-17T16:45:11.643Z"}
{"duration":5,"level":"info","message":"db-query","rows":26,"text":"SELECT * FROM location_types","timestamp":"2026-08-17T16:47:24.467Z"}
{"level":"info","message":"GET /api/location-types 200 11.384 ms","timestamp":"2026-08-17T16:47:24.473Z"}
{"duration":56,"level":"info","message":"db-query","rows":26,"text":"SELECT * FROM location_types","timestamp":"2026-08-17T16:47:24.520Z"}
{"level":"info","message":"GET /api/location-types 200 57.546 ms","timestamp":"2026-08-17T16:47:24.521Z"}
{"duration":5,"level":"info","message":"db-query","rows":26,"text":"SELECT * FROM location_types","timestamp":"2026-08-17T16:47:39.571Z"}
{"level":"info","message":"GET /api/location-types 200 12.885 ms","timestamp":"2026-08-17T16:47:39.579Z"}
{"duration":55,"level":"info","message":"db-query","rows":26,"text":"SELECT * FROM location_types","timestamp":"2026-08-17T16:47:39.622Z"}
{"level":"info","message":"GET /api/location-types 200 56.597 ms","timestamp":"2026-08-17T16:47:39.624Z"}
{"level":"error","message":"Unexpected field","method":"POST","route":"/api/call-recordings/webhook","stack":"MulterError: Unexpected field\n    at wrappedFileFilter (D:\\NEXUS_BACKEND_POSTGRESQL\\node_modules\\multer\\index.js:41:19)\n    at Multipart.<anonymous> (D:\\NEXUS_BACKEND_POSTGRESQL\\node_modules\\multer\\lib\\make-middleware.js:193:7)\n    at Multipart.emit (node:events:518:28)\n    at HeaderParser.cb (D:\\NEXUS_BACKEND_POSTGRESQL\\node_modules\\busboy\\lib\\types\\multipart.js:358:14)\n    at HeaderParser.push (D:\\NEXUS_BACKEND_POSTGRESQL\\node_modules\\busboy\\lib\\types\\multipart.js:162:20)\n    at SBMH.ssCb [as _cb] (D:\\NEXUS_BACKEND_POSTGRESQL\\node_modules\\busboy\\lib\\types\\multipart.js:394:37)\n    at feed (D:\\NEXUS_BACKEND_POSTGRESQL\\node_modules\\streamsearch\\lib\\sbmh.js:219:14)\n    at SBMH.push (D:\\NEXUS_BACKEND_POSTGRESQL\\node_modules\\streamsearch\\lib\\sbmh.js:104:16)\n    at Multipart._write (D:\\NEXUS_BACKEND_POSTGRESQL\\node_modules\\busboy\\lib\\types\\multipart.js:567:19)\n    at writeOrBuffer (node:internal/streams/writable:572:12)","status":500,"timestamp":"2026-08-17T16:47:54.113Z"}
{"level":"error","message":"Unexpected end of form","method":"POST","route":"/api/call-recordings/webhook","stack":"Error: Unexpected end of form\n    at Multipart._final (D:\\NEXUS_BACKEND_POSTGRESQL\\node_modules\\busboy\\lib\\types\\multipart.js:588:17)\n    at prefinish (node:internal/streams/writable:916:14)\n    at finishMaybe (node:internal/streams/writable:930:5)\n    at Writable.end (node:internal/streams/writable:845:5)\n    at onend (node:internal/streams/readable:948:10)\n    at process.processTicksAndRejections (node:internal/process/task_queues:85:11)","status":500,"timestamp":"2026-08-17T16:48:30.273Z"}
{"level":"info","message":"POST /api/call-recordings/webhook 500 3.825 ms","timestamp":"2026-08-17T16:48:30.276Z"}
{"duration":6,"level":"info","message":"db-query","rows":26,"text":"SELECT * FROM location_types","timestamp":"2026-08-17T16:50:14.972Z"}
{"level":"info","message":"GET /api/location-types 200 12.266 ms","timestamp":"2026-08-17T16:50:14.978Z"}
{"duration":172,"level":"info","message":"db-query","rows":26,"text":"SELECT * FROM location_types","timestamp":"2026-08-17T16:50:15.141Z"}
{"level":"info","message":"GET /api/location-types 200 173.966 ms","timestamp":"2026-08-17T16:50:15.143Z"}
{"level":"error","message":"Unexpected field","method":"POST","route":"/api/call-recordings/webhook","stack":"MulterError: Unexpected field\n    at wrappedFileFilter (D:\\NEXUS_BACKEND_POSTGRESQL\\node_modules\\multer\\index.js:41:19)\n    at Multipart.<anonymous> (D:\\NEXUS_BACKEND_POSTGRESQL\\node_modules\\multer\\lib\\make-middleware.js:193:7)\n    at Multipart.emit (node:events:518:28)\n    at HeaderParser.cb (D:\\NEXUS_BACKEND_POSTGRESQL\\node_modules\\busboy\\lib\\types\\multipart.js:358:14)\n    at HeaderParser.push (D:\\NEXUS_BACKEND_POSTGRESQL\\node_modules\\busboy\\lib\\types\\multipart.js:162:20)\n    at SBMH.ssCb [as _cb] (D:\\NEXUS_BACKEND_POSTGRESQL\\node_modules\\busboy\\lib\\types\\multipart.js:394:37)\n    at feed (D:\\NEXUS_BACKEND_POSTGRESQL\\node_modules\\streamsearch\\lib\\sbmh.js:248:10)\n    at SBMH.push (D:\\NEXUS_BACKEND_POSTGRESQL\\node_modules\\streamsearch\\lib\\sbmh.js:104:16)\n    at Multipart._write (D:\\NEXUS_BACKEND_POSTGRESQL\\node_modules\\busboy\\lib\\types\\multipart.js:567:19)\n    at writeOrBuffer (node:internal/streams/writable:572:12)","status":500,"timestamp":"2026-08-17T16:50:51.447Z"}
{"duration":6,"level":"info","message":"db-query","rows":26,"text":"SELECT * FROM location_types","timestamp":"2026-08-17T16:53:04.632Z"}
{"level":"info","message":"GET /api/location-types 200 12.110 ms","timestamp":"2026-08-17T16:53:04.639Z"}
{"duration":155,"level":"info","message":"db-query","rows":26,"text":"SELECT * FROM location_types","timestamp":"2026-08-17T16:53:04.783Z"}
{"level":"info","message":"GET /api/location-types 200 155.588 ms","timestamp":"2026-08-17T16:53:04.784Z"}
{"duration":12,"level":"info","message":"db-query","rows":26,"text":"SELECT * FROM location_types","timestamp":"2026-08-17T16:53:14.580Z"}
{"level":"info","message":"GET /api/location-types 200 22.412 ms","timestamp":"2026-08-17T16:53:14.589Z"}
{"duration":94,"level":"info","message":"db-query","rows":26,"text":"SELECT * FROM location_types","timestamp":"2026-08-17T16:53:14.670Z"}
{"level":"info","message":"GET /api/location-types 200 96.886 ms","timestamp":"2026-08-17T16:53:14.672Z"}
{"duration":8,"level":"info","message":"db-query","rows":26,"text":"SELECT * FROM location_types","timestamp":"2026-08-17T16:53:21.966Z"}
{"level":"info","message":"GET /api/location-types 200 18.709 ms","timestamp":"2026-08-17T16:53:21.977Z"}
{"duration":61,"level":"info","message":"db-query","rows":26,"text":"SELECT * FROM location_types","timestamp":"2026-08-17T16:53:22.021Z"}
{"level":"info","message":"GET /api/location-types 200 62.498 ms","timestamp":"2026-08-17T16:53:22.023Z"}
{"duration":9,"level":"info","message":"db-query","rows":26,"text":"SELECT * FROM location_types","timestamp":"2026-08-17T16:53:25.630Z"}
{"level":"info","message":"GET /api/location-types 200 15.162 ms","timestamp":"2026-08-17T16:53:25.637Z"}
{"duration":74,"level":"info","message":"db-query","rows":26,"text":"SELECT * FROM location_types","timestamp":"2026-08-17T16:53:25.698Z"}
{"level":"info","message":"GET /api/location-types 200 75.672 ms","timestamp":"2026-08-17T16:53:25.699Z"}
{"level":"info","message":"POST /api/call-recordings/webhook 400 11.274 ms","timestamp":"2026-08-17T16:53:30.510Z"}
{"level":"info","message":"POST /api/call-recordings/webhook 400 13.373 ms","timestamp":"2026-08-17T16:53:41.073Z"}
{"duration":57,"level":"info","message":"db-query","rows":1,"text":"\n      SELECT id, company_name \n      FROM company_clients \n      WHERE (mobile = $1 OR mobile = $2) AND status = 'active'\n      LIMIT 1;\n    ","timestamp":"2026-08-17T16:54:31.306Z"}
{"duration":20,"level":"info","message":"db-query","rows":1,"text":"\n      INSERT INTO call_recordings (\n        company_id, authentication_token, event_type, recording_id, call_id,\n        duration, recording_datetime, source, destination, is_protected,\n        filename, file_path, remote_url\n      ) VALUES ($1, $2, $3, $4, $5, $6, $7, $8, $9, $10, $11, $12, $13)\n      RETURNING *;\n    ","timestamp":"2026-08-17T16:54:31.327Z"}
{"level":"info","message":"POST /api/call-recordings/webhook 200 84.063 ms","timestamp":"2026-08-17T16:54:31.330Z"}
{"duration":191,"level":"info","message":"db-query","rows":4,"text":"\n  SELECT\n    TO_CHAR(b.pickup_date::date, 'YYYY-MM-DD') AS date,\n\n    pt.name AS payment_type,\n\n    COUNT(b.id) AS total_bookings,\n\n    COALESCE(SUM(b.fares), 0) AS total_fares\n\n  FROM bookings b\n\n  LEFT JOIN payment_types pt\n    ON pt.id = b.payment_type_id\n\n  \n    WHERE b.trash = false AND b.pickup_date >= $1 AND b.pickup_date <= $2 AND b.booking_status_id = $3\n  \n\n  GROUP BY\n    b.pickup_date::date,\n    pt.name\n\n  ORDER BY\n    b.pickup_date::date ASC\n","timestamp":"2026-08-17T17:04:45.597Z"}
{"level":"info","message":"GET /api/bookings/booking-statistics-graph?booking_status_id=1&from_date=2025-01-01&to_date=2026-05-19 200 192.301 ms","timestamp":"2026-08-17T17:04:45.598Z"}
{"duration":9,"level":"info","message":"db-query","rows":26,"text":"SELECT * FROM location_types","timestamp":"2026-08-17T17:06:26.898Z"}
{"level":"info","message":"GET /api/location-types 200 16.890 ms","timestamp":"2026-08-17T17:06:26.904Z"}
{"duration":165,"level":"info","message":"db-query","rows":26,"text":"SELECT * FROM location_types","timestamp":"2026-08-17T17:06:27.058Z"}
{"level":"info","message":"GET /api/location-types 200 166.971 ms","timestamp":"2026-08-17T17:06:27.059Z"}
{"duration":8,"level":"info","message":"db-query","rows":26,"text":"SELECT * FROM location_types","timestamp":"2026-08-17T17:06:34.497Z"}
{"level":"info","message":"GET /api/location-types 200 17.674 ms","timestamp":"2026-08-17T17:06:34.507Z"}
{"duration":58,"level":"info","message":"db-query","rows":26,"text":"SELECT * FROM location_types","timestamp":"2026-08-17T17:06:34.550Z"}
{"level":"info","message":"GET /api/location-types 200 59.451 ms","timestamp":"2026-08-17T17:06:34.551Z"}
{"duration":13,"level":"info","message":"db-query","rows":26,"text":"SELECT * FROM location_types","timestamp":"2026-08-17T17:06:38.986Z"}
{"level":"info","message":"GET /api/location-types 200 21.755 ms","timestamp":"2026-08-17T17:06:38.996Z"}
{"duration":63,"level":"info","message":"db-query","rows":26,"text":"SELECT * FROM location_types","timestamp":"2026-08-17T17:06:39.040Z"}
{"level":"info","message":"GET /api/location-types 200 65.572 ms","timestamp":"2026-08-17T17:06:39.042Z"}
{"duration":8,"level":"info","message":"db-query","rows":26,"text":"SELECT * FROM location_types","timestamp":"2026-08-17T17:06:42.631Z"}
{"level":"info","message":"GET /api/location-types 200 15.808 ms","timestamp":"2026-08-17T17:06:42.639Z"}
{"duration":57,"level":"info","message":"db-query","rows":26,"text":"SELECT * FROM location_types","timestamp":"2026-08-17T17:06:42.683Z"}
{"level":"info","message":"GET /api/location-types 200 58.832 ms","timestamp":"2026-08-17T17:06:42.685Z"}
{"duration":7,"level":"info","message":"db-query","rows":26,"text":"SELECT * FROM location_types","timestamp":"2026-08-17T17:06:46.193Z"}
{"level":"info","message":"GET /api/location-types 200 15.327 ms","timestamp":"2026-08-17T17:06:46.201Z"}
{"duration":157,"level":"info","message":"db-query","rows":26,"text":"SELECT * FROM location_types","timestamp":"2026-08-17T17:06:46.345Z"}
{"level":"info","message":"GET /api/location-types 200 158.872 ms","timestamp":"2026-08-17T17:06:46.347Z"}
{"duration":8,"level":"info","message":"db-query","rows":26,"text":"SELECT * FROM location_types","timestamp":"2026-08-17T17:07:19.588Z"}
{"level":"info","message":"GET /api/location-types 200 17.320 ms","timestamp":"2026-08-17T17:07:19.597Z"}
{"duration":57,"level":"info","message":"db-query","rows":26,"text":"SELECT * FROM location_types","timestamp":"2026-08-17T17:07:19.639Z"}
{"level":"info","message":"GET /api/location-types 200 58.556 ms","timestamp":"2026-08-17T17:07:19.641Z"}
{"duration":6,"level":"info","message":"db-query","rows":26,"text":"SELECT * FROM location_types","timestamp":"2026-08-17T17:07:30.948Z"}
{"level":"info","message":"GET /api/location-types 200 11.407 ms","timestamp":"2026-08-17T17:07:30.953Z"}
{"duration":1,"level":"info","message":"db-query","rows":26,"text":"SELECT * FROM location_types","timestamp":"2026-08-17T17:07:30.961Z"}
{"level":"info","message":"GET /api/location-types 200 2.454 ms","timestamp":"2026-08-17T17:07:30.962Z"}
{"duration":10,"level":"info","message":"db-query","rows":26,"text":"SELECT * FROM location_types","timestamp":"2026-08-17T17:08:39.259Z"}
{"level":"info","message":"GET /api/location-types 200 19.637 ms","timestamp":"2026-08-17T17:08:39.270Z"}
{"duration":64,"level":"info","message":"db-query","rows":26,"text":"SELECT * FROM location_types","timestamp":"2026-08-17T17:08:39.316Z"}
{"level":"info","message":"GET /api/location-types 200 65.255 ms","timestamp":"2026-08-17T17:08:39.317Z"}
{"duration":6,"level":"info","message":"db-query","rows":26,"text":"SELECT * FROM location_types","timestamp":"2026-08-17T17:08:44.666Z"}
{"level":"info","message":"GET /api/location-types 200 39.367 ms","timestamp":"2026-08-17T17:08:44.701Z"}
{"duration":89,"level":"info","message":"db-query","rows":26,"text":"SELECT * FROM location_types","timestamp":"2026-08-17T17:08:44.751Z"}
{"level":"info","message":"GET /api/location-types 200 90.296 ms","timestamp":"2026-08-17T17:08:44.753Z"}
{"duration":7,"level":"info","message":"db-query","rows":26,"text":"SELECT * FROM location_types","timestamp":"2026-08-17T17:08:47.078Z"}
{"level":"info","message":"GET /api/location-types 200 14.662 ms","timestamp":"2026-08-17T17:08:47.086Z"}
{"duration":55,"level":"info","message":"db-query","rows":26,"text":"SELECT * FROM location_types","timestamp":"2026-08-17T17:08:47.129Z"}
{"level":"info","message":"GET /api/location-types 200 56.211 ms","timestamp":"2026-08-17T17:08:47.130Z"}
{"duration":6,"level":"info","message":"db-query","rows":26,"text":"SELECT * FROM location_types","timestamp":"2026-08-17T17:09:00.098Z"}
{"level":"info","message":"GET /api/location-types 200 11.771 ms","timestamp":"2026-08-17T17:09:00.105Z"}
{"duration":53,"level":"info","message":"db-query","rows":26,"text":"SELECT * FROM location_types","timestamp":"2026-08-17T17:09:00.147Z"}
{"level":"info","message":"GET /api/location-types 200 53.974 ms","timestamp":"2026-08-17T17:09:00.148Z"}
{"duration":6,"level":"info","message":"db-query","rows":26,"text":"SELECT * FROM location_types","timestamp":"2026-08-17T17:09:21.079Z"}
{"level":"info","message":"GET /api/location-types 200 11.705 ms","timestamp":"2026-08-17T17:09:21.086Z"}
{"duration":53,"level":"info","message":"db-query","rows":26,"text":"SELECT * FROM location_types","timestamp":"2026-08-17T17:09:21.129Z"}
{"level":"info","message":"GET /api/location-types 200 54.923 ms","timestamp":"2026-08-17T17:09:21.131Z"}
{"duration":4,"level":"info","message":"db-query","rows":26,"text":"SELECT * FROM location_types","timestamp":"2026-08-17T17:09:26.390Z"}
{"level":"info","message":"GET /api/location-types 200 10.549 ms","timestamp":"2026-08-17T17:09:26.396Z"}
{"duration":162,"level":"info","message":"db-query","rows":26,"text":"SELECT * FROM location_types","timestamp":"2026-08-17T17:09:26.549Z"}
{"level":"info","message":"GET /api/location-types 200 163.977 ms","timestamp":"2026-08-17T17:09:26.551Z"}
{"duration":7,"level":"info","message":"db-query","rows":26,"text":"SELECT * FROM location_types","timestamp":"2026-08-17T17:09:34.214Z"}
{"level":"info","message":"GET /api/location-types 200 14.050 ms","timestamp":"2026-08-17T17:09:34.221Z"}
{"duration":58,"level":"info","message":"db-query","rows":26,"text":"SELECT * FROM location_types","timestamp":"2026-08-17T17:09:34.267Z"}
{"level":"info","message":"GET /api/location-types 200 59.383 ms","timestamp":"2026-08-17T17:09:34.268Z"}
{"duration":6,"level":"info","message":"db-query","rows":26,"text":"SELECT * FROM location_types","timestamp":"2026-08-17T17:11:08.045Z"}
{"level":"info","message":"GET /api/location-types 200 11.546 ms","timestamp":"2026-08-17T17:11:08.051Z"}
{"duration":60,"level":"info","message":"db-query","rows":26,"text":"SELECT * FROM location_types","timestamp":"2026-08-17T17:11:08.101Z"}
{"level":"info","message":"GET /api/location-types 200 61.458 ms","timestamp":"2026-08-17T17:11:08.102Z"}
{"duration":13,"level":"info","message":"db-query","rows":26,"text":"SELECT * FROM location_types","timestamp":"2026-08-17T17:11:10.888Z"}
{"level":"info","message":"GET /api/location-types 200 25.956 ms","timestamp":"2026-08-17T17:11:10.899Z"}
{"duration":69,"level":"info","message":"db-query","rows":26,"text":"SELECT * FROM location_types","timestamp":"2026-08-17T17:11:10.948Z"}
{"level":"info","message":"GET /api/location-types 200 70.664 ms","timestamp":"2026-08-17T17:11:10.950Z"}
{"duration":11,"level":"info","message":"db-query","rows":26,"text":"SELECT * FROM location_types","timestamp":"2026-08-17T17:11:16.629Z"}
{"level":"info","message":"GET /api/location-types 200 21.590 ms","timestamp":"2026-08-17T17:11:16.640Z"}
{"duration":63,"level":"info","message":"db-query","rows":26,"text":"SELECT * FROM location_types","timestamp":"2026-08-17T17:11:16.686Z"}
{"level":"info","message":"GET /api/location-types 200 65.266 ms","timestamp":"2026-08-17T17:11:16.688Z"}
{"duration":5,"level":"info","message":"db-query","rows":26,"text":"SELECT * FROM location_types","timestamp":"2026-08-17T17:11:22.309Z"}
{"level":"info","message":"GET /api/location-types 200 10.586 ms","timestamp":"2026-08-17T17:11:22.315Z"}
{"duration":49,"level":"info","message":"db-query","rows":26,"text":"SELECT * FROM location_types","timestamp":"2026-08-17T17:11:22.355Z"}
{"level":"info","message":"GET /api/location-types 200 50.538 ms","timestamp":"2026-08-17T17:11:22.356Z"}
{"duration":8,"level":"info","message":"db-query","rows":26,"text":"SELECT * FROM location_types","timestamp":"2026-08-17T17:11:25.301Z"}
{"level":"info","message":"GET /api/location-types 200 18.109 ms","timestamp":"2026-08-17T17:11:25.310Z"}
{"duration":60,"level":"info","message":"db-query","rows":26,"text":"SELECT * FROM location_types","timestamp":"2026-08-17T17:11:25.355Z"}
{"level":"info","message":"GET /api/location-types 200 60.544 ms","timestamp":"2026-08-17T17:11:25.356Z"}
{"duration":6,"level":"info","message":"db-query","rows":26,"text":"SELECT * FROM location_types","timestamp":"2026-08-17T17:11:32.181Z"}
{"level":"info","message":"GET /api/location-types 200 79.978 ms","timestamp":"2026-08-17T17:11:32.256Z"}
{"duration":146,"level":"info","message":"db-query","rows":26,"text":"SELECT * FROM location_types","timestamp":"2026-08-17T17:11:32.323Z"}
{"level":"info","message":"GET /api/location-types 200 147.448 ms","timestamp":"2026-08-17T17:11:32.324Z"}
{"duration":5,"level":"info","message":"db-query","rows":26,"text":"SELECT * FROM location_types","timestamp":"2026-08-17T17:11:35.369Z"}
{"level":"info","message":"GET /api/location-types 200 11.252 ms","timestamp":"2026-08-17T17:11:35.375Z"}
{"duration":52,"level":"info","message":"db-query","rows":26,"text":"SELECT * FROM location_types","timestamp":"2026-08-17T17:11:35.417Z"}
{"level":"info","message":"GET /api/location-types 200 53.167 ms","timestamp":"2026-08-17T17:11:35.418Z"}
{"duration":16,"level":"info","message":"db-query","rows":26,"text":"SELECT * FROM location_types","timestamp":"2026-08-17T17:11:45.662Z"}
{"level":"info","message":"GET /api/location-types 200 30.013 ms","timestamp":"2026-08-17T17:11:45.673Z"}
{"duration":77,"level":"info","message":"db-query","rows":26,"text":"SELECT * FROM location_types","timestamp":"2026-08-17T17:11:45.727Z"}
{"level":"info","message":"GET /api/location-types 200 78.238 ms","timestamp":"2026-08-17T17:11:45.728Z"}
{"duration":8,"level":"info","message":"db-query","rows":26,"text":"SELECT * FROM location_types","timestamp":"2026-08-17T17:13:54.072Z"}
{"level":"info","message":"GET /api/location-types 200 18.095 ms","timestamp":"2026-08-17T17:13:54.084Z"}
{"duration":67,"level":"info","message":"db-query","rows":26,"text":"SELECT * FROM location_types","timestamp":"2026-08-17T17:13:54.132Z"}
{"level":"info","message":"GET /api/location-types 200 67.545 ms","timestamp":"2026-08-17T17:13:54.133Z"}
{"duration":6,"level":"info","message":"db-query","rows":26,"text":"SELECT * FROM location_types","timestamp":"2026-08-17T17:14:00.907Z"}
{"level":"info","message":"GET /api/location-types 200 11.722 ms","timestamp":"2026-08-17T17:14:00.914Z"}
{"duration":55,"level":"info","message":"db-query","rows":26,"text":"SELECT * FROM location_types","timestamp":"2026-08-17T17:14:00.958Z"}
{"level":"info","message":"GET /api/location-types 200 55.513 ms","timestamp":"2026-08-17T17:14:00.959Z"}
{"duration":7,"level":"info","message":"db-query","rows":26,"text":"SELECT * FROM location_types","timestamp":"2026-08-17T17:14:06.823Z"}
{"level":"info","message":"GET /api/location-types 200 17.017 ms","timestamp":"2026-08-17T17:14:06.832Z"}
{"duration":65,"level":"info","message":"db-query","rows":26,"text":"SELECT * FROM location_types","timestamp":"2026-08-17T17:14:06.883Z"}
{"level":"info","message":"GET /api/location-types 200 65.878 ms","timestamp":"2026-08-17T17:14:06.884Z"}
{"duration":8,"level":"info","message":"db-query","rows":26,"text":"SELECT * FROM location_types","timestamp":"2026-08-17T17:15:01.583Z"}
{"level":"info","message":"GET /api/location-types 200 18.896 ms","timestamp":"2026-08-17T17:15:01.593Z"}
{"duration":59,"level":"info","message":"db-query","rows":26,"text":"SELECT * FROM location_types","timestamp":"2026-08-17T17:15:01.636Z"}
{"level":"info","message":"GET /api/location-types 200 60.414 ms","timestamp":"2026-08-17T17:15:01.637Z"}
{"duration":14,"level":"info","message":"db-query","rows":26,"text":"SELECT * FROM location_types","timestamp":"2026-08-17T17:16:17.046Z"}
{"level":"info","message":"GET /api/location-types 200 23.587 ms","timestamp":"2026-08-17T17:16:17.055Z"}
{"duration":156,"level":"info","message":"db-query","rows":26,"text":"SELECT * FROM location_types","timestamp":"2026-08-17T17:16:17.194Z"}
{"level":"info","message":"GET /api/location-types 200 158.151 ms","timestamp":"2026-08-17T17:16:17.196Z"}
{"duration":6,"level":"info","message":"db-query","rows":26,"text":"SELECT * FROM location_types","timestamp":"2026-08-17T17:16:19.900Z"}
{"level":"info","message":"GET /api/location-types 200 11.159 ms","timestamp":"2026-08-17T17:16:19.906Z"}
{"duration":52,"level":"info","message":"db-query","rows":26,"text":"SELECT * FROM location_types","timestamp":"2026-08-17T17:16:19.948Z"}
{"level":"info","message":"GET /api/location-types 200 53.965 ms","timestamp":"2026-08-17T17:16:19.950Z"}
{"duration":5,"level":"info","message":"db-query","rows":26,"text":"SELECT * FROM location_types","timestamp":"2026-08-17T17:16:24.396Z"}
{"level":"info","message":"GET /api/location-types 200 18.383 ms","timestamp":"2026-08-17T17:16:24.410Z"}
{"duration":71,"level":"info","message":"db-query","rows":26,"text":"SELECT * FROM location_types","timestamp":"2026-08-17T17:16:24.464Z"}
{"level":"info","message":"GET /api/location-types 200 72.106 ms","timestamp":"2026-08-17T17:16:24.465Z"}
{"duration":5,"level":"info","message":"db-query","rows":26,"text":"SELECT * FROM location_types","timestamp":"2026-08-17T17:16:28.619Z"}
{"level":"info","message":"GET /api/location-types 200 10.593 ms","timestamp":"2026-08-17T17:16:28.625Z"}
{"duration":1,"level":"info","message":"db-query","rows":26,"text":"SELECT * FROM location_types","timestamp":"2026-08-17T17:16:28.631Z"}
{"level":"info","message":"GET /api/location-types 200 2.371 ms","timestamp":"2026-08-17T17:16:28.633Z"}
{"duration":6,"level":"info","message":"db-query","rows":26,"text":"SELECT * FROM location_types","timestamp":"2026-08-17T17:16:35.868Z"}
{"level":"info","message":"GET /api/location-types 200 12.467 ms","timestamp":"2026-08-17T17:16:35.874Z"}
{"duration":62,"level":"info","message":"db-query","rows":26,"text":"SELECT * FROM location_types","timestamp":"2026-08-17T17:16:35.925Z"}
{"level":"info","message":"GET /api/location-types 200 62.867 ms","timestamp":"2026-08-17T17:16:35.926Z"}
{"level":"info","message":"GET /api/bookings/permenant-delete/887 404 3.588 ms","timestamp":"2026-08-17T17:17:40.728Z"}
{"level":"info","message":"DELETE /api/bookings/permenant-delete/887 404 3.271 ms","timestamp":"2026-08-17T17:17:45.445Z"}
{"duration":7,"level":"info","message":"db-query","rows":26,"text":"SELECT * FROM location_types","timestamp":"2026-08-17T17:18:25.744Z"}
{"level":"info","message":"GET /api/location-types 200 12.961 ms","timestamp":"2026-08-17T17:18:25.751Z"}
{"duration":54,"level":"info","message":"db-query","rows":26,"text":"SELECT * FROM location_types","timestamp":"2026-08-17T17:18:25.794Z"}
{"level":"info","message":"GET /api/location-types 200 57.569 ms","timestamp":"2026-08-17T17:18:25.798Z"}
{"duration":30,"level":"info","message":"db-query","rows":1,"text":"\n    SELECT \n      b.*,\n      vt.name as vehicle_type_name,\n      d.name as driver_name,\n      v.color,\n      v.make,\n      v.model,\n      v.vehicle_number\n    FROM bookings b\n    LEFT JOIN vehicle_types vt ON b.vehicle_type_id = vt.id\n    LEFT JOIN drivers d ON b.driver_id = d.id\n    LEFT JOIN vehicles v ON d.vehicle_id = v.id\n    WHERE b.id = $1 AND trash = false\n  ","timestamp":"2026-08-17T17:18:29.954Z"}
{"duration":34,"level":"info","message":"db-query","rows":1,"text":"\n    DELETE FROM bookings\n    WHERE id = $1\n    RETURNING *\n  ","timestamp":"2026-08-17T17:18:29.989Z"}
{"level":"info","message":"DELETE /api/bookings/permenant-delete/887 200 67.408 ms","timestamp":"2026-08-17T17:18:29.990Z"}
{"duration":3,"level":"info","message":"db-query","rows":0,"text":"\n    SELECT \n      b.*,\n      vt.name as vehicle_type_name,\n      d.name as driver_name,\n      v.color,\n      v.make,\n      v.model,\n      v.vehicle_number\n    FROM bookings b\n    LEFT JOIN vehicle_types vt ON b.vehicle_type_id = vt.id\n    LEFT JOIN drivers d ON b.driver_id = d.id\n    LEFT JOIN vehicles v ON d.vehicle_id = v.id\n    WHERE b.id = $1 AND trash = false\n  ","timestamp":"2026-08-17T17:18:32.653Z"}
{"level":"info","message":"DELETE /api/bookings/permenant-delete/887 404 6.052 ms","timestamp":"2026-08-17T17:18:32.654Z"}
{"level":"info","message":"GET /src/uploads/rec_1786985671246_187938130.mp3 404 2.415 ms","timestamp":"2026-08-17T17:35:00.036Z"}
