{"duration":55,"level":"info","message":"db-query","rows":26,"text":"SELECT * FROM location_types","timestamp":"2026-03-27T09:05:18.203Z"}
{"level":"info","message":"GET /api/location-types 200 64.107 ms","timestamp":"2026-03-27T09:05:18.211Z"}
{"duration":63,"level":"info","message":"db-query","rows":26,"text":"SELECT * FROM location_types","timestamp":"2026-03-27T09:05:18.218Z"}
{"level":"info","message":"GET /api/location-types 200 65.181 ms","timestamp":"2026-03-27T09:05:18.221Z"}
{"duration":6,"level":"info","message":"db-query","rows":26,"text":"SELECT * FROM location_types","timestamp":"2026-03-27T09:13:12.249Z"}
{"level":"info","message":"GET /api/location-types 200 14.088 ms","timestamp":"2026-03-27T09:13:12.257Z"}
{"duration":52,"level":"info","message":"db-query","rows":26,"text":"SELECT * FROM location_types","timestamp":"2026-03-27T09:13:12.296Z"}
{"level":"info","message":"GET /api/location-types 200 53.345 ms","timestamp":"2026-03-27T09:13:12.298Z"}
{"duration":5,"level":"info","message":"db-query","rows":26,"text":"SELECT * FROM location_types","timestamp":"2026-03-27T09:13:20.284Z"}
{"level":"info","message":"GET /api/location-types 200 11.954 ms","timestamp":"2026-03-27T09:13:20.292Z"}
{"duration":63,"level":"info","message":"db-query","rows":26,"text":"SELECT * FROM location_types","timestamp":"2026-03-27T09:13:20.344Z"}
{"level":"info","message":"GET /api/location-types 200 64.614 ms","timestamp":"2026-03-27T09:13:20.346Z"}
{"duration":6,"level":"info","message":"db-query","rows":26,"text":"SELECT * FROM location_types","timestamp":"2026-03-27T09:13:24.323Z"}
{"level":"info","message":"GET /api/location-types 200 12.634 ms","timestamp":"2026-03-27T09:13:24.331Z"}
{"duration":89,"level":"info","message":"db-query","rows":26,"text":"SELECT * FROM location_types","timestamp":"2026-03-27T09:13:24.409Z"}
{"level":"info","message":"GET /api/location-types 200 90.838 ms","timestamp":"2026-03-27T09:13:24.411Z"}
{"duration":10,"level":"info","message":"db-query","rows":26,"text":"SELECT * FROM location_types","timestamp":"2026-03-27T09:14:24.495Z"}
{"level":"info","message":"GET /api/location-types 200 15.543 ms","timestamp":"2026-03-27T09:14:24.501Z"}
{"duration":52,"level":"info","message":"db-query","rows":26,"text":"SELECT * FROM location_types","timestamp":"2026-03-27T09:14:24.539Z"}
{"level":"info","message":"GET /api/location-types 200 53.471 ms","timestamp":"2026-03-27T09:14:24.541Z"}
{"duration":6,"level":"info","message":"db-query","rows":26,"text":"SELECT * FROM location_types","timestamp":"2026-03-27T09:14:48.430Z"}
{"level":"info","message":"GET /api/location-types 200 10.875 ms","timestamp":"2026-03-27T09:14:48.437Z"}
{"duration":71,"level":"info","message":"db-query","rows":26,"text":"SELECT * FROM location_types","timestamp":"2026-03-27T09:14:48.498Z"}
{"level":"info","message":"GET /api/location-types 200 71.983 ms","timestamp":"2026-03-27T09:14:48.499Z"}
{"duration":15,"level":"info","message":"db-query","rows":26,"text":"SELECT * FROM location_types","timestamp":"2026-03-27T09:15:29.149Z"}
{"level":"info","message":"GET /api/location-types 200 28.022 ms","timestamp":"2026-03-27T09:15:29.160Z"}
{"duration":81,"level":"info","message":"db-query","rows":26,"text":"SELECT * FROM location_types","timestamp":"2026-03-27T09:15:29.220Z"}
{"level":"info","message":"GET /api/location-types 200 82.971 ms","timestamp":"2026-03-27T09:15:29.222Z"}
{"duration":72,"level":"info","message":"db-query","rows":1,"text":"\n    SELECT \n      d.id,\n      d.name,\n      d.username,\n      d.zone,\n      d.last_login_at,\n      \n      -- vehicle type name (dynamic)\n      CASE \n        WHEN d.use_company_vehicle = true THEN vt_cv.name\n        ELSE vt_v.name\n      END AS vehicle_type\n\n    FROM drivers d\n\n    -- company vehicle\n    LEFT JOIN company_vehicles cv \n      ON cv.id = d.company_vehicle_id\n\n    LEFT JOIN vehicle_types vt_cv \n      ON vt_cv.id = cv.vehicle_type_id\n\n    -- personal vehicle\n    LEFT JOIN vehicles v \n      ON v.id = d.vehicle_id\n\n    LEFT JOIN vehicle_types vt_v \n      ON vt_v.id = v.vehicle_type_id\n\n    WHERE \n      d.session_status = 'logged_in'\n      AND d.driver_status = 'Available'\n      AND d.booking_status = 'Available'\n  ","timestamp":"2026-03-27T09:18:27.957Z"}
{"duration":1,"level":"info","message":"db-query","rows":0,"text":"\n    SELECT \n      d.id,\n      d.name,\n      d.username,\n      d.zone,\n      d.last_login_at,\n      \n      -- vehicle type name (dynamic)\n      CASE \n        WHEN d.use_company_vehicle = true THEN vt_cv.name\n        ELSE vt_v.name\n      END AS vehicle_type\n\n    FROM drivers d\n\n    -- company vehicle\n    LEFT JOIN company_vehicles cv \n      ON cv.id = d.company_vehicle_id\n\n    LEFT JOIN vehicle_types vt_cv \n      ON vt_cv.id = cv.vehicle_type_id\n\n    -- personal vehicle\n    LEFT JOIN vehicles v \n      ON v.id = d.vehicle_id\n\n    LEFT JOIN vehicle_types vt_v \n      ON vt_v.id = v.vehicle_type_id\n\n    WHERE \n      d.session_status = 'logged_in'\n      AND d.driver_status = 'Unvailable'\n      AND d.booking_status = 'Unvailable'\n  ","timestamp":"2026-03-27T09:18:27.959Z"}
{"level":"info","message":"GET /api/drivers/login-busy 200 75.890 ms","timestamp":"2026-03-27T09:18:27.960Z"}
{"duration":45,"level":"info","message":"db-query","rows":null,"text":"BEGIN","timestamp":"2026-03-27T09:18:51.494Z"}
{"duration":8,"level":"info","message":"db-query","rows":1,"text":"SELECT d.*, s.name AS subsidiary_name\n       FROM drivers d\n       LEFT JOIN subsidiaries s ON s.id = d.subsidiary_id\n       WHERE d.id = $1","timestamp":"2026-03-27T09:18:51.503Z"}
{"duration":3,"level":"info","message":"db-query","rows":1,"text":"SELECT id, note, created_at, created_by\n       FROM driver_notes\n       WHERE driver_id = $1\n       ORDER BY created_at DESC","timestamp":"2026-03-27T09:18:51.507Z"}
{"duration":3,"level":"info","message":"db-query","rows":1,"text":"SELECT id, name, start_time, end_time\n       FROM driver_shifts\n       WHERE driver_id = $1\n       ORDER BY id ASC","timestamp":"2026-03-27T09:18:51.511Z"}
{"duration":5,"level":"info","message":"db-query","rows":1,"text":"SELECT \n            v.*,\n            json_build_object(\n              'id', vt.id,\n              'name', vt.name,\n              'driver_waiting_charges', vt.driver_waiting_charges,\n              'account_waiting_charges', vt.account_waiting_charges,\n              'waiting_time', vt.waiting_time\n            ) AS vehicle_type\n         FROM vehicles v\n         LEFT JOIN vehicle_types vt ON vt.id = v.vehicle_type_id\n         WHERE v.id = $1\n         LIMIT 1","timestamp":"2026-03-27T09:18:51.517Z"}
{"duration":1,"level":"info","message":"db-query","rows":null,"text":"COMMIT","timestamp":"2026-03-27T09:18:51.519Z"}
{"duration":20,"level":"info","message":"db-query","rows":1,"text":"\n    UPDATE drivers\n    SET \n      session_status = 'logged_out',\n      driver_status = 'Unavailable',\n      booking_status = 'Unavailable'\n    WHERE id = $1\n  ","timestamp":"2026-03-27T09:18:51.540Z"}
{"duration":0,"level":"info","message":"db-query","rows":1,"text":"UPDATE drivers SET fcm_token = NULL WHERE id = $1","timestamp":"2026-03-27T09:18:51.541Z"}
{"driverId":167,"level":"info","message":"ws:driver-logout","timestamp":"2026-03-27T09:18:51.542Z"}
{"level":"info","message":"POST /api/drivers/logout/167 200 94.663 ms","timestamp":"2026-03-27T09:18:51.543Z"}
{"duration":5,"level":"info","message":"db-query","rows":0,"text":"\n    SELECT \n      d.id,\n      d.name,\n      d.username,\n      d.zone,\n      d.last_login_at,\n      \n      -- vehicle type name (dynamic)\n      CASE \n        WHEN d.use_company_vehicle = true THEN vt_cv.name\n        ELSE vt_v.name\n      END AS vehicle_type\n\n    FROM drivers d\n\n    -- company vehicle\n    LEFT JOIN company_vehicles cv \n      ON cv.id = d.company_vehicle_id\n\n    LEFT JOIN vehicle_types vt_cv \n      ON vt_cv.id = cv.vehicle_type_id\n\n    -- personal vehicle\n    LEFT JOIN vehicles v \n      ON v.id = d.vehicle_id\n\n    LEFT JOIN vehicle_types vt_v \n      ON vt_v.id = v.vehicle_type_id\n\n    WHERE \n      d.session_status = 'logged_in'\n      AND d.driver_status = 'Available'\n      AND d.booking_status = 'Available'\n  ","timestamp":"2026-03-27T09:18:59.154Z"}
{"duration":2,"level":"info","message":"db-query","rows":0,"text":"\n    SELECT \n      d.id,\n      d.name,\n      d.username,\n      d.zone,\n      d.last_login_at,\n      \n      -- vehicle type name (dynamic)\n      CASE \n        WHEN d.use_company_vehicle = true THEN vt_cv.name\n        ELSE vt_v.name\n      END AS vehicle_type\n\n    FROM drivers d\n\n    -- company vehicle\n    LEFT JOIN company_vehicles cv \n      ON cv.id = d.company_vehicle_id\n\n    LEFT JOIN vehicle_types vt_cv \n      ON vt_cv.id = cv.vehicle_type_id\n\n    -- personal vehicle\n    LEFT JOIN vehicles v \n      ON v.id = d.vehicle_id\n\n    LEFT JOIN vehicle_types vt_v \n      ON vt_v.id = v.vehicle_type_id\n\n    WHERE \n      d.session_status = 'logged_in'\n      AND d.driver_status = 'Unvailable'\n      AND d.booking_status = 'Unvailable'\n  ","timestamp":"2026-03-27T09:18:59.156Z"}
{"level":"info","message":"GET /api/drivers/login-busy 200 7.712 ms","timestamp":"2026-03-27T09:18:59.157Z"}
{"duration":57,"level":"info","message":"db-query","rows":1,"text":"\n        SELECT * FROM drivers \n        WHERE LOWER(username) = LOWER($1)\n        LIMIT 1\n    ","timestamp":"2026-03-27T09:19:23.037Z"}
{"duration":2,"level":"info","message":"db-query","rows":1,"text":"\n        UPDATE drivers \n        SET \n          session_status = 'logged_in',\n          driver_status = 'Available',\n          booking_status = 'Available',\n          last_login_at = NOW()\n        WHERE id = $1\n      ","timestamp":"2026-03-27T09:19:23.133Z"}
{"duration":1,"level":"info","message":"db-query","rows":1,"text":"\n    UPDATE drivers\n    SET \n      fcm_token = $1,\n      fcm_updated_at = NOW()\n    WHERE id = $2\n  ","timestamp":"2026-03-27T09:19:23.138Z"}
{"duration":1,"level":"info","message":"db-query","rows":1,"text":"SELECT * FROM drivers WHERE id = $1 LIMIT 1","timestamp":"2026-03-27T09:19:23.139Z"}
{"duration":0,"level":"info","message":"db-query","rows":null,"text":"BEGIN","timestamp":"2026-03-27T09:19:23.143Z"}
{"duration":4,"level":"info","message":"db-query","rows":1,"text":"SELECT d.*, s.name AS subsidiary_name\n       FROM drivers d\n       LEFT JOIN subsidiaries s ON s.id = d.subsidiary_id\n       WHERE d.id = $1","timestamp":"2026-03-27T09:19:23.148Z"}
{"duration":3,"level":"info","message":"db-query","rows":1,"text":"SELECT id, note, created_at, created_by\n       FROM driver_notes\n       WHERE driver_id = $1\n       ORDER BY created_at DESC","timestamp":"2026-03-27T09:19:23.154Z"}
{"duration":2,"level":"info","message":"db-query","rows":1,"text":"SELECT id, name, start_time, end_time\n       FROM driver_shifts\n       WHERE driver_id = $1\n       ORDER BY id ASC","timestamp":"2026-03-27T09:19:23.161Z"}
{"duration":4,"level":"info","message":"db-query","rows":1,"text":"SELECT \n            v.*,\n            json_build_object(\n              'id', vt.id,\n              'name', vt.name,\n              'driver_waiting_charges', vt.driver_waiting_charges,\n              'account_waiting_charges', vt.account_waiting_charges,\n              'waiting_time', vt.waiting_time\n            ) AS vehicle_type\n         FROM vehicles v\n         LEFT JOIN vehicle_types vt ON vt.id = v.vehicle_type_id\n         WHERE v.id = $1\n         LIMIT 1","timestamp":"2026-03-27T09:19:23.167Z"}
{"duration":0,"level":"info","message":"db-query","rows":null,"text":"COMMIT","timestamp":"2026-03-27T09:19:23.176Z"}
{"level":"info","message":"POST /api/drivers/login 200 211.033 ms","timestamp":"2026-03-27T09:19:23.183Z"}
{"duration":631,"level":"info","message":"db-query","rows":1,"text":"\n    SELECT \n      d.id,\n      d.name,\n      d.username,\n      d.zone,\n      d.last_login_at,\n      \n      -- vehicle type name (dynamic)\n      CASE \n        WHEN d.use_company_vehicle = true THEN vt_cv.name\n        ELSE vt_v.name\n      END AS vehicle_type\n\n    FROM drivers d\n\n    -- company vehicle\n    LEFT JOIN company_vehicles cv \n      ON cv.id = d.company_vehicle_id\n\n    LEFT JOIN vehicle_types vt_cv \n      ON vt_cv.id = cv.vehicle_type_id\n\n    -- personal vehicle\n    LEFT JOIN vehicles v \n      ON v.id = d.vehicle_id\n\n    LEFT JOIN vehicle_types vt_v \n      ON vt_v.id = v.vehicle_type_id\n\n    WHERE \n      d.session_status = 'logged_in'\n      AND d.driver_status = 'Available'\n      AND d.booking_status = 'Available'\n  ","timestamp":"2026-03-27T09:19:34.733Z"}
{"duration":2,"level":"info","message":"db-query","rows":0,"text":"\n    SELECT \n      d.id,\n      d.name,\n      d.username,\n      d.zone,\n      d.last_login_at,\n      \n      -- vehicle type name (dynamic)\n      CASE \n        WHEN d.use_company_vehicle = true THEN vt_cv.name\n        ELSE vt_v.name\n      END AS vehicle_type\n\n    FROM drivers d\n\n    -- company vehicle\n    LEFT JOIN company_vehicles cv \n      ON cv.id = d.company_vehicle_id\n\n    LEFT JOIN vehicle_types vt_cv \n      ON vt_cv.id = cv.vehicle_type_id\n\n    -- personal vehicle\n    LEFT JOIN vehicles v \n      ON v.id = d.vehicle_id\n\n    LEFT JOIN vehicle_types vt_v \n      ON vt_v.id = v.vehicle_type_id\n\n    WHERE \n      d.session_status = 'logged_in'\n      AND d.driver_status = 'Unvailable'\n      AND d.booking_status = 'Unvailable'\n  ","timestamp":"2026-03-27T09:19:34.735Z"}
{"level":"info","message":"GET /api/drivers/login-busy 200 634.078 ms","timestamp":"2026-03-27T09:19:34.737Z"}
{"duration":70,"level":"info","message":"db-query","rows":1,"text":"\n    SELECT \n      b.*,\n      vt.name as vehicle_type_name,\n      d.name as driver_name,\n      v.color,\n      v.make,\n      v.model,\n      v.vehicle_number\n    FROM bookings b\n    LEFT JOIN vehicle_types vt ON b.vehicle_type_id = vt.id\n    LEFT JOIN drivers d ON b.driver_id = d.id\n    LEFT JOIN vehicles v ON d.vehicle_id = v.id\n    WHERE b.id = $1\n  ","timestamp":"2026-03-27T09:20:56.206Z"}
{"duration":3,"level":"info","message":"db-query","rows":1,"text":"\n    UPDATE bookings\n    SET booking_status_id = $1\n    WHERE id = $2\n  ","timestamp":"2026-03-27T09:20:56.211Z"}
{"duration":1,"level":"info","message":"db-query","rows":1,"text":"\n    UPDATE drivers\n    SET \n      booking_status = $1,\n      driver_status = $2\n    WHERE id = $3\n  ","timestamp":"2026-03-27T09:20:56.213Z"}
{"duration":1,"level":"info","message":"db-query","rows":null,"text":"BEGIN","timestamp":"2026-03-27T09:20:56.214Z"}
{"duration":4,"level":"info","message":"db-query","rows":1,"text":"SELECT d.*, s.name AS subsidiary_name\n       FROM drivers d\n       LEFT JOIN subsidiaries s ON s.id = d.subsidiary_id\n       WHERE d.id = $1","timestamp":"2026-03-27T09:20:56.218Z"}
{"duration":2,"level":"info","message":"db-query","rows":1,"text":"SELECT id, note, created_at, created_by\n       FROM driver_notes\n       WHERE driver_id = $1\n       ORDER BY created_at DESC","timestamp":"2026-03-27T09:20:56.226Z"}
{"duration":2,"level":"info","message":"db-query","rows":1,"text":"SELECT id, name, start_time, end_time\n       FROM driver_shifts\n       WHERE driver_id = $1\n       ORDER BY id ASC","timestamp":"2026-03-27T09:20:56.229Z"}
{"duration":1,"level":"info","message":"db-query","rows":1,"text":"SELECT \n            v.*,\n            json_build_object(\n              'id', vt.id,\n              'name', vt.name,\n              'driver_waiting_charges', vt.driver_waiting_charges,\n              'account_waiting_charges', vt.account_waiting_charges,\n              'waiting_time', vt.waiting_time\n            ) AS vehicle_type\n         FROM vehicles v\n         LEFT JOIN vehicle_types vt ON vt.id = v.vehicle_type_id\n         WHERE v.id = $1\n         LIMIT 1","timestamp":"2026-03-27T09:20:56.232Z"}
{"duration":0,"level":"info","message":"db-query","rows":null,"text":"COMMIT","timestamp":"2026-03-27T09:20:56.233Z"}
{"duration":3,"level":"info","message":"db-query","rows":1,"text":"\n    SELECT \n      b.*,\n      vt.name as vehicle_type_name,\n      d.name as driver_name,\n      v.color,\n      v.make,\n      v.model,\n      v.vehicle_number\n    FROM bookings b\n    LEFT JOIN vehicle_types vt ON b.vehicle_type_id = vt.id\n    LEFT JOIN drivers d ON b.driver_id = d.id\n    LEFT JOIN vehicles v ON d.vehicle_id = v.id\n    WHERE b.id = $1\n  ","timestamp":"2026-03-27T09:20:56.240Z"}
{"level":"info","message":"POST /api/bookings/status/902 200 107.859 ms","timestamp":"2026-03-27T09:20:56.243Z"}
{"duration":54,"level":"info","message":"db-query","rows":0,"text":"\n    SELECT \n      d.id,\n      d.name,\n      d.username,\n      d.zone,\n      d.last_login_at,\n      \n      -- vehicle type name (dynamic)\n      CASE \n        WHEN d.use_company_vehicle = true THEN vt_cv.name\n        ELSE vt_v.name\n      END AS vehicle_type\n\n    FROM drivers d\n\n    -- company vehicle\n    LEFT JOIN company_vehicles cv \n      ON cv.id = d.company_vehicle_id\n\n    LEFT JOIN vehicle_types vt_cv \n      ON vt_cv.id = cv.vehicle_type_id\n\n    -- personal vehicle\n    LEFT JOIN vehicles v \n      ON v.id = d.vehicle_id\n\n    LEFT JOIN vehicle_types vt_v \n      ON vt_v.id = v.vehicle_type_id\n\n    WHERE \n      d.session_status = 'logged_in'\n      AND d.driver_status = 'Available'\n      AND d.booking_status = 'Available'\n  ","timestamp":"2026-03-27T09:21:09.197Z"}
{"duration":1,"level":"info","message":"db-query","rows":0,"text":"\n    SELECT \n      d.id,\n      d.name,\n      d.username,\n      d.zone,\n      d.last_login_at,\n      \n      -- vehicle type name (dynamic)\n      CASE \n        WHEN d.use_company_vehicle = true THEN vt_cv.name\n        ELSE vt_v.name\n      END AS vehicle_type\n\n    FROM drivers d\n\n    -- company vehicle\n    LEFT JOIN company_vehicles cv \n      ON cv.id = d.company_vehicle_id\n\n    LEFT JOIN vehicle_types vt_cv \n      ON vt_cv.id = cv.vehicle_type_id\n\n    -- personal vehicle\n    LEFT JOIN vehicles v \n      ON v.id = d.vehicle_id\n\n    LEFT JOIN vehicle_types vt_v \n      ON vt_v.id = v.vehicle_type_id\n\n    WHERE \n      d.session_status = 'logged_in'\n      AND d.driver_status = 'Unvailable'\n      AND d.booking_status = 'Unvailable'\n  ","timestamp":"2026-03-27T09:21:09.199Z"}
{"level":"info","message":"GET /api/drivers/login-busy 200 57.293 ms","timestamp":"2026-03-27T09:21:09.201Z"}
{"duration":11,"level":"info","message":"db-query","rows":0,"text":"\n    SELECT \n      d.id,\n      d.name,\n      d.username,\n      d.zone,\n      d.last_login_at,\n      \n      -- vehicle type name (dynamic)\n      CASE \n        WHEN d.use_company_vehicle = true THEN vt_cv.name\n        ELSE vt_v.name\n      END AS vehicle_type\n\n    FROM drivers d\n\n    -- company vehicle\n    LEFT JOIN company_vehicles cv \n      ON cv.id = d.company_vehicle_id\n\n    LEFT JOIN vehicle_types vt_cv \n      ON vt_cv.id = cv.vehicle_type_id\n\n    -- personal vehicle\n    LEFT JOIN vehicles v \n      ON v.id = d.vehicle_id\n\n    LEFT JOIN vehicle_types vt_v \n      ON vt_v.id = v.vehicle_type_id\n\n    WHERE \n      d.session_status = 'logged_in'\n      AND d.driver_status = 'Available'\n      AND d.booking_status = 'Available'\n  ","timestamp":"2026-03-27T09:23:04.420Z"}
{"duration":3,"level":"info","message":"db-query","rows":1,"text":"\n    SELECT \n      d.id,\n      d.name,\n      d.username,\n      d.zone,\n      d.last_login_at,\n      \n      -- vehicle type name (dynamic)\n      CASE \n        WHEN d.use_company_vehicle = true THEN vt_cv.name\n        ELSE vt_v.name\n      END AS vehicle_type\n\n    FROM drivers d\n\n    -- company vehicle\n    LEFT JOIN company_vehicles cv \n      ON cv.id = d.company_vehicle_id\n\n    LEFT JOIN vehicle_types vt_cv \n      ON vt_cv.id = cv.vehicle_type_id\n\n    -- personal vehicle\n    LEFT JOIN vehicles v \n      ON v.id = d.vehicle_id\n\n    LEFT JOIN vehicle_types vt_v \n      ON vt_v.id = v.vehicle_type_id\n\n    WHERE \n      d.session_status = 'logged_in'\n      AND d.driver_status = 'Unavailable'\n      AND d.booking_status = 'Unavailable'\n  ","timestamp":"2026-03-27T09:23:04.426Z"}
{"level":"info","message":"GET /api/drivers/login-busy 200 21.254 ms","timestamp":"2026-03-27T09:23:04.430Z"}
{"duration":10,"level":"info","message":"db-query","rows":26,"text":"SELECT * FROM location_types","timestamp":"2026-03-27T09:23:04.445Z"}
{"level":"info","message":"GET /api/location-types 200 11.180 ms","timestamp":"2026-03-27T09:23:04.446Z"}
{"duration":76,"level":"info","message":"db-query","rows":26,"text":"SELECT * FROM location_types","timestamp":"2026-03-27T09:23:04.512Z"}
{"level":"info","message":"GET /api/location-types 200 76.438 ms","timestamp":"2026-03-27T09:23:04.513Z"}
{"duration":5,"level":"info","message":"db-query","rows":26,"text":"SELECT * FROM location_types","timestamp":"2026-03-27T09:47:44.834Z"}
{"level":"info","message":"GET /api/location-types 200 13.000 ms","timestamp":"2026-03-27T09:47:44.842Z"}
{"duration":62,"level":"info","message":"db-query","rows":26,"text":"SELECT * FROM location_types","timestamp":"2026-03-27T09:47:44.892Z"}
{"level":"info","message":"GET /api/location-types 200 63.863 ms","timestamp":"2026-03-27T09:47:44.894Z"}
{"duration":13,"level":"info","message":"db-query","rows":26,"text":"SELECT * FROM location_types","timestamp":"2026-03-27T09:48:02.262Z"}
{"level":"info","message":"GET /api/location-types 200 26.407 ms","timestamp":"2026-03-27T09:48:02.274Z"}
{"duration":73,"level":"info","message":"db-query","rows":26,"text":"SELECT * FROM location_types","timestamp":"2026-03-27T09:48:02.326Z"}
{"level":"info","message":"GET /api/location-types 200 74.477 ms","timestamp":"2026-03-27T09:48:02.327Z"}
{"duration":4,"level":"info","message":"db-query","rows":26,"text":"SELECT * FROM location_types","timestamp":"2026-03-27T09:48:37.562Z"}
{"level":"info","message":"GET /api/location-types 200 10.460 ms","timestamp":"2026-03-27T09:48:37.568Z"}
{"duration":47,"level":"info","message":"db-query","rows":26,"text":"SELECT * FROM location_types","timestamp":"2026-03-27T09:48:37.606Z"}
{"level":"info","message":"GET /api/location-types 200 48.580 ms","timestamp":"2026-03-27T09:48:37.607Z"}
{"duration":11,"level":"info","message":"db-query","rows":26,"text":"SELECT * FROM location_types","timestamp":"2026-03-27T09:48:40.750Z"}
{"level":"info","message":"GET /api/location-types 200 60.071 ms","timestamp":"2026-03-27T09:48:40.797Z"}
{"duration":132,"level":"info","message":"db-query","rows":26,"text":"SELECT * FROM location_types","timestamp":"2026-03-27T09:48:40.874Z"}
{"level":"info","message":"GET /api/location-types 200 139.526 ms","timestamp":"2026-03-27T09:48:40.881Z"}
{"duration":5,"level":"info","message":"db-query","rows":26,"text":"SELECT * FROM location_types","timestamp":"2026-03-27T09:48:45.303Z"}
{"level":"info","message":"GET /api/location-types 200 11.877 ms","timestamp":"2026-03-27T09:48:45.310Z"}
{"duration":55,"level":"info","message":"db-query","rows":26,"text":"SELECT * FROM location_types","timestamp":"2026-03-27T09:48:45.355Z"}
{"level":"info","message":"GET /api/location-types 200 57.234 ms","timestamp":"2026-03-27T09:48:45.357Z"}
{"duration":5,"level":"info","message":"db-query","rows":26,"text":"SELECT * FROM location_types","timestamp":"2026-03-27T09:48:56.243Z"}
{"level":"info","message":"GET /api/location-types 200 10.843 ms","timestamp":"2026-03-27T09:48:56.249Z"}
{"duration":48,"level":"info","message":"db-query","rows":26,"text":"SELECT * FROM location_types","timestamp":"2026-03-27T09:48:56.287Z"}
{"level":"info","message":"GET /api/location-types 200 49.097 ms","timestamp":"2026-03-27T09:48:56.289Z"}
{"duration":4,"level":"info","message":"db-query","rows":26,"text":"SELECT * FROM location_types","timestamp":"2026-03-27T09:49:50.797Z"}
{"level":"info","message":"GET /api/location-types 200 11.805 ms","timestamp":"2026-03-27T09:49:50.805Z"}
{"duration":69,"level":"info","message":"db-query","rows":26,"text":"SELECT * FROM location_types","timestamp":"2026-03-27T09:49:50.863Z"}
{"level":"info","message":"GET /api/location-types 200 70.155 ms","timestamp":"2026-03-27T09:49:50.864Z"}
{"duration":2379,"level":"info","message":"db-query","rows":26,"text":"SELECT * FROM location_types","timestamp":"2026-03-27T10:10:17.767Z"}
{"level":"info","message":"GET /api/location-types 200 2389.072 ms","timestamp":"2026-03-27T10:10:17.779Z"}
{"duration":2430,"level":"info","message":"db-query","rows":26,"text":"SELECT * FROM location_types","timestamp":"2026-03-27T10:10:17.794Z"}
{"level":"info","message":"GET /api/location-types 200 2493.744 ms","timestamp":"2026-03-27T10:10:17.857Z"}
{"duration":171,"level":"info","message":"db-query","rows":26,"text":"SELECT * FROM location_types","timestamp":"2026-03-27T13:02:58.870Z"}
{"level":"info","message":"GET /api/location-types 200 177.624 ms","timestamp":"2026-03-27T13:02:58.877Z"}
{"duration":74,"level":"info","message":"db-query","rows":26,"text":"SELECT * FROM location_types","timestamp":"2026-03-27T13:02:58.879Z"}
{"level":"info","message":"GET /api/location-types 200 74.933 ms","timestamp":"2026-03-27T13:02:58.880Z"}
{"duration":51,"level":"info","message":"db-query","rows":26,"text":"SELECT * FROM location_types","timestamp":"2026-03-27T14:22:57.436Z"}
{"level":"info","message":"GET /api/location-types 200 52.645 ms","timestamp":"2026-03-27T14:22:57.438Z"}
{"duration":12,"level":"info","message":"db-query","rows":26,"text":"SELECT * FROM location_types","timestamp":"2026-03-27T18:05:46.868Z"}
{"level":"info","message":"GET /api/location-types 200 25.743 ms","timestamp":"2026-03-27T18:05:46.884Z"}
{"duration":66,"level":"info","message":"db-query","rows":26,"text":"SELECT * FROM location_types","timestamp":"2026-03-27T18:05:46.924Z"}
{"level":"info","message":"GET /api/location-types 200 68.425 ms","timestamp":"2026-03-27T18:05:46.926Z"}
{"duration":10,"level":"info","message":"db-query","rows":26,"text":"SELECT * FROM location_types","timestamp":"2026-03-27T18:05:56.069Z"}
{"level":"info","message":"GET /api/location-types 200 17.308 ms","timestamp":"2026-03-27T18:05:56.076Z"}
{"duration":53,"level":"info","message":"db-query","rows":26,"text":"SELECT * FROM location_types","timestamp":"2026-03-27T18:05:56.115Z"}
{"level":"info","message":"GET /api/location-types 200 55.410 ms","timestamp":"2026-03-27T18:05:56.118Z"}
{"duration":5,"level":"info","message":"db-query","rows":26,"text":"SELECT * FROM location_types","timestamp":"2026-03-27T18:06:18.983Z"}
{"level":"info","message":"GET /api/location-types 200 10.888 ms","timestamp":"2026-03-27T18:06:18.989Z"}
{"duration":7,"level":"info","message":"db-query","rows":26,"text":"SELECT * FROM location_types","timestamp":"2026-03-27T18:06:19.001Z"}
{"level":"info","message":"GET /api/location-types 200 8.072 ms","timestamp":"2026-03-27T18:06:19.002Z"}
{"duration":14,"level":"info","message":"db-query","rows":26,"text":"SELECT * FROM location_types","timestamp":"2026-03-27T18:06:37.487Z"}
{"level":"info","message":"GET /api/location-types 200 31.299 ms","timestamp":"2026-03-27T18:06:37.502Z"}
{"duration":70,"level":"info","message":"db-query","rows":26,"text":"SELECT * FROM location_types","timestamp":"2026-03-27T18:06:37.549Z"}
{"level":"info","message":"GET /api/location-types 200 72.240 ms","timestamp":"2026-03-27T18:06:37.550Z"}
{"duration":12,"level":"info","message":"db-query","rows":26,"text":"SELECT * FROM location_types","timestamp":"2026-03-27T18:06:42.815Z"}
{"level":"info","message":"GET /api/location-types 200 85.092 ms","timestamp":"2026-03-27T18:06:42.887Z"}
{"duration":169,"level":"info","message":"db-query","rows":26,"text":"SELECT * FROM location_types","timestamp":"2026-03-27T18:06:42.980Z"}
{"level":"info","message":"GET /api/location-types 200 175.189 ms","timestamp":"2026-03-27T18:06:42.986Z"}
{"duration":6,"level":"info","message":"db-query","rows":26,"text":"SELECT * FROM location_types","timestamp":"2026-03-27T18:06:47.892Z"}
{"level":"info","message":"GET /api/location-types 200 28.659 ms","timestamp":"2026-03-27T18:06:47.917Z"}
{"duration":104,"level":"info","message":"db-query","rows":26,"text":"SELECT * FROM location_types","timestamp":"2026-03-27T18:06:47.992Z"}
{"level":"info","message":"GET /api/location-types 200 105.977 ms","timestamp":"2026-03-27T18:06:47.994Z"}
{"duration":12,"level":"info","message":"db-query","rows":26,"text":"SELECT * FROM location_types","timestamp":"2026-03-27T18:06:52.635Z"}
{"level":"info","message":"GET /api/location-types 200 19.493 ms","timestamp":"2026-03-27T18:06:52.643Z"}
{"duration":63,"level":"info","message":"db-query","rows":26,"text":"SELECT * FROM location_types","timestamp":"2026-03-27T18:06:52.688Z"}
{"level":"info","message":"GET /api/location-types 200 63.981 ms","timestamp":"2026-03-27T18:06:52.690Z"}
{"duration":6,"level":"info","message":"db-query","rows":26,"text":"SELECT * FROM location_types","timestamp":"2026-03-27T18:07:08.871Z"}
{"level":"info","message":"GET /api/location-types 200 13.305 ms","timestamp":"2026-03-27T18:07:08.878Z"}
{"duration":58,"level":"info","message":"db-query","rows":26,"text":"SELECT * FROM location_types","timestamp":"2026-03-27T18:07:08.924Z"}
{"level":"info","message":"GET /api/location-types 200 59.151 ms","timestamp":"2026-03-27T18:07:08.925Z"}
{"duration":6,"level":"info","message":"db-query","rows":26,"text":"SELECT * FROM location_types","timestamp":"2026-03-27T18:07:44.816Z"}
{"level":"info","message":"GET /api/location-types 200 11.715 ms","timestamp":"2026-03-27T18:07:44.822Z"}
{"duration":48,"level":"info","message":"db-query","rows":26,"text":"SELECT * FROM location_types","timestamp":"2026-03-27T18:07:44.860Z"}
{"level":"info","message":"GET /api/location-types 200 49.513 ms","timestamp":"2026-03-27T18:07:44.861Z"}
